[0.117s] Invoking command in '/home/cricchetto/Robomaster_WS/build/nav_2d_msgs': CMAKE_PREFIX_PATH=${CMAKE_PREFIX_PATH}:/home/cricchetto/Robomaster_WS/install/robomaster_ros:/home/cricchetto/Robomaster_WS/install/ep_control:/home/cricchetto/Robomaster_WS/install/drift:/opt/ros/humble /usr/bin/cmake /home/cricchetto/Robomaster_WS/src/navigation2-1.1.20/nav2_dwb_controller/nav_2d_msgs -DCMAKE_INSTALL_PREFIX=/home/cricchetto/Robomaster_WS/install/nav_2d_msgs
[1.802s] -- The C compiler identification is GNU 11.4.0
[2.828s] -- The CXX compiler identification is GNU 11.4.0
[2.906s] -- Detecting C compiler ABI info
[3.560s] -- Detecting C compiler ABI info - done
[3.603s] -- Check for working C compiler: /usr/bin/cc - skipped
[3.607s] -- Detecting C compile features
[3.611s] -- Detecting C compile features - done
[3.632s] -- Detecting CXX compiler ABI info
[4.158s] -- Detecting CXX compiler ABI info - done
[4.189s] -- Check for working CXX compiler: /usr/bin/c++ - skipped
[4.192s] -- Detecting CXX compile features
[4.197s] -- Detecting CXX compile features - done
[4.236s] -- Found geometry_msgs: 4.9.0 (/opt/ros/humble/share/geometry_msgs/cmake)
[5.585s] -- Found Python3: /usr/bin/python3 (found version "3.10.12") found components: Interpreter 
[7.086s] -- Found rosidl_generator_c: 3.1.7 (/opt/ros/humble/share/rosidl_generator_c/cmake)
[7.168s] -- Found rosidl_adapter: 3.1.7 (/opt/ros/humble/share/rosidl_adapter/cmake)
[7.280s] -- Found rosidl_generator_cpp: 3.1.7 (/opt/ros/humble/share/rosidl_generator_cpp/cmake)
[7.420s] -- Using all available rosidl_typesupport_c: rosidl_typesupport_fastrtps_c;rosidl_typesupport_introspection_c
[7.600s] -- Using all available rosidl_typesupport_cpp: rosidl_typesupport_fastrtps_cpp;rosidl_typesupport_introspection_cpp
[8.056s] -- Found rosidl_default_generators: 1.2.0 (/opt/ros/humble/share/rosidl_default_generators/cmake)
[10.237s] -- Found ament_cmake_ros: 0.10.0 (/opt/ros/humble/share/ament_cmake_ros/cmake)
[13.035s] -- Using all available rosidl_typesupport_c: rosidl_typesupport_fastrtps_c;rosidl_typesupport_introspection_c
[14.001s] -- Using all available rosidl_typesupport_cpp: rosidl_typesupport_fastrtps_cpp;rosidl_typesupport_introspection_cpp
[14.147s] -- Found PythonInterp: /usr/bin/python3 (found suitable version "3.10.12", minimum required is "3.6") 
[14.180s] -- Found python_cmake_module: 0.10.0 (/opt/ros/humble/share/python_cmake_module/cmake)
[14.333s] -- Found PythonLibs: /usr/lib/aarch64-linux-gnu/libpython3.10.so (found suitable version "3.10.12", minimum required is "3.5") 
[14.335s] -- Using PYTHON_EXECUTABLE: /usr/bin/python3
[14.336s] -- Using PYTHON_INCLUDE_DIRS: /usr/include/python3.10
[14.336s] -- Using PYTHON_LIBRARIES: /usr/lib/aarch64-linux-gnu/libpython3.10.so
[14.462s] -- Found PythonExtra: .so  
[14.901s] -- Configuring done
[15.204s] -- Generating done
[15.272s] -- Build files have been written to: /home/cricchetto/Robomaster_WS/build/nav_2d_msgs
[15.326s] Invoked command in '/home/cricchetto/Robomaster_WS/build/nav_2d_msgs' returned '0': CMAKE_PREFIX_PATH=${CMAKE_PREFIX_PATH}:/home/cricchetto/Robomaster_WS/install/robomaster_ros:/home/cricchetto/Robomaster_WS/install/ep_control:/home/cricchetto/Robomaster_WS/install/drift:/opt/ros/humble /usr/bin/cmake /home/cricchetto/Robomaster_WS/src/navigation2-1.1.20/nav2_dwb_controller/nav_2d_msgs -DCMAKE_INSTALL_PREFIX=/home/cricchetto/Robomaster_WS/install/nav_2d_msgs
[15.327s] Invoking command in '/home/cricchetto/Robomaster_WS/build/nav_2d_msgs': CMAKE_PREFIX_PATH=${CMAKE_PREFIX_PATH}:/home/cricchetto/Robomaster_WS/install/robomaster_ros:/home/cricchetto/Robomaster_WS/install/ep_control:/home/cricchetto/Robomaster_WS/install/drift:/opt/ros/humble /usr/bin/cmake --build /home/cricchetto/Robomaster_WS/build/nav_2d_msgs -- -j4 -l4
[15.594s] [  1%] [34m[1mGenerating C code for ROS interfaces[0m
[15.654s] [  2%] [34m[1mGenerating C++ code for ROS interfaces[0m
[15.821s] [  2%] Built target ament_cmake_python_copy_nav_2d_msgs
[17.921s] running egg_info
[17.924s] creating nav_2d_msgs.egg-info
[17.925s] writing nav_2d_msgs.egg-info/PKG-INFO
[17.926s] writing dependency_links to nav_2d_msgs.egg-info/dependency_links.txt
[17.927s] writing top-level names to nav_2d_msgs.egg-info/top_level.txt
[17.928s] writing manifest file 'nav_2d_msgs.egg-info/SOURCES.txt'
[17.952s] reading manifest file 'nav_2d_msgs.egg-info/SOURCES.txt'
[17.964s] writing manifest file 'nav_2d_msgs.egg-info/SOURCES.txt'
[18.344s] [  2%] Built target ament_cmake_python_build_nav_2d_msgs_egg
[20.359s] [  4%] [32mBuilding C object CMakeFiles/nav_2d_msgs__rosidl_generator_c.dir/rosidl_generator_c/nav_2d_msgs/msg/detail/path2_d__functions.c.o[0m
[20.410s] [  5%] [32mBuilding C object CMakeFiles/nav_2d_msgs__rosidl_generator_c.dir/rosidl_generator_c/nav_2d_msgs/msg/detail/pose2_d32__functions.c.o[0m
[20.465s] [  7%] [32mBuilding C object CMakeFiles/nav_2d_msgs__rosidl_generator_c.dir/rosidl_generator_c/nav_2d_msgs/msg/detail/pose2_d_stamped__functions.c.o[0m
[20.813s] [  7%] Built target nav_2d_msgs__cpp
[20.856s] [  8%] [32mBuilding C object CMakeFiles/nav_2d_msgs__rosidl_generator_c.dir/rosidl_generator_c/nav_2d_msgs/msg/detail/twist2_d__functions.c.o[0m
[20.921s] [  9%] [32mBuilding C object CMakeFiles/nav_2d_msgs__rosidl_generator_c.dir/rosidl_generator_c/nav_2d_msgs/msg/detail/twist2_d32__functions.c.o[0m
[20.944s] [ 11%] [34m[1mGenerating C++ type support dispatch for ROS interfaces[0m
[20.984s] [ 12%] [32mBuilding C object CMakeFiles/nav_2d_msgs__rosidl_generator_c.dir/rosidl_generator_c/nav_2d_msgs/msg/detail/twist2_d_stamped__functions.c.o[0m
[21.421s] [ 14%] [34m[1mGenerating C++ type support for eProsima Fast-RTPS[0m
[21.524s] [ 15%] [34m[1mGenerating C++ introspection for ROS interfaces[0m
[21.575s] [ 16%] [32m[1mLinking C shared library libnav_2d_msgs__rosidl_generator_c.so[0m
[22.211s] [ 16%] Built target nav_2d_msgs__rosidl_generator_c
[22.333s] [ 18%] [34m[1mGenerating C type support for eProsima Fast-RTPS[0m
[25.246s] [ 19%] [32mBuilding CXX object CMakeFiles/nav_2d_msgs__rosidl_typesupport_cpp.dir/rosidl_typesupport_cpp/nav_2d_msgs/msg/path2_d__type_support.cpp.o[0m
[25.518s] [ 21%] [32mBuilding CXX object CMakeFiles/nav_2d_msgs__rosidl_typesupport_introspection_cpp.dir/rosidl_typesupport_introspection_cpp/nav_2d_msgs/msg/detail/path2_d__type_support.cpp.o[0m
[27.564s] [ 22%] [32mBuilding CXX object CMakeFiles/nav_2d_msgs__rosidl_typesupport_fastrtps_cpp.dir/rosidl_typesupport_fastrtps_cpp/nav_2d_msgs/msg/detail/dds_fastrtps/path2_d__type_support.cpp.o[0m
[28.387s] [ 23%] [32mBuilding CXX object CMakeFiles/nav_2d_msgs__rosidl_typesupport_fastrtps_c.dir/rosidl_typesupport_fastrtps_c/nav_2d_msgs/msg/detail/path2_d__type_support_c.cpp.o[0m
[28.573s] [ 25%] [32mBuilding CXX object CMakeFiles/nav_2d_msgs__rosidl_typesupport_cpp.dir/rosidl_typesupport_cpp/nav_2d_msgs/msg/pose2_d32__type_support.cpp.o[0m
[32.889s] [ 26%] [32mBuilding CXX object CMakeFiles/nav_2d_msgs__rosidl_typesupport_introspection_cpp.dir/rosidl_typesupport_introspection_cpp/nav_2d_msgs/msg/detail/pose2_d32__type_support.cpp.o[0m
[33.218s] [ 28%] [32mBuilding CXX object CMakeFiles/nav_2d_msgs__rosidl_typesupport_fastrtps_cpp.dir/rosidl_typesupport_fastrtps_cpp/nav_2d_msgs/msg/detail/dds_fastrtps/pose2_d32__type_support.cpp.o[0m
[35.230s] [ 29%] [32mBuilding CXX object CMakeFiles/nav_2d_msgs__rosidl_typesupport_cpp.dir/rosidl_typesupport_cpp/nav_2d_msgs/msg/pose2_d_stamped__type_support.cpp.o[0m
[35.725s] [ 30%] [32mBuilding CXX object CMakeFiles/nav_2d_msgs__rosidl_typesupport_fastrtps_c.dir/rosidl_typesupport_fastrtps_c/nav_2d_msgs/msg/detail/pose2_d32__type_support_c.cpp.o[0m
[37.571s] [ 32%] [32mBuilding CXX object CMakeFiles/nav_2d_msgs__rosidl_typesupport_introspection_cpp.dir/rosidl_typesupport_introspection_cpp/nav_2d_msgs/msg/detail/pose2_d_stamped__type_support.cpp.o[0m
[38.937s] [ 33%] [32mBuilding CXX object CMakeFiles/nav_2d_msgs__rosidl_typesupport_cpp.dir/rosidl_typesupport_cpp/nav_2d_msgs/msg/twist2_d__type_support.cpp.o[0m
[40.215s] [ 35%] [32mBuilding CXX object CMakeFiles/nav_2d_msgs__rosidl_typesupport_fastrtps_cpp.dir/rosidl_typesupport_fastrtps_cpp/nav_2d_msgs/msg/detail/dds_fastrtps/pose2_d_stamped__type_support.cpp.o[0m
[40.700s] [ 36%] [32mBuilding CXX object CMakeFiles/nav_2d_msgs__rosidl_typesupport_fastrtps_c.dir/rosidl_typesupport_fastrtps_c/nav_2d_msgs/msg/detail/pose2_d_stamped__type_support_c.cpp.o[0m
[42.792s] [ 38%] [32mBuilding CXX object CMakeFiles/nav_2d_msgs__rosidl_typesupport_cpp.dir/rosidl_typesupport_cpp/nav_2d_msgs/msg/twist2_d32__type_support.cpp.o[0m
[43.460s] [ 39%] [32mBuilding CXX object CMakeFiles/nav_2d_msgs__rosidl_typesupport_introspection_cpp.dir/rosidl_typesupport_introspection_cpp/nav_2d_msgs/msg/detail/twist2_d__type_support.cpp.o[0m
[45.721s] [ 40%] [32mBuilding CXX object CMakeFiles/nav_2d_msgs__rosidl_typesupport_fastrtps_c.dir/rosidl_typesupport_fastrtps_c/nav_2d_msgs/msg/detail/twist2_d__type_support_c.cpp.o[0m
[45.747s] [ 42%] [32mBuilding CXX object CMakeFiles/nav_2d_msgs__rosidl_typesupport_fastrtps_cpp.dir/rosidl_typesupport_fastrtps_cpp/nav_2d_msgs/msg/detail/dds_fastrtps/twist2_d__type_support.cpp.o[0m
[46.780s] [ 43%] [32mBuilding CXX object CMakeFiles/nav_2d_msgs__rosidl_typesupport_cpp.dir/rosidl_typesupport_cpp/nav_2d_msgs/msg/twist2_d_stamped__type_support.cpp.o[0m
[48.113s] [ 45%] [32mBuilding CXX object CMakeFiles/nav_2d_msgs__rosidl_typesupport_introspection_cpp.dir/rosidl_typesupport_introspection_cpp/nav_2d_msgs/msg/detail/twist2_d32__type_support.cpp.o[0m
[49.009s] [ 46%] [32m[1mLinking CXX shared library libnav_2d_msgs__rosidl_typesupport_cpp.so[0m
[49.332s] [ 46%] Built target nav_2d_msgs__rosidl_typesupport_cpp
[50.513s] [ 47%] [32mBuilding CXX object CMakeFiles/nav_2d_msgs__rosidl_typesupport_fastrtps_cpp.dir/rosidl_typesupport_fastrtps_cpp/nav_2d_msgs/msg/detail/dds_fastrtps/twist2_d32__type_support.cpp.o[0m
[50.716s] [ 49%] [32mBuilding CXX object CMakeFiles/nav_2d_msgs__rosidl_typesupport_fastrtps_c.dir/rosidl_typesupport_fastrtps_c/nav_2d_msgs/msg/detail/twist2_d32__type_support_c.cpp.o[0m
[52.430s] [ 50%] [32mBuilding CXX object CMakeFiles/nav_2d_msgs__rosidl_typesupport_introspection_cpp.dir/rosidl_typesupport_introspection_cpp/nav_2d_msgs/msg/detail/twist2_d_stamped__type_support.cpp.o[0m
[54.894s] [ 52%] [32mBuilding CXX object CMakeFiles/nav_2d_msgs__rosidl_typesupport_fastrtps_c.dir/rosidl_typesupport_fastrtps_c/nav_2d_msgs/msg/detail/twist2_d_stamped__type_support_c.cpp.o[0m
[55.376s] [ 53%] [32mBuilding CXX object CMakeFiles/nav_2d_msgs__rosidl_typesupport_fastrtps_cpp.dir/rosidl_typesupport_fastrtps_cpp/nav_2d_msgs/msg/detail/dds_fastrtps/twist2_d_stamped__type_support.cpp.o[0m
[57.096s] [ 54%] [32m[1mLinking CXX shared library libnav_2d_msgs__rosidl_typesupport_introspection_cpp.so[0m
[57.805s] [ 54%] Built target nav_2d_msgs__rosidl_typesupport_introspection_cpp
[59.218s] [ 56%] [32m[1mLinking CXX shared library libnav_2d_msgs__rosidl_typesupport_fastrtps_c.so[0m
[60.035s] [ 57%] [32m[1mLinking CXX shared library libnav_2d_msgs__rosidl_typesupport_fastrtps_cpp.so[0m
[60.056s] [ 57%] Built target nav_2d_msgs__rosidl_typesupport_fastrtps_c
[60.605s] [ 57%] Built target nav_2d_msgs__rosidl_typesupport_fastrtps_cpp
[60.745s] [ 59%] [34m[1mGenerating C type support dispatch for ROS interfaces[0m
[62.835s] [ 60%] [32mBuilding CXX object CMakeFiles/nav_2d_msgs__rosidl_typesupport_c.dir/rosidl_typesupport_c/nav_2d_msgs/msg/path2_d__type_support.cpp.o[0m
[63.025s] [ 61%] [32mBuilding CXX object CMakeFiles/nav_2d_msgs__rosidl_typesupport_c.dir/rosidl_typesupport_c/nav_2d_msgs/msg/pose2_d_stamped__type_support.cpp.o[0m
[63.216s] [ 63%] [32mBuilding CXX object CMakeFiles/nav_2d_msgs__rosidl_typesupport_c.dir/rosidl_typesupport_c/nav_2d_msgs/msg/twist2_d__type_support.cpp.o[0m
[63.397s] [ 64%] [32mBuilding CXX object CMakeFiles/nav_2d_msgs__rosidl_typesupport_c.dir/rosidl_typesupport_c/nav_2d_msgs/msg/twist2_d32__type_support.cpp.o[0m
[63.576s] [ 66%] [32mBuilding CXX object CMakeFiles/nav_2d_msgs__rosidl_typesupport_c.dir/rosidl_typesupport_c/nav_2d_msgs/msg/twist2_d_stamped__type_support.cpp.o[0m
[63.783s] [ 67%] [32mBuilding CXX object CMakeFiles/nav_2d_msgs__rosidl_typesupport_c.dir/rosidl_typesupport_c/nav_2d_msgs/msg/pose2_d32__type_support.cpp.o[0m
[63.967s] [ 69%] [32m[1mLinking CXX shared library libnav_2d_msgs__rosidl_typesupport_c.so[0m
[64.190s] [ 69%] Built target nav_2d_msgs__rosidl_typesupport_c
[64.247s] [ 70%] [34m[1mGenerating C introspection for ROS interfaces[0m
[66.644s] [ 71%] [32mBuilding C object CMakeFiles/nav_2d_msgs__rosidl_typesupport_introspection_c.dir/rosidl_typesupport_introspection_c/nav_2d_msgs/msg/detail/path2_d__type_support.c.o[0m
[66.910s] [ 73%] [32mBuilding C object CMakeFiles/nav_2d_msgs__rosidl_typesupport_introspection_c.dir/rosidl_typesupport_introspection_c/nav_2d_msgs/msg/detail/twist2_d__type_support.c.o[0m
[67.121s] [ 74%] [32mBuilding C object CMakeFiles/nav_2d_msgs__rosidl_typesupport_introspection_c.dir/rosidl_typesupport_introspection_c/nav_2d_msgs/msg/detail/twist2_d32__type_support.c.o[0m
[67.335s] [ 76%] [32mBuilding C object CMakeFiles/nav_2d_msgs__rosidl_typesupport_introspection_c.dir/rosidl_typesupport_introspection_c/nav_2d_msgs/msg/detail/twist2_d_stamped__type_support.c.o[0m
[67.570s] [ 77%] [32mBuilding C object CMakeFiles/nav_2d_msgs__rosidl_typesupport_introspection_c.dir/rosidl_typesupport_introspection_c/nav_2d_msgs/msg/detail/pose2_d_stamped__type_support.c.o[0m
[67.803s] [ 78%] [32mBuilding C object CMakeFiles/nav_2d_msgs__rosidl_typesupport_introspection_c.dir/rosidl_typesupport_introspection_c/nav_2d_msgs/msg/detail/pose2_d32__type_support.c.o[0m
[68.021s] [ 80%] [32m[1mLinking C shared library libnav_2d_msgs__rosidl_typesupport_introspection_c.so[0m
[68.219s] [ 80%] Built target nav_2d_msgs__rosidl_typesupport_introspection_c
[68.330s] [ 80%] Built target nav_2d_msgs
[68.439s] [ 81%] [34m[1mGenerating Python code for ROS interfaces[0m
[72.469s] [ 81%] Built target nav_2d_msgs__py
[72.583s] [ 83%] [32mBuilding C object CMakeFiles/nav_2d_msgs__rosidl_generator_py.dir/rosidl_generator_py/nav_2d_msgs/msg/_path2_d_s.c.o[0m
[73.313s] [ 84%] [32mBuilding C object CMakeFiles/nav_2d_msgs__rosidl_generator_py.dir/rosidl_generator_py/nav_2d_msgs/msg/_twist2_d_s.c.o[0m
[73.920s] [ 85%] [32mBuilding C object CMakeFiles/nav_2d_msgs__rosidl_generator_py.dir/rosidl_generator_py/nav_2d_msgs/msg/_twist2_d32_s.c.o[0m
[74.526s] [ 87%] [32mBuilding C object CMakeFiles/nav_2d_msgs__rosidl_generator_py.dir/rosidl_generator_py/nav_2d_msgs/msg/_twist2_d_stamped_s.c.o[0m
[75.134s] [ 88%] [32mBuilding C object CMakeFiles/nav_2d_msgs__rosidl_generator_py.dir/rosidl_generator_py/nav_2d_msgs/msg/_pose2_d_stamped_s.c.o[0m
[75.791s] [ 90%] [32mBuilding C object CMakeFiles/nav_2d_msgs__rosidl_generator_py.dir/rosidl_generator_py/nav_2d_msgs/msg/_pose2_d32_s.c.o[0m
[76.415s] [ 91%] [32m[1mLinking C shared library rosidl_generator_py/nav_2d_msgs/libnav_2d_msgs__rosidl_generator_py.so[0m
[76.711s] [ 91%] Built target nav_2d_msgs__rosidl_generator_py
[76.822s] [ 92%] [32mBuilding C object CMakeFiles/nav_2d_msgs__rosidl_typesupport_fastrtps_c__pyext.dir/rosidl_generator_py/nav_2d_msgs/_nav_2d_msgs_s.ep.rosidl_typesupport_fastrtps_c.c.o[0m
[77.581s] [ 94%] [32m[1mLinking C shared library rosidl_generator_py/nav_2d_msgs/nav_2d_msgs_s__rosidl_typesupport_fastrtps_c.cpython-310-aarch64-linux-gnu.so[0m
[77.939s] [ 94%] Built target nav_2d_msgs__rosidl_typesupport_fastrtps_c__pyext
[78.058s] [ 95%] [32mBuilding C object CMakeFiles/nav_2d_msgs__rosidl_typesupport_c__pyext.dir/rosidl_generator_py/nav_2d_msgs/_nav_2d_msgs_s.ep.rosidl_typesupport_c.c.o[0m
[78.845s] [ 97%] [32m[1mLinking C shared library rosidl_generator_py/nav_2d_msgs/nav_2d_msgs_s__rosidl_typesupport_c.cpython-310-aarch64-linux-gnu.so[0m
[79.166s] [ 97%] Built target nav_2d_msgs__rosidl_typesupport_c__pyext
[79.298s] [ 98%] [32mBuilding C object CMakeFiles/nav_2d_msgs__rosidl_typesupport_introspection_c__pyext.dir/rosidl_generator_py/nav_2d_msgs/_nav_2d_msgs_s.ep.rosidl_typesupport_introspection_c.c.o[0m
[80.115s] [100%] [32m[1mLinking C shared library rosidl_generator_py/nav_2d_msgs/nav_2d_msgs_s__rosidl_typesupport_introspection_c.cpython-310-aarch64-linux-gnu.so[0m
[80.419s] [100%] Built target nav_2d_msgs__rosidl_typesupport_introspection_c__pyext
[80.492s] Invoked command in '/home/cricchetto/Robomaster_WS/build/nav_2d_msgs' returned '0': CMAKE_PREFIX_PATH=${CMAKE_PREFIX_PATH}:/home/cricchetto/Robomaster_WS/install/robomaster_ros:/home/cricchetto/Robomaster_WS/install/ep_control:/home/cricchetto/Robomaster_WS/install/drift:/opt/ros/humble /usr/bin/cmake --build /home/cricchetto/Robomaster_WS/build/nav_2d_msgs -- -j4 -l4
[80.495s] Invoking command in '/home/cricchetto/Robomaster_WS/build/nav_2d_msgs': CMAKE_PREFIX_PATH=${CMAKE_PREFIX_PATH}:/home/cricchetto/Robomaster_WS/install/robomaster_ros:/home/cricchetto/Robomaster_WS/install/ep_control:/home/cricchetto/Robomaster_WS/install/drift:/opt/ros/humble /usr/bin/cmake --install /home/cricchetto/Robomaster_WS/build/nav_2d_msgs
[80.537s] -- Install configuration: ""
[80.539s] -- Installing: /home/cricchetto/Robomaster_WS/install/nav_2d_msgs/share/ament_index/resource_index/rosidl_interfaces/nav_2d_msgs
[80.541s] -- Installing: /home/cricchetto/Robomaster_WS/install/nav_2d_msgs/include/nav_2d_msgs/nav_2d_msgs
[80.542s] -- Installing: /home/cricchetto/Robomaster_WS/install/nav_2d_msgs/include/nav_2d_msgs/nav_2d_msgs/msg
[80.543s] -- Installing: /home/cricchetto/Robomaster_WS/install/nav_2d_msgs/include/nav_2d_msgs/nav_2d_msgs/msg/twist2_d_stamped.h
[80.545s] -- Installing: /home/cricchetto/Robomaster_WS/install/nav_2d_msgs/include/nav_2d_msgs/nav_2d_msgs/msg/path2_d.h
[80.546s] -- Installing: /home/cricchetto/Robomaster_WS/install/nav_2d_msgs/include/nav_2d_msgs/nav_2d_msgs/msg/pose2_d32.h
[80.548s] -- Installing: /home/cricchetto/Robomaster_WS/install/nav_2d_msgs/include/nav_2d_msgs/nav_2d_msgs/msg/twist2_d32.h
[80.549s] -- Installing: /home/cricchetto/Robomaster_WS/install/nav_2d_msgs/include/nav_2d_msgs/nav_2d_msgs/msg/pose2_d_stamped.h
[80.551s] -- Installing: /home/cricchetto/Robomaster_WS/install/nav_2d_msgs/include/nav_2d_msgs/nav_2d_msgs/msg/rosidl_generator_c__visibility_control.h
[80.553s] -- Installing: /home/cricchetto/Robomaster_WS/install/nav_2d_msgs/include/nav_2d_msgs/nav_2d_msgs/msg/twist2_d.h
[80.554s] -- Installing: /home/cricchetto/Robomaster_WS/install/nav_2d_msgs/include/nav_2d_msgs/nav_2d_msgs/msg/detail
[80.556s] -- Installing: /home/cricchetto/Robomaster_WS/install/nav_2d_msgs/include/nav_2d_msgs/nav_2d_msgs/msg/detail/twist2_d_stamped__type_support.h
[80.558s] -- Installing: /home/cricchetto/Robomaster_WS/install/nav_2d_msgs/include/nav_2d_msgs/nav_2d_msgs/msg/detail/pose2_d32__struct.h
[80.560s] -- Installing: /home/cricchetto/Robomaster_WS/install/nav_2d_msgs/include/nav_2d_msgs/nav_2d_msgs/msg/detail/twist2_d_stamped__functions.c
[80.568s] -- Installing: /home/cricchetto/Robomaster_WS/install/nav_2d_msgs/include/nav_2d_msgs/nav_2d_msgs/msg/detail/twist2_d__functions.c
[80.569s] -- Installing: /home/cricchetto/Robomaster_WS/install/nav_2d_msgs/include/nav_2d_msgs/nav_2d_msgs/msg/detail/pose2_d_stamped__functions.h
[80.570s] -- Installing: /home/cricchetto/Robomaster_WS/install/nav_2d_msgs/include/nav_2d_msgs/nav_2d_msgs/msg/detail/twist2_d32__functions.h
[80.570s] -- Installing: /home/cricchetto/Robomaster_WS/install/nav_2d_msgs/include/nav_2d_msgs/nav_2d_msgs/msg/detail/pose2_d32__type_support.h
[80.571s] -- Installing: /home/cricchetto/Robomaster_WS/install/nav_2d_msgs/include/nav_2d_msgs/nav_2d_msgs/msg/detail/path2_d__functions.c
[80.572s] -- Installing: /home/cricchetto/Robomaster_WS/install/nav_2d_msgs/include/nav_2d_msgs/nav_2d_msgs/msg/detail/twist2_d32__type_support.h
[80.573s] -- Installing: /home/cricchetto/Robomaster_WS/install/nav_2d_msgs/include/nav_2d_msgs/nav_2d_msgs/msg/detail/pose2_d_stamped__struct.h
[80.574s] -- Installing: /home/cricchetto/Robomaster_WS/install/nav_2d_msgs/include/nav_2d_msgs/nav_2d_msgs/msg/detail/pose2_d32__functions.h
[80.575s] -- Installing: /home/cricchetto/Robomaster_WS/install/nav_2d_msgs/include/nav_2d_msgs/nav_2d_msgs/msg/detail/pose2_d_stamped__functions.c
[80.577s] -- Installing: /home/cricchetto/Robomaster_WS/install/nav_2d_msgs/include/nav_2d_msgs/nav_2d_msgs/msg/detail/twist2_d_stamped__struct.h
[80.579s] -- Installing: /home/cricchetto/Robomaster_WS/install/nav_2d_msgs/include/nav_2d_msgs/nav_2d_msgs/msg/detail/pose2_d32__functions.c
[80.581s] -- Installing: /home/cricchetto/Robomaster_WS/install/nav_2d_msgs/include/nav_2d_msgs/nav_2d_msgs/msg/detail/twist2_d__struct.h
[80.592s] -- Installing: /home/cricchetto/Robomaster_WS/install/nav_2d_msgs/include/nav_2d_msgs/nav_2d_msgs/msg/detail/twist2_d_stamped__functions.h
[80.592s] -- Installing: /home/cricchetto/Robomaster_WS/install/nav_2d_msgs/include/nav_2d_msgs/nav_2d_msgs/msg/detail/path2_d__struct.h
[80.593s] -- Installing: /home/cricchetto/Robomaster_WS/install/nav_2d_msgs/include/nav_2d_msgs/nav_2d_msgs/msg/detail/twist2_d__type_support.h
[80.594s] -- Installing: /home/cricchetto/Robomaster_WS/install/nav_2d_msgs/include/nav_2d_msgs/nav_2d_msgs/msg/detail/twist2_d__functions.h
[80.594s] -- Installing: /home/cricchetto/Robomaster_WS/install/nav_2d_msgs/include/nav_2d_msgs/nav_2d_msgs/msg/detail/twist2_d32__functions.c
[80.595s] -- Installing: /home/cricchetto/Robomaster_WS/install/nav_2d_msgs/include/nav_2d_msgs/nav_2d_msgs/msg/detail/twist2_d32__struct.h
[80.596s] -- Installing: /home/cricchetto/Robomaster_WS/install/nav_2d_msgs/include/nav_2d_msgs/nav_2d_msgs/msg/detail/path2_d__functions.h
[80.598s] -- Installing: /home/cricchetto/Robomaster_WS/install/nav_2d_msgs/include/nav_2d_msgs/nav_2d_msgs/msg/detail/pose2_d_stamped__type_support.h
[80.600s] -- Installing: /home/cricchetto/Robomaster_WS/install/nav_2d_msgs/include/nav_2d_msgs/nav_2d_msgs/msg/detail/path2_d__type_support.h
[80.602s] -- Installing: /home/cricchetto/Robomaster_WS/install/nav_2d_msgs/share/nav_2d_msgs/environment/library_path.sh
[80.605s] -- Installing: /home/cricchetto/Robomaster_WS/install/nav_2d_msgs/share/nav_2d_msgs/environment/library_path.dsv
[80.608s] -- Installing: /home/cricchetto/Robomaster_WS/install/nav_2d_msgs/lib/libnav_2d_msgs__rosidl_generator_c.so
[80.612s] -- Set runtime path of "/home/cricchetto/Robomaster_WS/install/nav_2d_msgs/lib/libnav_2d_msgs__rosidl_generator_c.so" to ""
[80.614s] -- Up-to-date: /home/cricchetto/Robomaster_WS/install/nav_2d_msgs/include/nav_2d_msgs/nav_2d_msgs
[80.615s] -- Up-to-date: /home/cricchetto/Robomaster_WS/install/nav_2d_msgs/include/nav_2d_msgs/nav_2d_msgs/msg
[80.615s] -- Installing: /home/cricchetto/Robomaster_WS/install/nav_2d_msgs/include/nav_2d_msgs/nav_2d_msgs/msg/rosidl_typesupport_fastrtps_c__visibility_control.h
[80.617s] -- Up-to-date: /home/cricchetto/Robomaster_WS/install/nav_2d_msgs/include/nav_2d_msgs/nav_2d_msgs/msg/detail
[80.618s] -- Installing: /home/cricchetto/Robomaster_WS/install/nav_2d_msgs/include/nav_2d_msgs/nav_2d_msgs/msg/detail/twist2_d32__rosidl_typesupport_fastrtps_c.h
[80.620s] -- Installing: /home/cricchetto/Robomaster_WS/install/nav_2d_msgs/include/nav_2d_msgs/nav_2d_msgs/msg/detail/pose2_d32__rosidl_typesupport_fastrtps_c.h
[80.623s] -- Installing: /home/cricchetto/Robomaster_WS/install/nav_2d_msgs/include/nav_2d_msgs/nav_2d_msgs/msg/detail/path2_d__rosidl_typesupport_fastrtps_c.h
[80.625s] -- Installing: /home/cricchetto/Robomaster_WS/install/nav_2d_msgs/include/nav_2d_msgs/nav_2d_msgs/msg/detail/pose2_d_stamped__rosidl_typesupport_fastrtps_c.h
[80.627s] -- Installing: /home/cricchetto/Robomaster_WS/install/nav_2d_msgs/include/nav_2d_msgs/nav_2d_msgs/msg/detail/twist2_d__rosidl_typesupport_fastrtps_c.h
[80.629s] -- Installing: /home/cricchetto/Robomaster_WS/install/nav_2d_msgs/include/nav_2d_msgs/nav_2d_msgs/msg/detail/twist2_d_stamped__rosidl_typesupport_fastrtps_c.h
[80.633s] -- Installing: /home/cricchetto/Robomaster_WS/install/nav_2d_msgs/lib/libnav_2d_msgs__rosidl_typesupport_fastrtps_c.so
[80.638s] -- Set runtime path of "/home/cricchetto/Robomaster_WS/install/nav_2d_msgs/lib/libnav_2d_msgs__rosidl_typesupport_fastrtps_c.so" to ""
[80.639s] -- Up-to-date: /home/cricchetto/Robomaster_WS/install/nav_2d_msgs/include/nav_2d_msgs/nav_2d_msgs
[80.640s] -- Up-to-date: /home/cricchetto/Robomaster_WS/install/nav_2d_msgs/include/nav_2d_msgs/nav_2d_msgs/msg
[80.641s] -- Installing: /home/cricchetto/Robomaster_WS/install/nav_2d_msgs/include/nav_2d_msgs/nav_2d_msgs/msg/path2_d.hpp
[80.642s] -- Installing: /home/cricchetto/Robomaster_WS/install/nav_2d_msgs/include/nav_2d_msgs/nav_2d_msgs/msg/pose2_d32.hpp
[80.644s] -- Installing: /home/cricchetto/Robomaster_WS/install/nav_2d_msgs/include/nav_2d_msgs/nav_2d_msgs/msg/pose2_d_stamped.hpp
[80.646s] -- Installing: /home/cricchetto/Robomaster_WS/install/nav_2d_msgs/include/nav_2d_msgs/nav_2d_msgs/msg/twist2_d.hpp
[80.648s] -- Installing: /home/cricchetto/Robomaster_WS/install/nav_2d_msgs/include/nav_2d_msgs/nav_2d_msgs/msg/twist2_d32.hpp
[80.650s] -- Installing: /home/cricchetto/Robomaster_WS/install/nav_2d_msgs/include/nav_2d_msgs/nav_2d_msgs/msg/twist2_d_stamped.hpp
[80.651s] -- Up-to-date: /home/cricchetto/Robomaster_WS/install/nav_2d_msgs/include/nav_2d_msgs/nav_2d_msgs/msg/detail
[80.653s] -- Installing: /home/cricchetto/Robomaster_WS/install/nav_2d_msgs/include/nav_2d_msgs/nav_2d_msgs/msg/detail/path2_d__type_support.hpp
[80.655s] -- Installing: /home/cricchetto/Robomaster_WS/install/nav_2d_msgs/include/nav_2d_msgs/nav_2d_msgs/msg/detail/twist2_d_stamped__type_support.hpp
[80.657s] -- Installing: /home/cricchetto/Robomaster_WS/install/nav_2d_msgs/include/nav_2d_msgs/nav_2d_msgs/msg/detail/pose2_d_stamped__struct.hpp
[80.658s] -- Installing: /home/cricchetto/Robomaster_WS/install/nav_2d_msgs/include/nav_2d_msgs/nav_2d_msgs/msg/detail/twist2_d__traits.hpp
[80.660s] -- Installing: /home/cricchetto/Robomaster_WS/install/nav_2d_msgs/include/nav_2d_msgs/nav_2d_msgs/msg/detail/pose2_d32__builder.hpp
[80.662s] -- Installing: /home/cricchetto/Robomaster_WS/install/nav_2d_msgs/include/nav_2d_msgs/nav_2d_msgs/msg/detail/path2_d__traits.hpp
[80.664s] -- Installing: /home/cricchetto/Robomaster_WS/install/nav_2d_msgs/include/nav_2d_msgs/nav_2d_msgs/msg/detail/pose2_d32__type_support.hpp
[80.667s] -- Installing: /home/cricchetto/Robomaster_WS/install/nav_2d_msgs/include/nav_2d_msgs/nav_2d_msgs/msg/detail/pose2_d32__traits.hpp
[80.669s] -- Installing: /home/cricchetto/Robomaster_WS/install/nav_2d_msgs/include/nav_2d_msgs/nav_2d_msgs/msg/detail/pose2_d_stamped__traits.hpp
[80.671s] -- Installing: /home/cricchetto/Robomaster_WS/install/nav_2d_msgs/include/nav_2d_msgs/nav_2d_msgs/msg/detail/path2_d__builder.hpp
[80.673s] -- Installing: /home/cricchetto/Robomaster_WS/install/nav_2d_msgs/include/nav_2d_msgs/nav_2d_msgs/msg/detail/twist2_d_stamped__traits.hpp
[80.675s] -- Installing: /home/cricchetto/Robomaster_WS/install/nav_2d_msgs/include/nav_2d_msgs/nav_2d_msgs/msg/detail/twist2_d__type_support.hpp
[80.677s] -- Installing: /home/cricchetto/Robomaster_WS/install/nav_2d_msgs/include/nav_2d_msgs/nav_2d_msgs/msg/detail/path2_d__struct.hpp
[80.680s] -- Installing: /home/cricchetto/Robomaster_WS/install/nav_2d_msgs/include/nav_2d_msgs/nav_2d_msgs/msg/detail/twist2_d__builder.hpp
[80.681s] -- Installing: /home/cricchetto/Robomaster_WS/install/nav_2d_msgs/include/nav_2d_msgs/nav_2d_msgs/msg/detail/pose2_d_stamped__type_support.hpp
[80.684s] -- Installing: /home/cricchetto/Robomaster_WS/install/nav_2d_msgs/include/nav_2d_msgs/nav_2d_msgs/msg/detail/twist2_d_stamped__builder.hpp
[80.686s] -- Installing: /home/cricchetto/Robomaster_WS/install/nav_2d_msgs/include/nav_2d_msgs/nav_2d_msgs/msg/detail/twist2_d_stamped__struct.hpp
[80.688s] -- Installing: /home/cricchetto/Robomaster_WS/install/nav_2d_msgs/include/nav_2d_msgs/nav_2d_msgs/msg/detail/pose2_d32__struct.hpp
[80.690s] -- Installing: /home/cricchetto/Robomaster_WS/install/nav_2d_msgs/include/nav_2d_msgs/nav_2d_msgs/msg/detail/twist2_d32__builder.hpp
[80.692s] -- Installing: /home/cricchetto/Robomaster_WS/install/nav_2d_msgs/include/nav_2d_msgs/nav_2d_msgs/msg/detail/pose2_d_stamped__builder.hpp
[80.695s] -- Installing: /home/cricchetto/Robomaster_WS/install/nav_2d_msgs/include/nav_2d_msgs/nav_2d_msgs/msg/detail/twist2_d32__traits.hpp
[80.697s] -- Installing: /home/cricchetto/Robomaster_WS/install/nav_2d_msgs/include/nav_2d_msgs/nav_2d_msgs/msg/detail/twist2_d32__type_support.hpp
[80.699s] -- Installing: /home/cricchetto/Robomaster_WS/install/nav_2d_msgs/include/nav_2d_msgs/nav_2d_msgs/msg/detail/twist2_d32__struct.hpp
[80.701s] -- Installing: /home/cricchetto/Robomaster_WS/install/nav_2d_msgs/include/nav_2d_msgs/nav_2d_msgs/msg/detail/twist2_d__struct.hpp
[80.703s] -- Installing: /home/cricchetto/Robomaster_WS/install/nav_2d_msgs/include/nav_2d_msgs/nav_2d_msgs/msg/rosidl_generator_cpp__visibility_control.hpp
[80.706s] -- Up-to-date: /home/cricchetto/Robomaster_WS/install/nav_2d_msgs/include/nav_2d_msgs/nav_2d_msgs
[80.706s] -- Up-to-date: /home/cricchetto/Robomaster_WS/install/nav_2d_msgs/include/nav_2d_msgs/nav_2d_msgs/msg
[80.707s] -- Installing: /home/cricchetto/Robomaster_WS/install/nav_2d_msgs/include/nav_2d_msgs/nav_2d_msgs/msg/rosidl_typesupport_fastrtps_cpp__visibility_control.h
[80.709s] -- Up-to-date: /home/cricchetto/Robomaster_WS/install/nav_2d_msgs/include/nav_2d_msgs/nav_2d_msgs/msg/detail
[80.710s] -- Installing: /home/cricchetto/Robomaster_WS/install/nav_2d_msgs/include/nav_2d_msgs/nav_2d_msgs/msg/detail/dds_fastrtps
[80.712s] -- Installing: /home/cricchetto/Robomaster_WS/install/nav_2d_msgs/include/nav_2d_msgs/nav_2d_msgs/msg/detail/twist2_d__rosidl_typesupport_fastrtps_cpp.hpp
[80.714s] -- Installing: /home/cricchetto/Robomaster_WS/install/nav_2d_msgs/include/nav_2d_msgs/nav_2d_msgs/msg/detail/pose2_d_stamped__rosidl_typesupport_fastrtps_cpp.hpp
[80.716s] -- Installing: /home/cricchetto/Robomaster_WS/install/nav_2d_msgs/include/nav_2d_msgs/nav_2d_msgs/msg/detail/twist2_d_stamped__rosidl_typesupport_fastrtps_cpp.hpp
[80.719s] -- Installing: /home/cricchetto/Robomaster_WS/install/nav_2d_msgs/include/nav_2d_msgs/nav_2d_msgs/msg/detail/path2_d__rosidl_typesupport_fastrtps_cpp.hpp
[80.722s] -- Installing: /home/cricchetto/Robomaster_WS/install/nav_2d_msgs/include/nav_2d_msgs/nav_2d_msgs/msg/detail/twist2_d32__rosidl_typesupport_fastrtps_cpp.hpp
[80.724s] -- Installing: /home/cricchetto/Robomaster_WS/install/nav_2d_msgs/include/nav_2d_msgs/nav_2d_msgs/msg/detail/pose2_d32__rosidl_typesupport_fastrtps_cpp.hpp
[80.727s] -- Installing: /home/cricchetto/Robomaster_WS/install/nav_2d_msgs/lib/libnav_2d_msgs__rosidl_typesupport_fastrtps_cpp.so
[80.731s] -- Set runtime path of "/home/cricchetto/Robomaster_WS/install/nav_2d_msgs/lib/libnav_2d_msgs__rosidl_typesupport_fastrtps_cpp.so" to ""
[80.732s] -- Up-to-date: /home/cricchetto/Robomaster_WS/install/nav_2d_msgs/include/nav_2d_msgs/nav_2d_msgs
[80.732s] -- Up-to-date: /home/cricchetto/Robomaster_WS/install/nav_2d_msgs/include/nav_2d_msgs/nav_2d_msgs/msg
[80.733s] -- Up-to-date: /home/cricchetto/Robomaster_WS/install/nav_2d_msgs/include/nav_2d_msgs/nav_2d_msgs/msg/detail
[80.734s] -- Installing: /home/cricchetto/Robomaster_WS/install/nav_2d_msgs/include/nav_2d_msgs/nav_2d_msgs/msg/detail/twist2_d_stamped__rosidl_typesupport_introspection_c.h
[80.737s] -- Installing: /home/cricchetto/Robomaster_WS/install/nav_2d_msgs/include/nav_2d_msgs/nav_2d_msgs/msg/detail/pose2_d_stamped__rosidl_typesupport_introspection_c.h
[80.739s] -- Installing: /home/cricchetto/Robomaster_WS/install/nav_2d_msgs/include/nav_2d_msgs/nav_2d_msgs/msg/detail/twist2_d__type_support.c
[80.740s] -- Installing: /home/cricchetto/Robomaster_WS/install/nav_2d_msgs/include/nav_2d_msgs/nav_2d_msgs/msg/detail/path2_d__rosidl_typesupport_introspection_c.h
[80.742s] -- Installing: /home/cricchetto/Robomaster_WS/install/nav_2d_msgs/include/nav_2d_msgs/nav_2d_msgs/msg/detail/pose2_d_stamped__type_support.c
[80.743s] -- Installing: /home/cricchetto/Robomaster_WS/install/nav_2d_msgs/include/nav_2d_msgs/nav_2d_msgs/msg/detail/twist2_d__rosidl_typesupport_introspection_c.h
[80.745s] -- Installing: /home/cricchetto/Robomaster_WS/install/nav_2d_msgs/include/nav_2d_msgs/nav_2d_msgs/msg/detail/path2_d__type_support.c
[80.747s] -- Installing: /home/cricchetto/Robomaster_WS/install/nav_2d_msgs/include/nav_2d_msgs/nav_2d_msgs/msg/detail/twist2_d32__rosidl_typesupport_introspection_c.h
[80.749s] -- Installing: /home/cricchetto/Robomaster_WS/install/nav_2d_msgs/include/nav_2d_msgs/nav_2d_msgs/msg/detail/pose2_d32__rosidl_typesupport_introspection_c.h
[80.751s] -- Installing: /home/cricchetto/Robomaster_WS/install/nav_2d_msgs/include/nav_2d_msgs/nav_2d_msgs/msg/detail/twist2_d_stamped__type_support.c
[80.753s] -- Installing: /home/cricchetto/Robomaster_WS/install/nav_2d_msgs/include/nav_2d_msgs/nav_2d_msgs/msg/detail/pose2_d32__type_support.c
[80.764s] -- Installing: /home/cricchetto/Robomaster_WS/install/nav_2d_msgs/include/nav_2d_msgs/nav_2d_msgs/msg/detail/twist2_d32__type_support.c
[80.765s] -- Installing: /home/cricchetto/Robomaster_WS/install/nav_2d_msgs/include/nav_2d_msgs/nav_2d_msgs/msg/rosidl_typesupport_introspection_c__visibility_control.h
[80.766s] -- Installing: /home/cricchetto/Robomaster_WS/install/nav_2d_msgs/lib/libnav_2d_msgs__rosidl_typesupport_introspection_c.so
[80.767s] -- Set runtime path of "/home/cricchetto/Robomaster_WS/install/nav_2d_msgs/lib/libnav_2d_msgs__rosidl_typesupport_introspection_c.so" to ""
[80.768s] -- Installing: /home/cricchetto/Robomaster_WS/install/nav_2d_msgs/lib/libnav_2d_msgs__rosidl_typesupport_c.so
[80.770s] -- Set runtime path of "/home/cricchetto/Robomaster_WS/install/nav_2d_msgs/lib/libnav_2d_msgs__rosidl_typesupport_c.so" to ""
[80.771s] -- Up-to-date: /home/cricchetto/Robomaster_WS/install/nav_2d_msgs/include/nav_2d_msgs/nav_2d_msgs
[80.781s] -- Up-to-date: /home/cricchetto/Robomaster_WS/install/nav_2d_msgs/include/nav_2d_msgs/nav_2d_msgs/msg
[80.781s] -- Up-to-date: /home/cricchetto/Robomaster_WS/install/nav_2d_msgs/include/nav_2d_msgs/nav_2d_msgs/msg/detail
[80.782s] -- Installing: /home/cricchetto/Robomaster_WS/install/nav_2d_msgs/include/nav_2d_msgs/nav_2d_msgs/msg/detail/path2_d__type_support.cpp
[80.782s] -- Installing: /home/cricchetto/Robomaster_WS/install/nav_2d_msgs/include/nav_2d_msgs/nav_2d_msgs/msg/detail/pose2_d32__type_support.cpp
[80.783s] -- Installing: /home/cricchetto/Robomaster_WS/install/nav_2d_msgs/include/nav_2d_msgs/nav_2d_msgs/msg/detail/twist2_d_stamped__rosidl_typesupport_introspection_cpp.hpp
[80.784s] -- Installing: /home/cricchetto/Robomaster_WS/install/nav_2d_msgs/include/nav_2d_msgs/nav_2d_msgs/msg/detail/twist2_d32__type_support.cpp
[80.785s] -- Installing: /home/cricchetto/Robomaster_WS/install/nav_2d_msgs/include/nav_2d_msgs/nav_2d_msgs/msg/detail/twist2_d__type_support.cpp
[80.785s] -- Installing: /home/cricchetto/Robomaster_WS/install/nav_2d_msgs/include/nav_2d_msgs/nav_2d_msgs/msg/detail/twist2_d__rosidl_typesupport_introspection_cpp.hpp
[80.786s] -- Installing: /home/cricchetto/Robomaster_WS/install/nav_2d_msgs/include/nav_2d_msgs/nav_2d_msgs/msg/detail/twist2_d32__rosidl_typesupport_introspection_cpp.hpp
[80.787s] -- Installing: /home/cricchetto/Robomaster_WS/install/nav_2d_msgs/include/nav_2d_msgs/nav_2d_msgs/msg/detail/twist2_d_stamped__type_support.cpp
[80.789s] -- Installing: /home/cricchetto/Robomaster_WS/install/nav_2d_msgs/include/nav_2d_msgs/nav_2d_msgs/msg/detail/pose2_d_stamped__rosidl_typesupport_introspection_cpp.hpp
[80.792s] -- Installing: /home/cricchetto/Robomaster_WS/install/nav_2d_msgs/include/nav_2d_msgs/nav_2d_msgs/msg/detail/pose2_d_stamped__type_support.cpp
[80.794s] -- Installing: /home/cricchetto/Robomaster_WS/install/nav_2d_msgs/include/nav_2d_msgs/nav_2d_msgs/msg/detail/path2_d__rosidl_typesupport_introspection_cpp.hpp
[80.796s] -- Installing: /home/cricchetto/Robomaster_WS/install/nav_2d_msgs/include/nav_2d_msgs/nav_2d_msgs/msg/detail/pose2_d32__rosidl_typesupport_introspection_cpp.hpp
[80.799s] -- Installing: /home/cricchetto/Robomaster_WS/install/nav_2d_msgs/lib/libnav_2d_msgs__rosidl_typesupport_introspection_cpp.so
[80.804s] -- Set runtime path of "/home/cricchetto/Robomaster_WS/install/nav_2d_msgs/lib/libnav_2d_msgs__rosidl_typesupport_introspection_cpp.so" to ""
[80.805s] -- Installing: /home/cricchetto/Robomaster_WS/install/nav_2d_msgs/lib/libnav_2d_msgs__rosidl_typesupport_cpp.so
[80.809s] -- Set runtime path of "/home/cricchetto/Robomaster_WS/install/nav_2d_msgs/lib/libnav_2d_msgs__rosidl_typesupport_cpp.so" to ""
[80.811s] -- Installing: /home/cricchetto/Robomaster_WS/install/nav_2d_msgs/share/nav_2d_msgs/environment/pythonpath.sh
[80.813s] -- Installing: /home/cricchetto/Robomaster_WS/install/nav_2d_msgs/share/nav_2d_msgs/environment/pythonpath.dsv
[80.815s] -- Installing: /home/cricchetto/Robomaster_WS/install/nav_2d_msgs/local/lib/python3.10/dist-packages/nav_2d_msgs-1.1.20-py3.10.egg-info
[80.817s] -- Installing: /home/cricchetto/Robomaster_WS/install/nav_2d_msgs/local/lib/python3.10/dist-packages/nav_2d_msgs-1.1.20-py3.10.egg-info/PKG-INFO
[80.819s] -- Installing: /home/cricchetto/Robomaster_WS/install/nav_2d_msgs/local/lib/python3.10/dist-packages/nav_2d_msgs-1.1.20-py3.10.egg-info/top_level.txt
[80.821s] -- Installing: /home/cricchetto/Robomaster_WS/install/nav_2d_msgs/local/lib/python3.10/dist-packages/nav_2d_msgs-1.1.20-py3.10.egg-info/SOURCES.txt
[80.823s] -- Installing: /home/cricchetto/Robomaster_WS/install/nav_2d_msgs/local/lib/python3.10/dist-packages/nav_2d_msgs-1.1.20-py3.10.egg-info/dependency_links.txt
[80.825s] -- Installing: /home/cricchetto/Robomaster_WS/install/nav_2d_msgs/local/lib/python3.10/dist-packages/nav_2d_msgs
[80.826s] -- Installing: /home/cricchetto/Robomaster_WS/install/nav_2d_msgs/local/lib/python3.10/dist-packages/nav_2d_msgs/__init__.py
[80.828s] -- Installing: /home/cricchetto/Robomaster_WS/install/nav_2d_msgs/local/lib/python3.10/dist-packages/nav_2d_msgs/libnav_2d_msgs__rosidl_generator_py.so
[80.830s] -- Installing: /home/cricchetto/Robomaster_WS/install/nav_2d_msgs/local/lib/python3.10/dist-packages/nav_2d_msgs/nav_2d_msgs_s__rosidl_typesupport_fastrtps_c.cpython-310-aarch64-linux-gnu.so
[80.832s] -- Installing: /home/cricchetto/Robomaster_WS/install/nav_2d_msgs/local/lib/python3.10/dist-packages/nav_2d_msgs/nav_2d_msgs_s__rosidl_typesupport_introspection_c.cpython-310-aarch64-linux-gnu.so
[80.835s] -- Installing: /home/cricchetto/Robomaster_WS/install/nav_2d_msgs/local/lib/python3.10/dist-packages/nav_2d_msgs/msg
[80.837s] -- Installing: /home/cricchetto/Robomaster_WS/install/nav_2d_msgs/local/lib/python3.10/dist-packages/nav_2d_msgs/msg/_path2_d.py
[80.840s] -- Installing: /home/cricchetto/Robomaster_WS/install/nav_2d_msgs/local/lib/python3.10/dist-packages/nav_2d_msgs/msg/__init__.py
[80.842s] -- Installing: /home/cricchetto/Robomaster_WS/install/nav_2d_msgs/local/lib/python3.10/dist-packages/nav_2d_msgs/msg/_pose2_d_stamped.py
[80.844s] -- Installing: /home/cricchetto/Robomaster_WS/install/nav_2d_msgs/local/lib/python3.10/dist-packages/nav_2d_msgs/msg/_twist2_d_stamped.py
[80.846s] -- Installing: /home/cricchetto/Robomaster_WS/install/nav_2d_msgs/local/lib/python3.10/dist-packages/nav_2d_msgs/msg/_twist2_d32.py
[80.848s] -- Installing: /home/cricchetto/Robomaster_WS/install/nav_2d_msgs/local/lib/python3.10/dist-packages/nav_2d_msgs/msg/_pose2_d32.py
[80.850s] -- Installing: /home/cricchetto/Robomaster_WS/install/nav_2d_msgs/local/lib/python3.10/dist-packages/nav_2d_msgs/msg/_pose2_d32_s.c
[80.852s] -- Installing: /home/cricchetto/Robomaster_WS/install/nav_2d_msgs/local/lib/python3.10/dist-packages/nav_2d_msgs/msg/_path2_d_s.c
[80.854s] -- Installing: /home/cricchetto/Robomaster_WS/install/nav_2d_msgs/local/lib/python3.10/dist-packages/nav_2d_msgs/msg/_twist2_d_stamped_s.c
[80.857s] -- Installing: /home/cricchetto/Robomaster_WS/install/nav_2d_msgs/local/lib/python3.10/dist-packages/nav_2d_msgs/msg/_twist2_d32_s.c
[80.858s] -- Installing: /home/cricchetto/Robomaster_WS/install/nav_2d_msgs/local/lib/python3.10/dist-packages/nav_2d_msgs/msg/_twist2_d_s.c
[80.860s] -- Installing: /home/cricchetto/Robomaster_WS/install/nav_2d_msgs/local/lib/python3.10/dist-packages/nav_2d_msgs/msg/_twist2_d.py
[80.862s] -- Installing: /home/cricchetto/Robomaster_WS/install/nav_2d_msgs/local/lib/python3.10/dist-packages/nav_2d_msgs/msg/_pose2_d_stamped_s.c
[80.864s] -- Installing: /home/cricchetto/Robomaster_WS/install/nav_2d_msgs/local/lib/python3.10/dist-packages/nav_2d_msgs/_nav_2d_msgs_s.ep.rosidl_typesupport_introspection_c.c
[80.866s] -- Installing: /home/cricchetto/Robomaster_WS/install/nav_2d_msgs/local/lib/python3.10/dist-packages/nav_2d_msgs/nav_2d_msgs_s__rosidl_typesupport_c.cpython-310-aarch64-linux-gnu.so
[80.869s] -- Installing: /home/cricchetto/Robomaster_WS/install/nav_2d_msgs/local/lib/python3.10/dist-packages/nav_2d_msgs/_nav_2d_msgs_s.ep.rosidl_typesupport_fastrtps_c.c
[80.872s] -- Installing: /home/cricchetto/Robomaster_WS/install/nav_2d_msgs/local/lib/python3.10/dist-packages/nav_2d_msgs/_nav_2d_msgs_s.ep.rosidl_typesupport_c.c
[81.180s] Listing '/home/cricchetto/Robomaster_WS/install/nav_2d_msgs/local/lib/python3.10/dist-packages/nav_2d_msgs'...
[81.181s] Compiling '/home/cricchetto/Robomaster_WS/install/nav_2d_msgs/local/lib/python3.10/dist-packages/nav_2d_msgs/__init__.py'...
[81.183s] Listing '/home/cricchetto/Robomaster_WS/install/nav_2d_msgs/local/lib/python3.10/dist-packages/nav_2d_msgs/msg'...
[81.188s] Compiling '/home/cricchetto/Robomaster_WS/install/nav_2d_msgs/local/lib/python3.10/dist-packages/nav_2d_msgs/msg/__init__.py'...
[81.189s] Compiling '/home/cricchetto/Robomaster_WS/install/nav_2d_msgs/local/lib/python3.10/dist-packages/nav_2d_msgs/msg/_path2_d.py'...
[81.190s] Compiling '/home/cricchetto/Robomaster_WS/install/nav_2d_msgs/local/lib/python3.10/dist-packages/nav_2d_msgs/msg/_pose2_d32.py'...
[81.192s] Compiling '/home/cricchetto/Robomaster_WS/install/nav_2d_msgs/local/lib/python3.10/dist-packages/nav_2d_msgs/msg/_pose2_d_stamped.py'...
[81.194s] Compiling '/home/cricchetto/Robomaster_WS/install/nav_2d_msgs/local/lib/python3.10/dist-packages/nav_2d_msgs/msg/_twist2_d.py'...
[81.195s] Compiling '/home/cricchetto/Robomaster_WS/install/nav_2d_msgs/local/lib/python3.10/dist-packages/nav_2d_msgs/msg/_twist2_d32.py'...
[81.208s] Compiling '/home/cricchetto/Robomaster_WS/install/nav_2d_msgs/local/lib/python3.10/dist-packages/nav_2d_msgs/msg/_twist2_d_stamped.py'...
[81.224s] -- Installing: /home/cricchetto/Robomaster_WS/install/nav_2d_msgs/local/lib/python3.10/dist-packages/nav_2d_msgs/nav_2d_msgs_s__rosidl_typesupport_fastrtps_c.cpython-310-aarch64-linux-gnu.so
[81.228s] -- Set runtime path of "/home/cricchetto/Robomaster_WS/install/nav_2d_msgs/local/lib/python3.10/dist-packages/nav_2d_msgs/nav_2d_msgs_s__rosidl_typesupport_fastrtps_c.cpython-310-aarch64-linux-gnu.so" to ""
[81.231s] -- Installing: /home/cricchetto/Robomaster_WS/install/nav_2d_msgs/local/lib/python3.10/dist-packages/nav_2d_msgs/nav_2d_msgs_s__rosidl_typesupport_introspection_c.cpython-310-aarch64-linux-gnu.so
[81.235s] -- Set runtime path of "/home/cricchetto/Robomaster_WS/install/nav_2d_msgs/local/lib/python3.10/dist-packages/nav_2d_msgs/nav_2d_msgs_s__rosidl_typesupport_introspection_c.cpython-310-aarch64-linux-gnu.so" to ""
[81.237s] -- Installing: /home/cricchetto/Robomaster_WS/install/nav_2d_msgs/local/lib/python3.10/dist-packages/nav_2d_msgs/nav_2d_msgs_s__rosidl_typesupport_c.cpython-310-aarch64-linux-gnu.so
[81.241s] -- Set runtime path of "/home/cricchetto/Robomaster_WS/install/nav_2d_msgs/local/lib/python3.10/dist-packages/nav_2d_msgs/nav_2d_msgs_s__rosidl_typesupport_c.cpython-310-aarch64-linux-gnu.so" to ""
[81.243s] -- Installing: /home/cricchetto/Robomaster_WS/install/nav_2d_msgs/lib/libnav_2d_msgs__rosidl_generator_py.so
[81.248s] -- Set runtime path of "/home/cricchetto/Robomaster_WS/install/nav_2d_msgs/lib/libnav_2d_msgs__rosidl_generator_py.so" to ""
[81.251s] -- Installing: /home/cricchetto/Robomaster_WS/install/nav_2d_msgs/share/nav_2d_msgs/msg/Path2D.idl
[81.255s] -- Installing: /home/cricchetto/Robomaster_WS/install/nav_2d_msgs/share/nav_2d_msgs/msg/Pose2D32.idl
[81.258s] -- Installing: /home/cricchetto/Robomaster_WS/install/nav_2d_msgs/share/nav_2d_msgs/msg/Pose2DStamped.idl
[81.262s] -- Installing: /home/cricchetto/Robomaster_WS/install/nav_2d_msgs/share/nav_2d_msgs/msg/Twist2D.idl
[81.266s] -- Installing: /home/cricchetto/Robomaster_WS/install/nav_2d_msgs/share/nav_2d_msgs/msg/Twist2D32.idl
[81.270s] -- Installing: /home/cricchetto/Robomaster_WS/install/nav_2d_msgs/share/nav_2d_msgs/msg/Twist2DStamped.idl
[81.273s] -- Installing: /home/cricchetto/Robomaster_WS/install/nav_2d_msgs/share/nav_2d_msgs/msg/Path2D.msg
[81.276s] -- Installing: /home/cricchetto/Robomaster_WS/install/nav_2d_msgs/share/nav_2d_msgs/msg/Pose2D32.msg
[81.279s] -- Installing: /home/cricchetto/Robomaster_WS/install/nav_2d_msgs/share/nav_2d_msgs/msg/Pose2DStamped.msg
[81.283s] -- Installing: /home/cricchetto/Robomaster_WS/install/nav_2d_msgs/share/nav_2d_msgs/msg/Twist2D.msg
[81.287s] -- Installing: /home/cricchetto/Robomaster_WS/install/nav_2d_msgs/share/nav_2d_msgs/msg/Twist2D32.msg
[81.290s] -- Installing: /home/cricchetto/Robomaster_WS/install/nav_2d_msgs/share/nav_2d_msgs/msg/Twist2DStamped.msg
[81.295s] -- Installing: /home/cricchetto/Robomaster_WS/install/nav_2d_msgs/share/ament_index/resource_index/package_run_dependencies/nav_2d_msgs
[81.300s] -- Installing: /home/cricchetto/Robomaster_WS/install/nav_2d_msgs/share/ament_index/resource_index/parent_prefix_path/nav_2d_msgs
[81.304s] -- Installing: /home/cricchetto/Robomaster_WS/install/nav_2d_msgs/share/nav_2d_msgs/environment/ament_prefix_path.sh
[81.308s] -- Installing: /home/cricchetto/Robomaster_WS/install/nav_2d_msgs/share/nav_2d_msgs/environment/ament_prefix_path.dsv
[81.312s] -- Installing: /home/cricchetto/Robomaster_WS/install/nav_2d_msgs/share/nav_2d_msgs/environment/path.sh
[81.315s] -- Installing: /home/cricchetto/Robomaster_WS/install/nav_2d_msgs/share/nav_2d_msgs/environment/path.dsv
[81.318s] -- Installing: /home/cricchetto/Robomaster_WS/install/nav_2d_msgs/share/nav_2d_msgs/local_setup.bash
[81.321s] -- Installing: /home/cricchetto/Robomaster_WS/install/nav_2d_msgs/share/nav_2d_msgs/local_setup.sh
[81.324s] -- Installing: /home/cricchetto/Robomaster_WS/install/nav_2d_msgs/share/nav_2d_msgs/local_setup.zsh
[81.327s] -- Installing: /home/cricchetto/Robomaster_WS/install/nav_2d_msgs/share/nav_2d_msgs/local_setup.dsv
[81.330s] -- Installing: /home/cricchetto/Robomaster_WS/install/nav_2d_msgs/share/nav_2d_msgs/package.dsv
[81.334s] -- Installing: /home/cricchetto/Robomaster_WS/install/nav_2d_msgs/share/ament_index/resource_index/packages/nav_2d_msgs
[81.338s] -- Installing: /home/cricchetto/Robomaster_WS/install/nav_2d_msgs/share/nav_2d_msgs/cmake/export_nav_2d_msgs__rosidl_generator_cExport.cmake
[81.342s] -- Installing: /home/cricchetto/Robomaster_WS/install/nav_2d_msgs/share/nav_2d_msgs/cmake/export_nav_2d_msgs__rosidl_generator_cExport-noconfig.cmake
[81.346s] -- Installing: /home/cricchetto/Robomaster_WS/install/nav_2d_msgs/share/nav_2d_msgs/cmake/export_nav_2d_msgs__rosidl_typesupport_fastrtps_cExport.cmake
[81.350s] -- Installing: /home/cricchetto/Robomaster_WS/install/nav_2d_msgs/share/nav_2d_msgs/cmake/export_nav_2d_msgs__rosidl_typesupport_fastrtps_cExport-noconfig.cmake
[81.353s] -- Installing: /home/cricchetto/Robomaster_WS/install/nav_2d_msgs/share/nav_2d_msgs/cmake/export_nav_2d_msgs__rosidl_generator_cppExport.cmake
[81.356s] -- Installing: /home/cricchetto/Robomaster_WS/install/nav_2d_msgs/share/nav_2d_msgs/cmake/export_nav_2d_msgs__rosidl_typesupport_fastrtps_cppExport.cmake
[81.360s] -- Installing: /home/cricchetto/Robomaster_WS/install/nav_2d_msgs/share/nav_2d_msgs/cmake/export_nav_2d_msgs__rosidl_typesupport_fastrtps_cppExport-noconfig.cmake
[81.364s] -- Installing: /home/cricchetto/Robomaster_WS/install/nav_2d_msgs/share/nav_2d_msgs/cmake/nav_2d_msgs__rosidl_typesupport_introspection_cExport.cmake
[81.367s] -- Installing: /home/cricchetto/Robomaster_WS/install/nav_2d_msgs/share/nav_2d_msgs/cmake/nav_2d_msgs__rosidl_typesupport_introspection_cExport-noconfig.cmake
[81.370s] -- Installing: /home/cricchetto/Robomaster_WS/install/nav_2d_msgs/share/nav_2d_msgs/cmake/nav_2d_msgs__rosidl_typesupport_cExport.cmake
[81.373s] -- Installing: /home/cricchetto/Robomaster_WS/install/nav_2d_msgs/share/nav_2d_msgs/cmake/nav_2d_msgs__rosidl_typesupport_cExport-noconfig.cmake
[81.377s] -- Installing: /home/cricchetto/Robomaster_WS/install/nav_2d_msgs/share/nav_2d_msgs/cmake/nav_2d_msgs__rosidl_typesupport_introspection_cppExport.cmake
[81.381s] -- Installing: /home/cricchetto/Robomaster_WS/install/nav_2d_msgs/share/nav_2d_msgs/cmake/nav_2d_msgs__rosidl_typesupport_introspection_cppExport-noconfig.cmake
[81.387s] -- Installing: /home/cricchetto/Robomaster_WS/install/nav_2d_msgs/share/nav_2d_msgs/cmake/nav_2d_msgs__rosidl_typesupport_cppExport.cmake
[81.391s] -- Installing: /home/cricchetto/Robomaster_WS/install/nav_2d_msgs/share/nav_2d_msgs/cmake/nav_2d_msgs__rosidl_typesupport_cppExport-noconfig.cmake
[81.395s] -- Installing: /home/cricchetto/Robomaster_WS/install/nav_2d_msgs/share/nav_2d_msgs/cmake/export_nav_2d_msgs__rosidl_generator_pyExport.cmake
[81.398s] -- Installing: /home/cricchetto/Robomaster_WS/install/nav_2d_msgs/share/nav_2d_msgs/cmake/export_nav_2d_msgs__rosidl_generator_pyExport-noconfig.cmake
[81.402s] -- Installing: /home/cricchetto/Robomaster_WS/install/nav_2d_msgs/share/nav_2d_msgs/cmake/rosidl_cmake-extras.cmake
[81.405s] -- Installing: /home/cricchetto/Robomaster_WS/install/nav_2d_msgs/share/nav_2d_msgs/cmake/ament_cmake_export_dependencies-extras.cmake
[81.408s] -- Installing: /home/cricchetto/Robomaster_WS/install/nav_2d_msgs/share/nav_2d_msgs/cmake/ament_cmake_export_include_directories-extras.cmake
[81.411s] -- Installing: /home/cricchetto/Robomaster_WS/install/nav_2d_msgs/share/nav_2d_msgs/cmake/ament_cmake_export_libraries-extras.cmake
[81.415s] -- Installing: /home/cricchetto/Robomaster_WS/install/nav_2d_msgs/share/nav_2d_msgs/cmake/ament_cmake_export_targets-extras.cmake
[81.418s] -- Installing: /home/cricchetto/Robomaster_WS/install/nav_2d_msgs/share/nav_2d_msgs/cmake/rosidl_cmake_export_typesupport_targets-extras.cmake
[81.422s] -- Installing: /home/cricchetto/Robomaster_WS/install/nav_2d_msgs/share/nav_2d_msgs/cmake/rosidl_cmake_export_typesupport_libraries-extras.cmake
[81.426s] -- Installing: /home/cricchetto/Robomaster_WS/install/nav_2d_msgs/share/nav_2d_msgs/cmake/nav_2d_msgsConfig.cmake
[81.430s] -- Installing: /home/cricchetto/Robomaster_WS/install/nav_2d_msgs/share/nav_2d_msgs/cmake/nav_2d_msgsConfig-version.cmake
[81.434s] -- Installing: /home/cricchetto/Robomaster_WS/install/nav_2d_msgs/share/nav_2d_msgs/package.xml
[81.457s] Invoked command in '/home/cricchetto/Robomaster_WS/build/nav_2d_msgs' returned '0': CMAKE_PREFIX_PATH=${CMAKE_PREFIX_PATH}:/home/cricchetto/Robomaster_WS/install/robomaster_ros:/home/cricchetto/Robomaster_WS/install/ep_control:/home/cricchetto/Robomaster_WS/install/drift:/opt/ros/humble /usr/bin/cmake --install /home/cricchetto/Robomaster_WS/build/nav_2d_msgs
