[5.609s] Invoking command in '/home/cricchetto/Robomaster_WS/src/drift': PYTHONPATH=/home/cricchetto/Robomaster_WS/build/drift/prefix_override:/usr/lib/python3/dist-packages/colcon_core/task/python/colcon_distutils_commands:/home/cricchetto/Robomaster_WS/install/drift/lib/python3.10/site-packages:${PYTHONPATH} /usr/bin/python3 -W ignore:setup.py install is deprecated -W ignore:easy_install command is deprecated setup.py egg_info --egg-base ../../build/drift build --build-base /home/cricchetto/Robomaster_WS/build/drift/build install --record /home/cricchetto/Robomaster_WS/build/drift/install.log --single-version-externally-managed install_data
[6.829s] running egg_info
[6.833s] writing ../../build/drift/drift.egg-info/PKG-INFO
[6.835s] writing dependency_links to ../../build/drift/drift.egg-info/dependency_links.txt
[6.837s] writing entry points to ../../build/drift/drift.egg-info/entry_points.txt
[6.839s] writing requirements to ../../build/drift/drift.egg-info/requires.txt
[6.840s] writing top-level names to ../../build/drift/drift.egg-info/top_level.txt
[6.853s] reading manifest file '../../build/drift/drift.egg-info/SOURCES.txt'
[6.859s] writing manifest file '../../build/drift/drift.egg-info/SOURCES.txt'
[6.860s] running build
[6.861s] running build_py
[6.865s] running install
[6.867s] running install_lib
[6.878s] running install_data
[6.879s] running install_egg_info
[6.891s] removing '/home/cricchetto/Robomaster_WS/install/drift/lib/python3.10/site-packages/drift-0.0.1-py3.10.egg-info' (and everything under it)
[6.893s] Copying ../../build/drift/drift.egg-info to /home/cricchetto/Robomaster_WS/install/drift/lib/python3.10/site-packages/drift-0.0.1-py3.10.egg-info
[6.904s] running install_scripts
[7.026s] Installing drift_circle_node script to /home/cricchetto/Robomaster_WS/install/drift/lib/drift
[7.027s] Installing play_sound_node script to /home/cricchetto/Robomaster_WS/install/drift/lib/drift
[7.028s] writing list of installed files to '/home/cricchetto/Robomaster_WS/build/drift/install.log'
[7.251s] Invoked command in '/home/cricchetto/Robomaster_WS/src/drift' returned '0': PYTHONPATH=/home/cricchetto/Robomaster_WS/build/drift/prefix_override:/usr/lib/python3/dist-packages/colcon_core/task/python/colcon_distutils_commands:/home/cricchetto/Robomaster_WS/install/drift/lib/python3.10/site-packages:${PYTHONPATH} /usr/bin/python3 -W ignore:setup.py install is deprecated -W ignore:easy_install command is deprecated setup.py egg_info --egg-base ../../build/drift build --build-base /home/cricchetto/Robomaster_WS/build/drift/build install --record /home/cricchetto/Robomaster_WS/build/drift/install.log --single-version-externally-managed install_data
