[4.165s] Invoking command in '/home/stefano/Robomaster_WS/src/camera_utils': PYTHONPATH=/home/stefano/Robomaster_WS/src/build/camera_utils/prefix_override:/usr/lib/python3/dist-packages/colcon_core/task/python/colcon_distutils_commands:/home/stefano/Robomaster_WS/src/install/camera_utils/lib/python3.10/site-packages:${PYTHONPATH} /usr/bin/python3 -W ignore:setup.py install is deprecated -W ignore:easy_install command is deprecated setup.py egg_info --egg-base ../build/camera_utils build --build-base /home/stefano/Robomaster_WS/src/build/camera_utils/build install --record /home/stefano/Robomaster_WS/src/build/camera_utils/install.log --single-version-externally-managed install_data
[5.118s] running egg_info
[5.119s] writing ../build/camera_utils/camera_utils.egg-info/PKG-INFO
[5.122s] writing dependency_links to ../build/camera_utils/camera_utils.egg-info/dependency_links.txt
[5.122s] writing entry points to ../build/camera_utils/camera_utils.egg-info/entry_points.txt
[5.123s] writing requirements to ../build/camera_utils/camera_utils.egg-info/requires.txt
[5.123s] writing top-level names to ../build/camera_utils/camera_utils.egg-info/top_level.txt
[5.125s] reading manifest file '../build/camera_utils/camera_utils.egg-info/SOURCES.txt'
[5.129s] writing manifest file '../build/camera_utils/camera_utils.egg-info/SOURCES.txt'
[5.130s] running build
[5.130s] running build_py
[5.131s] running install
[5.131s] running install_lib
[5.134s] running install_data
[5.135s] running install_egg_info
[5.139s] removing '/home/stefano/Robomaster_WS/src/install/camera_utils/lib/python3.10/site-packages/camera_utils-0.0.0-py3.10.egg-info' (and everything under it)
[5.140s] Copying ../build/camera_utils/camera_utils.egg-info to /home/stefano/Robomaster_WS/src/install/camera_utils/lib/python3.10/site-packages/camera_utils-0.0.0-py3.10.egg-info
[5.144s] running install_scripts
[5.207s] Installing camera_republisher script to /home/stefano/Robomaster_WS/src/install/camera_utils/lib/camera_utils
[5.209s] writing list of installed files to '/home/stefano/Robomaster_WS/src/build/camera_utils/install.log'
[5.299s] Invoked command in '/home/stefano/Robomaster_WS/src/camera_utils' returned '0': PYTHONPATH=/home/stefano/Robomaster_WS/src/build/camera_utils/prefix_override:/usr/lib/python3/dist-packages/colcon_core/task/python/colcon_distutils_commands:/home/stefano/Robomaster_WS/src/install/camera_utils/lib/python3.10/site-packages:${PYTHONPATH} /usr/bin/python3 -W ignore:setup.py install is deprecated -W ignore:easy_install command is deprecated setup.py egg_info --egg-base ../build/camera_utils build --build-base /home/stefano/Robomaster_WS/src/build/camera_utils/build install --record /home/stefano/Robomaster_WS/src/build/camera_utils/install.log --single-version-externally-managed install_data
