running egg_info
creating ../../build/robomaster_ros/robomaster_ros.egg-info
writing ../../build/robomaster_ros/robomaster_ros.egg-info/PKG-INFO
writing dependency_links to ../../build/robomaster_ros/robomaster_ros.egg-info/dependency_links.txt
writing entry points to ../../build/robomaster_ros/robomaster_ros.egg-info/entry_points.txt
writing requirements to ../../build/robomaster_ros/robomaster_ros.egg-info/requires.txt
writing top-level names to ../../build/robomaster_ros/robomaster_ros.egg-info/top_level.txt
writing manifest file '../../build/robomaster_ros/robomaster_ros.egg-info/SOURCES.txt'
reading manifest file '../../build/robomaster_ros/robomaster_ros.egg-info/SOURCES.txt'
writing manifest file '../../build/robomaster_ros/robomaster_ros.egg-info/SOURCES.txt'
running build
running build_py
creating /home/cricchetto/Robomaster_WS/src/build/robomaster_ros/build
creating /home/cricchetto/Robomaster_WS/src/build/robomaster_ros/build/lib
creating /home/cricchetto/Robomaster_WS/src/build/robomaster_ros/build/lib/robomaster_ros
copying robomaster_ros/display_battery.py -> /home/cricchetto/Robomaster_WS/src/build/robomaster_ros/build/lib/robomaster_ros
copying robomaster_ros/__init__.py -> /home/cricchetto/Robomaster_WS/src/build/robomaster_ros/build/lib/robomaster_ros
copying robomaster_ros/utils.py -> /home/cricchetto/Robomaster_WS/src/build/robomaster_ros/build/lib/robomaster_ros
copying robomaster_ros/decompress_h264.py -> /home/cricchetto/Robomaster_WS/src/build/robomaster_ros/build/lib/robomaster_ros
copying robomaster_ros/ftp.py -> /home/cricchetto/Robomaster_WS/src/build/robomaster_ros/build/lib/robomaster_ros
copying robomaster_ros/connect.py -> /home/cricchetto/Robomaster_WS/src/build/robomaster_ros/build/lib/robomaster_ros
copying robomaster_ros/action.py -> /home/cricchetto/Robomaster_WS/src/build/robomaster_ros/build/lib/robomaster_ros
copying robomaster_ros/discover.py -> /home/cricchetto/Robomaster_WS/src/build/robomaster_ros/build/lib/robomaster_ros
copying robomaster_ros/robomaster_driver.py -> /home/cricchetto/Robomaster_WS/src/build/robomaster_ros/build/lib/robomaster_ros
copying robomaster_ros/play_audio_opus.py -> /home/cricchetto/Robomaster_WS/src/build/robomaster_ros/build/lib/robomaster_ros
copying robomaster_ros/play_audio.py -> /home/cricchetto/Robomaster_WS/src/build/robomaster_ros/build/lib/robomaster_ros
copying robomaster_ros/client.py -> /home/cricchetto/Robomaster_WS/src/build/robomaster_ros/build/lib/robomaster_ros
creating /home/cricchetto/Robomaster_WS/src/build/robomaster_ros/build/lib/robomaster_ros/modules
copying robomaster_ros/modules/chassis.py -> /home/cricchetto/Robomaster_WS/src/build/robomaster_ros/build/lib/robomaster_ros/modules
copying robomaster_ros/modules/camera.py -> /home/cricchetto/Robomaster_WS/src/build/robomaster_ros/build/lib/robomaster_ros/modules
copying robomaster_ros/modules/__init__.py -> /home/cricchetto/Robomaster_WS/src/build/robomaster_ros/build/lib/robomaster_ros/modules
copying robomaster_ros/modules/tof.py -> /home/cricchetto/Robomaster_WS/src/build/robomaster_ros/build/lib/robomaster_ros/modules
copying robomaster_ros/modules/h264_parser.py -> /home/cricchetto/Robomaster_WS/src/build/robomaster_ros/build/lib/robomaster_ros/modules
copying robomaster_ros/modules/battery.py -> /home/cricchetto/Robomaster_WS/src/build/robomaster_ros/build/lib/robomaster_ros/modules
copying robomaster_ros/modules/pwm.py -> /home/cricchetto/Robomaster_WS/src/build/robomaster_ros/build/lib/robomaster_ros/modules
copying robomaster_ros/modules/arm.py -> /home/cricchetto/Robomaster_WS/src/build/robomaster_ros/build/lib/robomaster_ros/modules
copying robomaster_ros/modules/gimbal.py -> /home/cricchetto/Robomaster_WS/src/build/robomaster_ros/build/lib/robomaster_ros/modules
copying robomaster_ros/modules/sensor_adapter.py -> /home/cricchetto/Robomaster_WS/src/build/robomaster_ros/build/lib/robomaster_ros/modules
copying robomaster_ros/modules/speaker.py -> /home/cricchetto/Robomaster_WS/src/build/robomaster_ros/build/lib/robomaster_ros/modules
copying robomaster_ros/modules/uart.py -> /home/cricchetto/Robomaster_WS/src/build/robomaster_ros/build/lib/robomaster_ros/modules
copying robomaster_ros/modules/sbus.py -> /home/cricchetto/Robomaster_WS/src/build/robomaster_ros/build/lib/robomaster_ros/modules
copying robomaster_ros/modules/blaster.py -> /home/cricchetto/Robomaster_WS/src/build/robomaster_ros/build/lib/robomaster_ros/modules
copying robomaster_ros/modules/servo.py -> /home/cricchetto/Robomaster_WS/src/build/robomaster_ros/build/lib/robomaster_ros/modules
copying robomaster_ros/modules/vision.py -> /home/cricchetto/Robomaster_WS/src/build/robomaster_ros/build/lib/robomaster_ros/modules
copying robomaster_ros/modules/led.py -> /home/cricchetto/Robomaster_WS/src/build/robomaster_ros/build/lib/robomaster_ros/modules
copying robomaster_ros/modules/armor.py -> /home/cricchetto/Robomaster_WS/src/build/robomaster_ros/build/lib/robomaster_ros/modules
copying robomaster_ros/modules/gripper.py -> /home/cricchetto/Robomaster_WS/src/build/robomaster_ros/build/lib/robomaster_ros/modules
running install
running install_lib
creating /home/cricchetto/Robomaster_WS/src/install/robomaster_ros/lib/python3.10/site-packages/robomaster_ros
creating /home/cricchetto/Robomaster_WS/src/install/robomaster_ros/lib/python3.10/site-packages/robomaster_ros/modules
copying /home/cricchetto/Robomaster_WS/src/build/robomaster_ros/build/lib/robomaster_ros/modules/chassis.py -> /home/cricchetto/Robomaster_WS/src/install/robomaster_ros/lib/python3.10/site-packages/robomaster_ros/modules
copying /home/cricchetto/Robomaster_WS/src/build/robomaster_ros/build/lib/robomaster_ros/modules/camera.py -> /home/cricchetto/Robomaster_WS/src/install/robomaster_ros/lib/python3.10/site-packages/robomaster_ros/modules
copying /home/cricchetto/Robomaster_WS/src/build/robomaster_ros/build/lib/robomaster_ros/modules/__init__.py -> /home/cricchetto/Robomaster_WS/src/install/robomaster_ros/lib/python3.10/site-packages/robomaster_ros/modules
copying /home/cricchetto/Robomaster_WS/src/build/robomaster_ros/build/lib/robomaster_ros/modules/tof.py -> /home/cricchetto/Robomaster_WS/src/install/robomaster_ros/lib/python3.10/site-packages/robomaster_ros/modules
copying /home/cricchetto/Robomaster_WS/src/build/robomaster_ros/build/lib/robomaster_ros/modules/h264_parser.py -> /home/cricchetto/Robomaster_WS/src/install/robomaster_ros/lib/python3.10/site-packages/robomaster_ros/modules
copying /home/cricchetto/Robomaster_WS/src/build/robomaster_ros/build/lib/robomaster_ros/modules/battery.py -> /home/cricchetto/Robomaster_WS/src/install/robomaster_ros/lib/python3.10/site-packages/robomaster_ros/modules
copying /home/cricchetto/Robomaster_WS/src/build/robomaster_ros/build/lib/robomaster_ros/modules/pwm.py -> /home/cricchetto/Robomaster_WS/src/install/robomaster_ros/lib/python3.10/site-packages/robomaster_ros/modules
copying /home/cricchetto/Robomaster_WS/src/build/robomaster_ros/build/lib/robomaster_ros/modules/arm.py -> /home/cricchetto/Robomaster_WS/src/install/robomaster_ros/lib/python3.10/site-packages/robomaster_ros/modules
copying /home/cricchetto/Robomaster_WS/src/build/robomaster_ros/build/lib/robomaster_ros/modules/gimbal.py -> /home/cricchetto/Robomaster_WS/src/install/robomaster_ros/lib/python3.10/site-packages/robomaster_ros/modules
copying /home/cricchetto/Robomaster_WS/src/build/robomaster_ros/build/lib/robomaster_ros/modules/sensor_adapter.py -> /home/cricchetto/Robomaster_WS/src/install/robomaster_ros/lib/python3.10/site-packages/robomaster_ros/modules
copying /home/cricchetto/Robomaster_WS/src/build/robomaster_ros/build/lib/robomaster_ros/modules/speaker.py -> /home/cricchetto/Robomaster_WS/src/install/robomaster_ros/lib/python3.10/site-packages/robomaster_ros/modules
copying /home/cricchetto/Robomaster_WS/src/build/robomaster_ros/build/lib/robomaster_ros/modules/uart.py -> /home/cricchetto/Robomaster_WS/src/install/robomaster_ros/lib/python3.10/site-packages/robomaster_ros/modules
copying /home/cricchetto/Robomaster_WS/src/build/robomaster_ros/build/lib/robomaster_ros/modules/sbus.py -> /home/cricchetto/Robomaster_WS/src/install/robomaster_ros/lib/python3.10/site-packages/robomaster_ros/modules
copying /home/cricchetto/Robomaster_WS/src/build/robomaster_ros/build/lib/robomaster_ros/modules/blaster.py -> /home/cricchetto/Robomaster_WS/src/install/robomaster_ros/lib/python3.10/site-packages/robomaster_ros/modules
copying /home/cricchetto/Robomaster_WS/src/build/robomaster_ros/build/lib/robomaster_ros/modules/servo.py -> /home/cricchetto/Robomaster_WS/src/install/robomaster_ros/lib/python3.10/site-packages/robomaster_ros/modules
copying /home/cricchetto/Robomaster_WS/src/build/robomaster_ros/build/lib/robomaster_ros/modules/vision.py -> /home/cricchetto/Robomaster_WS/src/install/robomaster_ros/lib/python3.10/site-packages/robomaster_ros/modules
copying /home/cricchetto/Robomaster_WS/src/build/robomaster_ros/build/lib/robomaster_ros/modules/led.py -> /home/cricchetto/Robomaster_WS/src/install/robomaster_ros/lib/python3.10/site-packages/robomaster_ros/modules
copying /home/cricchetto/Robomaster_WS/src/build/robomaster_ros/build/lib/robomaster_ros/modules/armor.py -> /home/cricchetto/Robomaster_WS/src/install/robomaster_ros/lib/python3.10/site-packages/robomaster_ros/modules
copying /home/cricchetto/Robomaster_WS/src/build/robomaster_ros/build/lib/robomaster_ros/modules/gripper.py -> /home/cricchetto/Robomaster_WS/src/install/robomaster_ros/lib/python3.10/site-packages/robomaster_ros/modules
copying /home/cricchetto/Robomaster_WS/src/build/robomaster_ros/build/lib/robomaster_ros/display_battery.py -> /home/cricchetto/Robomaster_WS/src/install/robomaster_ros/lib/python3.10/site-packages/robomaster_ros
copying /home/cricchetto/Robomaster_WS/src/build/robomaster_ros/build/lib/robomaster_ros/__init__.py -> /home/cricchetto/Robomaster_WS/src/install/robomaster_ros/lib/python3.10/site-packages/robomaster_ros
copying /home/cricchetto/Robomaster_WS/src/build/robomaster_ros/build/lib/robomaster_ros/utils.py -> /home/cricchetto/Robomaster_WS/src/install/robomaster_ros/lib/python3.10/site-packages/robomaster_ros
copying /home/cricchetto/Robomaster_WS/src/build/robomaster_ros/build/lib/robomaster_ros/decompress_h264.py -> /home/cricchetto/Robomaster_WS/src/install/robomaster_ros/lib/python3.10/site-packages/robomaster_ros
copying /home/cricchetto/Robomaster_WS/src/build/robomaster_ros/build/lib/robomaster_ros/ftp.py -> /home/cricchetto/Robomaster_WS/src/install/robomaster_ros/lib/python3.10/site-packages/robomaster_ros
copying /home/cricchetto/Robomaster_WS/src/build/robomaster_ros/build/lib/robomaster_ros/connect.py -> /home/cricchetto/Robomaster_WS/src/install/robomaster_ros/lib/python3.10/site-packages/robomaster_ros
copying /home/cricchetto/Robomaster_WS/src/build/robomaster_ros/build/lib/robomaster_ros/action.py -> /home/cricchetto/Robomaster_WS/src/install/robomaster_ros/lib/python3.10/site-packages/robomaster_ros
copying /home/cricchetto/Robomaster_WS/src/build/robomaster_ros/build/lib/robomaster_ros/discover.py -> /home/cricchetto/Robomaster_WS/src/install/robomaster_ros/lib/python3.10/site-packages/robomaster_ros
copying /home/cricchetto/Robomaster_WS/src/build/robomaster_ros/build/lib/robomaster_ros/robomaster_driver.py -> /home/cricchetto/Robomaster_WS/src/install/robomaster_ros/lib/python3.10/site-packages/robomaster_ros
copying /home/cricchetto/Robomaster_WS/src/build/robomaster_ros/build/lib/robomaster_ros/play_audio_opus.py -> /home/cricchetto/Robomaster_WS/src/install/robomaster_ros/lib/python3.10/site-packages/robomaster_ros
copying /home/cricchetto/Robomaster_WS/src/build/robomaster_ros/build/lib/robomaster_ros/play_audio.py -> /home/cricchetto/Robomaster_WS/src/install/robomaster_ros/lib/python3.10/site-packages/robomaster_ros
copying /home/cricchetto/Robomaster_WS/src/build/robomaster_ros/build/lib/robomaster_ros/client.py -> /home/cricchetto/Robomaster_WS/src/install/robomaster_ros/lib/python3.10/site-packages/robomaster_ros
byte-compiling /home/cricchetto/Robomaster_WS/src/install/robomaster_ros/lib/python3.10/site-packages/robomaster_ros/modules/chassis.py to chassis.cpython-310.pyc
byte-compiling /home/cricchetto/Robomaster_WS/src/install/robomaster_ros/lib/python3.10/site-packages/robomaster_ros/modules/camera.py to camera.cpython-310.pyc
byte-compiling /home/cricchetto/Robomaster_WS/src/install/robomaster_ros/lib/python3.10/site-packages/robomaster_ros/modules/__init__.py to __init__.cpython-310.pyc
byte-compiling /home/cricchetto/Robomaster_WS/src/install/robomaster_ros/lib/python3.10/site-packages/robomaster_ros/modules/tof.py to tof.cpython-310.pyc
byte-compiling /home/cricchetto/Robomaster_WS/src/install/robomaster_ros/lib/python3.10/site-packages/robomaster_ros/modules/h264_parser.py to h264_parser.cpython-310.pyc
byte-compiling /home/cricchetto/Robomaster_WS/src/install/robomaster_ros/lib/python3.10/site-packages/robomaster_ros/modules/battery.py to battery.cpython-310.pyc
byte-compiling /home/cricchetto/Robomaster_WS/src/install/robomaster_ros/lib/python3.10/site-packages/robomaster_ros/modules/pwm.py to pwm.cpython-310.pyc
byte-compiling /home/cricchetto/Robomaster_WS/src/install/robomaster_ros/lib/python3.10/site-packages/robomaster_ros/modules/arm.py to arm.cpython-310.pyc
byte-compiling /home/cricchetto/Robomaster_WS/src/install/robomaster_ros/lib/python3.10/site-packages/robomaster_ros/modules/gimbal.py to gimbal.cpython-310.pyc
byte-compiling /home/cricchetto/Robomaster_WS/src/install/robomaster_ros/lib/python3.10/site-packages/robomaster_ros/modules/sensor_adapter.py to sensor_adapter.cpython-310.pyc
byte-compiling /home/cricchetto/Robomaster_WS/src/install/robomaster_ros/lib/python3.10/site-packages/robomaster_ros/modules/speaker.py to speaker.cpython-310.pyc
byte-compiling /home/cricchetto/Robomaster_WS/src/install/robomaster_ros/lib/python3.10/site-packages/robomaster_ros/modules/uart.py to uart.cpython-310.pyc
byte-compiling /home/cricchetto/Robomaster_WS/src/install/robomaster_ros/lib/python3.10/site-packages/robomaster_ros/modules/sbus.py to sbus.cpython-310.pyc
byte-compiling /home/cricchetto/Robomaster_WS/src/install/robomaster_ros/lib/python3.10/site-packages/robomaster_ros/modules/blaster.py to blaster.cpython-310.pyc
byte-compiling /home/cricchetto/Robomaster_WS/src/install/robomaster_ros/lib/python3.10/site-packages/robomaster_ros/modules/servo.py to servo.cpython-310.pyc
byte-compiling /home/cricchetto/Robomaster_WS/src/install/robomaster_ros/lib/python3.10/site-packages/robomaster_ros/modules/vision.py to vision.cpython-310.pyc
byte-compiling /home/cricchetto/Robomaster_WS/src/install/robomaster_ros/lib/python3.10/site-packages/robomaster_ros/modules/led.py to led.cpython-310.pyc
byte-compiling /home/cricchetto/Robomaster_WS/src/install/robomaster_ros/lib/python3.10/site-packages/robomaster_ros/modules/armor.py to armor.cpython-310.pyc
byte-compiling /home/cricchetto/Robomaster_WS/src/install/robomaster_ros/lib/python3.10/site-packages/robomaster_ros/modules/gripper.py to gripper.cpython-310.pyc
byte-compiling /home/cricchetto/Robomaster_WS/src/install/robomaster_ros/lib/python3.10/site-packages/robomaster_ros/display_battery.py to display_battery.cpython-310.pyc
byte-compiling /home/cricchetto/Robomaster_WS/src/install/robomaster_ros/lib/python3.10/site-packages/robomaster_ros/__init__.py to __init__.cpython-310.pyc
byte-compiling /home/cricchetto/Robomaster_WS/src/install/robomaster_ros/lib/python3.10/site-packages/robomaster_ros/utils.py to utils.cpython-310.pyc
byte-compiling /home/cricchetto/Robomaster_WS/src/install/robomaster_ros/lib/python3.10/site-packages/robomaster_ros/decompress_h264.py to decompress_h264.cpython-310.pyc
byte-compiling /home/cricchetto/Robomaster_WS/src/install/robomaster_ros/lib/python3.10/site-packages/robomaster_ros/ftp.py to ftp.cpython-310.pyc
byte-compiling /home/cricchetto/Robomaster_WS/src/install/robomaster_ros/lib/python3.10/site-packages/robomaster_ros/connect.py to connect.cpython-310.pyc
byte-compiling /home/cricchetto/Robomaster_WS/src/install/robomaster_ros/lib/python3.10/site-packages/robomaster_ros/action.py to action.cpython-310.pyc
byte-compiling /home/cricchetto/Robomaster_WS/src/install/robomaster_ros/lib/python3.10/site-packages/robomaster_ros/discover.py to discover.cpython-310.pyc
byte-compiling /home/cricchetto/Robomaster_WS/src/install/robomaster_ros/lib/python3.10/site-packages/robomaster_ros/robomaster_driver.py to robomaster_driver.cpython-310.pyc
byte-compiling /home/cricchetto/Robomaster_WS/src/install/robomaster_ros/lib/python3.10/site-packages/robomaster_ros/play_audio_opus.py to play_audio_opus.cpython-310.pyc
byte-compiling /home/cricchetto/Robomaster_WS/src/install/robomaster_ros/lib/python3.10/site-packages/robomaster_ros/play_audio.py to play_audio.cpython-310.pyc
byte-compiling /home/cricchetto/Robomaster_WS/src/install/robomaster_ros/lib/python3.10/site-packages/robomaster_ros/client.py to client.cpython-310.pyc
running install_data
creating /home/cricchetto/Robomaster_WS/src/install/robomaster_ros/share/ament_index
creating /home/cricchetto/Robomaster_WS/src/install/robomaster_ros/share/ament_index/resource_index
creating /home/cricchetto/Robomaster_WS/src/install/robomaster_ros/share/ament_index/resource_index/packages
copying resource/robomaster_ros -> /home/cricchetto/Robomaster_WS/src/install/robomaster_ros/share/ament_index/resource_index/packages
copying package.xml -> /home/cricchetto/Robomaster_WS/src/install/robomaster_ros/share/robomaster_ros
creating /home/cricchetto/Robomaster_WS/src/install/robomaster_ros/share/robomaster_ros/launch
copying launch/teleop_linux.launch -> /home/cricchetto/Robomaster_WS/src/install/robomaster_ros/share/robomaster_ros/launch
copying launch/teleop.launch -> /home/cricchetto/Robomaster_WS/src/install/robomaster_ros/share/robomaster_ros/launch
copying launch/decoder.launch -> /home/cricchetto/Robomaster_WS/src/install/robomaster_ros/share/robomaster_ros/launch
copying launch/camera.launch -> /home/cricchetto/Robomaster_WS/src/install/robomaster_ros/share/robomaster_ros/launch
copying launch/main.launch -> /home/cricchetto/Robomaster_WS/src/install/robomaster_ros/share/robomaster_ros/launch
copying launch/s1.launch -> /home/cricchetto/Robomaster_WS/src/install/robomaster_ros/share/robomaster_ros/launch
copying launch/ep.launch -> /home/cricchetto/Robomaster_WS/src/install/robomaster_ros/share/robomaster_ros/launch
creating /home/cricchetto/Robomaster_WS/src/install/robomaster_ros/share/robomaster_ros/config
copying config/mapper_params_online_async(NUESTRO).yaml -> /home/cricchetto/Robomaster_WS/src/install/robomaster_ros/share/robomaster_ros/config
copying config/rm_camera_calibration_540_simulation.yaml -> /home/cricchetto/Robomaster_WS/src/install/robomaster_ros/share/robomaster_ros/config
copying config/joy_config_s1.yaml -> /home/cricchetto/Robomaster_WS/src/install/robomaster_ros/share/robomaster_ros/config
copying config/mapper_params_online_async.yaml -> /home/cricchetto/Robomaster_WS/src/install/robomaster_ros/share/robomaster_ros/config
copying config/mapper_params_online_sync.yaml -> /home/cricchetto/Robomaster_WS/src/install/robomaster_ros/share/robomaster_ros/config
copying config/rm_camera_calibration_360_simulation.yaml -> /home/cricchetto/Robomaster_WS/src/install/robomaster_ros/share/robomaster_ros/config
copying config/rm_camera_calibration_540.yaml -> /home/cricchetto/Robomaster_WS/src/install/robomaster_ros/share/robomaster_ros/config
copying config/rm_camera_calibration_720_simulation.yaml -> /home/cricchetto/Robomaster_WS/src/install/robomaster_ros/share/robomaster_ros/config
copying config/servos.yaml -> /home/cricchetto/Robomaster_WS/src/install/robomaster_ros/share/robomaster_ros/config
copying config/rm_camera_calibration_720.yaml -> /home/cricchetto/Robomaster_WS/src/install/robomaster_ros/share/robomaster_ros/config
copying config/joy_config_ep.yaml -> /home/cricchetto/Robomaster_WS/src/install/robomaster_ros/share/robomaster_ros/config
copying config/rm_camera_calibration_360.yaml -> /home/cricchetto/Robomaster_WS/src/install/robomaster_ros/share/robomaster_ros/config
running install_egg_info
Copying ../../build/robomaster_ros/robomaster_ros.egg-info to /home/cricchetto/Robomaster_WS/src/install/robomaster_ros/lib/python3.10/site-packages/robomaster_ros-0.0.0-py3.10.egg-info
running install_scripts
Installing connect script to /home/cricchetto/Robomaster_WS/src/install/robomaster_ros/lib/robomaster_ros
Installing discover script to /home/cricchetto/Robomaster_WS/src/install/robomaster_ros/lib/robomaster_ros
Installing display_battery script to /home/cricchetto/Robomaster_WS/src/install/robomaster_ros/lib/robomaster_ros
Installing h264_decoder script to /home/cricchetto/Robomaster_WS/src/install/robomaster_ros/lib/robomaster_ros
Installing move script to /home/cricchetto/Robomaster_WS/src/install/robomaster_ros/lib/robomaster_ros
Installing play_audio script to /home/cricchetto/Robomaster_WS/src/install/robomaster_ros/lib/robomaster_ros
Installing play_opus script to /home/cricchetto/Robomaster_WS/src/install/robomaster_ros/lib/robomaster_ros
Installing robomaster_driver script to /home/cricchetto/Robomaster_WS/src/install/robomaster_ros/lib/robomaster_ros
Installing state_publisher script to /home/cricchetto/Robomaster_WS/src/install/robomaster_ros/lib/robomaster_ros
writing list of installed files to '/home/cricchetto/Robomaster_WS/src/build/robomaster_ros/install.log'
