[2.726s] Invoking command in '/home/cricchetto/Robomaster_WS/src/robomaster_ros/robomaster_ros': AMENT_PREFIX_PATH=/home/cricchetto/Robomaster_WS/src/install/robomaster_msgs:${AMENT_PREFIX_PATH} CMAKE_PREFIX_PATH=/home/cricchetto/Robomaster_WS/src/install/robomaster_msgs:${CMAKE_PREFIX_PATH} LD_LIBRARY_PATH=/home/cricchetto/Robomaster_WS/src/install/robomaster_msgs/lib:${LD_LIBRARY_PATH} PYTHONPATH=/home/cricchetto/Robomaster_WS/src/build/robomaster_ros/prefix_override:/usr/lib/python3/dist-packages/colcon_core/task/python/colcon_distutils_commands:/home/cricchetto/Robomaster_WS/src/install/robomaster_ros/lib/python3.10/site-packages:/home/cricchetto/Robomaster_WS/src/install/robomaster_msgs/local/lib/python3.10/dist-packages:${PYTHONPATH} /usr/bin/python3 -W ignore:setup.py install is deprecated -W ignore:easy_install command is deprecated setup.py egg_info --egg-base ../../build/robomaster_ros build --build-base /home/cricchetto/Robomaster_WS/src/build/robomaster_ros/build install --record /home/cricchetto/Robomaster_WS/src/build/robomaster_ros/install.log --single-version-externally-managed install_data
[3.732s] running egg_info
[3.734s] creating ../../build/robomaster_ros/robomaster_ros.egg-info
[3.734s] writing ../../build/robomaster_ros/robomaster_ros.egg-info/PKG-INFO
[3.736s] writing dependency_links to ../../build/robomaster_ros/robomaster_ros.egg-info/dependency_links.txt
[3.736s] writing entry points to ../../build/robomaster_ros/robomaster_ros.egg-info/entry_points.txt
[3.737s] writing requirements to ../../build/robomaster_ros/robomaster_ros.egg-info/requires.txt
[3.737s] writing top-level names to ../../build/robomaster_ros/robomaster_ros.egg-info/top_level.txt
[3.738s] writing manifest file '../../build/robomaster_ros/robomaster_ros.egg-info/SOURCES.txt'
[3.753s] reading manifest file '../../build/robomaster_ros/robomaster_ros.egg-info/SOURCES.txt'
[3.759s] writing manifest file '../../build/robomaster_ros/robomaster_ros.egg-info/SOURCES.txt'
[3.761s] running build
[3.762s] running build_py
[3.763s] creating /home/cricchetto/Robomaster_WS/src/build/robomaster_ros/build
[3.771s] creating /home/cricchetto/Robomaster_WS/src/build/robomaster_ros/build/lib
[3.791s] creating /home/cricchetto/Robomaster_WS/src/build/robomaster_ros/build/lib/robomaster_ros
[3.792s] copying robomaster_ros/display_battery.py -> /home/cricchetto/Robomaster_WS/src/build/robomaster_ros/build/lib/robomaster_ros
[3.797s] copying robomaster_ros/__init__.py -> /home/cricchetto/Robomaster_WS/src/build/robomaster_ros/build/lib/robomaster_ros
[3.800s] copying robomaster_ros/utils.py -> /home/cricchetto/Robomaster_WS/src/build/robomaster_ros/build/lib/robomaster_ros
[3.804s] copying robomaster_ros/decompress_h264.py -> /home/cricchetto/Robomaster_WS/src/build/robomaster_ros/build/lib/robomaster_ros
[3.809s] copying robomaster_ros/ftp.py -> /home/cricchetto/Robomaster_WS/src/build/robomaster_ros/build/lib/robomaster_ros
[3.812s] copying robomaster_ros/connect.py -> /home/cricchetto/Robomaster_WS/src/build/robomaster_ros/build/lib/robomaster_ros
[3.816s] copying robomaster_ros/action.py -> /home/cricchetto/Robomaster_WS/src/build/robomaster_ros/build/lib/robomaster_ros
[3.821s] copying robomaster_ros/discover.py -> /home/cricchetto/Robomaster_WS/src/build/robomaster_ros/build/lib/robomaster_ros
[3.825s] copying robomaster_ros/robomaster_driver.py -> /home/cricchetto/Robomaster_WS/src/build/robomaster_ros/build/lib/robomaster_ros
[3.833s] copying robomaster_ros/play_audio_opus.py -> /home/cricchetto/Robomaster_WS/src/build/robomaster_ros/build/lib/robomaster_ros
[3.836s] copying robomaster_ros/play_audio.py -> /home/cricchetto/Robomaster_WS/src/build/robomaster_ros/build/lib/robomaster_ros
[3.841s] copying robomaster_ros/client.py -> /home/cricchetto/Robomaster_WS/src/build/robomaster_ros/build/lib/robomaster_ros
[3.846s] creating /home/cricchetto/Robomaster_WS/src/build/robomaster_ros/build/lib/robomaster_ros/modules
[3.846s] copying robomaster_ros/modules/chassis.py -> /home/cricchetto/Robomaster_WS/src/build/robomaster_ros/build/lib/robomaster_ros/modules
[3.852s] copying robomaster_ros/modules/camera.py -> /home/cricchetto/Robomaster_WS/src/build/robomaster_ros/build/lib/robomaster_ros/modules
[3.857s] copying robomaster_ros/modules/__init__.py -> /home/cricchetto/Robomaster_WS/src/build/robomaster_ros/build/lib/robomaster_ros/modules
[3.861s] copying robomaster_ros/modules/tof.py -> /home/cricchetto/Robomaster_WS/src/build/robomaster_ros/build/lib/robomaster_ros/modules
[3.864s] copying robomaster_ros/modules/h264_parser.py -> /home/cricchetto/Robomaster_WS/src/build/robomaster_ros/build/lib/robomaster_ros/modules
[3.866s] copying robomaster_ros/modules/battery.py -> /home/cricchetto/Robomaster_WS/src/build/robomaster_ros/build/lib/robomaster_ros/modules
[3.870s] copying robomaster_ros/modules/pwm.py -> /home/cricchetto/Robomaster_WS/src/build/robomaster_ros/build/lib/robomaster_ros/modules
[3.872s] copying robomaster_ros/modules/arm.py -> /home/cricchetto/Robomaster_WS/src/build/robomaster_ros/build/lib/robomaster_ros/modules
[3.876s] copying robomaster_ros/modules/gimbal.py -> /home/cricchetto/Robomaster_WS/src/build/robomaster_ros/build/lib/robomaster_ros/modules
[3.879s] copying robomaster_ros/modules/sensor_adapter.py -> /home/cricchetto/Robomaster_WS/src/build/robomaster_ros/build/lib/robomaster_ros/modules
[3.881s] copying robomaster_ros/modules/speaker.py -> /home/cricchetto/Robomaster_WS/src/build/robomaster_ros/build/lib/robomaster_ros/modules
[3.886s] copying robomaster_ros/modules/uart.py -> /home/cricchetto/Robomaster_WS/src/build/robomaster_ros/build/lib/robomaster_ros/modules
[3.894s] copying robomaster_ros/modules/sbus.py -> /home/cricchetto/Robomaster_WS/src/build/robomaster_ros/build/lib/robomaster_ros/modules
[3.897s] copying robomaster_ros/modules/blaster.py -> /home/cricchetto/Robomaster_WS/src/build/robomaster_ros/build/lib/robomaster_ros/modules
[3.902s] copying robomaster_ros/modules/servo.py -> /home/cricchetto/Robomaster_WS/src/build/robomaster_ros/build/lib/robomaster_ros/modules
[3.908s] copying robomaster_ros/modules/vision.py -> /home/cricchetto/Robomaster_WS/src/build/robomaster_ros/build/lib/robomaster_ros/modules
[3.915s] copying robomaster_ros/modules/led.py -> /home/cricchetto/Robomaster_WS/src/build/robomaster_ros/build/lib/robomaster_ros/modules
[3.921s] copying robomaster_ros/modules/armor.py -> /home/cricchetto/Robomaster_WS/src/build/robomaster_ros/build/lib/robomaster_ros/modules
[3.928s] copying robomaster_ros/modules/gripper.py -> /home/cricchetto/Robomaster_WS/src/build/robomaster_ros/build/lib/robomaster_ros/modules
[3.937s] running install
[3.940s] running install_lib
[3.945s] creating /home/cricchetto/Robomaster_WS/src/install/robomaster_ros/lib/python3.10/site-packages/robomaster_ros
[3.945s] creating /home/cricchetto/Robomaster_WS/src/install/robomaster_ros/lib/python3.10/site-packages/robomaster_ros/modules
[3.946s] copying /home/cricchetto/Robomaster_WS/src/build/robomaster_ros/build/lib/robomaster_ros/modules/chassis.py -> /home/cricchetto/Robomaster_WS/src/install/robomaster_ros/lib/python3.10/site-packages/robomaster_ros/modules
[3.947s] copying /home/cricchetto/Robomaster_WS/src/build/robomaster_ros/build/lib/robomaster_ros/modules/camera.py -> /home/cricchetto/Robomaster_WS/src/install/robomaster_ros/lib/python3.10/site-packages/robomaster_ros/modules
[3.948s] copying /home/cricchetto/Robomaster_WS/src/build/robomaster_ros/build/lib/robomaster_ros/modules/__init__.py -> /home/cricchetto/Robomaster_WS/src/install/robomaster_ros/lib/python3.10/site-packages/robomaster_ros/modules
[3.949s] copying /home/cricchetto/Robomaster_WS/src/build/robomaster_ros/build/lib/robomaster_ros/modules/tof.py -> /home/cricchetto/Robomaster_WS/src/install/robomaster_ros/lib/python3.10/site-packages/robomaster_ros/modules
[3.950s] copying /home/cricchetto/Robomaster_WS/src/build/robomaster_ros/build/lib/robomaster_ros/modules/h264_parser.py -> /home/cricchetto/Robomaster_WS/src/install/robomaster_ros/lib/python3.10/site-packages/robomaster_ros/modules
[3.951s] copying /home/cricchetto/Robomaster_WS/src/build/robomaster_ros/build/lib/robomaster_ros/modules/battery.py -> /home/cricchetto/Robomaster_WS/src/install/robomaster_ros/lib/python3.10/site-packages/robomaster_ros/modules
[3.952s] copying /home/cricchetto/Robomaster_WS/src/build/robomaster_ros/build/lib/robomaster_ros/modules/pwm.py -> /home/cricchetto/Robomaster_WS/src/install/robomaster_ros/lib/python3.10/site-packages/robomaster_ros/modules
[3.952s] copying /home/cricchetto/Robomaster_WS/src/build/robomaster_ros/build/lib/robomaster_ros/modules/arm.py -> /home/cricchetto/Robomaster_WS/src/install/robomaster_ros/lib/python3.10/site-packages/robomaster_ros/modules
[3.953s] copying /home/cricchetto/Robomaster_WS/src/build/robomaster_ros/build/lib/robomaster_ros/modules/gimbal.py -> /home/cricchetto/Robomaster_WS/src/install/robomaster_ros/lib/python3.10/site-packages/robomaster_ros/modules
[3.954s] copying /home/cricchetto/Robomaster_WS/src/build/robomaster_ros/build/lib/robomaster_ros/modules/sensor_adapter.py -> /home/cricchetto/Robomaster_WS/src/install/robomaster_ros/lib/python3.10/site-packages/robomaster_ros/modules
[3.955s] copying /home/cricchetto/Robomaster_WS/src/build/robomaster_ros/build/lib/robomaster_ros/modules/speaker.py -> /home/cricchetto/Robomaster_WS/src/install/robomaster_ros/lib/python3.10/site-packages/robomaster_ros/modules
[3.956s] copying /home/cricchetto/Robomaster_WS/src/build/robomaster_ros/build/lib/robomaster_ros/modules/uart.py -> /home/cricchetto/Robomaster_WS/src/install/robomaster_ros/lib/python3.10/site-packages/robomaster_ros/modules
[3.957s] copying /home/cricchetto/Robomaster_WS/src/build/robomaster_ros/build/lib/robomaster_ros/modules/sbus.py -> /home/cricchetto/Robomaster_WS/src/install/robomaster_ros/lib/python3.10/site-packages/robomaster_ros/modules
[3.957s] copying /home/cricchetto/Robomaster_WS/src/build/robomaster_ros/build/lib/robomaster_ros/modules/blaster.py -> /home/cricchetto/Robomaster_WS/src/install/robomaster_ros/lib/python3.10/site-packages/robomaster_ros/modules
[3.958s] copying /home/cricchetto/Robomaster_WS/src/build/robomaster_ros/build/lib/robomaster_ros/modules/servo.py -> /home/cricchetto/Robomaster_WS/src/install/robomaster_ros/lib/python3.10/site-packages/robomaster_ros/modules
[3.959s] copying /home/cricchetto/Robomaster_WS/src/build/robomaster_ros/build/lib/robomaster_ros/modules/vision.py -> /home/cricchetto/Robomaster_WS/src/install/robomaster_ros/lib/python3.10/site-packages/robomaster_ros/modules
[3.960s] copying /home/cricchetto/Robomaster_WS/src/build/robomaster_ros/build/lib/robomaster_ros/modules/led.py -> /home/cricchetto/Robomaster_WS/src/install/robomaster_ros/lib/python3.10/site-packages/robomaster_ros/modules
[3.961s] copying /home/cricchetto/Robomaster_WS/src/build/robomaster_ros/build/lib/robomaster_ros/modules/armor.py -> /home/cricchetto/Robomaster_WS/src/install/robomaster_ros/lib/python3.10/site-packages/robomaster_ros/modules
[3.962s] copying /home/cricchetto/Robomaster_WS/src/build/robomaster_ros/build/lib/robomaster_ros/modules/gripper.py -> /home/cricchetto/Robomaster_WS/src/install/robomaster_ros/lib/python3.10/site-packages/robomaster_ros/modules
[3.963s] copying /home/cricchetto/Robomaster_WS/src/build/robomaster_ros/build/lib/robomaster_ros/display_battery.py -> /home/cricchetto/Robomaster_WS/src/install/robomaster_ros/lib/python3.10/site-packages/robomaster_ros
[3.963s] copying /home/cricchetto/Robomaster_WS/src/build/robomaster_ros/build/lib/robomaster_ros/__init__.py -> /home/cricchetto/Robomaster_WS/src/install/robomaster_ros/lib/python3.10/site-packages/robomaster_ros
[3.964s] copying /home/cricchetto/Robomaster_WS/src/build/robomaster_ros/build/lib/robomaster_ros/utils.py -> /home/cricchetto/Robomaster_WS/src/install/robomaster_ros/lib/python3.10/site-packages/robomaster_ros
[3.965s] copying /home/cricchetto/Robomaster_WS/src/build/robomaster_ros/build/lib/robomaster_ros/decompress_h264.py -> /home/cricchetto/Robomaster_WS/src/install/robomaster_ros/lib/python3.10/site-packages/robomaster_ros
[3.966s] copying /home/cricchetto/Robomaster_WS/src/build/robomaster_ros/build/lib/robomaster_ros/ftp.py -> /home/cricchetto/Robomaster_WS/src/install/robomaster_ros/lib/python3.10/site-packages/robomaster_ros
[3.967s] copying /home/cricchetto/Robomaster_WS/src/build/robomaster_ros/build/lib/robomaster_ros/connect.py -> /home/cricchetto/Robomaster_WS/src/install/robomaster_ros/lib/python3.10/site-packages/robomaster_ros
[3.967s] copying /home/cricchetto/Robomaster_WS/src/build/robomaster_ros/build/lib/robomaster_ros/action.py -> /home/cricchetto/Robomaster_WS/src/install/robomaster_ros/lib/python3.10/site-packages/robomaster_ros
[3.968s] copying /home/cricchetto/Robomaster_WS/src/build/robomaster_ros/build/lib/robomaster_ros/discover.py -> /home/cricchetto/Robomaster_WS/src/install/robomaster_ros/lib/python3.10/site-packages/robomaster_ros
[3.969s] copying /home/cricchetto/Robomaster_WS/src/build/robomaster_ros/build/lib/robomaster_ros/robomaster_driver.py -> /home/cricchetto/Robomaster_WS/src/install/robomaster_ros/lib/python3.10/site-packages/robomaster_ros
[3.970s] copying /home/cricchetto/Robomaster_WS/src/build/robomaster_ros/build/lib/robomaster_ros/play_audio_opus.py -> /home/cricchetto/Robomaster_WS/src/install/robomaster_ros/lib/python3.10/site-packages/robomaster_ros
[3.970s] copying /home/cricchetto/Robomaster_WS/src/build/robomaster_ros/build/lib/robomaster_ros/play_audio.py -> /home/cricchetto/Robomaster_WS/src/install/robomaster_ros/lib/python3.10/site-packages/robomaster_ros
[3.971s] copying /home/cricchetto/Robomaster_WS/src/build/robomaster_ros/build/lib/robomaster_ros/client.py -> /home/cricchetto/Robomaster_WS/src/install/robomaster_ros/lib/python3.10/site-packages/robomaster_ros
[3.974s] byte-compiling /home/cricchetto/Robomaster_WS/src/install/robomaster_ros/lib/python3.10/site-packages/robomaster_ros/modules/chassis.py to chassis.cpython-310.pyc
[3.990s] byte-compiling /home/cricchetto/Robomaster_WS/src/install/robomaster_ros/lib/python3.10/site-packages/robomaster_ros/modules/camera.py to camera.cpython-310.pyc
[4.002s] byte-compiling /home/cricchetto/Robomaster_WS/src/install/robomaster_ros/lib/python3.10/site-packages/robomaster_ros/modules/__init__.py to __init__.cpython-310.pyc
[4.004s] byte-compiling /home/cricchetto/Robomaster_WS/src/install/robomaster_ros/lib/python3.10/site-packages/robomaster_ros/modules/tof.py to tof.cpython-310.pyc
[4.007s] byte-compiling /home/cricchetto/Robomaster_WS/src/install/robomaster_ros/lib/python3.10/site-packages/robomaster_ros/modules/h264_parser.py to h264_parser.cpython-310.pyc
[4.009s] byte-compiling /home/cricchetto/Robomaster_WS/src/install/robomaster_ros/lib/python3.10/site-packages/robomaster_ros/modules/battery.py to battery.cpython-310.pyc
[4.012s] byte-compiling /home/cricchetto/Robomaster_WS/src/install/robomaster_ros/lib/python3.10/site-packages/robomaster_ros/modules/pwm.py to pwm.cpython-310.pyc
[4.015s] byte-compiling /home/cricchetto/Robomaster_WS/src/install/robomaster_ros/lib/python3.10/site-packages/robomaster_ros/modules/arm.py to arm.cpython-310.pyc
[4.021s] byte-compiling /home/cricchetto/Robomaster_WS/src/install/robomaster_ros/lib/python3.10/site-packages/robomaster_ros/modules/gimbal.py to gimbal.cpython-310.pyc
[4.028s] byte-compiling /home/cricchetto/Robomaster_WS/src/install/robomaster_ros/lib/python3.10/site-packages/robomaster_ros/modules/sensor_adapter.py to sensor_adapter.cpython-310.pyc
[4.031s] byte-compiling /home/cricchetto/Robomaster_WS/src/install/robomaster_ros/lib/python3.10/site-packages/robomaster_ros/modules/speaker.py to speaker.cpython-310.pyc
[4.036s] byte-compiling /home/cricchetto/Robomaster_WS/src/install/robomaster_ros/lib/python3.10/site-packages/robomaster_ros/modules/uart.py to uart.cpython-310.pyc
[4.038s] byte-compiling /home/cricchetto/Robomaster_WS/src/install/robomaster_ros/lib/python3.10/site-packages/robomaster_ros/modules/sbus.py to sbus.cpython-310.pyc
[4.040s] byte-compiling /home/cricchetto/Robomaster_WS/src/install/robomaster_ros/lib/python3.10/site-packages/robomaster_ros/modules/blaster.py to blaster.cpython-310.pyc
[4.042s] byte-compiling /home/cricchetto/Robomaster_WS/src/install/robomaster_ros/lib/python3.10/site-packages/robomaster_ros/modules/servo.py to servo.cpython-310.pyc
[4.048s] byte-compiling /home/cricchetto/Robomaster_WS/src/install/robomaster_ros/lib/python3.10/site-packages/robomaster_ros/modules/vision.py to vision.cpython-310.pyc
[4.052s] byte-compiling /home/cricchetto/Robomaster_WS/src/install/robomaster_ros/lib/python3.10/site-packages/robomaster_ros/modules/led.py to led.cpython-310.pyc
[4.055s] byte-compiling /home/cricchetto/Robomaster_WS/src/install/robomaster_ros/lib/python3.10/site-packages/robomaster_ros/modules/armor.py to armor.cpython-310.pyc
[4.058s] byte-compiling /home/cricchetto/Robomaster_WS/src/install/robomaster_ros/lib/python3.10/site-packages/robomaster_ros/modules/gripper.py to gripper.cpython-310.pyc
[4.067s] byte-compiling /home/cricchetto/Robomaster_WS/src/install/robomaster_ros/lib/python3.10/site-packages/robomaster_ros/display_battery.py to display_battery.cpython-310.pyc
[4.070s] byte-compiling /home/cricchetto/Robomaster_WS/src/install/robomaster_ros/lib/python3.10/site-packages/robomaster_ros/__init__.py to __init__.cpython-310.pyc
[4.072s] byte-compiling /home/cricchetto/Robomaster_WS/src/install/robomaster_ros/lib/python3.10/site-packages/robomaster_ros/utils.py to utils.cpython-310.pyc
[4.074s] byte-compiling /home/cricchetto/Robomaster_WS/src/install/robomaster_ros/lib/python3.10/site-packages/robomaster_ros/decompress_h264.py to decompress_h264.cpython-310.pyc
[4.076s] byte-compiling /home/cricchetto/Robomaster_WS/src/install/robomaster_ros/lib/python3.10/site-packages/robomaster_ros/ftp.py to ftp.cpython-310.pyc
[4.079s] byte-compiling /home/cricchetto/Robomaster_WS/src/install/robomaster_ros/lib/python3.10/site-packages/robomaster_ros/connect.py to connect.cpython-310.pyc
[4.081s] byte-compiling /home/cricchetto/Robomaster_WS/src/install/robomaster_ros/lib/python3.10/site-packages/robomaster_ros/action.py to action.cpython-310.pyc
[4.084s] byte-compiling /home/cricchetto/Robomaster_WS/src/install/robomaster_ros/lib/python3.10/site-packages/robomaster_ros/discover.py to discover.cpython-310.pyc
[4.087s] byte-compiling /home/cricchetto/Robomaster_WS/src/install/robomaster_ros/lib/python3.10/site-packages/robomaster_ros/robomaster_driver.py to robomaster_driver.cpython-310.pyc
[4.090s] byte-compiling /home/cricchetto/Robomaster_WS/src/install/robomaster_ros/lib/python3.10/site-packages/robomaster_ros/play_audio_opus.py to play_audio_opus.cpython-310.pyc
[4.092s] byte-compiling /home/cricchetto/Robomaster_WS/src/install/robomaster_ros/lib/python3.10/site-packages/robomaster_ros/play_audio.py to play_audio.cpython-310.pyc
[4.094s] byte-compiling /home/cricchetto/Robomaster_WS/src/install/robomaster_ros/lib/python3.10/site-packages/robomaster_ros/client.py to client.cpython-310.pyc
[4.100s] running install_data
[4.100s] creating /home/cricchetto/Robomaster_WS/src/install/robomaster_ros/share/ament_index
[4.101s] creating /home/cricchetto/Robomaster_WS/src/install/robomaster_ros/share/ament_index/resource_index
[4.101s] creating /home/cricchetto/Robomaster_WS/src/install/robomaster_ros/share/ament_index/resource_index/packages
[4.101s] copying resource/robomaster_ros -> /home/cricchetto/Robomaster_WS/src/install/robomaster_ros/share/ament_index/resource_index/packages
[4.102s] copying package.xml -> /home/cricchetto/Robomaster_WS/src/install/robomaster_ros/share/robomaster_ros
[4.102s] creating /home/cricchetto/Robomaster_WS/src/install/robomaster_ros/share/robomaster_ros/launch
[4.103s] copying launch/teleop_linux.launch -> /home/cricchetto/Robomaster_WS/src/install/robomaster_ros/share/robomaster_ros/launch
[4.107s] copying launch/teleop.launch -> /home/cricchetto/Robomaster_WS/src/install/robomaster_ros/share/robomaster_ros/launch
[4.109s] copying launch/decoder.launch -> /home/cricchetto/Robomaster_WS/src/install/robomaster_ros/share/robomaster_ros/launch
[4.112s] copying launch/camera.launch -> /home/cricchetto/Robomaster_WS/src/install/robomaster_ros/share/robomaster_ros/launch
[4.113s] copying launch/main.launch -> /home/cricchetto/Robomaster_WS/src/install/robomaster_ros/share/robomaster_ros/launch
[4.116s] copying launch/s1.launch -> /home/cricchetto/Robomaster_WS/src/install/robomaster_ros/share/robomaster_ros/launch
[4.117s] copying launch/ep.launch -> /home/cricchetto/Robomaster_WS/src/install/robomaster_ros/share/robomaster_ros/launch
[4.119s] creating /home/cricchetto/Robomaster_WS/src/install/robomaster_ros/share/robomaster_ros/config
[4.120s] copying config/mapper_params_online_async(NUESTRO).yaml -> /home/cricchetto/Robomaster_WS/src/install/robomaster_ros/share/robomaster_ros/config
[4.122s] copying config/rm_camera_calibration_540_simulation.yaml -> /home/cricchetto/Robomaster_WS/src/install/robomaster_ros/share/robomaster_ros/config
[4.124s] copying config/joy_config_s1.yaml -> /home/cricchetto/Robomaster_WS/src/install/robomaster_ros/share/robomaster_ros/config
[4.125s] copying config/mapper_params_online_async.yaml -> /home/cricchetto/Robomaster_WS/src/install/robomaster_ros/share/robomaster_ros/config
[4.127s] copying config/mapper_params_online_sync.yaml -> /home/cricchetto/Robomaster_WS/src/install/robomaster_ros/share/robomaster_ros/config
[4.129s] copying config/rm_camera_calibration_360_simulation.yaml -> /home/cricchetto/Robomaster_WS/src/install/robomaster_ros/share/robomaster_ros/config
[4.130s] copying config/rm_camera_calibration_540.yaml -> /home/cricchetto/Robomaster_WS/src/install/robomaster_ros/share/robomaster_ros/config
[4.132s] copying config/rm_camera_calibration_720_simulation.yaml -> /home/cricchetto/Robomaster_WS/src/install/robomaster_ros/share/robomaster_ros/config
[4.133s] copying config/servos.yaml -> /home/cricchetto/Robomaster_WS/src/install/robomaster_ros/share/robomaster_ros/config
[4.135s] copying config/rm_camera_calibration_720.yaml -> /home/cricchetto/Robomaster_WS/src/install/robomaster_ros/share/robomaster_ros/config
[4.137s] copying config/joy_config_ep.yaml -> /home/cricchetto/Robomaster_WS/src/install/robomaster_ros/share/robomaster_ros/config
[4.138s] copying config/rm_camera_calibration_360.yaml -> /home/cricchetto/Robomaster_WS/src/install/robomaster_ros/share/robomaster_ros/config
[4.140s] running install_egg_info
[4.148s] Copying ../../build/robomaster_ros/robomaster_ros.egg-info to /home/cricchetto/Robomaster_WS/src/install/robomaster_ros/lib/python3.10/site-packages/robomaster_ros-0.0.0-py3.10.egg-info
[4.154s] running install_scripts
[4.235s] Installing connect script to /home/cricchetto/Robomaster_WS/src/install/robomaster_ros/lib/robomaster_ros
[4.235s] Installing discover script to /home/cricchetto/Robomaster_WS/src/install/robomaster_ros/lib/robomaster_ros
[4.236s] Installing display_battery script to /home/cricchetto/Robomaster_WS/src/install/robomaster_ros/lib/robomaster_ros
[4.236s] Installing h264_decoder script to /home/cricchetto/Robomaster_WS/src/install/robomaster_ros/lib/robomaster_ros
[4.237s] Installing move script to /home/cricchetto/Robomaster_WS/src/install/robomaster_ros/lib/robomaster_ros
[4.237s] Installing play_audio script to /home/cricchetto/Robomaster_WS/src/install/robomaster_ros/lib/robomaster_ros
[4.238s] Installing play_opus script to /home/cricchetto/Robomaster_WS/src/install/robomaster_ros/lib/robomaster_ros
[4.239s] Installing robomaster_driver script to /home/cricchetto/Robomaster_WS/src/install/robomaster_ros/lib/robomaster_ros
[4.239s] Installing state_publisher script to /home/cricchetto/Robomaster_WS/src/install/robomaster_ros/lib/robomaster_ros
[4.243s] writing list of installed files to '/home/cricchetto/Robomaster_WS/src/build/robomaster_ros/install.log'
[4.367s] Invoked command in '/home/cricchetto/Robomaster_WS/src/robomaster_ros/robomaster_ros' returned '0': AMENT_PREFIX_PATH=/home/cricchetto/Robomaster_WS/src/install/robomaster_msgs:${AMENT_PREFIX_PATH} CMAKE_PREFIX_PATH=/home/cricchetto/Robomaster_WS/src/install/robomaster_msgs:${CMAKE_PREFIX_PATH} LD_LIBRARY_PATH=/home/cricchetto/Robomaster_WS/src/install/robomaster_msgs/lib:${LD_LIBRARY_PATH} PYTHONPATH=/home/cricchetto/Robomaster_WS/src/build/robomaster_ros/prefix_override:/usr/lib/python3/dist-packages/colcon_core/task/python/colcon_distutils_commands:/home/cricchetto/Robomaster_WS/src/install/robomaster_ros/lib/python3.10/site-packages:/home/cricchetto/Robomaster_WS/src/install/robomaster_msgs/local/lib/python3.10/dist-packages:${PYTHONPATH} /usr/bin/python3 -W ignore:setup.py install is deprecated -W ignore:easy_install command is deprecated setup.py egg_info --egg-base ../../build/robomaster_ros build --build-base /home/cricchetto/Robomaster_WS/src/build/robomaster_ros/build install --record /home/cricchetto/Robomaster_WS/src/build/robomaster_ros/install.log --single-version-externally-managed install_data
