[0.066s] Invoking command in '/home/cricchetto/Robomaster_WS/build/nav2_util': AMENT_PREFIX_PATH=/home/cricchetto/Robomaster_WS/install/nav2_msgs:/home/cricchetto/Robomaster_WS/install/nav2_common:${AMENT_PREFIX_PATH} CMAKE_PREFIX_PATH=/home/cricchetto/Robomaster_WS/install/nav2_msgs:/home/cricchetto/Robomaster_WS/install/nav2_common:/home/cricchetto/Robomaster_WS/install/sllidar_ros2:/home/cricchetto/Robomaster_WS/install/robomaster_msgs:/home/cricchetto/Robomaster_WS/install/robomaster_description:/home/cricchetto/Robomaster_WS/install/multirobot_map_merge:/home/cricchetto/Robomaster_WS/install/explore_lite:/home/cricchetto/Robomaster_WS/install/robomaster_ros:/home/cricchetto/Robomaster_WS/install/ep_control:/home/cricchetto/Robomaster_WS/install/drift:/opt/ros/humble LD_LIBRARY_PATH=/home/cricchetto/Robomaster_WS/install/nav2_msgs/lib:${LD_LIBRARY_PATH} PYTHONPATH=/home/cricchetto/Robomaster_WS/install/nav2_msgs/local/lib/python3.10/dist-packages:/home/cricchetto/Robomaster_WS/install/nav2_common/local/lib/python3.10/dist-packages:${PYTHONPATH} /usr/bin/cmake /home/cricchetto/Robomaster_WS/src/navigation2-1.1.20/nav2_util -DCMAKE_INSTALL_PREFIX=/home/cricchetto/Robomaster_WS/install/nav2_util
[0.341s] -- The C compiler identification is GNU 11.4.0
[0.606s] -- The CXX compiler identification is GNU 11.4.0
[0.635s] -- Detecting C compiler ABI info
[0.966s] -- Detecting C compiler ABI info - done
[0.990s] -- Check for working C compiler: /usr/bin/cc - skipped
[0.992s] -- Detecting C compile features
[0.993s] -- Detecting C compile features - done
[1.005s] -- Detecting CXX compiler ABI info
[1.407s] -- Detecting CXX compiler ABI info - done
[1.433s] -- Check for working CXX compiler: /usr/bin/c++ - skipped
[1.434s] -- Detecting CXX compile features
[1.435s] -- Detecting CXX compile features - done
[1.475s] -- Found ament_cmake: 1.3.12 (/opt/ros/humble/share/ament_cmake/cmake)
[2.337s] -- Found Python3: /usr/bin/python3 (found version "3.10.12") found components: Interpreter 
[3.111s] -- Found nav2_common: 1.1.20 (/home/cricchetto/Robomaster_WS/install/nav2_common/share/nav2_common/cmake)
[3.117s] -- Found nav2_msgs: 1.1.20 (/home/cricchetto/Robomaster_WS/install/nav2_msgs/share/nav2_msgs/cmake)
[3.538s] -- Found rosidl_generator_c: 3.1.7 (/opt/ros/humble/share/rosidl_generator_c/cmake)
[3.611s] -- Found rosidl_adapter: 3.1.7 (/opt/ros/humble/share/rosidl_adapter/cmake)
[3.698s] -- Found rosidl_generator_cpp: 3.1.7 (/opt/ros/humble/share/rosidl_generator_cpp/cmake)
[3.802s] -- Using all available rosidl_typesupport_c: rosidl_typesupport_fastrtps_c;rosidl_typesupport_introspection_c
[3.949s] -- Using all available rosidl_typesupport_cpp: rosidl_typesupport_fastrtps_cpp;rosidl_typesupport_introspection_cpp
[4.672s] -- Found tf2_ros: 0.25.17 (/opt/ros/humble/share/tf2_ros/cmake)
[5.368s] -- Found rmw_implementation_cmake: 6.1.2 (/opt/ros/humble/share/rmw_implementation_cmake/cmake)
[5.404s] -- Found rmw_fastrtps_cpp: 6.2.9 (/opt/ros/humble/share/rmw_fastrtps_cpp/cmake)
[6.026s] -- Found OpenSSL: /usr/lib/aarch64-linux-gnu/libcrypto.so (found version "3.0.2")  
[6.243s] -- Found FastRTPS: /opt/ros/humble/include  
[6.602s] -- Using RMW implementation 'rmw_fastrtps_cpp' as default
[6.713s] -- Looking for pthread.h
[7.062s] -- Looking for pthread.h - found
[7.063s] -- Performing Test CMAKE_HAVE_LIBC_PTHREAD
[7.418s] -- Performing Test CMAKE_HAVE_LIBC_PTHREAD - Success
[7.422s] -- Found Threads: TRUE  
[8.007s] -- Found tf2_geometry_msgs: 0.25.17 (/opt/ros/humble/share/tf2_geometry_msgs/cmake)
[8.208s] -- Found eigen3_cmake_module: 0.1.1 (/opt/ros/humble/share/eigen3_cmake_module/cmake)
[8.214s] -- Found Eigen3: TRUE (found version "3.4.0") 
[8.215s] -- Ensuring Eigen3 include directory is part of orocos-kdl CMake target
[8.253s] -- Found lifecycle_msgs: 1.2.2 (/opt/ros/humble/share/lifecycle_msgs/cmake)
[8.337s] -- Found rclcpp_lifecycle: 16.0.16 (/opt/ros/humble/share/rclcpp_lifecycle/cmake)
[8.434s] -- Found bondcpp: 4.1.2 (/opt/ros/humble/share/bondcpp/cmake)
[8.595s] -- Setting build type to Release as none was specified.
[8.766s] -- Found Boost: /usr/lib/aarch64-linux-gnu/cmake/Boost-1.74.0/BoostConfig.cmake (found version "1.74.0") found components: program_options 
[8.801s] -- Found ament_lint_auto: 0.12.14 (/opt/ros/humble/share/ament_lint_auto/cmake)
[8.834s] -- Found ament_cmake_pytest: 1.3.12 (/opt/ros/humble/share/ament_cmake_pytest/cmake)
[8.867s] -- Found launch_testing_ament_cmake: 1.0.13 (/opt/ros/humble/share/launch_testing_ament_cmake/cmake)
[8.900s] -- Found python_cmake_module: 0.10.0 (/opt/ros/humble/share/python_cmake_module/cmake)
[9.008s] -- Found PythonInterp: /usr/bin/python3 (found suitable version "3.10.12", minimum required is "3.6") 
[9.030s] -- Found PythonLibs: /usr/lib/aarch64-linux-gnu/libpython3.10.so (found suitable version "3.10.12", minimum required is "3.5") 
[9.031s] -- Using PYTHON_EXECUTABLE: /usr/bin/python3
[9.031s] -- Using PYTHON_INCLUDE_DIRS: /usr/include/python3.10
[9.031s] -- Using PYTHON_LIBRARIES: /usr/lib/aarch64-linux-gnu/libpython3.10.so
[9.137s] -- Found PythonExtra: .so  
[10.294s] -- Found gtest sources under '/opt/ros/humble/src/gtest_vendor': C++ tests using 'Google Test' will be built
[10.451s] [31mCMake Error at test/CMakeLists.txt:7 (find_package):
[10.452s]   By not providing "Findtest_msgs.cmake" in CMAKE_MODULE_PATH this project
[10.452s]   has asked CMake to find a package configuration file provided by
[10.452s]   "test_msgs", but CMake did not find one.
[10.453s] 
[10.453s]   Could not find a package configuration file provided by "test_msgs" with
[10.453s]   any of the following names:
[10.454s] 
[10.454s]     test_msgsConfig.cmake
[10.454s]     test_msgs-config.cmake
[10.454s] 
[10.455s]   Add the installation prefix of "test_msgs" to CMAKE_PREFIX_PATH or set
[10.455s]   "test_msgs_DIR" to a directory containing one of the above files.  If
[10.456s]   "test_msgs" provides a separate development package or SDK, be sure it has
[10.456s]   been installed.
[10.457s] 
[10.458s] [0m
[10.458s] -- Configuring incomplete, errors occurred!
[10.458s] See also "/home/cricchetto/Robomaster_WS/build/nav2_util/CMakeFiles/CMakeOutput.log".
[10.504s] Invoked command in '/home/cricchetto/Robomaster_WS/build/nav2_util' returned '1': AMENT_PREFIX_PATH=/home/cricchetto/Robomaster_WS/install/nav2_msgs:/home/cricchetto/Robomaster_WS/install/nav2_common:${AMENT_PREFIX_PATH} CMAKE_PREFIX_PATH=/home/cricchetto/Robomaster_WS/install/nav2_msgs:/home/cricchetto/Robomaster_WS/install/nav2_common:/home/cricchetto/Robomaster_WS/install/sllidar_ros2:/home/cricchetto/Robomaster_WS/install/robomaster_msgs:/home/cricchetto/Robomaster_WS/install/robomaster_description:/home/cricchetto/Robomaster_WS/install/multirobot_map_merge:/home/cricchetto/Robomaster_WS/install/explore_lite:/home/cricchetto/Robomaster_WS/install/robomaster_ros:/home/cricchetto/Robomaster_WS/install/ep_control:/home/cricchetto/Robomaster_WS/install/drift:/opt/ros/humble LD_LIBRARY_PATH=/home/cricchetto/Robomaster_WS/install/nav2_msgs/lib:${LD_LIBRARY_PATH} PYTHONPATH=/home/cricchetto/Robomaster_WS/install/nav2_msgs/local/lib/python3.10/dist-packages:/home/cricchetto/Robomaster_WS/install/nav2_common/local/lib/python3.10/dist-packages:${PYTHONPATH} /usr/bin/cmake /home/cricchetto/Robomaster_WS/src/navigation2-1.1.20/nav2_util -DCMAKE_INSTALL_PREFIX=/home/cricchetto/Robomaster_WS/install/nav2_util
