[0.138s] Invoking command in '/home/cricchetto/Robomaster_WS/build/nav2_common': CMAKE_PREFIX_PATH=${CMAKE_PREFIX_PATH}:/home/cricchetto/Robomaster_WS/install/robomaster_ros:/home/cricchetto/Robomaster_WS/install/ep_control:/home/cricchetto/Robomaster_WS/install/drift:/opt/ros/humble /usr/bin/cmake /home/cricchetto/Robomaster_WS/src/navigation2-1.1.20/nav2_common -DCMAKE_INSTALL_PREFIX=/home/cricchetto/Robomaster_WS/install/nav2_common
[0.562s] -- Found ament_cmake_core: 1.3.12 (/opt/ros/humble/share/ament_cmake_core/cmake)
[1.634s] -- Found Python3: /usr/bin/python3 (found version "3.10.12") found components: Interpreter 
[2.348s] -- Found ament_cmake_python: 1.3.12 (/opt/ros/humble/share/ament_cmake_python/cmake)
[3.566s] -- Configuring done
[3.598s] -- Generating done
[3.612s] -- Build files have been written to: /home/cricchetto/Robomaster_WS/build/nav2_common
[3.622s] Invoked command in '/home/cricchetto/Robomaster_WS/build/nav2_common' returned '0': CMAKE_PREFIX_PATH=${CMAKE_PREFIX_PATH}:/home/cricchetto/Robomaster_WS/install/robomaster_ros:/home/cricchetto/Robomaster_WS/install/ep_control:/home/cricchetto/Robomaster_WS/install/drift:/opt/ros/humble /usr/bin/cmake /home/cricchetto/Robomaster_WS/src/navigation2-1.1.20/nav2_common -DCMAKE_INSTALL_PREFIX=/home/cricchetto/Robomaster_WS/install/nav2_common
[3.631s] Invoking command in '/home/cricchetto/Robomaster_WS/build/nav2_common': CMAKE_PREFIX_PATH=${CMAKE_PREFIX_PATH}:/home/cricchetto/Robomaster_WS/install/robomaster_ros:/home/cricchetto/Robomaster_WS/install/ep_control:/home/cricchetto/Robomaster_WS/install/drift:/opt/ros/humble /usr/bin/cmake --build /home/cricchetto/Robomaster_WS/build/nav2_common -- -j4 -l4
[3.924s] Built target ament_cmake_python_copy_nav2_common
[5.913s] running egg_info
[5.916s] creating nav2_common.egg-info
[5.917s] writing nav2_common.egg-info/PKG-INFO
[5.918s] writing dependency_links to nav2_common.egg-info/dependency_links.txt
[5.919s] writing top-level names to nav2_common.egg-info/top_level.txt
[5.921s] writing manifest file 'nav2_common.egg-info/SOURCES.txt'
[5.936s] reading manifest file 'nav2_common.egg-info/SOURCES.txt'
[5.941s] writing manifest file 'nav2_common.egg-info/SOURCES.txt'
[6.145s] Built target ament_cmake_python_build_nav2_common_egg
[7.322s] Invoked command in '/home/cricchetto/Robomaster_WS/build/nav2_common' returned '0': CMAKE_PREFIX_PATH=${CMAKE_PREFIX_PATH}:/home/cricchetto/Robomaster_WS/install/robomaster_ros:/home/cricchetto/Robomaster_WS/install/ep_control:/home/cricchetto/Robomaster_WS/install/drift:/opt/ros/humble /usr/bin/cmake --build /home/cricchetto/Robomaster_WS/build/nav2_common -- -j4 -l4
[7.332s] Invoking command in '/home/cricchetto/Robomaster_WS/build/nav2_common': CMAKE_PREFIX_PATH=${CMAKE_PREFIX_PATH}:/home/cricchetto/Robomaster_WS/install/robomaster_ros:/home/cricchetto/Robomaster_WS/install/ep_control:/home/cricchetto/Robomaster_WS/install/drift:/opt/ros/humble /usr/bin/cmake --install /home/cricchetto/Robomaster_WS/build/nav2_common
[7.383s] -- Install configuration: ""
[7.384s] -- Installing: /home/cricchetto/Robomaster_WS/install/nav2_common/share/nav2_common/environment/pythonpath.sh
[7.384s] -- Installing: /home/cricchetto/Robomaster_WS/install/nav2_common/share/nav2_common/environment/pythonpath.dsv
[7.385s] -- Installing: /home/cricchetto/Robomaster_WS/install/nav2_common/local/lib/python3.10/dist-packages/nav2_common-1.1.20-py3.10.egg-info
[7.385s] -- Installing: /home/cricchetto/Robomaster_WS/install/nav2_common/local/lib/python3.10/dist-packages/nav2_common-1.1.20-py3.10.egg-info/PKG-INFO
[7.386s] -- Installing: /home/cricchetto/Robomaster_WS/install/nav2_common/local/lib/python3.10/dist-packages/nav2_common-1.1.20-py3.10.egg-info/top_level.txt
[7.387s] -- Installing: /home/cricchetto/Robomaster_WS/install/nav2_common/local/lib/python3.10/dist-packages/nav2_common-1.1.20-py3.10.egg-info/SOURCES.txt
[7.387s] -- Installing: /home/cricchetto/Robomaster_WS/install/nav2_common/local/lib/python3.10/dist-packages/nav2_common-1.1.20-py3.10.egg-info/dependency_links.txt
[7.388s] -- Installing: /home/cricchetto/Robomaster_WS/install/nav2_common/local/lib/python3.10/dist-packages/nav2_common
[7.388s] -- Installing: /home/cricchetto/Robomaster_WS/install/nav2_common/local/lib/python3.10/dist-packages/nav2_common/__init__.py
[7.389s] -- Installing: /home/cricchetto/Robomaster_WS/install/nav2_common/local/lib/python3.10/dist-packages/nav2_common/launch
[7.389s] -- Installing: /home/cricchetto/Robomaster_WS/install/nav2_common/local/lib/python3.10/dist-packages/nav2_common/launch/__init__.py
[7.390s] -- Installing: /home/cricchetto/Robomaster_WS/install/nav2_common/local/lib/python3.10/dist-packages/nav2_common/launch/replace_string.py
[7.391s] -- Installing: /home/cricchetto/Robomaster_WS/install/nav2_common/local/lib/python3.10/dist-packages/nav2_common/launch/parse_multirobot_pose.py
[7.391s] -- Installing: /home/cricchetto/Robomaster_WS/install/nav2_common/local/lib/python3.10/dist-packages/nav2_common/launch/rewritten_yaml.py
[7.392s] -- Installing: /home/cricchetto/Robomaster_WS/install/nav2_common/local/lib/python3.10/dist-packages/nav2_common/launch/has_node_params.py
[7.591s] Listing '/home/cricchetto/Robomaster_WS/install/nav2_common/local/lib/python3.10/dist-packages/nav2_common'...
[7.593s] Compiling '/home/cricchetto/Robomaster_WS/install/nav2_common/local/lib/python3.10/dist-packages/nav2_common/__init__.py'...
[7.594s] Listing '/home/cricchetto/Robomaster_WS/install/nav2_common/local/lib/python3.10/dist-packages/nav2_common/launch'...
[7.595s] Compiling '/home/cricchetto/Robomaster_WS/install/nav2_common/local/lib/python3.10/dist-packages/nav2_common/launch/__init__.py'...
[7.597s] Compiling '/home/cricchetto/Robomaster_WS/install/nav2_common/local/lib/python3.10/dist-packages/nav2_common/launch/has_node_params.py'...
[7.598s] Compiling '/home/cricchetto/Robomaster_WS/install/nav2_common/local/lib/python3.10/dist-packages/nav2_common/launch/parse_multirobot_pose.py'...
[7.599s] Compiling '/home/cricchetto/Robomaster_WS/install/nav2_common/local/lib/python3.10/dist-packages/nav2_common/launch/replace_string.py'...
[7.601s] Compiling '/home/cricchetto/Robomaster_WS/install/nav2_common/local/lib/python3.10/dist-packages/nav2_common/launch/rewritten_yaml.py'...
[7.626s] -- Installing: /home/cricchetto/Robomaster_WS/install/nav2_common/share/ament_index/resource_index/package_run_dependencies/nav2_common
[7.628s] -- Installing: /home/cricchetto/Robomaster_WS/install/nav2_common/share/ament_index/resource_index/parent_prefix_path/nav2_common
[7.630s] -- Installing: /home/cricchetto/Robomaster_WS/install/nav2_common/share/nav2_common/environment/ament_prefix_path.sh
[7.631s] -- Installing: /home/cricchetto/Robomaster_WS/install/nav2_common/share/nav2_common/environment/ament_prefix_path.dsv
[7.632s] -- Installing: /home/cricchetto/Robomaster_WS/install/nav2_common/share/nav2_common/environment/path.sh
[7.634s] -- Installing: /home/cricchetto/Robomaster_WS/install/nav2_common/share/nav2_common/environment/path.dsv
[7.635s] -- Installing: /home/cricchetto/Robomaster_WS/install/nav2_common/share/nav2_common/local_setup.bash
[7.637s] -- Installing: /home/cricchetto/Robomaster_WS/install/nav2_common/share/nav2_common/local_setup.sh
[7.638s] -- Installing: /home/cricchetto/Robomaster_WS/install/nav2_common/share/nav2_common/local_setup.zsh
[7.639s] -- Installing: /home/cricchetto/Robomaster_WS/install/nav2_common/share/nav2_common/local_setup.dsv
[7.641s] -- Installing: /home/cricchetto/Robomaster_WS/install/nav2_common/share/nav2_common/package.dsv
[7.642s] -- Installing: /home/cricchetto/Robomaster_WS/install/nav2_common/share/ament_index/resource_index/packages/nav2_common
[7.645s] -- Installing: /home/cricchetto/Robomaster_WS/install/nav2_common/share/nav2_common/cmake/nav2_common-extras.cmake
[7.645s] -- Installing: /home/cricchetto/Robomaster_WS/install/nav2_common/share/nav2_common/cmake/nav2_commonConfig.cmake
[7.646s] -- Installing: /home/cricchetto/Robomaster_WS/install/nav2_common/share/nav2_common/cmake/nav2_commonConfig-version.cmake
[7.648s] -- Installing: /home/cricchetto/Robomaster_WS/install/nav2_common/share/nav2_common/package.xml
[7.649s] -- Up-to-date: /home/cricchetto/Robomaster_WS/install/nav2_common/share/nav2_common/cmake
[7.650s] -- Installing: /home/cricchetto/Robomaster_WS/install/nav2_common/share/nav2_common/cmake/nav2_package.cmake
[7.657s] Invoked command in '/home/cricchetto/Robomaster_WS/build/nav2_common' returned '0': CMAKE_PREFIX_PATH=${CMAKE_PREFIX_PATH}:/home/cricchetto/Robomaster_WS/install/robomaster_ros:/home/cricchetto/Robomaster_WS/install/ep_control:/home/cricchetto/Robomaster_WS/install/drift:/opt/ros/humble /usr/bin/cmake --install /home/cricchetto/Robomaster_WS/build/nav2_common
