[6.744s] Invoking command in '/home/cricchetto/Robomaster_WS/src/ep_control': PYTHONPATH=/home/cricchetto/Robomaster_WS/build/ep_control/prefix_override:/usr/lib/python3/dist-packages/colcon_core/task/python/colcon_distutils_commands:/home/cricchetto/Robomaster_WS/install/ep_control/lib/python3.10/site-packages:${PYTHONPATH} /usr/bin/python3 -W ignore:setup.py install is deprecated -W ignore:easy_install command is deprecated setup.py egg_info --egg-base ../../build/ep_control build --build-base /home/cricchetto/Robomaster_WS/build/ep_control/build install --record /home/cricchetto/Robomaster_WS/build/ep_control/install.log --single-version-externally-managed install_data
[8.077s] running egg_info
[8.080s] writing ../../build/ep_control/ep_control.egg-info/PKG-INFO
[8.081s] writing dependency_links to ../../build/ep_control/ep_control.egg-info/dependency_links.txt
[8.082s] writing entry points to ../../build/ep_control/ep_control.egg-info/entry_points.txt
[8.084s] writing requirements to ../../build/ep_control/ep_control.egg-info/requires.txt
[8.085s] writing top-level names to ../../build/ep_control/ep_control.egg-info/top_level.txt
[8.093s] reading manifest file '../../build/ep_control/ep_control.egg-info/SOURCES.txt'
[8.097s] writing manifest file '../../build/ep_control/ep_control.egg-info/SOURCES.txt'
[8.098s] running build
[8.099s] running build_py
[8.103s] running install
[8.104s] running install_lib
[8.112s] running install_data
[8.112s] running install_egg_info
[8.122s] removing '/home/cricchetto/Robomaster_WS/install/ep_control/lib/python3.10/site-packages/ep_control-0.0.0-py3.10.egg-info' (and everything under it)
[8.124s] Copying ../../build/ep_control/ep_control.egg-info to /home/cricchetto/Robomaster_WS/install/ep_control/lib/python3.10/site-packages/ep_control-0.0.0-py3.10.egg-info
[8.131s] running install_scripts
[8.240s] Installing gripper_state script to /home/cricchetto/Robomaster_WS/install/ep_control/lib/ep_control
[8.241s] Installing joy_reader script to /home/cricchetto/Robomaster_WS/install/ep_control/lib/ep_control
[8.244s] Installing joy_to_arm script to /home/cricchetto/Robomaster_WS/install/ep_control/lib/ep_control
[8.248s] writing list of installed files to '/home/cricchetto/Robomaster_WS/build/ep_control/install.log'
[8.493s] Invoked command in '/home/cricchetto/Robomaster_WS/src/ep_control' returned '0': PYTHONPATH=/home/cricchetto/Robomaster_WS/build/ep_control/prefix_override:/usr/lib/python3/dist-packages/colcon_core/task/python/colcon_distutils_commands:/home/cricchetto/Robomaster_WS/install/ep_control/lib/python3.10/site-packages:${PYTHONPATH} /usr/bin/python3 -W ignore:setup.py install is deprecated -W ignore:easy_install command is deprecated setup.py egg_info --egg-base ../../build/ep_control build --build-base /home/cricchetto/Robomaster_WS/build/ep_control/build install --record /home/cricchetto/Robomaster_WS/build/ep_control/install.log --single-version-externally-managed install_data
