[4.086s] Invoking command in '/home/cricchetto/Robomaster_WS/src/ep_control': PYTHONPATH=/home/cricchetto/Robomaster_WS/build/ep_control/prefix_override:/usr/lib/python3/dist-packages/colcon_core/task/python/colcon_distutils_commands:/home/cricchetto/Robomaster_WS/install/ep_control/lib/python3.10/site-packages:${PYTHONPATH} /usr/bin/python3 -W ignore:setup.py install is deprecated -W ignore:easy_install command is deprecated setup.py egg_info --egg-base ../../build/ep_control build --build-base /home/cricchetto/Robomaster_WS/build/ep_control/build install --record /home/cricchetto/Robomaster_WS/build/ep_control/install.log --single-version-externally-managed install_data
[5.802s] running egg_info
[5.806s] writing ../../build/ep_control/ep_control.egg-info/PKG-INFO
[5.808s] writing dependency_links to ../../build/ep_control/ep_control.egg-info/dependency_links.txt
[5.810s] writing entry points to ../../build/ep_control/ep_control.egg-info/entry_points.txt
[5.811s] writing requirements to ../../build/ep_control/ep_control.egg-info/requires.txt
[5.812s] writing top-level names to ../../build/ep_control/ep_control.egg-info/top_level.txt
[5.824s] reading manifest file '../../build/ep_control/ep_control.egg-info/SOURCES.txt'
[5.830s] writing manifest file '../../build/ep_control/ep_control.egg-info/SOURCES.txt'
[5.831s] running build
[5.832s] running build_py
[5.838s] running install
[5.840s] running install_lib
[5.850s] running install_data
[5.854s] running install_egg_info
[5.865s] removing '/home/cricchetto/Robomaster_WS/install/ep_control/lib/python3.10/site-packages/ep_control-0.0.0-py3.10.egg-info' (and everything under it)
[5.868s] Copying ../../build/ep_control/ep_control.egg-info to /home/cricchetto/Robomaster_WS/install/ep_control/lib/python3.10/site-packages/ep_control-0.0.0-py3.10.egg-info
[5.880s] running install_scripts
[5.995s] Installing gripper_state script to /home/cricchetto/Robomaster_WS/install/ep_control/lib/ep_control
[5.997s] Installing joy_reader script to /home/cricchetto/Robomaster_WS/install/ep_control/lib/ep_control
[5.999s] Installing joy_to_arm script to /home/cricchetto/Robomaster_WS/install/ep_control/lib/ep_control
[6.002s] writing list of installed files to '/home/cricchetto/Robomaster_WS/build/ep_control/install.log'
[6.187s] Invoked command in '/home/cricchetto/Robomaster_WS/src/ep_control' returned '0': PYTHONPATH=/home/cricchetto/Robomaster_WS/build/ep_control/prefix_override:/usr/lib/python3/dist-packages/colcon_core/task/python/colcon_distutils_commands:/home/cricchetto/Robomaster_WS/install/ep_control/lib/python3.10/site-packages:${PYTHONPATH} /usr/bin/python3 -W ignore:setup.py install is deprecated -W ignore:easy_install command is deprecated setup.py egg_info --egg-base ../../build/ep_control build --build-base /home/cricchetto/Robomaster_WS/build/ep_control/build install --record /home/cricchetto/Robomaster_WS/build/ep_control/install.log --single-version-externally-managed install_data
