[7.000s] Invoking command in '/home/cricchetto/Robomaster_WS/src/drift': PYTHONPATH=/home/cricchetto/Robomaster_WS/build/drift/prefix_override:/usr/lib/python3/dist-packages/colcon_core/task/python/colcon_distutils_commands:/home/cricchetto/Robomaster_WS/install/drift/lib/python3.10/site-packages:${PYTHONPATH} /usr/bin/python3 -W ignore:setup.py install is deprecated -W ignore:easy_install command is deprecated setup.py egg_info --egg-base ../../build/drift build --build-base /home/cricchetto/Robomaster_WS/build/drift/build install --record /home/cricchetto/Robomaster_WS/build/drift/install.log --single-version-externally-managed install_data
[8.259s] running egg_info
[8.261s] writing ../../build/drift/drift.egg-info/PKG-INFO
[8.262s] writing dependency_links to ../../build/drift/drift.egg-info/dependency_links.txt
[8.264s] writing entry points to ../../build/drift/drift.egg-info/entry_points.txt
[8.265s] writing requirements to ../../build/drift/drift.egg-info/requires.txt
[8.265s] writing top-level names to ../../build/drift/drift.egg-info/top_level.txt
[8.273s] reading manifest file '../../build/drift/drift.egg-info/SOURCES.txt'
[8.277s] writing manifest file '../../build/drift/drift.egg-info/SOURCES.txt'
[8.278s] running build
[8.278s] running build_py
[8.281s] running install
[8.282s] running install_lib
[8.288s] running install_data
[8.289s] running install_egg_info
[8.298s] removing '/home/cricchetto/Robomaster_WS/install/drift/lib/python3.10/site-packages/drift-0.0.1-py3.10.egg-info' (and everything under it)
[8.300s] Copying ../../build/drift/drift.egg-info to /home/cricchetto/Robomaster_WS/install/drift/lib/python3.10/site-packages/drift-0.0.1-py3.10.egg-info
[8.306s] running install_scripts
[8.399s] Installing drift_circle_node script to /home/cricchetto/Robomaster_WS/install/drift/lib/drift
[8.401s] Installing play_sound_node script to /home/cricchetto/Robomaster_WS/install/drift/lib/drift
[8.403s] writing list of installed files to '/home/cricchetto/Robomaster_WS/build/drift/install.log'
[8.537s] Invoked command in '/home/cricchetto/Robomaster_WS/src/drift' returned '0': PYTHONPATH=/home/cricchetto/Robomaster_WS/build/drift/prefix_override:/usr/lib/python3/dist-packages/colcon_core/task/python/colcon_distutils_commands:/home/cricchetto/Robomaster_WS/install/drift/lib/python3.10/site-packages:${PYTHONPATH} /usr/bin/python3 -W ignore:setup.py install is deprecated -W ignore:easy_install command is deprecated setup.py egg_info --egg-base ../../build/drift build --build-base /home/cricchetto/Robomaster_WS/build/drift/build install --record /home/cricchetto/Robomaster_WS/build/drift/install.log --single-version-externally-managed install_data
