[7.653s] Invoking command in '/home/cricchetto/Robomaster_WS/src/ep_control': PYTHONPATH=/home/cricchetto/Robomaster_WS/build/ep_control/prefix_override:/usr/lib/python3/dist-packages/colcon_core/task/python/colcon_distutils_commands:/home/cricchetto/Robomaster_WS/install/ep_control/lib/python3.10/site-packages:${PYTHONPATH} /usr/bin/python3 -W ignore:setup.py install is deprecated -W ignore:easy_install command is deprecated setup.py egg_info --egg-base ../../build/ep_control build --build-base /home/cricchetto/Robomaster_WS/build/ep_control/build install --record /home/cricchetto/Robomaster_WS/build/ep_control/install.log --single-version-externally-managed install_data
[8.961s] running egg_info
[8.964s] writing ../../build/ep_control/ep_control.egg-info/PKG-INFO
[8.968s] writing dependency_links to ../../build/ep_control/ep_control.egg-info/dependency_links.txt
[8.971s] writing entry points to ../../build/ep_control/ep_control.egg-info/entry_points.txt
[8.972s] writing requirements to ../../build/ep_control/ep_control.egg-info/requires.txt
[8.973s] writing top-level names to ../../build/ep_control/ep_control.egg-info/top_level.txt
[8.980s] reading manifest file '../../build/ep_control/ep_control.egg-info/SOURCES.txt'
[8.986s] writing manifest file '../../build/ep_control/ep_control.egg-info/SOURCES.txt'
[8.988s] running build
[8.988s] running build_py
[8.993s] running install
[8.995s] running install_lib
[9.004s] running install_data
[9.006s] running install_egg_info
[9.016s] removing '/home/cricchetto/Robomaster_WS/install/ep_control/lib/python3.10/site-packages/ep_control-0.0.0-py3.10.egg-info' (and everything under it)
[9.018s] Copying ../../build/ep_control/ep_control.egg-info to /home/cricchetto/Robomaster_WS/install/ep_control/lib/python3.10/site-packages/ep_control-0.0.0-py3.10.egg-info
[9.026s] running install_scripts
[9.133s] Installing gripper_state script to /home/cricchetto/Robomaster_WS/install/ep_control/lib/ep_control
[9.135s] Installing joy_reader script to /home/cricchetto/Robomaster_WS/install/ep_control/lib/ep_control
[9.136s] Installing joy_to_arm script to /home/cricchetto/Robomaster_WS/install/ep_control/lib/ep_control
[9.140s] writing list of installed files to '/home/cricchetto/Robomaster_WS/build/ep_control/install.log'
[9.385s] Invoked command in '/home/cricchetto/Robomaster_WS/src/ep_control' returned '0': PYTHONPATH=/home/cricchetto/Robomaster_WS/build/ep_control/prefix_override:/usr/lib/python3/dist-packages/colcon_core/task/python/colcon_distutils_commands:/home/cricchetto/Robomaster_WS/install/ep_control/lib/python3.10/site-packages:${PYTHONPATH} /usr/bin/python3 -W ignore:setup.py install is deprecated -W ignore:easy_install command is deprecated setup.py egg_info --egg-base ../../build/ep_control build --build-base /home/cricchetto/Robomaster_WS/build/ep_control/build install --record /home/cricchetto/Robomaster_WS/build/ep_control/install.log --single-version-externally-managed install_data
