[4.120s] Invoking command in '/home/stefano/Robomaster_WS/src/laser_echo_publisher': PYTHONPATH=/home/stefano/Robomaster_WS/src/build/laser_echo_publisher/prefix_override:/usr/lib/python3/dist-packages/colcon_core/task/python/colcon_distutils_commands:/home/stefano/Robomaster_WS/src/install/laser_echo_publisher/lib/python3.10/site-packages:${PYTHONPATH} /usr/bin/python3 -W ignore:setup.py install is deprecated -W ignore:easy_install command is deprecated setup.py egg_info --egg-base ../build/laser_echo_publisher build --build-base /home/stefano/Robomaster_WS/src/build/laser_echo_publisher/build install --record /home/stefano/Robomaster_WS/src/build/laser_echo_publisher/install.log --single-version-externally-managed install_data
[5.071s] running egg_info
[5.074s] writing ../build/laser_echo_publisher/laser_echo_publisher.egg-info/PKG-INFO
[5.074s] writing dependency_links to ../build/laser_echo_publisher/laser_echo_publisher.egg-info/dependency_links.txt
[5.075s] writing entry points to ../build/laser_echo_publisher/laser_echo_publisher.egg-info/entry_points.txt
[5.075s] writing requirements to ../build/laser_echo_publisher/laser_echo_publisher.egg-info/requires.txt
[5.075s] writing top-level names to ../build/laser_echo_publisher/laser_echo_publisher.egg-info/top_level.txt
[5.081s] reading manifest file '../build/laser_echo_publisher/laser_echo_publisher.egg-info/SOURCES.txt'
[5.082s] writing manifest file '../build/laser_echo_publisher/laser_echo_publisher.egg-info/SOURCES.txt'
[5.083s] running build
[5.083s] running build_py
[5.083s] copying laser_echo_publisher/laser_echo_publisher.py -> /home/stefano/Robomaster_WS/src/build/laser_echo_publisher/build/lib/laser_echo_publisher
[5.084s] running install
[5.085s] running install_lib
[5.086s] copying /home/stefano/Robomaster_WS/src/build/laser_echo_publisher/build/lib/laser_echo_publisher/laser_echo_publisher.py -> /home/stefano/Robomaster_WS/src/install/laser_echo_publisher/lib/python3.10/site-packages/laser_echo_publisher
[5.088s] byte-compiling /home/stefano/Robomaster_WS/src/install/laser_echo_publisher/lib/python3.10/site-packages/laser_echo_publisher/laser_echo_publisher.py to laser_echo_publisher.cpython-310.pyc
[5.096s] running install_data
[5.097s] running install_egg_info
[5.107s] removing '/home/stefano/Robomaster_WS/src/install/laser_echo_publisher/lib/python3.10/site-packages/laser_echo_publisher-0.0.1-py3.10.egg-info' (and everything under it)
[5.108s] Copying ../build/laser_echo_publisher/laser_echo_publisher.egg-info to /home/stefano/Robomaster_WS/src/install/laser_echo_publisher/lib/python3.10/site-packages/laser_echo_publisher-0.0.1-py3.10.egg-info
[5.110s] running install_scripts
[5.163s] Installing laser_echo_publisher script to /home/stefano/Robomaster_WS/src/install/laser_echo_publisher/lib/laser_echo_publisher
[5.165s] writing list of installed files to '/home/stefano/Robomaster_WS/src/build/laser_echo_publisher/install.log'
[5.229s] Invoked command in '/home/stefano/Robomaster_WS/src/laser_echo_publisher' returned '0': PYTHONPATH=/home/stefano/Robomaster_WS/src/build/laser_echo_publisher/prefix_override:/usr/lib/python3/dist-packages/colcon_core/task/python/colcon_distutils_commands:/home/stefano/Robomaster_WS/src/install/laser_echo_publisher/lib/python3.10/site-packages:${PYTHONPATH} /usr/bin/python3 -W ignore:setup.py install is deprecated -W ignore:easy_install command is deprecated setup.py egg_info --egg-base ../build/laser_echo_publisher build --build-base /home/stefano/Robomaster_WS/src/build/laser_echo_publisher/build install --record /home/stefano/Robomaster_WS/src/build/laser_echo_publisher/install.log --single-version-externally-managed install_data
