/home/cricchetto/Robomaster_WS/src/install/socket_server_pkg/lib/python3.10/site-packages/socket_server_pkg/__init__.py
/home/cricchetto/Robomaster_WS/src/install/socket_server_pkg/lib/python3.10/site-packages/socket_server_pkg/sim_express_scan.py
/home/cricchetto/Robomaster_WS/src/install/socket_server_pkg/lib/python3.10/site-packages/socket_server_pkg/fake_lidar_scan.py
/home/cricchetto/Robomaster_WS/src/install/socket_server_pkg/lib/python3.10/site-packages/socket_server_pkg/sim_scan_ros2.py
/home/cricchetto/Robomaster_WS/src/install/socket_server_pkg/lib/python3.10/site-packages/socket_server_pkg/socket_server (NO-MOD).py
/home/cricchetto/Robomaster_WS/src/install/socket_server_pkg/lib/python3.10/site-packages/socket_server_pkg/socket_server.py
/home/cricchetto/Robomaster_WS/src/install/socket_server_pkg/lib/python3.10/site-packages/socket_server_pkg/__pycache__/__init__.cpython-310.pyc
/home/cricchetto/Robomaster_WS/src/install/socket_server_pkg/lib/python3.10/site-packages/socket_server_pkg/__pycache__/sim_express_scan.cpython-310.pyc
/home/cricchetto/Robomaster_WS/src/install/socket_server_pkg/lib/python3.10/site-packages/socket_server_pkg/__pycache__/fake_lidar_scan.cpython-310.pyc
/home/cricchetto/Robomaster_WS/src/install/socket_server_pkg/lib/python3.10/site-packages/socket_server_pkg/__pycache__/sim_scan_ros2.cpython-310.pyc
/home/cricchetto/Robomaster_WS/src/install/socket_server_pkg/lib/python3.10/site-packages/socket_server_pkg/__pycache__/socket_server (NO-MOD).cpython-310.pyc
/home/cricchetto/Robomaster_WS/src/install/socket_server_pkg/lib/python3.10/site-packages/socket_server_pkg/__pycache__/socket_server.cpython-310.pyc
/home/cricchetto/Robomaster_WS/src/install/socket_server_pkg/share/ament_index/resource_index/packages/socket_server_pkg
/home/cricchetto/Robomaster_WS/src/install/socket_server_pkg/share/socket_server_pkg/package.xml
/home/cricchetto/Robomaster_WS/src/install/socket_server_pkg/lib/python3.10/site-packages/socket_server_pkg-0.0.0-py3.10.egg-info/PKG-INFO
/home/cricchetto/Robomaster_WS/src/install/socket_server_pkg/lib/python3.10/site-packages/socket_server_pkg-0.0.0-py3.10.egg-info/top_level.txt
/home/cricchetto/Robomaster_WS/src/install/socket_server_pkg/lib/python3.10/site-packages/socket_server_pkg-0.0.0-py3.10.egg-info/SOURCES.txt
/home/cricchetto/Robomaster_WS/src/install/socket_server_pkg/lib/python3.10/site-packages/socket_server_pkg-0.0.0-py3.10.egg-info/entry_points.txt
/home/cricchetto/Robomaster_WS/src/install/socket_server_pkg/lib/python3.10/site-packages/socket_server_pkg-0.0.0-py3.10.egg-info/requires.txt
/home/cricchetto/Robomaster_WS/src/install/socket_server_pkg/lib/python3.10/site-packages/socket_server_pkg-0.0.0-py3.10.egg-info/dependency_links.txt
/home/cricchetto/Robomaster_WS/src/install/socket_server_pkg/lib/python3.10/site-packages/socket_server_pkg-0.0.0-py3.10.egg-info/zip-safe
/home/cricchetto/Robomaster_WS/src/install/socket_server_pkg/lib/socket_server_pkg/fake_lidar_scan
/home/cricchetto/Robomaster_WS/src/install/socket_server_pkg/lib/socket_server_pkg/sim_scan_ros2
/home/cricchetto/Robomaster_WS/src/install/socket_server_pkg/lib/socket_server_pkg/socket_server
