running egg_info
creating ../build/sim_lidar/sim_lidar.egg-info
writing ../build/sim_lidar/sim_lidar.egg-info/PKG-INFO
writing dependency_links to ../build/sim_lidar/sim_lidar.egg-info/dependency_links.txt
writing entry points to ../build/sim_lidar/sim_lidar.egg-info/entry_points.txt
writing requirements to ../build/sim_lidar/sim_lidar.egg-info/requires.txt
writing top-level names to ../build/sim_lidar/sim_lidar.egg-info/top_level.txt
writing manifest file '../build/sim_lidar/sim_lidar.egg-info/SOURCES.txt'
reading manifest file '../build/sim_lidar/sim_lidar.egg-info/SOURCES.txt'
writing manifest file '../build/sim_lidar/sim_lidar.egg-info/SOURCES.txt'
running build
running build_py
creating /home/stefano/Robomaster_WS/src/build/sim_lidar/build
creating /home/stefano/Robomaster_WS/src/build/sim_lidar/build/lib
creating /home/stefano/Robomaster_WS/src/build/sim_lidar/build/lib/sim_lidar
copying sim_lidar/IR_to_LaserScan.py -> /home/stefano/Robomaster_WS/src/build/sim_lidar/build/lib/sim_lidar
copying sim_lidar/__init__.py -> /home/stefano/Robomaster_WS/src/build/sim_lidar/build/lib/sim_lidar
running install
running install_lib
creating /home/stefano/Robomaster_WS/src/install/sim_lidar/lib/python3.10/site-packages/sim_lidar
copying /home/stefano/Robomaster_WS/src/build/sim_lidar/build/lib/sim_lidar/IR_to_LaserScan.py -> /home/stefano/Robomaster_WS/src/install/sim_lidar/lib/python3.10/site-packages/sim_lidar
copying /home/stefano/Robomaster_WS/src/build/sim_lidar/build/lib/sim_lidar/__init__.py -> /home/stefano/Robomaster_WS/src/install/sim_lidar/lib/python3.10/site-packages/sim_lidar
byte-compiling /home/stefano/Robomaster_WS/src/install/sim_lidar/lib/python3.10/site-packages/sim_lidar/IR_to_LaserScan.py to IR_to_LaserScan.cpython-310.pyc
byte-compiling /home/stefano/Robomaster_WS/src/install/sim_lidar/lib/python3.10/site-packages/sim_lidar/__init__.py to __init__.cpython-310.pyc
running install_data
creating /home/stefano/Robomaster_WS/src/install/sim_lidar/share/ament_index
creating /home/stefano/Robomaster_WS/src/install/sim_lidar/share/ament_index/resource_index
creating /home/stefano/Robomaster_WS/src/install/sim_lidar/share/ament_index/resource_index/packages
copying resource/sim_lidar -> /home/stefano/Robomaster_WS/src/install/sim_lidar/share/ament_index/resource_index/packages
copying package.xml -> /home/stefano/Robomaster_WS/src/install/sim_lidar/share/sim_lidar
running install_egg_info
Copying ../build/sim_lidar/sim_lidar.egg-info to /home/stefano/Robomaster_WS/src/install/sim_lidar/lib/python3.10/site-packages/sim_lidar-0.0.0-py3.10.egg-info
running install_scripts
Installing IR_to_LaserScan script to /home/stefano/Robomaster_WS/src/install/sim_lidar/lib/sim_lidar
writing list of installed files to '/home/stefano/Robomaster_WS/src/build/sim_lidar/install.log'
