[2.186s] Invoking command in '/home/stefano/Robomaster_WS/src/sim_lidar': PYTHONPATH=/home/stefano/Robomaster_WS/src/build/sim_lidar/prefix_override:/usr/lib/python3/dist-packages/colcon_core/task/python/colcon_distutils_commands:/home/stefano/Robomaster_WS/src/install/sim_lidar/lib/python3.10/site-packages:${PYTHONPATH} /usr/bin/python3 -W ignore:setup.py install is deprecated -W ignore:easy_install command is deprecated setup.py egg_info --egg-base ../build/sim_lidar build --build-base /home/stefano/Robomaster_WS/src/build/sim_lidar/build install --record /home/stefano/Robomaster_WS/src/build/sim_lidar/install.log --single-version-externally-managed install_data
[3.078s] running egg_info
[3.079s] creating ../build/sim_lidar/sim_lidar.egg-info
[3.079s] writing ../build/sim_lidar/sim_lidar.egg-info/PKG-INFO
[3.079s] writing dependency_links to ../build/sim_lidar/sim_lidar.egg-info/dependency_links.txt
[3.079s] writing entry points to ../build/sim_lidar/sim_lidar.egg-info/entry_points.txt
[3.079s] writing requirements to ../build/sim_lidar/sim_lidar.egg-info/requires.txt
[3.084s] writing top-level names to ../build/sim_lidar/sim_lidar.egg-info/top_level.txt
[3.084s] writing manifest file '../build/sim_lidar/sim_lidar.egg-info/SOURCES.txt'
[3.086s] reading manifest file '../build/sim_lidar/sim_lidar.egg-info/SOURCES.txt'
[3.086s] writing manifest file '../build/sim_lidar/sim_lidar.egg-info/SOURCES.txt'
[3.087s] running build
[3.087s] running build_py
[3.087s] creating /home/stefano/Robomaster_WS/src/build/sim_lidar/build
[3.087s] creating /home/stefano/Robomaster_WS/src/build/sim_lidar/build/lib
[3.088s] creating /home/stefano/Robomaster_WS/src/build/sim_lidar/build/lib/sim_lidar
[3.088s] copying sim_lidar/IR_to_LaserScan.py -> /home/stefano/Robomaster_WS/src/build/sim_lidar/build/lib/sim_lidar
[3.088s] copying sim_lidar/__init__.py -> /home/stefano/Robomaster_WS/src/build/sim_lidar/build/lib/sim_lidar
[3.089s] running install
[3.091s] running install_lib
[3.096s] creating /home/stefano/Robomaster_WS/src/install/sim_lidar/lib/python3.10/site-packages/sim_lidar
[3.097s] copying /home/stefano/Robomaster_WS/src/build/sim_lidar/build/lib/sim_lidar/IR_to_LaserScan.py -> /home/stefano/Robomaster_WS/src/install/sim_lidar/lib/python3.10/site-packages/sim_lidar
[3.097s] copying /home/stefano/Robomaster_WS/src/build/sim_lidar/build/lib/sim_lidar/__init__.py -> /home/stefano/Robomaster_WS/src/install/sim_lidar/lib/python3.10/site-packages/sim_lidar
[3.100s] byte-compiling /home/stefano/Robomaster_WS/src/install/sim_lidar/lib/python3.10/site-packages/sim_lidar/IR_to_LaserScan.py to IR_to_LaserScan.cpython-310.pyc
[3.100s] byte-compiling /home/stefano/Robomaster_WS/src/install/sim_lidar/lib/python3.10/site-packages/sim_lidar/__init__.py to __init__.cpython-310.pyc
[3.100s] running install_data
[3.100s] creating /home/stefano/Robomaster_WS/src/install/sim_lidar/share/ament_index
[3.100s] creating /home/stefano/Robomaster_WS/src/install/sim_lidar/share/ament_index/resource_index
[3.101s] creating /home/stefano/Robomaster_WS/src/install/sim_lidar/share/ament_index/resource_index/packages
[3.101s] copying resource/sim_lidar -> /home/stefano/Robomaster_WS/src/install/sim_lidar/share/ament_index/resource_index/packages
[3.101s] copying package.xml -> /home/stefano/Robomaster_WS/src/install/sim_lidar/share/sim_lidar
[3.101s] running install_egg_info
[3.107s] Copying ../build/sim_lidar/sim_lidar.egg-info to /home/stefano/Robomaster_WS/src/install/sim_lidar/lib/python3.10/site-packages/sim_lidar-0.0.0-py3.10.egg-info
[3.107s] running install_scripts
[3.175s] Installing IR_to_LaserScan script to /home/stefano/Robomaster_WS/src/install/sim_lidar/lib/sim_lidar
[3.181s] writing list of installed files to '/home/stefano/Robomaster_WS/src/build/sim_lidar/install.log'
[3.325s] Invoked command in '/home/stefano/Robomaster_WS/src/sim_lidar' returned '0': PYTHONPATH=/home/stefano/Robomaster_WS/src/build/sim_lidar/prefix_override:/usr/lib/python3/dist-packages/colcon_core/task/python/colcon_distutils_commands:/home/stefano/Robomaster_WS/src/install/sim_lidar/lib/python3.10/site-packages:${PYTHONPATH} /usr/bin/python3 -W ignore:setup.py install is deprecated -W ignore:easy_install command is deprecated setup.py egg_info --egg-base ../build/sim_lidar build --build-base /home/stefano/Robomaster_WS/src/build/sim_lidar/build install --record /home/stefano/Robomaster_WS/src/build/sim_lidar/install.log --single-version-externally-managed install_data
