[2.442s] Invoking command in '/home/cricchetto/Robomaster_WS/build/explore_lite': CMAKE_PREFIX_PATH=/opt/ros/humble /usr/bin/cmake /home/cricchetto/Robomaster_WS/src/m-explore-ros2/explore -DCMAKE_INSTALL_PREFIX=/home/cricchetto/Robomaster_WS/install/explore_lite
[2.797s] -- The C compiler identification is GNU 11.4.0
[3.133s] -- The CXX compiler identification is GNU 11.4.0
[3.174s] -- Detecting C compiler ABI info
[3.552s] -- Detecting C compiler ABI info - done
[3.583s] -- Check for working C compiler: /usr/bin/cc - skipped
[3.586s] -- Detecting C compile features
[3.588s] -- Detecting C compile features - done
[3.606s] -- Detecting CXX compiler ABI info
[4.054s] -- Detecting CXX compiler ABI info - done
[4.086s] -- Check for working CXX compiler: /usr/bin/c++ - skipped
[4.088s] -- Detecting CXX compile features
[4.092s] -- Detecting CXX compile features - done
[4.097s] -- BuilD for ROS2: humble
[4.124s] -- Found ament_cmake: 1.3.12 (/opt/ros/humble/share/ament_cmake/cmake)
[5.174s] -- Found Python3: /usr/bin/python3 (found version "3.10.12") found components: Interpreter 
[5.878s] -- Found rclcpp: 16.0.16 (/opt/ros/humble/share/rclcpp/cmake)
[6.243s] -- Found rosidl_generator_c: 3.1.7 (/opt/ros/humble/share/rosidl_generator_c/cmake)
[6.297s] -- Found rosidl_adapter: 3.1.7 (/opt/ros/humble/share/rosidl_adapter/cmake)
[6.385s] -- Found rosidl_generator_cpp: 3.1.7 (/opt/ros/humble/share/rosidl_generator_cpp/cmake)
[6.500s] -- Using all available rosidl_typesupport_c: rosidl_typesupport_fastrtps_c;rosidl_typesupport_introspection_c
[6.653s] -- Using all available rosidl_typesupport_cpp: rosidl_typesupport_fastrtps_cpp;rosidl_typesupport_introspection_cpp
[7.009s] -- Found rmw_implementation_cmake: 6.1.2 (/opt/ros/humble/share/rmw_implementation_cmake/cmake)
[7.035s] -- Found rmw_fastrtps_cpp: 6.2.9 (/opt/ros/humble/share/rmw_fastrtps_cpp/cmake)
[7.642s] -- Found OpenSSL: /usr/lib/aarch64-linux-gnu/libcrypto.so (found version "3.0.2")  
[7.849s] -- Found FastRTPS: /opt/ros/humble/include  
[8.197s] -- Using RMW implementation 'rmw_fastrtps_cpp' as default
[8.284s] -- Looking for pthread.h
[8.746s] -- Looking for pthread.h - found
[8.748s] -- Performing Test CMAKE_HAVE_LIBC_PTHREAD
[9.243s] -- Performing Test CMAKE_HAVE_LIBC_PTHREAD - Success
[9.251s] -- Found Threads: TRUE  
[9.642s] -- Found sensor_msgs: 4.9.0 (/opt/ros/humble/share/sensor_msgs/cmake)
[9.879s] -- Found tf2_ros: 0.25.17 (/opt/ros/humble/share/tf2_ros/cmake)
[10.556s] -- Found tf2_geometry_msgs: 0.25.17 (/opt/ros/humble/share/tf2_geometry_msgs/cmake)
[10.700s] -- Found eigen3_cmake_module: 0.1.1 (/opt/ros/humble/share/eigen3_cmake_module/cmake)
[10.707s] -- Found Eigen3: TRUE (found version "3.4.0") 
[10.708s] -- Ensuring Eigen3 include directory is part of orocos-kdl CMake target
[10.734s] -- Found nav2_msgs: 1.1.20 (/opt/ros/humble/share/nav2_msgs/cmake)
[10.953s] -- Found map_msgs: 2.1.0 (/opt/ros/humble/share/map_msgs/cmake)
[11.069s] -- Found visualization_msgs: 4.9.0 (/opt/ros/humble/share/visualization_msgs/cmake)
[11.189s] -- Found nav2_costmap_2d: 1.1.20 (/opt/ros/humble/share/nav2_costmap_2d/cmake)
[12.147s] -- Found ament_lint_auto: 0.12.14 (/opt/ros/humble/share/ament_lint_auto/cmake)
[12.700s] -- Found ament_cmake_gtest: 1.3.12 (/opt/ros/humble/share/ament_cmake_gtest/cmake)
[12.726s] -- Found gtest sources under '/opt/ros/humble/src/gtest_vendor': C++ tests using 'Google Test' will be built
[12.847s] -- Added test 'cppcheck' to perform static code analysis on C / C++ code
[12.850s] -- Configured cppcheck include dirs: /home/cricchetto/Robomaster_WS/src/m-explore-ros2/explore/include;$<BUILD_INTERFACE:/home/cricchetto/Robomaster_WS/src/m-explore-ros2/explore/include>
[12.851s] -- Configured cppcheck exclude dirs and/or files: 
[12.855s] -- Added test 'flake8' to check Python code syntax and style conventions
[12.862s] -- Added test 'lint_cmake' to check CMake code style
[12.868s] -- Added test 'pep257' to check Python code against some of the docstring style conventions in PEP 257
[12.884s] -- Added test 'uncrustify' to check C / C++ code style
[12.885s] -- Configured uncrustify additional arguments: 
[12.890s] -- Added test 'xmllint' to check XML markup files
[12.904s] -- Configuring done
[13.767s] -- Generating done
[13.872s] -- Build files have been written to: /home/cricchetto/Robomaster_WS/build/explore_lite
[14.034s] Invoked command in '/home/cricchetto/Robomaster_WS/build/explore_lite' returned '0': CMAKE_PREFIX_PATH=/opt/ros/humble /usr/bin/cmake /home/cricchetto/Robomaster_WS/src/m-explore-ros2/explore -DCMAKE_INSTALL_PREFIX=/home/cricchetto/Robomaster_WS/install/explore_lite
[14.036s] Invoking command in '/home/cricchetto/Robomaster_WS/build/explore_lite': CMAKE_PREFIX_PATH=/opt/ros/humble /usr/bin/cmake --build /home/cricchetto/Robomaster_WS/build/explore_lite -- -j4 -l4
[14.613s] [ 10%] [32mBuilding CXX object gtest/CMakeFiles/gtest_main.dir/src/gtest_main.cc.o[0m
[14.645s] [ 20%] [32mBuilding CXX object gtest/CMakeFiles/gtest.dir/src/gtest-all.cc.o[0m
[14.675s] [ 30%] [32mBuilding CXX object CMakeFiles/explore.dir/src/costmap_client.cpp.o[0m
[14.708s] [ 40%] [32mBuilding CXX object CMakeFiles/explore.dir/src/explore.cpp.o[0m
[21.645s] [ 50%] [32m[1mLinking CXX static library libgtest_main.a[0m
[22.073s] [ 50%] Built target gtest_main
[22.183s] [ 60%] [32mBuilding CXX object CMakeFiles/explore.dir/src/frontier_search.cpp.o[0m
[60.888s] [ 70%] [32m[1mLinking CXX static library libgtest.a[0m
[61.843s] [ 70%] Built target gtest
[147.161s] [ 80%] [32m[1mLinking CXX executable explore[0m
[163.821s] [ 80%] Built target explore
[163.940s] [ 90%] [32mBuilding CXX object CMakeFiles/test_explore.dir/test/test_explore.cpp.o[0m
[173.168s] [100%] [32m[1mLinking CXX executable test_explore[0m
[175.508s] [100%] Built target test_explore
[175.563s] Invoked command in '/home/cricchetto/Robomaster_WS/build/explore_lite' returned '0': CMAKE_PREFIX_PATH=/opt/ros/humble /usr/bin/cmake --build /home/cricchetto/Robomaster_WS/build/explore_lite -- -j4 -l4
[175.565s] Invoking command in '/home/cricchetto/Robomaster_WS/build/explore_lite': CMAKE_PREFIX_PATH=/opt/ros/humble /usr/bin/cmake --install /home/cricchetto/Robomaster_WS/build/explore_lite
[175.601s] -- Install configuration: ""
[175.602s] -- Installing: /home/cricchetto/Robomaster_WS/install/explore_lite/include/explore/
[175.603s] -- Installing: /home/cricchetto/Robomaster_WS/install/explore_lite/include/explore//frontier_search.h
[175.604s] -- Installing: /home/cricchetto/Robomaster_WS/install/explore_lite/include/explore//costmap_client.h
[175.606s] -- Installing: /home/cricchetto/Robomaster_WS/install/explore_lite/include/explore//costmap_tools.h
[175.607s] -- Installing: /home/cricchetto/Robomaster_WS/install/explore_lite/include/explore//explore.h
[175.609s] -- Installing: /home/cricchetto/Robomaster_WS/install/explore_lite/share/explore_lite/config
[175.610s] -- Installing: /home/cricchetto/Robomaster_WS/install/explore_lite/share/explore_lite/config/params_costmap.yaml
[175.611s] -- Installing: /home/cricchetto/Robomaster_WS/install/explore_lite/share/explore_lite/config/params.yaml
[175.613s] -- Installing: /home/cricchetto/Robomaster_WS/install/explore_lite/share/explore_lite/launch
[175.614s] -- Installing: /home/cricchetto/Robomaster_WS/install/explore_lite/share/explore_lite/launch/explore.launch.py
[175.616s] -- Installing: /home/cricchetto/Robomaster_WS/install/explore_lite/lib/explore_lite/explore
[175.682s] -- Set runtime path of "/home/cricchetto/Robomaster_WS/install/explore_lite/lib/explore_lite/explore" to ""
[175.683s] -- Installing: /home/cricchetto/Robomaster_WS/install/explore_lite/share/ament_index/resource_index/package_run_dependencies/explore_lite
[175.686s] -- Installing: /home/cricchetto/Robomaster_WS/install/explore_lite/share/ament_index/resource_index/parent_prefix_path/explore_lite
[175.688s] -- Installing: /home/cricchetto/Robomaster_WS/install/explore_lite/share/explore_lite/environment/ament_prefix_path.sh
[175.690s] -- Installing: /home/cricchetto/Robomaster_WS/install/explore_lite/share/explore_lite/environment/ament_prefix_path.dsv
[175.692s] -- Installing: /home/cricchetto/Robomaster_WS/install/explore_lite/share/explore_lite/environment/path.sh
[175.694s] -- Installing: /home/cricchetto/Robomaster_WS/install/explore_lite/share/explore_lite/environment/path.dsv
[175.696s] -- Installing: /home/cricchetto/Robomaster_WS/install/explore_lite/share/explore_lite/local_setup.bash
[175.698s] -- Installing: /home/cricchetto/Robomaster_WS/install/explore_lite/share/explore_lite/local_setup.sh
[175.700s] -- Installing: /home/cricchetto/Robomaster_WS/install/explore_lite/share/explore_lite/local_setup.zsh
[175.701s] -- Installing: /home/cricchetto/Robomaster_WS/install/explore_lite/share/explore_lite/local_setup.dsv
[175.703s] -- Installing: /home/cricchetto/Robomaster_WS/install/explore_lite/share/explore_lite/package.dsv
[175.706s] -- Installing: /home/cricchetto/Robomaster_WS/install/explore_lite/share/ament_index/resource_index/packages/explore_lite
[175.708s] -- Installing: /home/cricchetto/Robomaster_WS/install/explore_lite/share/explore_lite/cmake/ament_cmake_export_include_directories-extras.cmake
[175.710s] -- Installing: /home/cricchetto/Robomaster_WS/install/explore_lite/share/explore_lite/cmake/explore_liteConfig.cmake
[175.712s] -- Installing: /home/cricchetto/Robomaster_WS/install/explore_lite/share/explore_lite/cmake/explore_liteConfig-version.cmake
[175.714s] -- Installing: /home/cricchetto/Robomaster_WS/install/explore_lite/share/explore_lite/package.xml
[175.736s] Invoked command in '/home/cricchetto/Robomaster_WS/build/explore_lite' returned '0': CMAKE_PREFIX_PATH=/opt/ros/humble /usr/bin/cmake --install /home/cricchetto/Robomaster_WS/build/explore_lite
