[6.215s] Invoking command in '/home/cricchetto/Robomaster_WS/src/ep_control': PYTHONPATH=/home/cricchetto/Robomaster_WS/src/build/ep_control/prefix_override:/usr/lib/python3/dist-packages/colcon_core/task/python/colcon_distutils_commands:/home/cricchetto/Robomaster_WS/src/install/ep_control/lib/python3.10/site-packages:${PYTHONPATH} /usr/bin/python3 -W ignore:setup.py install is deprecated -W ignore:easy_install command is deprecated setup.py egg_info --egg-base ../build/ep_control build --build-base /home/cricchetto/Robomaster_WS/src/build/ep_control/build install --record /home/cricchetto/Robomaster_WS/src/build/ep_control/install.log --single-version-externally-managed install_data
[7.778s] running egg_info
[7.783s] writing ../build/ep_control/ep_control.egg-info/PKG-INFO
[7.791s] writing dependency_links to ../build/ep_control/ep_control.egg-info/dependency_links.txt
[7.794s] writing entry points to ../build/ep_control/ep_control.egg-info/entry_points.txt
[7.797s] writing requirements to ../build/ep_control/ep_control.egg-info/requires.txt
[7.800s] writing top-level names to ../build/ep_control/ep_control.egg-info/top_level.txt
[7.817s] reading manifest file '../build/ep_control/ep_control.egg-info/SOURCES.txt'
[7.827s] writing manifest file '../build/ep_control/ep_control.egg-info/SOURCES.txt'
[7.829s] running build
[7.830s] running build_py
[7.836s] running install
[7.840s] running install_lib
[7.851s] running install_data
[7.853s] running install_egg_info
[7.866s] removing '/home/cricchetto/Robomaster_WS/src/install/ep_control/lib/python3.10/site-packages/ep_control-0.0.0-py3.10.egg-info' (and everything under it)
[7.869s] Copying ../build/ep_control/ep_control.egg-info to /home/cricchetto/Robomaster_WS/src/install/ep_control/lib/python3.10/site-packages/ep_control-0.0.0-py3.10.egg-info
[7.881s] running install_scripts
[8.032s] Installing gripper_state script to /home/cricchetto/Robomaster_WS/src/install/ep_control/lib/ep_control
[8.038s] Installing joy_reader script to /home/cricchetto/Robomaster_WS/src/install/ep_control/lib/ep_control
[8.043s] Installing joy_to_arm script to /home/cricchetto/Robomaster_WS/src/install/ep_control/lib/ep_control
[8.050s] writing list of installed files to '/home/cricchetto/Robomaster_WS/src/build/ep_control/install.log'
[8.457s] Invoked command in '/home/cricchetto/Robomaster_WS/src/ep_control' returned '0': PYTHONPATH=/home/cricchetto/Robomaster_WS/src/build/ep_control/prefix_override:/usr/lib/python3/dist-packages/colcon_core/task/python/colcon_distutils_commands:/home/cricchetto/Robomaster_WS/src/install/ep_control/lib/python3.10/site-packages:${PYTHONPATH} /usr/bin/python3 -W ignore:setup.py install is deprecated -W ignore:easy_install command is deprecated setup.py egg_info --egg-base ../build/ep_control build --build-base /home/cricchetto/Robomaster_WS/src/build/ep_control/build install --record /home/cricchetto/Robomaster_WS/src/build/ep_control/install.log --single-version-externally-managed install_data
