[5.586s] Invoking command in '/home/cricchetto/Robomaster_WS/src/ep_control': PYTHONPATH=/home/cricchetto/Robomaster_WS/build/ep_control/prefix_override:/usr/lib/python3/dist-packages/colcon_core/task/python/colcon_distutils_commands:/home/cricchetto/Robomaster_WS/install/ep_control/lib/python3.10/site-packages:${PYTHONPATH} /usr/bin/python3 -W ignore:setup.py install is deprecated -W ignore:easy_install command is deprecated setup.py egg_info --egg-base ../../build/ep_control build --build-base /home/cricchetto/Robomaster_WS/build/ep_control/build install --record /home/cricchetto/Robomaster_WS/build/ep_control/install.log --single-version-externally-managed install_data
[6.813s] running egg_info
[6.816s] writing ../../build/ep_control/ep_control.egg-info/PKG-INFO
[6.819s] writing dependency_links to ../../build/ep_control/ep_control.egg-info/dependency_links.txt
[6.821s] writing entry points to ../../build/ep_control/ep_control.egg-info/entry_points.txt
[6.823s] writing requirements to ../../build/ep_control/ep_control.egg-info/requires.txt
[6.824s] writing top-level names to ../../build/ep_control/ep_control.egg-info/top_level.txt
[6.838s] reading manifest file '../../build/ep_control/ep_control.egg-info/SOURCES.txt'
[6.844s] writing manifest file '../../build/ep_control/ep_control.egg-info/SOURCES.txt'
[6.845s] running build
[6.846s] running build_py
[6.850s] running install
[6.853s] running install_lib
[6.864s] running install_data
[6.865s] running install_egg_info
[6.877s] removing '/home/cricchetto/Robomaster_WS/install/ep_control/lib/python3.10/site-packages/ep_control-0.0.0-py3.10.egg-info' (and everything under it)
[6.880s] Copying ../../build/ep_control/ep_control.egg-info to /home/cricchetto/Robomaster_WS/install/ep_control/lib/python3.10/site-packages/ep_control-0.0.0-py3.10.egg-info
[6.891s] running install_scripts
[6.996s] Installing gripper_state script to /home/cricchetto/Robomaster_WS/install/ep_control/lib/ep_control
[6.998s] Installing joy_reader script to /home/cricchetto/Robomaster_WS/install/ep_control/lib/ep_control
[7.000s] Installing joy_to_arm script to /home/cricchetto/Robomaster_WS/install/ep_control/lib/ep_control
[7.001s] writing list of installed files to '/home/cricchetto/Robomaster_WS/build/ep_control/install.log'
[7.229s] Invoked command in '/home/cricchetto/Robomaster_WS/src/ep_control' returned '0': PYTHONPATH=/home/cricchetto/Robomaster_WS/build/ep_control/prefix_override:/usr/lib/python3/dist-packages/colcon_core/task/python/colcon_distutils_commands:/home/cricchetto/Robomaster_WS/install/ep_control/lib/python3.10/site-packages:${PYTHONPATH} /usr/bin/python3 -W ignore:setup.py install is deprecated -W ignore:easy_install command is deprecated setup.py egg_info --egg-base ../../build/ep_control build --build-base /home/cricchetto/Robomaster_WS/build/ep_control/build install --record /home/cricchetto/Robomaster_WS/build/ep_control/install.log --single-version-externally-managed install_data
