/home/cricchetto/Robomaster_WS/src/install/ep_control/lib/python3.10/site-packages/ep_control/__init__.py
/home/cricchetto/Robomaster_WS/src/install/ep_control/lib/python3.10/site-packages/ep_control/gripper_state.py
/home/cricchetto/Robomaster_WS/src/install/ep_control/lib/python3.10/site-packages/ep_control/joy_reader.py
/home/cricchetto/Robomaster_WS/src/install/ep_control/lib/python3.10/site-packages/ep_control/joy_to_arm.py
/home/cricchetto/Robomaster_WS/src/install/ep_control/lib/python3.10/site-packages/ep_control/__pycache__/__init__.cpython-310.pyc
/home/cricchetto/Robomaster_WS/src/install/ep_control/lib/python3.10/site-packages/ep_control/__pycache__/gripper_state.cpython-310.pyc
/home/cricchetto/Robomaster_WS/src/install/ep_control/lib/python3.10/site-packages/ep_control/__pycache__/joy_reader.cpython-310.pyc
/home/cricchetto/Robomaster_WS/src/install/ep_control/lib/python3.10/site-packages/ep_control/__pycache__/joy_to_arm.cpython-310.pyc
/home/cricchetto/Robomaster_WS/src/install/ep_control/share/ament_index/resource_index/packages/ep_control
/home/cricchetto/Robomaster_WS/src/install/ep_control/share/ep_control/package.xml
/home/cricchetto/Robomaster_WS/src/install/ep_control/share/ep_control/launch/joy_node-launch.py
/home/cricchetto/Robomaster_WS/src/install/ep_control/lib/python3.10/site-packages/ep_control-0.0.0-py3.10.egg-info/PKG-INFO
/home/cricchetto/Robomaster_WS/src/install/ep_control/lib/python3.10/site-packages/ep_control-0.0.0-py3.10.egg-info/top_level.txt
/home/cricchetto/Robomaster_WS/src/install/ep_control/lib/python3.10/site-packages/ep_control-0.0.0-py3.10.egg-info/SOURCES.txt
/home/cricchetto/Robomaster_WS/src/install/ep_control/lib/python3.10/site-packages/ep_control-0.0.0-py3.10.egg-info/entry_points.txt
/home/cricchetto/Robomaster_WS/src/install/ep_control/lib/python3.10/site-packages/ep_control-0.0.0-py3.10.egg-info/requires.txt
/home/cricchetto/Robomaster_WS/src/install/ep_control/lib/python3.10/site-packages/ep_control-0.0.0-py3.10.egg-info/dependency_links.txt
/home/cricchetto/Robomaster_WS/src/install/ep_control/lib/python3.10/site-packages/ep_control-0.0.0-py3.10.egg-info/zip-safe
/home/cricchetto/Robomaster_WS/src/install/ep_control/lib/ep_control/gripper_state
/home/cricchetto/Robomaster_WS/src/install/ep_control/lib/ep_control/joy_reader
/home/cricchetto/Robomaster_WS/src/install/ep_control/lib/ep_control/joy_to_arm
