[5.555s] Invoking command in '/home/cricchetto/Robomaster_WS/src/drift': PYTHONPATH=/home/cricchetto/Robomaster_WS/build/drift/prefix_override:/usr/lib/python3/dist-packages/colcon_core/task/python/colcon_distutils_commands:/home/cricchetto/Robomaster_WS/install/drift/lib/python3.10/site-packages:${PYTHONPATH} /usr/bin/python3 -W ignore:setup.py install is deprecated -W ignore:easy_install command is deprecated setup.py egg_info --egg-base ../../build/drift build --build-base /home/cricchetto/Robomaster_WS/build/drift/build install --record /home/cricchetto/Robomaster_WS/build/drift/install.log --single-version-externally-managed install_data
[6.807s] running egg_info
[6.811s] writing ../../build/drift/drift.egg-info/PKG-INFO
[6.813s] writing dependency_links to ../../build/drift/drift.egg-info/dependency_links.txt
[6.815s] writing entry points to ../../build/drift/drift.egg-info/entry_points.txt
[6.816s] writing requirements to ../../build/drift/drift.egg-info/requires.txt
[6.817s] writing top-level names to ../../build/drift/drift.egg-info/top_level.txt
[6.832s] reading manifest file '../../build/drift/drift.egg-info/SOURCES.txt'
[6.838s] writing manifest file '../../build/drift/drift.egg-info/SOURCES.txt'
[6.840s] running build
[6.840s] running build_py
[6.843s] running install
[6.846s] running install_lib
[6.854s] running install_data
[6.855s] running install_egg_info
[6.869s] removing '/home/cricchetto/Robomaster_WS/install/drift/lib/python3.10/site-packages/drift-0.0.1-py3.10.egg-info' (and everything under it)
[6.872s] Copying ../../build/drift/drift.egg-info to /home/cricchetto/Robomaster_WS/install/drift/lib/python3.10/site-packages/drift-0.0.1-py3.10.egg-info
[6.883s] running install_scripts
[7.005s] Installing drift_circle_node script to /home/cricchetto/Robomaster_WS/install/drift/lib/drift
[7.006s] Installing play_sound_node script to /home/cricchetto/Robomaster_WS/install/drift/lib/drift
[7.008s] writing list of installed files to '/home/cricchetto/Robomaster_WS/build/drift/install.log'
[7.229s] Invoked command in '/home/cricchetto/Robomaster_WS/src/drift' returned '0': PYTHONPATH=/home/cricchetto/Robomaster_WS/build/drift/prefix_override:/usr/lib/python3/dist-packages/colcon_core/task/python/colcon_distutils_commands:/home/cricchetto/Robomaster_WS/install/drift/lib/python3.10/site-packages:${PYTHONPATH} /usr/bin/python3 -W ignore:setup.py install is deprecated -W ignore:easy_install command is deprecated setup.py egg_info --egg-base ../../build/drift build --build-base /home/cricchetto/Robomaster_WS/build/drift/build install --record /home/cricchetto/Robomaster_WS/build/drift/install.log --single-version-externally-managed install_data
