[4.964s] Invoking command in '/home/cricchetto/Robomaster_WS/src/drift': PYTHONPATH=/home/cricchetto/Robomaster_WS/build/drift/prefix_override:/usr/lib/python3/dist-packages/colcon_core/task/python/colcon_distutils_commands:/home/cricchetto/Robomaster_WS/install/drift/lib/python3.10/site-packages:${PYTHONPATH} /usr/bin/python3 -W ignore:setup.py install is deprecated -W ignore:easy_install command is deprecated setup.py egg_info --egg-base ../../build/drift build --build-base /home/cricchetto/Robomaster_WS/build/drift/build install --record /home/cricchetto/Robomaster_WS/build/drift/install.log --single-version-externally-managed install_data
[6.316s] running egg_info
[6.320s] writing ../../build/drift/drift.egg-info/PKG-INFO
[6.321s] writing dependency_links to ../../build/drift/drift.egg-info/dependency_links.txt
[6.322s] writing entry points to ../../build/drift/drift.egg-info/entry_points.txt
[6.324s] writing requirements to ../../build/drift/drift.egg-info/requires.txt
[6.324s] writing top-level names to ../../build/drift/drift.egg-info/top_level.txt
[6.334s] reading manifest file '../../build/drift/drift.egg-info/SOURCES.txt'
[6.338s] writing manifest file '../../build/drift/drift.egg-info/SOURCES.txt'
[6.339s] running build
[6.340s] running build_py
[6.341s] running install
[6.343s] running install_lib
[6.350s] running install_data
[6.351s] running install_egg_info
[6.360s] removing '/home/cricchetto/Robomaster_WS/install/drift/lib/python3.10/site-packages/drift-0.0.1-py3.10.egg-info' (and everything under it)
[6.362s] Copying ../../build/drift/drift.egg-info to /home/cricchetto/Robomaster_WS/install/drift/lib/python3.10/site-packages/drift-0.0.1-py3.10.egg-info
[6.371s] running install_scripts
[6.463s] Installing drift_circle_node script to /home/cricchetto/Robomaster_WS/install/drift/lib/drift
[6.464s] Installing play_sound_node script to /home/cricchetto/Robomaster_WS/install/drift/lib/drift
[6.466s] writing list of installed files to '/home/cricchetto/Robomaster_WS/build/drift/install.log'
[6.708s] Invoked command in '/home/cricchetto/Robomaster_WS/src/drift' returned '0': PYTHONPATH=/home/cricchetto/Robomaster_WS/build/drift/prefix_override:/usr/lib/python3/dist-packages/colcon_core/task/python/colcon_distutils_commands:/home/cricchetto/Robomaster_WS/install/drift/lib/python3.10/site-packages:${PYTHONPATH} /usr/bin/python3 -W ignore:setup.py install is deprecated -W ignore:easy_install command is deprecated setup.py egg_info --egg-base ../../build/drift build --build-base /home/cricchetto/Robomaster_WS/build/drift/build install --record /home/cricchetto/Robomaster_WS/build/drift/install.log --single-version-externally-managed install_data
