--2025-12-04 15:38:25--  https://raw.githubusercontent.com/hrnr/m-explore-extra/master/map_merge/hector_maps/map00.pgm
Resolving raw.githubusercontent.com (raw.githubusercontent.com)... 185.199.111.133, 185.199.109.133, 185.199.108.133, ...
Connecting to raw.githubusercontent.com (raw.githubusercontent.com)|185.199.111.133|:443... connected.
HTTP request sent, awaiting response... 200 OK
Length: 4194362 (4.0M) [application/octet-stream]
Saving to: ‘/home/cricchetto/Robomaster_WS/build/multirobot_map_merge/map00.pgm’

     0K .......... .......... .......... .......... ..........  1% 2.03M 2s
    50K .......... .......... .......... .......... ..........  2% 3.22M 2s
   100K .......... .......... .......... .......... ..........  3% 8.37M 1s
   150K .......... .......... .......... .......... ..........  4% 11.2M 1s
   200K .......... .......... .......... .......... ..........  6% 4.55M 1s
   250K .......... .......... .......... .......... ..........  7% 5.62M 1s
   300K .......... .......... .......... .......... ..........  8% 5.30M 1s
   350K .......... .......... .......... .......... ..........  9% 3.62M 1s
   400K .......... .......... .......... .......... .......... 10% 3.41M 1s
   450K .......... .......... .......... .......... .......... 12% 1.90M 1s
   500K .......... .......... .......... .......... .......... 13% 6.25M 1s
   550K .......... .......... .......... .......... .......... 14% 2.26M 1s
   600K .......... .......... .......... .......... .......... 15% 2.12M 1s
   650K .......... .......... .......... .......... .......... 17% 7.32M 1s
   700K .......... .......... .......... .......... .......... 18% 2.29M 1s
   750K .......... .......... .......... .......... .......... 19% 6.97M 1s
   800K .......... .......... .......... .......... .......... 20% 1.86M 1s
   850K .......... .......... .......... .......... .......... 21% 2.80M 1s
   900K .......... .......... .......... .......... .......... 23% 1.84M 1s
   950K .......... .......... .......... .......... .......... 24% 4.05M 1s
  1000K .......... .......... .......... .......... .......... 25% 2.47M 1s
  1050K .......... .......... .......... .......... .......... 26% 3.52M 1s
  1100K .......... .......... .......... .......... .......... 28% 1.88M 1s
  1150K .......... .......... .......... .......... .......... 29% 3.43M 1s
  1200K .......... .......... .......... .......... .......... 30% 2.18M 1s
  1250K .......... .......... .......... .......... .......... 31% 1.55M 1s
  1300K .......... .......... .......... .......... .......... 32% 1.66M 1s
  1350K .......... .......... .......... .......... .......... 34% 1.51M 1s
  1400K .......... .......... .......... .......... .......... 35% 2.77M 1s
  1450K .......... .......... .......... .......... .......... 36% 2.08M 1s
  1500K .......... .......... .......... .......... .......... 37% 3.78M 1s
  1550K .......... .......... .......... .......... .......... 39% 1.79M 1s
  1600K .......... .......... .......... .......... .......... 40% 3.57M 1s
  1650K .......... .......... .......... .......... .......... 41% 4.08M 1s
  1700K .......... .......... .......... .......... .......... 42% 3.00M 1s
  1750K .......... .......... .......... .......... .......... 43% 17.5M 1s
  1800K .......... .......... .......... .......... .......... 45% 3.21M 1s
  1850K .......... .......... .......... .......... .......... 46% 4.76M 1s
  1900K .......... .......... .......... .......... .......... 47% 17.1M 1s
  1950K .......... .......... .......... .......... .......... 48% 2.34M 1s
  2000K .......... .......... .......... .......... .......... 50% 3.54M 1s
  2050K .......... .......... .......... .......... .......... 51% 2.28M 1s
  2100K .......... .......... .......... .......... .......... 52% 3.90M 1s
  2150K .......... .......... .......... .......... .......... 53% 2.30M 1s
  2200K .......... .......... .......... .......... .......... 54% 1.96M 1s
  2250K .......... .......... .......... .......... .......... 56% 3.98M 1s
  2300K .......... .......... .......... .......... .......... 57% 1.76M 1s
  2350K .......... .......... .......... .......... .......... 58% 3.47M 1s
  2400K .......... .......... .......... .......... .......... 59% 2.09M 1s
  2450K .......... .......... .......... .......... .......... 61% 3.22M 1s
  2500K .......... .......... .......... .......... .......... 62% 2.94M 1s
  2550K .......... .......... .......... .......... .......... 63% 4.29M 1s
  2600K .......... .......... .......... .......... .......... 64% 1.91M 0s
  2650K .......... .......... .......... .......... .......... 65% 3.72M 0s
  2700K .......... .......... .......... .......... .......... 67% 2.03M 0s
  2750K .......... .......... .......... .......... .......... 68% 3.80M 0s
  2800K .......... .......... .......... .......... .......... 69% 1.65M 0s
  2850K .......... .......... .......... .......... .......... 70% 4.53M 0s
  2900K .......... .......... .......... .......... .......... 72% 1.93M 0s
  2950K .......... .......... .......... .......... .......... 73% 4.61M 0s
  3000K .......... .......... .......... .......... .......... 74% 4.09M 0s
  3050K .......... .......... .......... .......... .......... 75% 2.00M 0s
  3100K .......... .......... .......... .......... .......... 76% 1.80M 0s
  3150K .......... .......... .......... .......... .......... 78% 17.1M 0s
  3200K .......... .......... .......... .......... .......... 79% 3.12M 0s
  3250K .......... .......... .......... .......... .......... 80% 4.52M 0s
  3300K .......... .......... .......... .......... .......... 81% 17.8M 0s
  3350K .......... .......... .......... .......... .......... 83% 3.85M 0s
  3400K .......... .......... .......... .......... .......... 84% 16.1M 0s
  3450K .......... .......... .......... .......... .......... 85% 17.5M 0s
  3500K .......... .......... .......... .......... .......... 86% 17.5M 0s
  3550K .......... .......... .......... .......... .......... 87% 1.82M 0s
  3600K .......... .......... .......... .......... .......... 89% 13.3M 0s
  3650K .......... .......... .......... .......... .......... 90% 17.4M 0s
  3700K .......... .......... .......... .......... .......... 91% 17.9M 0s
  3750K .......... .......... .......... .......... .......... 92% 7.17M 0s
  3800K .......... .......... .......... .......... .......... 93% 3.72M 0s
  3850K .......... .......... .......... .......... .......... 95% 16.9M 0s
  3900K .......... .......... .......... .......... .......... 96% 17.4M 0s
  3950K .......... .......... .......... .......... .......... 97% 16.6M 0s
  4000K .......... .......... .......... .......... .......... 98% 3.08M 0s
  4050K .......... .......... .......... .......... ......    100% 19.6M=1.2s

2025-12-04 15:38:27 (3.25 MB/s) - ‘/home/cricchetto/Robomaster_WS/build/multirobot_map_merge/map00.pgm’ saved [4194362/4194362]

--2025-12-04 15:38:27--  https://raw.githubusercontent.com/hrnr/m-explore-extra/master/map_merge/hector_maps/map05.pgm
Resolving raw.githubusercontent.com (raw.githubusercontent.com)... 185.199.109.133, 185.199.108.133, 185.199.110.133, ...
Connecting to raw.githubusercontent.com (raw.githubusercontent.com)|185.199.109.133|:443... connected.
HTTP request sent, awaiting response... 200 OK
Length: 4194362 (4.0M) [application/octet-stream]
Saving to: ‘/home/cricchetto/Robomaster_WS/build/multirobot_map_merge/map05.pgm’

     0K .......... .......... .......... .......... ..........  1% 2.29M 2s
    50K .......... .......... .......... .......... ..........  2% 3.15M 1s
   100K .......... .......... .......... .......... ..........  3% 8.64M 1s
   150K .......... .......... .......... .......... ..........  4% 5.17M 1s
   200K .......... .......... .......... .......... ..........  6% 4.73M 1s
   250K .......... .......... .......... .......... ..........  7% 3.62M 1s
   300K .......... .......... .......... .......... ..........  8% 4.01M 1s
   350K .......... .......... .......... .......... ..........  9% 3.35M 1s
   400K .......... .......... .......... .......... .......... 10% 3.93M 1s
   450K .......... .......... .......... .......... .......... 12% 4.24M 1s
   500K .......... .......... .......... .......... .......... 13% 3.91M 1s
   550K .......... .......... .......... .......... .......... 14% 3.15M 1s
   600K .......... .......... .......... .......... .......... 15% 4.36M 1s
   650K .......... .......... .......... .......... .......... 17% 3.86M 1s
   700K .......... .......... .......... .......... .......... 18% 2.78M 1s
   750K .......... .......... .......... .......... .......... 19% 5.80M 1s
   800K .......... .......... .......... .......... .......... 20% 3.47M 1s
   850K .......... .......... .......... .......... .......... 21% 3.43M 1s
   900K .......... .......... .......... .......... .......... 23% 5.82M 1s
   950K .......... .......... .......... .......... .......... 24% 3.16M 1s
  1000K .......... .......... .......... .......... .......... 25% 3.23M 1s
  1050K .......... .......... .......... .......... .......... 26% 6.84M 1s
  1100K .......... .......... .......... .......... .......... 28% 3.73M 1s
  1150K .......... .......... .......... .......... .......... 29% 2.90M 1s
  1200K .......... .......... .......... .......... .......... 30% 7.13M 1s
  1250K .......... .......... .......... .......... .......... 31% 3.47M 1s
  1300K .......... .......... .......... .......... .......... 32% 3.63M 1s
  1350K .......... .......... .......... .......... .......... 34% 3.16M 1s
  1400K .......... .......... .......... .......... .......... 35% 6.88M 1s
  1450K .......... .......... .......... .......... .......... 36% 7.17M 1s
  1500K .......... .......... .......... .......... .......... 37% 7.03M 1s
  1550K .......... .......... .......... .......... .......... 39% 5.76M 1s
  1600K .......... .......... .......... .......... .......... 40% 6.94M 1s
  1650K .......... .......... .......... .......... .......... 41% 6.79M 1s
  1700K .......... .......... .......... .......... .......... 42% 6.97M 1s
  1750K .......... .......... .......... .......... .......... 43% 6.35M 1s
  1800K .......... .......... .......... .......... .......... 45% 6.99M 1s
  1850K .......... .......... .......... .......... .......... 46% 7.17M 0s
  1900K .......... .......... .......... .......... .......... 47% 7.19M 0s
  1950K .......... .......... .......... .......... .......... 48% 6.04M 0s
  2000K .......... .......... .......... .......... .......... 50% 7.00M 0s
  2050K .......... .......... .......... .......... .......... 51% 6.67M 0s
  2100K .......... .......... .......... .......... .......... 52% 5.98M 0s
  2150K .......... .......... .......... .......... .......... 53% 3.65M 0s
  2200K .......... .......... .......... .......... .......... 54% 3.96M 0s
  2250K .......... .......... .......... .......... .......... 56% 4.17M 0s
  2300K .......... .......... .......... .......... .......... 57% 3.88M 0s
  2350K .......... .......... .......... .......... .......... 58% 3.58M 0s
  2400K .......... .......... .......... .......... .......... 59% 3.68M 0s
  2450K .......... .......... .......... .......... .......... 61% 4.94M 0s
  2500K .......... .......... .......... .......... .......... 62% 4.03M 0s
  2550K .......... .......... .......... .......... .......... 63% 3.31M 0s
  2600K .......... .......... .......... .......... .......... 64% 4.59M 0s
  2650K .......... .......... .......... .......... .......... 65% 4.12M 0s
  2700K .......... .......... .......... .......... .......... 67% 4.12M 0s
  2750K .......... .......... .......... .......... .......... 68% 3.78M 0s
  2800K .......... .......... .......... .......... .......... 69% 4.17M 0s
  2850K .......... .......... .......... .......... .......... 70% 4.35M 0s
  2900K .......... .......... .......... .......... .......... 72% 4.29M 0s
  2950K .......... .......... .......... .......... .......... 73% 1.93M 0s
  3000K .......... .......... .......... .......... .......... 74% 1.76M 0s
  3050K .......... .......... .......... .......... .......... 75% 2.84M 0s
  3100K .......... .......... .......... .......... .......... 76% 2.66M 0s
  3150K .......... .......... .......... .......... .......... 78% 2.09M 0s
  3200K .......... .......... .......... .......... .......... 79% 2.91M 0s
  3250K .......... .......... .......... .......... .......... 80% 3.30M 0s
  3300K .......... .......... .......... .......... .......... 81% 3.24M 0s
  3350K .......... .......... .......... .......... .......... 83% 2.91M 0s
  3400K .......... .......... .......... .......... .......... 84% 2.24M 0s
  3450K .......... .......... .......... .......... .......... 85% 1.29M 0s
  3500K .......... .......... .......... .......... .......... 86% 1.35M 0s
  3550K .......... .......... .......... .......... .......... 87% 1.95M 0s
  3600K .......... .......... .......... .......... .......... 89% 3.01M 0s
  3650K .......... .......... .......... .......... .......... 90% 15.2M 0s
  3700K .......... .......... .......... .......... .......... 91% 16.0M 0s
  3750K .......... .......... .......... .......... .......... 92% 4.49M 0s
  3800K .......... .......... .......... .......... .......... 93% 3.28M 0s
  3850K .......... .......... .......... .......... .......... 95% 17.5M 0s
  3900K .......... .......... .......... .......... .......... 96% 16.6M 0s
  3950K .......... .......... .......... .......... .......... 97% 13.2M 0s
  4000K .......... .......... .......... .......... .......... 98% 14.7M 0s
  4050K .......... .......... .......... .......... ......    100% 16.9M=1.0s

2025-12-04 15:38:28 (3.91 MB/s) - ‘/home/cricchetto/Robomaster_WS/build/multirobot_map_merge/map05.pgm’ saved [4194362/4194362]

--2025-12-04 15:38:29--  https://raw.githubusercontent.com/hrnr/m-explore-extra/master/map_merge/gmapping_maps/2011-08-09-12-22-52.pgm
Resolving raw.githubusercontent.com (raw.githubusercontent.com)... 185.199.111.133, 185.199.108.133, 185.199.110.133, ...
Connecting to raw.githubusercontent.com (raw.githubusercontent.com)|185.199.111.133|:443... connected.
HTTP request sent, awaiting response... 200 OK
Length: 16000058 (15M) [application/octet-stream]
Saving to: ‘/home/cricchetto/Robomaster_WS/build/multirobot_map_merge/2011-08-09-12-22-52.pgm’

     0K .......... .......... .......... .......... ..........  0% 2.05M 7s
    50K .......... .......... .......... .......... ..........  0% 2.83M 6s
   100K .......... .......... .......... .......... ..........  0% 4.76M 5s
   150K .......... .......... .......... .......... ..........  1% 3.55M 5s
   200K .......... .......... .......... .......... ..........  1% 2.10M 5s
   250K .......... .......... .......... .......... ..........  1% 3.78M 5s
   300K .......... .......... .......... .......... ..........  2% 3.99M 5s
   350K .......... .......... .......... .......... ..........  2% 4.11M 5s
   400K .......... .......... .......... .......... ..........  2% 3.35M 5s
   450K .......... .......... .......... .......... ..........  3% 4.07M 5s
   500K .......... .......... .......... .......... ..........  3% 3.97M 5s
   550K .......... .......... .......... .......... ..........  3% 4.55M 4s
   600K .......... .......... .......... .......... ..........  4% 4.45M 4s
   650K .......... .......... .......... .......... ..........  4% 3.97M 4s
   700K .......... .......... .......... .......... ..........  4% 4.52M 4s
   750K .......... .......... .......... .......... ..........  5% 3.59M 4s
   800K .......... .......... .......... .......... ..........  5% 4.01M 4s
   850K .......... .......... .......... .......... ..........  5% 4.53M 4s
   900K .......... .......... .......... .......... ..........  6% 1.88M 4s
   950K .......... .......... .......... .......... ..........  6% 3.57M 4s
  1000K .......... .......... .......... .......... ..........  6% 1.94M 4s
  1050K .......... .......... .......... .......... ..........  7% 2.94M 4s
  1100K .......... .......... .......... .......... ..........  7% 3.17M 4s
  1150K .......... .......... .......... .......... ..........  7% 2.30M 4s
  1200K .......... .......... .......... .......... ..........  7% 3.16M 4s
  1250K .......... .......... .......... .......... ..........  8% 2.38M 4s
  1300K .......... .......... .......... .......... ..........  8% 2.10M 4s
  1350K .......... .......... .......... .......... ..........  8% 3.22M 4s
  1400K .......... .......... .......... .......... ..........  9% 3.18M 4s
  1450K .......... .......... .......... .......... ..........  9% 2.66M 4s
  1500K .......... .......... .......... .......... ..........  9% 3.64M 4s
  1550K .......... .......... .......... .......... .......... 10% 2.67M 4s
  1600K .......... .......... .......... .......... .......... 10% 5.61M 4s
  1650K .......... .......... .......... .......... .......... 10% 6.86M 4s
  1700K .......... .......... .......... .......... .......... 11% 2.55M 4s
  1750K .......... .......... .......... .......... .......... 11% 6.56M 4s
  1800K .......... .......... .......... .......... .......... 11% 2.77M 4s
  1850K .......... .......... .......... .......... .......... 12% 1.64M 4s
  1900K .......... .......... .......... .......... .......... 12% 2.91M 4s
  1950K .......... .......... .......... .......... .......... 12% 6.65M 4s
  2000K .......... .......... .......... .......... .......... 13% 1.55M 4s
  2050K .......... .......... .......... .......... .......... 13% 2.62M 4s
  2100K .......... .......... .......... .......... .......... 13% 2.02M 4s
  2150K .......... .......... .......... .......... .......... 14% 1.56M 4s
  2200K .......... .......... .......... .......... .......... 14% 1.36M 5s
  2250K .......... .......... .......... .......... .......... 14% 5.19M 4s
  2300K .......... .......... .......... .......... .......... 15% 4.14M 4s
  2350K .......... .......... .......... .......... .......... 15% 2.59M 4s
  2400K .......... .......... .......... .......... .......... 15% 5.59M 4s
  2450K .......... .......... .......... .......... .......... 15% 3.71M 4s
  2500K .......... .......... .......... .......... .......... 16% 3.32M 4s
  2550K .......... .......... .......... .......... .......... 16% 5.21M 4s
  2600K .......... .......... .......... .......... .......... 16% 2.52M 4s
  2650K .......... .......... .......... .......... .......... 17% 7.04M 4s
  2700K .......... .......... .......... .......... .......... 17% 3.02M 4s
  2750K .......... .......... .......... .......... .......... 17% 6.63M 4s
  2800K .......... .......... .......... .......... .......... 18% 4.27M 4s
  2850K .......... .......... .......... .......... .......... 18% 4.17M 4s
  2900K .......... .......... .......... .......... .......... 18% 3.36M 4s
  2950K .......... .......... .......... .......... .......... 19% 4.79M 4s
  3000K .......... .......... .......... .......... .......... 19% 2.94M 4s
  3050K .......... .......... .......... .......... .......... 19% 4.85M 4s
  3100K .......... .......... .......... .......... .......... 20% 3.66M 4s
  3150K .......... .......... .......... .......... .......... 20% 3.54M 4s
  3200K .......... .......... .......... .......... .......... 20% 2.63M 4s
  3250K .......... .......... .......... .......... .......... 21% 5.70M 4s
  3300K .......... .......... .......... .......... .......... 21% 5.63M 4s
  3350K .......... .......... .......... .......... .......... 21% 2.00M 4s
  3400K .......... .......... .......... .......... .......... 22% 2.79M 4s
  3450K .......... .......... .......... .......... .......... 22% 3.21M 4s
  3500K .......... .......... .......... .......... .......... 22% 3.35M 4s
  3550K .......... .......... .......... .......... .......... 23% 1.22M 4s
  3600K .......... .......... .......... .......... .......... 23% 1.39M 4s
  3650K .......... .......... .......... .......... .......... 23% 3.00M 4s
  3700K .......... .......... .......... .......... .......... 23% 2.56M 4s
  3750K .......... .......... .......... .......... .......... 24% 16.1M 4s
  3800K .......... .......... .......... .......... .......... 24% 14.5M 4s
  3850K .......... .......... .......... .......... .......... 24% 16.2M 4s
  3900K .......... .......... .......... .......... .......... 25% 1.13M 4s
  3950K .......... .......... .......... .......... .......... 25% 16.2M 4s
  4000K .......... .......... .......... .......... .......... 25% 2.93M 4s
  4050K .......... .......... .......... .......... .......... 26% 1.84M 4s
  4100K .......... .......... .......... .......... .......... 26% 4.48M 4s
  4150K .......... .......... .......... .......... .......... 26% 3.30M 4s
  4200K .......... .......... .......... .......... .......... 27% 1.24M 4s
  4250K .......... .......... .......... .......... .......... 27% 1.77M 4s
  4300K .......... .......... .......... .......... .......... 27% 1.52M 4s
  4350K .......... .......... .......... .......... .......... 28% 2.90M 4s
  4400K .......... .......... .......... .......... .......... 28% 3.16M 4s
  4450K .......... .......... .......... .......... .......... 28% 1.35M 4s
  4500K .......... .......... .......... .......... .......... 29% 1.90M 4s
  4550K .......... .......... .......... .......... .......... 29% 1.47M 4s
  4600K .......... .......... .......... .......... .......... 29% 1.94M 4s
  4650K .......... .......... .......... .......... .......... 30% 6.16M 4s
  4700K .......... .......... .......... .......... .......... 30% 2.98M 4s
  4750K .......... .......... .......... .......... .......... 30% 3.25M 4s
  4800K .......... .......... .......... .......... .......... 31% 2.60M 4s
  4850K .......... .......... .......... .......... .......... 31% 1.27M 4s
  4900K .......... .......... .......... .......... .......... 31% 3.90M 4s
  4950K .......... .......... .......... .......... .......... 31% 1.14M 4s
  5000K .......... .......... .......... .......... .......... 32% 1.41M 4s
  5050K .......... .......... .......... .......... .......... 32% 3.93M 4s
  5100K .......... .......... .......... .......... .......... 32% 3.13M 4s
  5150K .......... .......... .......... .......... .......... 33% 2.82M 4s
  5200K .......... .......... .......... .......... .......... 33% 2.50M 4s
  5250K .......... .......... .......... .......... .......... 33% 3.01M 4s
  5300K .......... .......... .......... .......... .......... 34% 3.20M 4s
  5350K .......... .......... .......... .......... .......... 34% 2.90M 4s
  5400K .......... .......... .......... .......... .......... 34% 2.99M 4s
  5450K .......... .......... .......... .......... .......... 35% 2.52M 4s
  5500K .......... .......... .......... .......... .......... 35% 3.18M 4s
  5550K .......... .......... .......... .......... .......... 35% 2.74M 4s
  5600K .......... .......... .......... .......... .......... 36% 2.82M 3s
  5650K .......... .......... .......... .......... .......... 36% 2.88M 3s
  5700K .......... .......... .......... .......... .......... 36% 3.15M 3s
  5750K .......... .......... .......... .......... .......... 37% 2.83M 3s
  5800K .......... .......... .......... .......... .......... 37% 2.82M 3s
  5850K .......... .......... .......... .......... .......... 37% 3.41M 3s
  5900K .......... .......... .......... .......... .......... 38% 3.35M 3s
  5950K .......... .......... .......... .......... .......... 38% 3.26M 3s
  6000K .......... .......... .......... .......... .......... 38% 3.79M 3s
  6050K .......... .......... .......... .......... .......... 39% 4.80M 3s
  6100K .......... .......... .......... .......... .......... 39% 5.71M 3s
  6150K .......... .......... .......... .......... .......... 39% 6.01M 3s
  6200K .......... .......... .......... .......... .......... 39% 5.38M 3s
  6250K .......... .......... .......... .......... .......... 40% 2.60M 3s
  6300K .......... .......... .......... .......... .......... 40% 3.91M 3s
  6350K .......... .......... .......... .......... .......... 40% 2.42M 3s
  6400K .......... .......... .......... .......... .......... 41% 1.80M 3s
  6450K .......... .......... .......... .......... .......... 41% 6.80M 3s
  6500K .......... .......... .......... .......... .......... 41% 2.36M 3s
  6550K .......... .......... .......... .......... .......... 42% 5.29M 3s
  6600K .......... .......... .......... .......... .......... 42% 1.66M 3s
  6650K .......... .......... .......... .......... .......... 42% 3.36M 3s
  6700K .......... .......... .......... .......... .......... 43% 3.09M 3s
  6750K .......... .......... .......... .......... .......... 43% 4.96M 3s
  6800K .......... .......... .......... .......... .......... 43% 1.11M 3s
  6850K .......... .......... .......... .......... .......... 44% 3.08M 3s
  6900K .......... .......... .......... .......... .......... 44% 2.30M 3s
  6950K .......... .......... .......... .......... .......... 44% 2.62M 3s
  7000K .......... .......... .......... .......... .......... 45% 6.50M 3s
  7050K .......... .......... .......... .......... .......... 45% 15.2M 3s
  7100K .......... .......... .......... .......... .......... 45% 1.63M 3s
  7150K .......... .......... .......... .......... .......... 46% 2.53M 3s
  7200K .......... .......... .......... .......... .......... 46% 2.88M 3s
  7250K .......... .......... .......... .......... .......... 46% 3.06M 3s
  7300K .......... .......... .......... .......... .......... 47% 2.91M 3s
  7350K .......... .......... .......... .......... .......... 47% 3.46M 3s
  7400K .......... .......... .......... .......... .......... 47% 1.90M 3s
  7450K .......... .......... .......... .......... .......... 47% 7.08M 3s
  7500K .......... .......... .......... .......... .......... 48% 2.00M 3s
  7550K .......... .......... .......... .......... .......... 48% 6.92M 3s
  7600K .......... .......... .......... .......... .......... 48% 5.84M 3s
  7650K .......... .......... .......... .......... .......... 49% 6.60M 3s
  7700K .......... .......... .......... .......... .......... 49% 1.64M 3s
  7750K .......... .......... .......... .......... .......... 49% 6.66M 3s
  7800K .......... .......... .......... .......... .......... 50% 1.33M 3s
  7850K .......... .......... .......... .......... .......... 50% 1.39M 3s
  7900K .......... .......... .......... .......... .......... 50% 2.74M 3s
  7950K .......... .......... .......... .......... .......... 51% 2.62M 3s
  8000K .......... .......... .......... .......... .......... 51% 2.68M 3s
  8050K .......... .......... .......... .......... .......... 51% 3.37M 3s
  8100K .......... .......... .......... .......... .......... 52% 3.07M 3s
  8150K .......... .......... .......... .......... .......... 52% 3.44M 3s
  8200K .......... .......... .......... .......... .......... 52% 2.68M 3s
  8250K .......... .......... .......... .......... .......... 53% 2.89M 3s
  8300K .......... .......... .......... .......... .......... 53% 2.93M 3s
  8350K .......... .......... .......... .......... .......... 53% 2.82M 2s
  8400K .......... .......... .......... .......... .......... 54% 1.99M 2s
  8450K .......... .......... .......... .......... .......... 54% 2.68M 2s
  8500K .......... .......... .......... .......... .......... 54% 2.91M 2s
  8550K .......... .......... .......... .......... .......... 55% 2.75M 2s
  8600K .......... .......... .......... .......... .......... 55% 2.54M 2s
  8650K .......... .......... .......... .......... .......... 55% 3.09M 2s
  8700K .......... .......... .......... .......... .......... 55% 3.16M 2s
  8750K .......... .......... .......... .......... .......... 56% 2.98M 2s
  8800K .......... .......... .......... .......... .......... 56% 2.52M 2s
  8850K .......... .......... .......... .......... .......... 56% 3.23M 2s
  8900K .......... .......... .......... .......... .......... 57% 2.54M 2s
  8950K .......... .......... .......... .......... .......... 57% 3.06M 2s
  9000K .......... .......... .......... .......... .......... 57% 2.60M 2s
  9050K .......... .......... .......... .......... .......... 58% 3.20M 2s
  9100K .......... .......... .......... .......... .......... 58% 3.11M 2s
  9150K .......... .......... .......... .......... .......... 58% 4.75M 2s
  9200K .......... .......... .......... .......... .......... 59% 4.93M 2s
  9250K .......... .......... .......... .......... .......... 59% 5.11M 2s
  9300K .......... .......... .......... .......... .......... 59% 5.19M 2s
  9350K .......... .......... .......... .......... .......... 60% 5.60M 2s
  9400K .......... .......... .......... .......... .......... 60% 3.96M 2s
  9450K .......... .......... .......... .......... .......... 60% 5.62M 2s
  9500K .......... .......... .......... .......... .......... 61% 4.12M 2s
  9550K .......... .......... .......... .......... .......... 61% 3.13M 2s
  9600K .......... .......... .......... .......... .......... 61% 2.77M 2s
  9650K .......... .......... .......... .......... .......... 62% 2.96M 2s
  9700K .......... .......... .......... .......... .......... 62% 3.04M 2s
  9750K .......... .......... .......... .......... .......... 62% 2.55M 2s
  9800K .......... .......... .......... .......... .......... 63% 2.00M 2s
  9850K .......... .......... .......... .......... .......... 63% 3.25M 2s
  9900K .......... .......... .......... .......... .......... 63% 2.91M 2s
  9950K .......... .......... .......... .......... .......... 63% 1.90M 2s
 10000K .......... .......... .......... .......... .......... 64% 5.50M 2s
 10050K .......... .......... .......... .......... .......... 64% 2.16M 2s
 10100K .......... .......... .......... .......... .......... 64% 2.88M 2s
 10150K .......... .......... .......... .......... .......... 65% 2.89M 2s
 10200K .......... .......... .......... .......... .......... 65% 3.20M 2s
 10250K .......... .......... .......... .......... .......... 65% 2.09M 2s
 10300K .......... .......... .......... .......... .......... 66% 6.32M 2s
 10350K .......... .......... .......... .......... .......... 66% 2.02M 2s
 10400K .......... .......... .......... .......... .......... 66% 5.37M 2s
 10450K .......... .......... .......... .......... .......... 67% 2.14M 2s
 10500K .......... .......... .......... .......... .......... 67% 2.92M 2s
 10550K .......... .......... .......... .......... .......... 67% 2.52M 2s
 10600K .......... .......... .......... .......... .......... 68% 2.77M 2s
 10650K .......... .......... .......... .......... .......... 68% 3.65M 2s
 10700K .......... .......... .......... .......... .......... 68% 3.63M 2s
 10750K .......... .......... .......... .......... .......... 69% 2.11M 2s
 10800K .......... .......... .......... .......... .......... 69% 2.45M 2s
 10850K .......... .......... .......... .......... .......... 69% 2.60M 2s
 10900K .......... .......... .......... .......... .......... 70% 2.12M 2s
 10950K .......... .......... .......... .......... .......... 70% 6.64M 2s
 11000K .......... .......... .......... .......... .......... 70% 2.48M 2s
 11050K .......... .......... .......... .......... .......... 71% 2.15M 2s
 11100K .......... .......... .......... .......... .......... 71% 5.72M 2s
 11150K .......... .......... .......... .......... .......... 71% 2.01M 2s
 11200K .......... .......... .......... .......... .......... 71% 2.39M 1s
 11250K .......... .......... .......... .......... .......... 72% 2.64M 1s
 11300K .......... .......... .......... .......... .......... 72% 1.52M 1s
 11350K .......... .......... .......... .......... .......... 72% 3.28M 1s
 11400K .......... .......... .......... .......... .......... 73% 2.62M 1s
 11450K .......... .......... .......... .......... .......... 73% 3.52M 1s
 11500K .......... .......... .......... .......... .......... 73% 3.43M 1s
 11550K .......... .......... .......... .......... .......... 74% 3.64M 1s
 11600K .......... .......... .......... .......... .......... 74% 3.39M 1s
 11650K .......... .......... .......... .......... .......... 74% 3.32M 1s
 11700K .......... .......... .......... .......... .......... 75% 1.38M 1s
 11750K .......... .......... .......... .......... .......... 75% 1.39M 1s
 11800K .......... .......... .......... .......... .......... 75% 1.88M 1s
 11850K .......... .......... .......... .......... .......... 76% 3.28M 1s
 11900K .......... .......... .......... .......... .......... 76% 1.88M 1s
 11950K .......... .......... .......... .......... .......... 76% 3.46M 1s
 12000K .......... .......... .......... .......... .......... 77% 1.87M 1s
 12050K .......... .......... .......... .......... .......... 77% 3.30M 1s
 12100K .......... .......... .......... .......... .......... 77% 3.55M 1s
 12150K .......... .......... .......... .......... .......... 78% 2.22M 1s
 12200K .......... .......... .......... .......... .......... 78% 1.93M 1s
 12250K .......... .......... .......... .......... .......... 78% 1.78M 1s
 12300K .......... .......... .......... .......... .......... 79% 3.30M 1s
 12350K .......... .......... .......... .......... .......... 79% 2.06M 1s
 12400K .......... .......... .......... .......... .......... 79% 1.66M 1s
 12450K .......... .......... .......... .......... .......... 79% 3.13M 1s
 12500K .......... .......... .......... .......... .......... 80% 1.71M 1s
 12550K .......... .......... .......... .......... .......... 80% 3.29M 1s
 12600K .......... .......... .......... .......... .......... 80% 1.94M 1s
 12650K .......... .......... .......... .......... .......... 81% 3.10M 1s
 12700K .......... .......... .......... .......... .......... 81% 1.72M 1s
 12750K .......... .......... .......... .......... .......... 81% 2.80M 1s
 12800K .......... .......... .......... .......... .......... 82% 1.73M 1s
 12850K .......... .......... .......... .......... .......... 82% 2.01M 1s
 12900K .......... .......... .......... .......... .......... 82% 3.16M 1s
 12950K .......... .......... .......... .......... .......... 83% 1.27M 1s
 13000K .......... .......... .......... .......... .......... 83% 1.49M 1s
 13050K .......... .......... .......... .......... .......... 83% 3.14M 1s
 13100K .......... .......... .......... .......... .......... 84% 1.95M 1s
 13150K .......... .......... .......... .......... .......... 84% 3.37M 1s
 13200K .......... .......... .......... .......... .......... 84% 2.43M 1s
 13250K .......... .......... .......... .......... .......... 85% 2.78M 1s
 13300K .......... .......... .......... .......... .......... 85% 3.20M 1s
 13350K .......... .......... .......... .......... .......... 85% 3.72M 1s
 13400K .......... .......... .......... .......... .......... 86% 2.80M 1s
 13450K .......... .......... .......... .......... .......... 86% 3.42M 1s
 13500K .......... .......... .......... .......... .......... 86% 2.91M 1s
 13550K .......... .......... .......... .......... .......... 87% 2.71M 1s
 13600K .......... .......... .......... .......... .......... 87% 2.56M 1s
 13650K .......... .......... .......... .......... .......... 87% 2.70M 1s
 13700K .......... .......... .......... .......... .......... 87% 3.26M 1s
 13750K .......... .......... .......... .......... .......... 88% 3.22M 1s
 13800K .......... .......... .......... .......... .......... 88% 2.73M 1s
 13850K .......... .......... .......... .......... .......... 88% 2.89M 1s
 13900K .......... .......... .......... .......... .......... 89% 3.46M 1s
 13950K .......... .......... .......... .......... .......... 89% 3.29M 1s
 14000K .......... .......... .......... .......... .......... 89% 2.93M 1s
 14050K .......... .......... .......... .......... .......... 90% 2.35M 1s
 14100K .......... .......... .......... .......... .......... 90% 7.05M 1s
 14150K .......... .......... .......... .......... .......... 90% 16.3M 1s
 14200K .......... .......... .......... .......... .......... 91% 9.25M 0s
 14250K .......... .......... .......... .......... .......... 91% 6.22M 0s
 14300K .......... .......... .......... .......... .......... 91% 6.13M 0s
 14350K .......... .......... .......... .......... .......... 92% 6.53M 0s
 14400K .......... .......... .......... .......... .......... 92% 5.56M 0s
 14450K .......... .......... .......... .......... .......... 92% 5.82M 0s
 14500K .......... .......... .......... .......... .......... 93% 1.95M 0s
 14550K .......... .......... .......... .......... .......... 93% 1.59M 0s
 14600K .......... .......... .......... .......... .......... 93% 8.08M 0s
 14650K .......... .......... .......... .......... .......... 94% 2.21M 0s
 14700K .......... .......... .......... .......... .......... 94% 3.59M 0s
 14750K .......... .......... .......... .......... .......... 94% 3.59M 0s
 14800K .......... .......... .......... .......... .......... 95% 1.52M 0s
 14850K .......... .......... .......... .......... .......... 95% 1.73M 0s
 14900K .......... .......... .......... .......... .......... 95% 2.80M 0s
 14950K .......... .......... .......... .......... .......... 95% 2.92M 0s
 15000K .......... .......... .......... .......... .......... 96% 1.72M 0s
 15050K .......... .......... .......... .......... .......... 96% 15.1M 0s
 15100K .......... .......... .......... .......... .......... 96% 2.19M 0s
 15150K .......... .......... .......... .......... .......... 97% 3.29M 0s
 15200K .......... .......... .......... .......... .......... 97% 1.68M 0s
 15250K .......... .......... .......... .......... .......... 97% 3.59M 0s
 15300K .......... .......... .......... .......... .......... 98% 3.70M 0s
 15350K .......... .......... .......... .......... .......... 98% 4.56M 0s
 15400K .......... .......... .......... .......... .......... 98% 5.94M 0s
 15450K .......... .......... .......... .......... .......... 99% 5.06M 0s
 15500K .......... .......... .......... .......... .......... 99% 6.65M 0s
 15550K .......... .......... .......... .......... .......... 99% 6.70M 0s
 15600K .......... .......... .....                           100% 5.31M=5.4s

2025-12-04 15:38:35 (2.81 MB/s) - ‘/home/cricchetto/Robomaster_WS/build/multirobot_map_merge/2011-08-09-12-22-52.pgm’ saved [16000058/16000058]

--2025-12-04 15:38:35--  https://raw.githubusercontent.com/hrnr/m-explore-extra/master/map_merge/gmapping_maps/2012-01-28-11-12-01.pgm
Resolving raw.githubusercontent.com (raw.githubusercontent.com)... 185.199.111.133, 185.199.108.133, 185.199.109.133, ...
Connecting to raw.githubusercontent.com (raw.githubusercontent.com)|185.199.111.133|:443... connected.
HTTP request sent, awaiting response... 200 OK
Length: 16000058 (15M) [application/octet-stream]
Saving to: ‘/home/cricchetto/Robomaster_WS/build/multirobot_map_merge/2012-01-28-11-12-01.pgm’

     0K .......... .......... .......... .......... ..........  0% 2.30M 7s
    50K .......... .......... .......... .......... ..........  0% 2.88M 6s
   100K .......... .......... .......... .......... ..........  0% 8.21M 5s
   150K .......... .......... .......... .......... ..........  1% 11.1M 4s
   200K .......... .......... .......... .......... ..........  1% 4.88M 4s
   250K .......... .......... .......... .......... ..........  1% 6.38M 3s
   300K .......... .......... .......... .......... ..........  2% 3.80M 3s
   350K .......... .......... .......... .......... ..........  2% 4.58M 3s
   400K .......... .......... .......... .......... ..........  2% 5.27M 3s
   450K .......... .......... .......... .......... ..........  3% 4.86M 3s
   500K .......... .......... .......... .......... ..........  3% 4.82M 3s
   550K .......... .......... .......... .......... ..........  3% 4.74M 3s
   600K .......... .......... .......... .......... ..........  4% 4.65M 3s
   650K .......... .......... .......... .......... ..........  4% 4.51M 3s
   700K .......... .......... .......... .......... ..........  4% 4.63M 3s
   750K .......... .......... .......... .......... ..........  5% 4.71M 3s
   800K .......... .......... .......... .......... ..........  5% 4.12M 3s
   850K .......... .......... .......... .......... ..........  5% 4.14M 3s
   900K .......... .......... .......... .......... ..........  6% 4.74M 3s
   950K .......... .......... .......... .......... ..........  6% 5.07M 3s
  1000K .......... .......... .......... .......... ..........  6% 4.32M 3s
  1050K .......... .......... .......... .......... ..........  7% 5.40M 3s
  1100K .......... .......... .......... .......... ..........  7% 4.81M 3s
  1150K .......... .......... .......... .......... ..........  7% 5.03M 3s
  1200K .......... .......... .......... .......... ..........  7% 4.05M 3s
  1250K .......... .......... .......... .......... ..........  8% 5.66M 3s
  1300K .......... .......... .......... .......... ..........  8% 5.01M 3s
  1350K .......... .......... .......... .......... ..........  8% 4.28M 3s
  1400K .......... .......... .......... .......... ..........  9% 4.47M 3s
  1450K .......... .......... .......... .......... ..........  9% 4.86M 3s
  1500K .......... .......... .......... .......... ..........  9% 4.92M 3s
  1550K .......... .......... .......... .......... .......... 10% 4.75M 3s
  1600K .......... .......... .......... .......... .......... 10% 4.62M 3s
  1650K .......... .......... .......... .......... .......... 10% 4.71M 3s
  1700K .......... .......... .......... .......... .......... 11% 5.64M 3s
  1750K .......... .......... .......... .......... .......... 11% 5.16M 3s
  1800K .......... .......... .......... .......... .......... 11% 4.79M 3s
  1850K .......... .......... .......... .......... .......... 12% 5.43M 3s
  1900K .......... .......... .......... .......... .......... 12% 4.43M 3s
  1950K .......... .......... .......... .......... .......... 12% 6.14M 3s
  2000K .......... .......... .......... .......... .......... 13% 4.18M 3s
  2050K .......... .......... .......... .......... .......... 13% 5.41M 3s
  2100K .......... .......... .......... .......... .......... 13% 4.96M 3s
  2150K .......... .......... .......... .......... .......... 14% 5.58M 3s
  2200K .......... .......... .......... .......... .......... 14% 4.69M 3s
  2250K .......... .......... .......... .......... .......... 14% 5.42M 3s
  2300K .......... .......... .......... .......... .......... 15% 5.13M 3s
  2350K .......... .......... .......... .......... .......... 15% 5.04M 3s
  2400K .......... .......... .......... .......... .......... 15% 4.70M 3s
  2450K .......... .......... .......... .......... .......... 15% 5.14M 3s
  2500K .......... .......... .......... .......... .......... 16% 5.65M 3s
  2550K .......... .......... .......... .......... .......... 16% 5.17M 3s
  2600K .......... .......... .......... .......... .......... 16% 1.53M 3s
  2650K .......... .......... .......... .......... .......... 17% 1.80M 3s
  2700K .......... .......... .......... .......... .......... 17% 16.5M 3s
  2750K .......... .......... .......... .......... .......... 17% 1.57M 3s
  2800K .......... .......... .......... .......... .......... 18% 1.53M 3s
  2850K .......... .......... .......... .......... .......... 18% 5.84M 3s
  2900K .......... .......... .......... .......... .......... 18% 2.56M 3s
  2950K .......... .......... .......... .......... .......... 19% 7.18M 3s
  3000K .......... .......... .......... .......... .......... 19% 6.47M 3s
  3050K .......... .......... .......... .......... .......... 19% 3.09M 3s
  3100K .......... .......... .......... .......... .......... 20% 7.52M 3s
  3150K .......... .......... .......... .......... .......... 20% 4.13M 3s
  3200K .......... .......... .......... .......... .......... 20% 2.82M 3s
  3250K .......... .......... .......... .......... .......... 21% 7.54M 3s
  3300K .......... .......... .......... .......... .......... 21% 1.81M 3s
  3350K .......... .......... .......... .......... .......... 21% 2.00M 3s
  3400K .......... .......... .......... .......... .......... 22% 1.66M 3s
  3450K .......... .......... .......... .......... .......... 22% 1.46M 3s
  3500K .......... .......... .......... .......... .......... 22% 3.77M 3s
  3550K .......... .......... .......... .......... .......... 23% 16.6M 3s
  3600K .......... .......... .......... .......... .......... 23%  923K 3s
  3650K .......... .......... .......... .......... .......... 23% 1.64M 3s
  3700K .......... .......... .......... .......... .......... 23% 2.59M 3s
  3750K .......... .......... .......... .......... .......... 24% 2.87M 3s
  3800K .......... .......... .......... .......... .......... 24% 4.00M 3s
  3850K .......... .......... .......... .......... .......... 24% 4.03M 3s
  3900K .......... .......... .......... .......... .......... 25% 4.23M 3s
  3950K .......... .......... .......... .......... .......... 25% 3.85M 3s
  4000K .......... .......... .......... .......... .......... 25% 3.64M 3s
  4050K .......... .......... .......... .......... .......... 26% 4.34M 3s
  4100K .......... .......... .......... .......... .......... 26% 4.12M 3s
  4150K .......... .......... .......... .......... .......... 26% 4.46M 3s
  4200K .......... .......... .......... .......... .......... 27% 3.60M 3s
  4250K .......... .......... .......... .......... .......... 27% 4.06M 3s
  4300K .......... .......... .......... .......... .......... 27% 4.22M 3s
  4350K .......... .......... .......... .......... .......... 28% 1.11M 3s
  4400K .......... .......... .......... .......... .......... 28% 2.78M 3s
  4450K .......... .......... .......... .......... .......... 28% 1.73M 3s
  4500K .......... .......... .......... .......... .......... 29% 1.39M 3s
  4550K .......... .......... .......... .......... .......... 29% 3.20M 3s
  4600K .......... .......... .......... .......... .......... 29% 1.97M 3s
  4650K .......... .......... .......... .......... .......... 30% 4.12M 3s
  4700K .......... .......... .......... .......... .......... 30% 1.49M 3s
  4750K .......... .......... .......... .......... .......... 30% 2.85M 3s
  4800K .......... .......... .......... .......... .......... 31% 3.49M 3s
  4850K .......... .......... .......... .......... .......... 31% 1.78M 3s
  4900K .......... .......... .......... .......... .......... 31% 1.69M 3s
  4950K .......... .......... .......... .......... .......... 31% 1.53M 3s
  5000K .......... .......... .......... .......... .......... 32% 1.54M 3s
  5050K .......... .......... .......... .......... .......... 32% 4.10M 3s
  5100K .......... .......... .......... .......... .......... 32% 3.28M 3s
  5150K .......... .......... .......... .......... .......... 33% 2.58M 3s
  5200K .......... .......... .......... .......... .......... 33% 2.61M 3s
  5250K .......... .......... .......... .......... .......... 33% 2.23M 3s
  5300K .......... .......... .......... .......... .......... 34% 4.32M 3s
  5350K .......... .......... .......... .......... .......... 34% 2.73M 3s
  5400K .......... .......... .......... .......... .......... 34% 1.99M 3s
  5450K .......... .......... .......... .......... .......... 35% 3.23M 3s
  5500K .......... .......... .......... .......... .......... 35% 1.94M 3s
  5550K .......... .......... .......... .......... .......... 35% 3.92M 3s
  5600K .......... .......... .......... .......... .......... 36% 2.79M 3s
  5650K .......... .......... .......... .......... .......... 36% 1.82M 3s
  5700K .......... .......... .......... .......... .......... 36% 3.36M 3s
  5750K .......... .......... .......... .......... .......... 37% 1.86M 3s
  5800K .......... .......... .......... .......... .......... 37% 3.69M 3s
  5850K .......... .......... .......... .......... .......... 37% 2.85M 3s
  5900K .......... .......... .......... .......... .......... 38% 3.16M 3s
  5950K .......... .......... .......... .......... .......... 38% 2.60M 3s
  6000K .......... .......... .......... .......... .......... 38% 1.81M 3s
  6050K .......... .......... .......... .......... .......... 39% 3.54M 3s
  6100K .......... .......... .......... .......... .......... 39% 2.03M 3s
  6150K .......... .......... .......... .......... .......... 39% 3.81M 3s
  6200K .......... .......... .......... .......... .......... 39% 3.26M 3s
  6250K .......... .......... .......... .......... .......... 40% 4.24M 3s
  6300K .......... .......... .......... .......... .......... 40% 3.72M 3s
  6350K .......... .......... .......... .......... .......... 40% 3.24M 3s
  6400K .......... .......... .......... .......... .......... 41% 3.17M 3s
  6450K .......... .......... .......... .......... .......... 41% 5.54M 3s
  6500K .......... .......... .......... .......... .......... 41% 5.91M 3s
  6550K .......... .......... .......... .......... .......... 42% 4.82M 3s
  6600K .......... .......... .......... .......... .......... 42% 5.58M 3s
  6650K .......... .......... .......... .......... .......... 42% 5.74M 3s
  6700K .......... .......... .......... .......... .......... 43% 5.18M 3s
  6750K .......... .......... .......... .......... .......... 43% 4.76M 3s
  6800K .......... .......... .......... .......... .......... 43% 5.89M 3s
  6850K .......... .......... .......... .......... .......... 44% 5.12M 3s
  6900K .......... .......... .......... .......... .......... 44% 5.86M 3s
  6950K .......... .......... .......... .......... .......... 44% 4.27M 3s
  7000K .......... .......... .......... .......... .......... 45% 4.66M 3s
  7050K .......... .......... .......... .......... .......... 45% 5.46M 3s
  7100K .......... .......... .......... .......... .......... 45% 5.98M 3s
  7150K .......... .......... .......... .......... .......... 46% 6.14M 2s
  7200K .......... .......... .......... .......... .......... 46% 5.05M 2s
  7250K .......... .......... .......... .......... .......... 46% 6.08M 2s
  7300K .......... .......... .......... .......... .......... 47% 6.47M 2s
  7350K .......... .......... .......... .......... .......... 47% 7.33M 2s
  7400K .......... .......... .......... .......... .......... 47% 6.31M 2s
  7450K .......... .......... .......... .......... .......... 47% 6.85M 2s
  7500K .......... .......... .......... .......... .......... 48% 7.14M 2s
  7550K .......... .......... .......... .......... .......... 48% 7.21M 2s
  7600K .......... .......... .......... .......... .......... 48% 5.85M 2s
  7650K .......... .......... .......... .......... .......... 49% 6.97M 2s
  7700K .......... .......... .......... .......... .......... 49% 6.76M 2s
  7750K .......... .......... .......... .......... .......... 49% 7.48M 2s
  7800K .......... .......... .......... .......... .......... 50% 6.21M 2s
  7850K .......... .......... .......... .......... .......... 50% 7.44M 2s
  7900K .......... .......... .......... .......... .......... 50% 7.38M 2s
  7950K .......... .......... .......... .......... .......... 51% 6.66M 2s
  8000K .......... .......... .......... .......... .......... 51% 5.59M 2s
  8050K .......... .......... .......... .......... .......... 51% 7.21M 2s
  8100K .......... .......... .......... .......... .......... 52% 7.57M 2s
  8150K .......... .......... .......... .......... .......... 52% 7.18M 2s
  8200K .......... .......... .......... .......... .......... 52% 6.15M 2s
  8250K .......... .......... .......... .......... .......... 53% 5.95M 2s
  8300K .......... .......... .......... .......... .......... 53% 6.04M 2s
  8350K .......... .......... .......... .......... .......... 53% 5.74M 2s
  8400K .......... .......... .......... .......... .......... 54% 4.59M 2s
  8450K .......... .......... .......... .......... .......... 54% 5.29M 2s
  8500K .......... .......... .......... .......... .......... 54% 6.48M 2s
  8550K .......... .......... .......... .......... .......... 55% 6.46M 2s
  8600K .......... .......... .......... .......... .......... 55% 5.98M 2s
  8650K .......... .......... .......... .......... .......... 55% 7.13M 2s
  8700K .......... .......... .......... .......... .......... 55% 6.47M 2s
  8750K .......... .......... .......... .......... .......... 56% 7.14M 2s
  8800K .......... .......... .......... .......... .......... 56% 1.92M 2s
  8850K .......... .......... .......... .......... .......... 56% 6.14M 2s
  8900K .......... .......... .......... .......... .......... 57% 6.68M 2s
  8950K .......... .......... .......... .......... .......... 57% 6.40M 2s
  9000K .......... .......... .......... .......... .......... 57% 5.91M 2s
  9050K .......... .......... .......... .......... .......... 58% 6.40M 2s
  9100K .......... .......... .......... .......... .......... 58% 6.83M 2s
  9150K .......... .......... .......... .......... .......... 58% 6.89M 2s
  9200K .......... .......... .......... .......... .......... 59% 5.33M 2s
  9250K .......... .......... .......... .......... .......... 59% 6.90M 2s
  9300K .......... .......... .......... .......... .......... 59% 6.51M 2s
  9350K .......... .......... .......... .......... .......... 60% 6.54M 2s
  9400K .......... .......... .......... .......... .......... 60% 5.98M 2s
  9450K .......... .......... .......... .......... .......... 60% 6.93M 2s
  9500K .......... .......... .......... .......... .......... 61% 6.57M 2s
  9550K .......... .......... .......... .......... .......... 61% 6.49M 2s
  9600K .......... .......... .......... .......... .......... 61% 5.83M 2s
  9650K .......... .......... .......... .......... .......... 62% 6.63M 2s
  9700K .......... .......... .......... .......... .......... 62% 6.45M 2s
  9750K .......... .......... .......... .......... .......... 62% 6.99M 2s
  9800K .......... .......... .......... .......... .......... 63% 6.10M 1s
  9850K .......... .......... .......... .......... .......... 63% 6.06M 1s
  9900K .......... .......... .......... .......... .......... 63% 6.67M 1s
  9950K .......... .......... .......... .......... .......... 63% 7.07M 1s
 10000K .......... .......... .......... .......... .......... 64% 5.49M 1s
 10050K .......... .......... .......... .......... .......... 64% 6.91M 1s
 10100K .......... .......... .......... .......... .......... 64% 6.80M 1s
 10150K .......... .......... .......... .......... .......... 65% 6.62M 1s
 10200K .......... .......... .......... .......... .......... 65% 6.10M 1s
 10250K .......... .......... .......... .......... .......... 65% 6.91M 1s
 10300K .......... .......... .......... .......... .......... 66% 1.38M 1s
 10350K .......... .......... .......... .......... .......... 66% 3.20M 1s
 10400K .......... .......... .......... .......... .......... 66% 1.39M 1s
 10450K .......... .......... .......... .......... .......... 67% 3.32M 1s
 10500K .......... .......... .......... .......... .......... 67% 3.74M 1s
 10550K .......... .......... .......... .......... .......... 67% 1.44M 1s
 10600K .......... .......... .......... .......... .......... 68% 2.75M 1s
 10650K .......... .......... .......... .......... .......... 68% 2.00M 1s
 10700K .......... .......... .......... .......... .......... 68% 3.44M 1s
 10750K .......... .......... .......... .......... .......... 69% 2.08M 1s
 10800K .......... .......... .......... .......... .......... 69% 1.58M 1s
 10850K .......... .......... .......... .......... .......... 69% 3.16M 1s
 10900K .......... .......... .......... .......... .......... 70% 3.70M 1s
 10950K .......... .......... .......... .......... .......... 70% 3.62M 1s
 11000K .......... .......... .......... .......... .......... 70% 3.06M 1s
 11050K .......... .......... .......... .......... .......... 71% 3.43M 1s
 11100K .......... .......... .......... .......... .......... 71% 2.50M 1s
 11150K .......... .......... .......... .......... .......... 71% 2.61M 1s
 11200K .......... .......... .......... .......... .......... 71%  926K 1s
 11250K .......... .......... .......... .......... .......... 72% 4.48M 1s
 11300K .......... .......... .......... .......... .......... 72% 1.67M 1s
 11350K .......... .......... .......... .......... .......... 72% 6.46M 1s
 11400K .......... .......... .......... .......... .......... 73% 2.42M 1s
 11450K .......... .......... .......... .......... .......... 73% 1.54M 1s
 11500K .......... .......... .......... .......... .......... 73% 2.06M 1s
 11550K .......... .......... .......... .......... .......... 74% 14.6M 1s
 11600K .......... .......... .......... .......... .......... 74% 1.99M 1s
 11650K .......... .......... .......... .......... .......... 74% 15.8M 1s
 11700K .......... .......... .......... .......... .......... 75% 14.5M 1s
 11750K .......... .......... .......... .......... .......... 75% 14.0M 1s
 11800K .......... .......... .......... .......... .......... 75% 13.4M 1s
 11850K .......... .......... .......... .......... .......... 76% 14.8M 1s
 11900K .......... .......... .......... .......... .......... 76% 14.7M 1s
 11950K .......... .......... .......... .......... .......... 76% 15.6M 1s
 12000K .......... .......... .......... .......... .......... 77% 12.4M 1s
 12050K .......... .......... .......... .......... .......... 77% 14.1M 1s
 12100K .......... .......... .......... .......... .......... 77% 4.23M 1s
 12150K .......... .......... .......... .......... .......... 78% 16.0M 1s
 12200K .......... .......... .......... .......... .......... 78% 2.34M 1s
 12250K .......... .......... .......... .......... .......... 78% 15.2M 1s
 12300K .......... .......... .......... .......... .......... 79% 4.26M 1s
 12350K .......... .......... .......... .......... .......... 79% 16.4M 1s
 12400K .......... .......... .......... .......... .......... 79% 1.81M 1s
 12450K .......... .......... .......... .......... .......... 79% 17.0M 1s
 12500K .......... .......... .......... .......... .......... 80% 4.35M 1s
 12550K .......... .......... .......... .......... .......... 80% 16.0M 1s
 12600K .......... .......... .......... .......... .......... 80% 16.3M 1s
 12650K .......... .......... .......... .......... .......... 81% 17.5M 1s
 12700K .......... .......... .......... .......... .......... 81% 2.12M 1s
 12750K .......... .......... .......... .......... .......... 81% 1.80M 1s
 12800K .......... .......... .......... .......... .......... 82% 1.76M 1s
 12850K .......... .......... .......... .......... .......... 82% 16.6M 1s
 12900K .......... .......... .......... .......... .......... 82% 1.92M 1s
 12950K .......... .......... .......... .......... .......... 83% 2.17M 1s
 13000K .......... .......... .......... .......... .......... 83% 2.42M 1s
 13050K .......... .......... .......... .......... .......... 83% 2.81M 1s
 13100K .......... .......... .......... .......... .......... 84% 3.69M 1s
 13150K .......... .......... .......... .......... .......... 84% 3.56M 1s
 13200K .......... .......... .......... .......... .......... 84% 3.14M 1s
 13250K .......... .......... .......... .......... .......... 85% 3.59M 1s
 13300K .......... .......... .......... .......... .......... 85% 4.84M 1s
 13350K .......... .......... .......... .......... .......... 85% 1.79M 1s
 13400K .......... .......... .......... .......... .......... 86% 3.08M 1s
 13450K .......... .......... .......... .......... .......... 86% 14.9M 1s
 13500K .......... .......... .......... .......... .......... 86% 16.2M 1s
 13550K .......... .......... .......... .......... .......... 87% 17.0M 1s
 13600K .......... .......... .......... .......... .......... 87% 4.48M 1s
 13650K .......... .......... .......... .......... .......... 87% 6.34M 1s
 13700K .......... .......... .......... .......... .......... 87% 17.1M 0s
 13750K .......... .......... .......... .......... .......... 88% 16.7M 0s
 13800K .......... .......... .......... .......... .......... 88% 3.56M 0s
 13850K .......... .......... .......... .......... .......... 88% 16.5M 0s
 13900K .......... .......... .......... .......... .......... 89% 16.7M 0s
 13950K .......... .......... .......... .......... .......... 89% 16.5M 0s
 14000K .......... .......... .......... .......... .......... 89% 1.83M 0s
 14050K .......... .......... .......... .......... .......... 90% 16.0M 0s
 14100K .......... .......... .......... .......... .......... 90% 16.4M 0s
 14150K .......... .......... .......... .......... .......... 90% 15.4M 0s
 14200K .......... .......... .......... .......... .......... 91% 14.9M 0s
 14250K .......... .......... .......... .......... .......... 91% 16.0M 0s
 14300K .......... .......... .......... .......... .......... 91% 16.3M 0s
 14350K .......... .......... .......... .......... .......... 92% 3.22M 0s
 14400K .......... .......... .......... .......... .......... 92% 13.3M 0s
 14450K .......... .......... .......... .......... .......... 92% 4.86M 0s
 14500K .......... .......... .......... .......... .......... 93% 15.2M 0s
 14550K .......... .......... .......... .......... .......... 93% 15.7M 0s
 14600K .......... .......... .......... .......... .......... 93% 1.13M 0s
 14650K .......... .......... .......... .......... .......... 94% 3.23M 0s
 14700K .......... .......... .......... .......... .......... 94% 16.5M 0s
 14750K .......... .......... .......... .......... .......... 94% 2.10M 0s
 14800K .......... .......... .......... .......... .......... 95% 1.73M 0s
 14850K .......... .......... .......... .......... .......... 95% 4.59M 0s
 14900K .......... .......... .......... .......... .......... 95% 16.1M 0s
 14950K .......... .......... .......... .......... .......... 95% 15.2M 0s
 15000K .......... .......... .......... .......... .......... 96% 15.3M 0s
 15050K .......... .......... .......... .......... .......... 96% 3.20M 0s
 15100K .......... .......... .......... .......... .......... 96% 15.6M 0s
 15150K .......... .......... .......... .......... .......... 97% 2.09M 0s
 15200K .......... .......... .......... .......... .......... 97% 2.46M 0s
 15250K .......... .......... .......... .......... .......... 97% 2.57M 0s
 15300K .......... .......... .......... .......... .......... 98% 15.9M 0s
 15350K .......... .......... .......... .......... .......... 98% 2.09M 0s
 15400K .......... .......... .......... .......... .......... 98% 2.92M 0s
 15450K .......... .......... .......... .......... .......... 99% 16.9M 0s
 15500K .......... .......... .......... .......... .......... 99% 1.79M 0s
 15550K .......... .......... .......... .......... .......... 99% 3.80M 0s
 15600K .......... .......... .....                           100% 1.30M=4.1s

2025-12-04 15:38:40 (3.76 MB/s) - ‘/home/cricchetto/Robomaster_WS/build/multirobot_map_merge/2012-01-28-11-12-01.pgm’ saved [16000058/16000058]

