[0.053s] Invoking command in '/home/cricchetto/Robomaster_WS/build/multirobot_map_merge': CMAKE_PREFIX_PATH=/opt/ros/humble /usr/bin/cmake /home/cricchetto/Robomaster_WS/src/m-explore-ros2/map_merge -DCMAKE_INSTALL_PREFIX=/home/cricchetto/Robomaster_WS/install/multirobot_map_merge
[0.351s] -- The C compiler identification is GNU 11.4.0
[0.644s] -- The CXX compiler identification is GNU 11.4.0
[0.691s] -- Detecting C compiler ABI info
[1.083s] -- Detecting C compiler ABI info - done
[1.112s] -- Check for working C compiler: /usr/bin/cc - skipped
[1.115s] -- Detecting C compile features
[1.118s] -- Detecting C compile features - done
[1.140s] -- Detecting CXX compiler ABI info
[1.653s] -- Detecting CXX compiler ABI info - done
[1.684s] -- Check for working CXX compiler: /usr/bin/c++ - skipped
[1.687s] -- Detecting CXX compile features
[1.692s] -- Detecting CXX compile features - done
[1.724s] -- Found ament_cmake: 1.3.12 (/opt/ros/humble/share/ament_cmake/cmake)
[2.782s] -- Found Python3: /usr/bin/python3 (found version "3.10.12") found components: Interpreter 
[3.473s] -- Found rclcpp: 16.0.16 (/opt/ros/humble/share/rclcpp/cmake)
[3.833s] -- Found rosidl_generator_c: 3.1.7 (/opt/ros/humble/share/rosidl_generator_c/cmake)
[3.883s] -- Found rosidl_adapter: 3.1.7 (/opt/ros/humble/share/rosidl_adapter/cmake)
[3.948s] -- Found rosidl_generator_cpp: 3.1.7 (/opt/ros/humble/share/rosidl_generator_cpp/cmake)
[4.027s] -- Using all available rosidl_typesupport_c: rosidl_typesupport_fastrtps_c;rosidl_typesupport_introspection_c
[4.138s] -- Using all available rosidl_typesupport_cpp: rosidl_typesupport_fastrtps_cpp;rosidl_typesupport_introspection_cpp
[4.452s] -- Found rmw_implementation_cmake: 6.1.2 (/opt/ros/humble/share/rmw_implementation_cmake/cmake)
[4.479s] -- Found rmw_fastrtps_cpp: 6.2.9 (/opt/ros/humble/share/rmw_fastrtps_cpp/cmake)
[5.044s] -- Found OpenSSL: /usr/lib/aarch64-linux-gnu/libcrypto.so (found version "3.0.2")  
[5.250s] -- Found FastRTPS: /opt/ros/humble/include  
[5.610s] -- Using RMW implementation 'rmw_fastrtps_cpp' as default
[5.693s] -- Looking for pthread.h
[6.114s] -- Looking for pthread.h - found
[6.116s] -- Performing Test CMAKE_HAVE_LIBC_PTHREAD
[6.547s] -- Performing Test CMAKE_HAVE_LIBC_PTHREAD - Success
[6.551s] -- Found Threads: TRUE  
[7.158s] -- Found geometry_msgs: 4.9.0 (/opt/ros/humble/share/geometry_msgs/cmake)
[7.324s] -- Found image_geometry: 3.2.1 (/opt/ros/humble/share/image_geometry/cmake)
[7.627s] -- Found map_msgs: 2.1.0 (/opt/ros/humble/share/map_msgs/cmake)
[7.888s] -- Found tf2_geometry_msgs: 0.25.17 (/opt/ros/humble/share/tf2_geometry_msgs/cmake)
[8.156s] -- Found eigen3_cmake_module: 0.1.1 (/opt/ros/humble/share/eigen3_cmake_module/cmake)
[8.163s] -- Found Eigen3: TRUE (found version "3.4.0") 
[8.164s] -- Ensuring Eigen3 include directory is part of orocos-kdl CMake target
[10.324s] -- Found Boost: /usr/lib/aarch64-linux-gnu/cmake/Boost-1.74.0/BoostConfig.cmake (found version "1.74.0") found components: thread 
[10.380s] -- Found OpenCV: /usr (found version "4.5.4") 
[10.505s] -- Found ament_lint_auto: 0.12.14 (/opt/ros/humble/share/ament_lint_auto/cmake)
[11.768s] -- Found ament_cmake_gtest: 1.3.12 (/opt/ros/humble/share/ament_cmake_gtest/cmake)
[11.833s] --2025-12-04 15:38:25--  https://raw.githubusercontent.com/hrnr/m-explore-extra/master/map_merge/hector_maps/map00.pgm
[11.861s] Resolving raw.githubusercontent.com (raw.githubusercontent.com)... 185.199.111.133, 185.199.109.133, 185.199.108.133, ...
[11.874s] Connecting to raw.githubusercontent.com (raw.githubusercontent.com)|185.199.111.133|:443... connected.
[12.237s] HTTP request sent, awaiting response... 200 OK
[12.238s] Length: 4194362 (4.0M) [application/octet-stream]
[12.238s] Saving to: ‘/home/cricchetto/Robomaster_WS/build/multirobot_map_merge/map00.pgm’
[12.242s] 
[12.261s]      0K .......... .......... .......... .......... ..........  1% 2.03M 2s
[12.277s]     50K .......... .......... .......... .......... ..........  2% 3.22M 2s
[12.282s]    100K .......... .......... .......... .......... ..........  3% 8.37M 1s
[12.287s]    150K .......... .......... .......... .......... ..........  4% 11.2M 1s
[12.297s]    200K .......... .......... .......... .......... ..........  6% 4.55M 1s
[12.306s]    250K .......... .......... .......... .......... ..........  7% 5.62M 1s
[12.317s]    300K .......... .......... .......... .......... ..........  8% 5.30M 1s
[12.332s]    350K .......... .......... .......... .......... ..........  9% 3.62M 1s
[12.361s]    400K .......... .......... .......... .......... .......... 10% 3.41M 1s
[12.369s]    450K .......... .......... .......... .......... .......... 12% 1.90M 1s
[12.385s]    500K .......... .......... .......... .......... .......... 13% 6.25M 1s
[12.399s]    550K .......... .......... .......... .......... .......... 14% 2.26M 1s
[12.422s]    600K .......... .......... .......... .......... .......... 15% 2.12M 1s
[12.428s]    650K .......... .......... .......... .......... .......... 17% 7.32M 1s
[12.450s]    700K .......... .......... .......... .......... .......... 18% 2.29M 1s
[12.458s]    750K .......... .......... .......... .......... .......... 19% 6.97M 1s
[12.483s]    800K .......... .......... .......... .......... .......... 20% 1.86M 1s
[12.501s]    850K .......... .......... .......... .......... .......... 21% 2.80M 1s
[12.527s]    900K .......... .......... .......... .......... .......... 23% 1.84M 1s
[12.540s]    950K .......... .......... .......... .......... .......... 24% 4.05M 1s
[12.560s]   1000K .......... .......... .......... .......... .......... 25% 2.47M 1s
[12.574s]   1050K .......... .......... .......... .......... .......... 26% 3.52M 1s
[12.600s]   1100K .......... .......... .......... .......... .......... 28% 1.88M 1s
[12.615s]   1150K .......... .......... .......... .......... .......... 29% 3.43M 1s
[12.636s]   1200K .......... .......... .......... .......... .......... 30% 2.18M 1s
[12.667s]   1250K .......... .......... .......... .......... .......... 31% 1.55M 1s
[12.705s]   1300K .......... .......... .......... .......... .......... 32% 1.66M 1s
[12.730s]   1350K .......... .......... .......... .......... .......... 34% 1.51M 1s
[12.746s]   1400K .......... .......... .......... .......... .......... 35% 2.77M 1s
[12.770s]   1450K .......... .......... .......... .......... .......... 36% 2.08M 1s
[12.784s]   1500K .......... .......... .......... .......... .......... 37% 3.78M 1s
[12.812s]   1550K .......... .......... .......... .......... .......... 39% 1.79M 1s
[12.824s]   1600K .......... .......... .......... .......... .......... 40% 3.57M 1s
[12.835s]   1650K .......... .......... .......... .......... .......... 41% 4.08M 1s
[12.851s]   1700K .......... .......... .......... .......... .......... 42% 3.00M 1s
[12.854s]   1750K .......... .......... .......... .......... .......... 43% 17.5M 1s
[12.869s]   1800K .......... .......... .......... .......... .......... 45% 3.21M 1s
[12.879s]   1850K .......... .......... .......... .......... .......... 46% 4.76M 1s
[12.882s]   1900K .......... .......... .......... .......... .......... 47% 17.1M 1s
[12.906s]   1950K .......... .......... .......... .......... .......... 48% 2.34M 1s
[12.917s]   2000K .......... .......... .......... .......... .......... 50% 3.54M 1s
[12.939s]   2050K .......... .......... .......... .......... .......... 51% 2.28M 1s
[12.952s]   2100K .......... .......... .......... .......... .......... 52% 3.90M 1s
[12.974s]   2150K .......... .......... .......... .......... .......... 53% 2.30M 1s
[12.998s]   2200K .......... .......... .......... .......... .......... 54% 1.96M 1s
[13.010s]   2250K .......... .......... .......... .......... .......... 56% 3.98M 1s
[13.038s]   2300K .......... .......... .......... .......... .......... 57% 1.76M 1s
[13.053s]   2350K .......... .......... .......... .......... .......... 58% 3.47M 1s
[13.075s]   2400K .......... .......... .......... .......... .......... 59% 2.09M 1s
[13.090s]   2450K .......... .......... .......... .......... .......... 61% 3.22M 1s
[13.108s]   2500K .......... .......... .......... .......... .......... 62% 2.94M 1s
[13.130s]   2550K .......... .......... .......... .......... .......... 63% 4.29M 1s
[13.144s]   2600K .......... .......... .......... .......... .......... 64% 1.91M 0s
[13.157s]   2650K .......... .......... .......... .......... .......... 65% 3.72M 0s
[13.182s]   2700K .......... .......... .......... .......... .......... 67% 2.03M 0s
[13.195s]   2750K .......... .......... .......... .......... .......... 68% 3.80M 0s
[13.223s]   2800K .......... .......... .......... .......... .......... 69% 1.65M 0s
[13.234s]   2850K .......... .......... .......... .......... .......... 70% 4.53M 0s
[13.260s]   2900K .......... .......... .......... .......... .......... 72% 1.93M 0s
[13.271s]   2950K .......... .......... .......... .......... .......... 73% 4.61M 0s
[13.282s]   3000K .......... .......... .......... .......... .......... 74% 4.09M 0s
[13.306s]   3050K .......... .......... .......... .......... .......... 75% 2.00M 0s
[13.333s]   3100K .......... .......... .......... .......... .......... 76% 1.80M 0s
[13.348s]   3150K .......... .......... .......... .......... .......... 78% 17.1M 0s
[13.351s]   3200K .......... .......... .......... .......... .......... 79% 3.12M 0s
[13.362s]   3250K .......... .......... .......... .......... .......... 80% 4.52M 0s
[13.365s]   3300K .......... .......... .......... .......... .......... 81% 17.8M 0s
[13.378s]   3350K .......... .......... .......... .......... .......... 83% 3.85M 0s
[13.380s]   3400K .......... .......... .......... .......... .......... 84% 16.1M 0s
[13.383s]   3450K .......... .......... .......... .......... .......... 85% 17.5M 0s
[13.386s]   3500K .......... .......... .......... .......... .......... 86% 17.5M 0s
[13.414s]   3550K .......... .......... .......... .......... .......... 87% 1.82M 0s
[13.417s]   3600K .......... .......... .......... .......... .......... 89% 13.3M 0s
[13.419s]   3650K .......... .......... .......... .......... .......... 90% 17.4M 0s
[13.422s]   3700K .......... .......... .......... .......... .......... 91% 17.9M 0s
[13.430s]   3750K .......... .......... .......... .......... .......... 92% 7.17M 0s
[13.442s]   3800K .......... .......... .......... .......... .......... 93% 3.72M 0s
[13.445s]   3850K .......... .......... .......... .......... .......... 95% 16.9M 0s
[13.448s]   3900K .......... .......... .......... .......... .......... 96% 17.4M 0s
[13.451s]   3950K .......... .......... .......... .......... .......... 97% 16.6M 0s
[13.466s]   4000K .......... .......... .......... .......... .......... 98% 3.08M 0s
[13.469s]   4050K .......... .......... .......... .......... ......    100% 19.6M=1.2s
[13.470s] 
[13.470s] 2025-12-04 15:38:27 (3.25 MB/s) - ‘/home/cricchetto/Robomaster_WS/build/multirobot_map_merge/map00.pgm’ saved [4194362/4194362]
[13.470s] 
[13.482s] Checking MD5 sum of /home/cricchetto/Robomaster_WS/build/multirobot_map_merge/map00.pgm
[13.514s] /home/cricchetto/Robomaster_WS/build/multirobot_map_merge/map00.pgm: OK
[13.581s] --2025-12-04 15:38:27--  https://raw.githubusercontent.com/hrnr/m-explore-extra/master/map_merge/hector_maps/map05.pgm
[13.632s] Resolving raw.githubusercontent.com (raw.githubusercontent.com)... 185.199.109.133, 185.199.108.133, 185.199.110.133, ...
[13.646s] Connecting to raw.githubusercontent.com (raw.githubusercontent.com)|185.199.109.133|:443... connected.
[13.997s] HTTP request sent, awaiting response... 200 OK
[13.999s] Length: 4194362 (4.0M) [application/octet-stream]
[13.999s] Saving to: ‘/home/cricchetto/Robomaster_WS/build/multirobot_map_merge/map05.pgm’
[14.001s] 
[14.019s]      0K .......... .......... .......... .......... ..........  1% 2.29M 2s
[14.034s]     50K .......... .......... .......... .......... ..........  2% 3.15M 1s
[14.040s]    100K .......... .......... .......... .......... ..........  3% 8.64M 1s
[14.049s]    150K .......... .......... .......... .......... ..........  4% 5.17M 1s
[14.061s]    200K .......... .......... .......... .......... ..........  6% 4.73M 1s
[14.074s]    250K .......... .......... .......... .......... ..........  7% 3.62M 1s
[14.090s]    300K .......... .......... .......... .......... ..........  8% 4.01M 1s
[14.100s]    350K .......... .......... .......... .......... ..........  9% 3.35M 1s
[14.114s]    400K .......... .......... .......... .......... .......... 10% 3.93M 1s
[14.125s]    450K .......... .......... .......... .......... .......... 12% 4.24M 1s
[14.139s]    500K .......... .......... .......... .......... .......... 13% 3.91M 1s
[14.152s]    550K .......... .......... .......... .......... .......... 14% 3.15M 1s
[14.165s]    600K .......... .......... .......... .......... .......... 15% 4.36M 1s
[14.177s]    650K .......... .......... .......... .......... .......... 17% 3.86M 1s
[14.196s]    700K .......... .......... .......... .......... .......... 18% 2.78M 1s
[14.206s]    750K .......... .......... .......... .......... .......... 19% 5.80M 1s
[14.217s]    800K .......... .......... .......... .......... .......... 20% 3.47M 1s
[14.231s]    850K .......... .......... .......... .......... .......... 21% 3.43M 1s
[14.247s]    900K .......... .......... .......... .......... .......... 23% 5.82M 1s
[14.254s]    950K .......... .......... .......... .......... .......... 24% 3.16M 1s
[14.269s]   1000K .......... .......... .......... .......... .......... 25% 3.23M 1s
[14.277s]   1050K .......... .......... .......... .......... .......... 26% 6.84M 1s
[14.291s]   1100K .......... .......... .......... .......... .......... 28% 3.73M 1s
[14.307s]   1150K .......... .......... .......... .......... .......... 29% 2.90M 1s
[14.313s]   1200K .......... .......... .......... .......... .......... 30% 7.13M 1s
[14.328s]   1250K .......... .......... .......... .......... .......... 31% 3.47M 1s
[14.342s]   1300K .......... .......... .......... .......... .......... 32% 3.63M 1s
[14.356s]   1350K .......... .......... .......... .......... .......... 34% 3.16M 1s
[14.363s]   1400K .......... .......... .......... .......... .......... 35% 6.88M 1s
[14.370s]   1450K .......... .......... .......... .......... .......... 36% 7.17M 1s
[14.378s]   1500K .......... .......... .......... .......... .......... 37% 7.03M 1s
[14.385s]   1550K .......... .......... .......... .......... .......... 39% 5.76M 1s
[14.393s]   1600K .......... .......... .......... .......... .......... 40% 6.94M 1s
[14.400s]   1650K .......... .......... .......... .......... .......... 41% 6.79M 1s
[14.407s]   1700K .......... .......... .......... .......... .......... 42% 6.97M 1s
[14.414s]   1750K .......... .......... .......... .......... .......... 43% 6.35M 1s
[14.421s]   1800K .......... .......... .......... .......... .......... 45% 6.99M 1s
[14.428s]   1850K .......... .......... .......... .......... .......... 46% 7.17M 0s
[14.436s]   1900K .......... .......... .......... .......... .......... 47% 7.19M 0s
[14.443s]   1950K .......... .......... .......... .......... .......... 48% 6.04M 0s
[14.451s]   2000K .......... .......... .......... .......... .......... 50% 7.00M 0s
[14.458s]   2050K .......... .......... .......... .......... .......... 51% 6.67M 0s
[14.467s]   2100K .......... .......... .......... .......... .......... 52% 5.98M 0s
[14.479s]   2150K .......... .......... .......... .......... .......... 53% 3.65M 0s
[14.492s]   2200K .......... .......... .......... .......... .......... 54% 3.96M 0s
[14.504s]   2250K .......... .......... .......... .......... .......... 56% 4.17M 0s
[14.517s]   2300K .......... .......... .......... .......... .......... 57% 3.88M 0s
[14.530s]   2350K .......... .......... .......... .......... .......... 58% 3.58M 0s
[14.543s]   2400K .......... .......... .......... .......... .......... 59% 3.68M 0s
[14.553s]   2450K .......... .......... .......... .......... .......... 61% 4.94M 0s
[14.566s]   2500K .......... .......... .......... .......... .......... 62% 4.03M 0s
[14.580s]   2550K .......... .......... .......... .......... .......... 63% 3.31M 0s
[14.590s]   2600K .......... .......... .......... .......... .......... 64% 4.59M 0s
[14.602s]   2650K .......... .......... .......... .......... .......... 65% 4.12M 0s
[14.615s]   2700K .......... .......... .......... .......... .......... 67% 4.12M 0s
[14.627s]   2750K .......... .......... .......... .......... .......... 68% 3.78M 0s
[14.639s]   2800K .......... .......... .......... .......... .......... 69% 4.17M 0s
[14.650s]   2850K .......... .......... .......... .......... .......... 70% 4.35M 0s
[14.662s]   2900K .......... .......... .......... .......... .......... 72% 4.29M 0s
[14.686s]   2950K .......... .......... .......... .......... .......... 73% 1.93M 0s
[14.714s]   3000K .......... .......... .......... .......... .......... 74% 1.76M 0s
[14.731s]   3050K .......... .......... .......... .......... .......... 75% 2.84M 0s
[14.751s]   3100K .......... .......... .......... .......... .......... 76% 2.66M 0s
[14.777s]   3150K .......... .......... .......... .......... .......... 78% 2.09M 0s
[14.791s]   3200K .......... .......... .......... .......... .......... 79% 2.91M 0s
[14.805s]   3250K .......... .......... .......... .......... .......... 80% 3.30M 0s
[14.821s]   3300K .......... .......... .......... .......... .......... 81% 3.24M 0s
[14.837s]   3350K .......... .......... .......... .......... .......... 83% 2.91M 0s
[14.860s]   3400K .......... .......... .......... .......... .......... 84% 2.24M 0s
[14.897s]   3450K .......... .......... .......... .......... .......... 85% 1.29M 0s
[14.934s]   3500K .......... .......... .......... .......... .......... 86% 1.35M 0s
[14.962s]   3550K .......... .......... .......... .......... .......... 87% 1.95M 0s
[14.973s]   3600K .......... .......... .......... .......... .......... 89% 3.01M 0s
[14.976s]   3650K .......... .......... .......... .......... .......... 90% 15.2M 0s
[14.979s]   3700K .......... .......... .......... .......... .......... 91% 16.0M 0s
[14.990s]   3750K .......... .......... .......... .......... .......... 92% 4.49M 0s
[15.004s]   3800K .......... .......... .......... .......... .......... 93% 3.28M 0s
[15.007s]   3850K .......... .......... .......... .......... .......... 95% 17.5M 0s
[15.011s]   3900K .......... .......... .......... .......... .......... 96% 16.6M 0s
[15.014s]   3950K .......... .......... .......... .......... .......... 97% 13.2M 0s
[15.018s]   4000K .......... .......... .......... .......... .......... 98% 14.7M 0s
[15.022s]   4050K .......... .......... .......... .......... ......    100% 16.9M=1.0s
[15.023s] 
[15.024s] 2025-12-04 15:38:28 (3.91 MB/s) - ‘/home/cricchetto/Robomaster_WS/build/multirobot_map_merge/map05.pgm’ saved [4194362/4194362]
[15.024s] 
[15.033s] Checking MD5 sum of /home/cricchetto/Robomaster_WS/build/multirobot_map_merge/map05.pgm
[15.114s] /home/cricchetto/Robomaster_WS/build/multirobot_map_merge/map05.pgm: OK
[15.188s] --2025-12-04 15:38:29--  https://raw.githubusercontent.com/hrnr/m-explore-extra/master/map_merge/gmapping_maps/2011-08-09-12-22-52.pgm
[15.201s] Resolving raw.githubusercontent.com (raw.githubusercontent.com)... 185.199.111.133, 185.199.108.133, 185.199.110.133, ...
[15.216s] Connecting to raw.githubusercontent.com (raw.githubusercontent.com)|185.199.111.133|:443... connected.
[15.948s] HTTP request sent, awaiting response... 200 OK
[15.949s] Length: 16000058 (15M) [application/octet-stream]
[15.950s] Saving to: ‘/home/cricchetto/Robomaster_WS/build/multirobot_map_merge/2011-08-09-12-22-52.pgm’
[15.954s] 
[15.974s]      0K .......... .......... .......... .......... ..........  0% 2.05M 7s
[15.990s]     50K .......... .......... .......... .......... ..........  0% 2.83M 6s
[16.000s]    100K .......... .......... .......... .......... ..........  0% 4.76M 5s
[16.018s]    150K .......... .......... .......... .......... ..........  1% 3.55M 5s
[16.038s]    200K .......... .......... .......... .......... ..........  1% 2.10M 5s
[16.050s]    250K .......... .......... .......... .......... ..........  1% 3.78M 5s
[16.062s]    300K .......... .......... .......... .......... ..........  2% 3.99M 5s
[16.077s]    350K .......... .......... .......... .......... ..........  2% 4.11M 5s
[16.088s]    400K .......... .......... .......... .......... ..........  2% 3.35M 5s
[16.102s]    450K .......... .......... .......... .......... ..........  3% 4.07M 5s
[16.114s]    500K .......... .......... .......... .......... ..........  3% 3.97M 5s
[16.124s]    550K .......... .......... .......... .......... ..........  3% 4.55M 4s
[16.135s]    600K .......... .......... .......... .......... ..........  4% 4.45M 4s
[16.147s]    650K .......... .......... .......... .......... ..........  4% 3.97M 4s
[16.158s]    700K .......... .......... .......... .......... ..........  4% 4.52M 4s
[16.174s]    750K .......... .......... .......... .......... ..........  5% 3.59M 4s
[16.184s]    800K .......... .......... .......... .......... ..........  5% 4.01M 4s
[16.195s]    850K .......... .......... .......... .......... ..........  5% 4.53M 4s
[16.224s]    900K .......... .......... .......... .......... ..........  6% 1.88M 4s
[16.235s]    950K .......... .......... .......... .......... ..........  6% 3.57M 4s
[16.266s]   1000K .......... .......... .......... .......... ..........  6% 1.94M 4s
[16.275s]   1050K .......... .......... .......... .......... ..........  7% 2.94M 4s
[16.291s]   1100K .......... .......... .......... .......... ..........  7% 3.17M 4s
[16.314s]   1150K .......... .......... .......... .......... ..........  7% 2.30M 4s
[16.328s]   1200K .......... .......... .......... .......... ..........  7% 3.16M 4s
[16.352s]   1250K .......... .......... .......... .......... ..........  8% 2.38M 4s
[16.372s]   1300K .......... .......... .......... .......... ..........  8% 2.10M 4s
[16.387s]   1350K .......... .......... .......... .......... ..........  8% 3.22M 4s
[16.402s]   1400K .......... .......... .......... .......... ..........  9% 3.18M 4s
[16.420s]   1450K .......... .......... .......... .......... ..........  9% 2.66M 4s
[16.434s]   1500K .......... .......... .......... .......... ..........  9% 3.64M 4s
[16.454s]   1550K .......... .......... .......... .......... .......... 10% 2.67M 4s
[16.461s]   1600K .......... .......... .......... .......... .......... 10% 5.61M 4s
[16.469s]   1650K .......... .......... .......... .......... .......... 10% 6.86M 4s
[16.487s]   1700K .......... .......... .......... .......... .......... 11% 2.55M 4s
[16.495s]   1750K .......... .......... .......... .......... .......... 11% 6.56M 4s
[16.512s]   1800K .......... .......... .......... .......... .......... 11% 2.77M 4s
[16.542s]   1850K .......... .......... .......... .......... .......... 12% 1.64M 4s
[16.558s]   1900K .......... .......... .......... .......... .......... 12% 2.91M 4s
[16.566s]   1950K .......... .......... .......... .......... .......... 12% 6.65M 4s
[16.598s]   2000K .......... .......... .......... .......... .......... 13% 1.55M 4s
[16.617s]   2050K .......... .......... .......... .......... .......... 13% 2.62M 4s
[16.642s]   2100K .......... .......... .......... .......... .......... 13% 2.02M 4s
[16.694s]   2150K .......... .......... .......... .......... .......... 14% 1.56M 4s
[16.708s]   2200K .......... .......... .......... .......... .......... 14% 1.36M 5s
[16.717s]   2250K .......... .......... .......... .......... .......... 14% 5.19M 4s
[16.729s]   2300K .......... .......... .......... .......... .......... 15% 4.14M 4s
[16.750s]   2350K .......... .......... .......... .......... .......... 15% 2.59M 4s
[16.757s]   2400K .......... .......... .......... .......... .......... 15% 5.59M 4s
[16.770s]   2450K .......... .......... .......... .......... .......... 15% 3.71M 4s
[16.785s]   2500K .......... .......... .......... .......... .......... 16% 3.32M 4s
[16.806s]   2550K .......... .......... .......... .......... .......... 16% 5.21M 4s
[16.813s]   2600K .......... .......... .......... .......... .......... 16% 2.52M 4s
[16.820s]   2650K .......... .......... .......... .......... .......... 17% 7.04M 4s
[16.836s]   2700K .......... .......... .......... .......... .......... 17% 3.02M 4s
[16.845s]   2750K .......... .......... .......... .......... .......... 17% 6.63M 4s
[16.857s]   2800K .......... .......... .......... .......... .......... 18% 4.27M 4s
[16.870s]   2850K .......... .......... .......... .......... .......... 18% 4.17M 4s
[16.881s]   2900K .......... .......... .......... .......... .......... 18% 3.36M 4s
[16.893s]   2950K .......... .......... .......... .......... .......... 19% 4.79M 4s
[16.908s]   3000K .......... .......... .......... .......... .......... 19% 2.94M 4s
[16.918s]   3050K .......... .......... .......... .......... .......... 19% 4.85M 4s
[16.931s]   3100K .......... .......... .......... .......... .......... 20% 3.66M 4s
[16.947s]   3150K .......... .......... .......... .......... .......... 20% 3.54M 4s
[16.964s]   3200K .......... .......... .......... .......... .......... 20% 2.63M 4s
[16.973s]   3250K .......... .......... .......... .......... .......... 21% 5.70M 4s
[16.983s]   3300K .......... .......... .......... .......... .......... 21% 5.63M 4s
[17.006s]   3350K .......... .......... .......... .......... .......... 21% 2.00M 4s
[17.023s]   3400K .......... .......... .......... .......... .......... 22% 2.79M 4s
[17.039s]   3450K .......... .......... .......... .......... .......... 22% 3.21M 4s
[17.061s]   3500K .......... .......... .......... .......... .......... 22% 3.35M 4s
[17.096s]   3550K .......... .......... .......... .......... .......... 23% 1.22M 4s
[17.141s]   3600K .......... .......... .......... .......... .......... 23% 1.39M 4s
[17.144s]   3650K .......... .......... .......... .......... .......... 23% 3.00M 4s
[17.163s]   3700K .......... .......... .......... .......... .......... 23% 2.56M 4s
[17.166s]   3750K .......... .......... .......... .......... .......... 24% 16.1M 4s
[17.169s]   3800K .......... .......... .......... .......... .......... 24% 14.5M 4s
[17.173s]   3850K .......... .......... .......... .......... .......... 24% 16.2M 4s
[17.215s]   3900K .......... .......... .......... .......... .......... 25% 1.13M 4s
[17.219s]   3950K .......... .......... .......... .......... .......... 25% 16.2M 4s
[17.236s]   4000K .......... .......... .......... .......... .......... 25% 2.93M 4s
[17.263s]   4050K .......... .......... .......... .......... .......... 26% 1.84M 4s
[17.277s]   4100K .......... .......... .......... .......... .......... 26% 4.48M 4s
[17.288s]   4150K .......... .......... .......... .......... .......... 26% 3.30M 4s
[17.341s]   4200K .......... .......... .......... .......... .......... 27% 1.24M 4s
[17.356s]   4250K .......... .......... .......... .......... .......... 27% 1.77M 4s
[17.388s]   4300K .......... .......... .......... .......... .......... 27% 1.52M 4s
[17.406s]   4350K .......... .......... .......... .......... .......... 28% 2.90M 4s
[17.419s]   4400K .......... .......... .......... .......... .......... 28% 3.16M 4s
[17.456s]   4450K .......... .......... .......... .......... .......... 28% 1.35M 4s
[17.490s]   4500K .......... .......... .......... .......... .......... 29% 1.90M 4s
[17.521s]   4550K .......... .......... .......... .......... .......... 29% 1.47M 4s
[17.539s]   4600K .......... .......... .......... .......... .......... 29% 1.94M 4s
[17.548s]   4650K .......... .......... .......... .......... .......... 30% 6.16M 4s
[17.564s]   4700K .......... .......... .......... .......... .......... 30% 2.98M 4s
[17.581s]   4750K .......... .......... .......... .......... .......... 30% 3.25M 4s
[17.600s]   4800K .......... .......... .......... .......... .......... 31% 2.60M 4s
[17.637s]   4850K .......... .......... .......... .......... .......... 31% 1.27M 4s
[17.648s]   4900K .......... .......... .......... .......... .......... 31% 3.90M 4s
[17.702s]   4950K .......... .......... .......... .......... .......... 31% 1.14M 4s
[17.726s]   5000K .......... .......... .......... .......... .......... 32% 1.41M 4s
[17.738s]   5050K .......... .......... .......... .......... .......... 32% 3.93M 4s
[17.754s]   5100K .......... .......... .......... .......... .......... 32% 3.13M 4s
[17.775s]   5150K .......... .......... .......... .......... .......... 33% 2.82M 4s
[17.792s]   5200K .......... .......... .......... .......... .......... 33% 2.50M 4s
[17.807s]   5250K .......... .......... .......... .......... .......... 33% 3.01M 4s
[17.824s]   5300K .......... .......... .......... .......... .......... 34% 3.20M 4s
[17.840s]   5350K .......... .......... .......... .......... .......... 34% 2.90M 4s
[17.855s]   5400K .......... .......... .......... .......... .......... 34% 2.99M 4s
[17.875s]   5450K .......... .......... .......... .......... .......... 35% 2.52M 4s
[17.891s]   5500K .......... .......... .......... .......... .......... 35% 3.18M 4s
[17.911s]   5550K .......... .......... .......... .......... .......... 35% 2.74M 4s
[17.925s]   5600K .......... .......... .......... .......... .......... 36% 2.82M 3s
[17.943s]   5650K .......... .......... .......... .......... .......... 36% 2.88M 3s
[17.959s]   5700K .......... .......... .......... .......... .......... 36% 3.15M 3s
[17.976s]   5750K .......... .......... .......... .......... .......... 37% 2.83M 3s
[17.992s]   5800K .......... .......... .......... .......... .......... 37% 2.82M 3s
[18.008s]   5850K .......... .......... .......... .......... .......... 37% 3.41M 3s
[18.023s]   5900K .......... .......... .......... .......... .......... 38% 3.35M 3s
[18.039s]   5950K .......... .......... .......... .......... .......... 38% 3.26M 3s
[18.049s]   6000K .......... .......... .......... .......... .......... 38% 3.79M 3s
[18.059s]   6050K .......... .......... .......... .......... .......... 39% 4.80M 3s
[18.068s]   6100K .......... .......... .......... .......... .......... 39% 5.71M 3s
[18.076s]   6150K .......... .......... .......... .......... .......... 39% 6.01M 3s
[18.086s]   6200K .......... .......... .......... .......... .......... 39% 5.38M 3s
[18.103s]   6250K .......... .......... .......... .......... .......... 40% 2.60M 3s
[18.117s]   6300K .......... .......... .......... .......... .......... 40% 3.91M 3s
[18.138s]   6350K .......... .......... .......... .......... .......... 40% 2.42M 3s
[18.164s]   6400K .......... .......... .......... .......... .......... 41% 1.80M 3s
[18.171s]   6450K .......... .......... .......... .......... .......... 41% 6.80M 3s
[18.192s]   6500K .......... .......... .......... .......... .......... 41% 2.36M 3s
[18.221s]   6550K .......... .......... .......... .......... .......... 42% 5.29M 3s
[18.230s]   6600K .......... .......... .......... .......... .......... 42% 1.66M 3s
[18.245s]   6650K .......... .......... .......... .......... .......... 42% 3.36M 3s
[18.260s]   6700K .......... .......... .......... .......... .......... 43% 3.09M 3s
[18.273s]   6750K .......... .......... .......... .......... .......... 43% 4.96M 3s
[18.315s]   6800K .......... .......... .......... .......... .......... 43% 1.11M 3s
[18.332s]   6850K .......... .......... .......... .......... .......... 44% 3.08M 3s
[18.352s]   6900K .......... .......... .......... .......... .......... 44% 2.30M 3s
[18.370s]   6950K .......... .......... .......... .......... .......... 44% 2.62M 3s
[18.377s]   7000K .......... .......... .......... .......... .......... 45% 6.50M 3s
[18.380s]   7050K .......... .......... .......... .......... .......... 45% 15.2M 3s
[18.421s]   7100K .......... .......... .......... .......... .......... 45% 1.63M 3s
[18.431s]   7150K .......... .......... .......... .......... .......... 46% 2.53M 3s
[18.447s]   7200K .......... .......... .......... .......... .......... 46% 2.88M 3s
[18.464s]   7250K .......... .......... .......... .......... .......... 46% 3.06M 3s
[18.480s]   7300K .......... .......... .......... .......... .......... 47% 2.91M 3s
[18.495s]   7350K .......... .......... .......... .......... .......... 47% 3.46M 3s
[18.520s]   7400K .......... .......... .......... .......... .......... 47% 1.90M 3s
[18.526s]   7450K .......... .......... .......... .......... .......... 47% 7.08M 3s
[18.551s]   7500K .......... .......... .......... .......... .......... 48% 2.00M 3s
[18.560s]   7550K .......... .......... .......... .......... .......... 48% 6.92M 3s
[18.566s]   7600K .......... .......... .......... .......... .......... 48% 5.84M 3s
[18.573s]   7650K .......... .......... .......... .......... .......... 49% 6.60M 3s
[18.603s]   7700K .......... .......... .......... .......... .......... 49% 1.64M 3s
[18.611s]   7750K .......... .......... .......... .......... .......... 49% 6.66M 3s
[18.648s]   7800K .......... .......... .......... .......... .......... 50% 1.33M 3s
[18.685s]   7850K .......... .......... .......... .......... .......... 50% 1.39M 3s
[18.702s]   7900K .......... .......... .......... .......... .......... 50% 2.74M 3s
[18.723s]   7950K .......... .......... .......... .......... .......... 51% 2.62M 3s
[18.737s]   8000K .......... .......... .......... .......... .......... 51% 2.68M 3s
[18.752s]   8050K .......... .......... .......... .......... .......... 51% 3.37M 3s
[18.769s]   8100K .......... .......... .......... .......... .......... 52% 3.07M 3s
[18.784s]   8150K .......... .......... .......... .......... .......... 52% 3.44M 3s
[18.800s]   8200K .......... .......... .......... .......... .......... 52% 2.68M 3s
[18.818s]   8250K .......... .......... .......... .......... .......... 53% 2.89M 3s
[18.835s]   8300K .......... .......... .......... .......... .......... 53% 2.93M 3s
[18.855s]   8350K .......... .......... .......... .......... .......... 53% 2.82M 2s
[18.875s]   8400K .......... .......... .......... .......... .......... 54% 1.99M 2s
[18.895s]   8450K .......... .......... .......... .......... .......... 54% 2.68M 2s
[18.912s]   8500K .......... .......... .......... .......... .......... 54% 2.91M 2s
[18.930s]   8550K .......... .......... .......... .......... .......... 55% 2.75M 2s
[18.947s]   8600K .......... .......... .......... .......... .......... 55% 2.54M 2s
[18.963s]   8650K .......... .......... .......... .......... .......... 55% 3.09M 2s
[18.980s]   8700K .......... .......... .......... .......... .......... 55% 3.16M 2s
[18.997s]   8750K .......... .......... .......... .......... .......... 56% 2.98M 2s
[19.015s]   8800K .......... .......... .......... .......... .......... 56% 2.52M 2s
[19.032s]   8850K .......... .......... .......... .......... .......... 56% 3.23M 2s
[19.050s]   8900K .......... .......... .......... .......... .......... 57% 2.54M 2s
[19.068s]   8950K .......... .......... .......... .......... .......... 57% 3.06M 2s
[19.084s]   9000K .......... .......... .......... .......... .......... 57% 2.60M 2s
[19.099s]   9050K .......... .......... .......... .......... .......... 58% 3.20M 2s
[19.116s]   9100K .......... .......... .......... .......... .......... 58% 3.11M 2s
[19.127s]   9150K .......... .......... .......... .......... .......... 58% 4.75M 2s
[19.135s]   9200K .......... .......... .......... .......... .......... 59% 4.93M 2s
[19.145s]   9250K .......... .......... .......... .......... .......... 59% 5.11M 2s
[19.155s]   9300K .......... .......... .......... .......... .......... 59% 5.19M 2s
[19.164s]   9350K .......... .......... .......... .......... .......... 60% 5.60M 2s
[19.175s]   9400K .......... .......... .......... .......... .......... 60% 3.96M 2s
[19.184s]   9450K .......... .......... .......... .......... .......... 60% 5.62M 2s
[19.196s]   9500K .......... .......... .......... .......... .......... 61% 4.12M 2s
[19.214s]   9550K .......... .......... .......... .......... .......... 61% 3.13M 2s
[19.229s]   9600K .......... .......... .......... .......... .......... 61% 2.77M 2s
[19.247s]   9650K .......... .......... .......... .......... .......... 62% 2.96M 2s
[19.263s]   9700K .......... .......... .......... .......... .......... 62% 3.04M 2s
[19.289s]   9750K .......... .......... .......... .......... .......... 62% 2.55M 2s
[19.305s]   9800K .......... .......... .......... .......... .......... 63% 2.00M 2s
[19.320s]   9850K .......... .......... .......... .......... .......... 63% 3.25M 2s
[19.337s]   9900K .......... .......... .......... .......... .......... 63% 2.91M 2s
[19.364s]   9950K .......... .......... .......... .......... .......... 63% 1.90M 2s
[19.371s]  10000K .......... .......... .......... .......... .......... 64% 5.50M 2s
[19.394s]  10050K .......... .......... .......... .......... .......... 64% 2.16M 2s
[19.411s]  10100K .......... .......... .......... .......... .......... 64% 2.88M 2s
[19.428s]  10150K .......... .......... .......... .......... .......... 65% 2.89M 2s
[19.443s]  10200K .......... .......... .......... .......... .......... 65% 3.20M 2s
[19.466s]  10250K .......... .......... .......... .......... .......... 65% 2.09M 2s
[19.474s]  10300K .......... .......... .......... .......... .......... 66% 6.32M 2s
[19.500s]  10350K .......... .......... .......... .......... .......... 66% 2.02M 2s
[19.516s]  10400K .......... .......... .......... .......... .......... 66% 5.37M 2s
[19.530s]  10450K .......... .......... .......... .......... .......... 67% 2.14M 2s
[19.550s]  10500K .......... .......... .......... .......... .......... 67% 2.92M 2s
[19.567s]  10550K .......... .......... .......... .......... .......... 67% 2.52M 2s
[19.584s]  10600K .......... .......... .......... .......... .......... 68% 2.77M 2s
[19.596s]  10650K .......... .......... .......... .......... .......... 68% 3.65M 2s
[19.610s]  10700K .......... .......... .......... .......... .......... 68% 3.63M 2s
[19.634s]  10750K .......... .......... .......... .......... .......... 69% 2.11M 2s
[19.665s]  10800K .......... .......... .......... .......... .......... 69% 2.45M 2s
[19.681s]  10850K .......... .......... .......... .......... .......... 69% 2.60M 2s
[19.696s]  10900K .......... .......... .......... .......... .......... 70% 2.12M 2s
[19.710s]  10950K .......... .......... .......... .......... .......... 70% 6.64M 2s
[19.722s]  11000K .......... .......... .......... .......... .......... 70% 2.48M 2s
[19.745s]  11050K .......... .......... .......... .......... .......... 71% 2.15M 2s
[19.761s]  11100K .......... .......... .......... .......... .......... 71% 5.72M 2s
[19.781s]  11150K .......... .......... .......... .......... .......... 71% 2.01M 2s
[19.799s]  11200K .......... .......... .......... .......... .......... 71% 2.39M 1s
[19.818s]  11250K .......... .......... .......... .......... .......... 72% 2.64M 1s
[19.850s]  11300K .......... .......... .......... .......... .......... 72% 1.52M 1s
[19.865s]  11350K .......... .......... .......... .......... .......... 72% 3.28M 1s
[19.883s]  11400K .......... .......... .......... .......... .......... 73% 2.62M 1s
[19.897s]  11450K .......... .......... .......... .......... .......... 73% 3.52M 1s
[19.911s]  11500K .......... .......... .......... .......... .......... 73% 3.43M 1s
[19.926s]  11550K .......... .......... .......... .......... .......... 74% 3.64M 1s
[19.939s]  11600K .......... .......... .......... .......... .......... 74% 3.39M 1s
[19.970s]  11650K .......... .......... .......... .......... .......... 74% 3.32M 1s
[19.989s]  11700K .......... .......... .......... .......... .......... 75% 1.38M 1s
[20.025s]  11750K .......... .......... .......... .......... .......... 75% 1.39M 1s
[20.050s]  11800K .......... .......... .......... .......... .......... 75% 1.88M 1s
[20.065s]  11850K .......... .......... .......... .......... .......... 76% 3.28M 1s
[20.092s]  11900K .......... .......... .......... .......... .......... 76% 1.88M 1s
[20.107s]  11950K .......... .......... .......... .......... .......... 76% 3.46M 1s
[20.131s]  12000K .......... .......... .......... .......... .......... 77% 1.87M 1s
[20.146s]  12050K .......... .......... .......... .......... .......... 77% 3.30M 1s
[20.166s]  12100K .......... .......... .......... .......... .......... 77% 3.55M 1s
[20.187s]  12150K .......... .......... .......... .......... .......... 78% 2.22M 1s
[20.207s]  12200K .......... .......... .......... .......... .......... 78% 1.93M 1s
[20.235s]  12250K .......... .......... .......... .......... .......... 78% 1.78M 1s
[20.250s]  12300K .......... .......... .......... .......... .......... 79% 3.30M 1s
[20.275s]  12350K .......... .......... .......... .......... .......... 79% 2.06M 1s
[20.303s]  12400K .......... .......... .......... .......... .......... 79% 1.66M 1s
[20.318s]  12450K .......... .......... .......... .......... .......... 79% 3.13M 1s
[20.347s]  12500K .......... .......... .......... .......... .......... 80% 1.71M 1s
[20.362s]  12550K .......... .......... .......... .......... .......... 80% 3.29M 1s
[20.386s]  12600K .......... .......... .......... .......... .......... 80% 1.94M 1s
[20.403s]  12650K .......... .......... .......... .......... .......... 81% 3.10M 1s
[20.432s]  12700K .......... .......... .......... .......... .......... 81% 1.72M 1s
[20.451s]  12750K .......... .......... .......... .......... .......... 81% 2.80M 1s
[20.477s]  12800K .......... .......... .......... .......... .......... 82% 1.73M 1s
[20.501s]  12850K .......... .......... .......... .......... .......... 82% 2.01M 1s
[20.517s]  12900K .......... .......... .......... .......... .......... 82% 3.16M 1s
[20.557s]  12950K .......... .......... .......... .......... .......... 83% 1.27M 1s
[20.587s]  13000K .......... .......... .......... .......... .......... 83% 1.49M 1s
[20.613s]  13050K .......... .......... .......... .......... .......... 83% 3.14M 1s
[20.629s]  13100K .......... .......... .......... .......... .......... 84% 1.95M 1s
[20.644s]  13150K .......... .......... .......... .......... .......... 84% 3.37M 1s
[20.663s]  13200K .......... .......... .......... .......... .......... 84% 2.43M 1s
[20.681s]  13250K .......... .......... .......... .......... .......... 85% 2.78M 1s
[20.696s]  13300K .......... .......... .......... .......... .......... 85% 3.20M 1s
[20.710s]  13350K .......... .......... .......... .......... .......... 85% 3.72M 1s
[20.726s]  13400K .......... .......... .......... .......... .......... 86% 2.80M 1s
[20.741s]  13450K .......... .......... .......... .......... .......... 86% 3.42M 1s
[20.758s]  13500K .......... .......... .......... .......... .......... 86% 2.91M 1s
[20.777s]  13550K .......... .......... .......... .......... .......... 87% 2.71M 1s
[20.795s]  13600K .......... .......... .......... .......... .......... 87% 2.56M 1s
[20.813s]  13650K .......... .......... .......... .......... .......... 87% 2.70M 1s
[20.828s]  13700K .......... .......... .......... .......... .......... 87% 3.26M 1s
[20.844s]  13750K .......... .......... .......... .......... .......... 88% 3.22M 1s
[20.860s]  13800K .......... .......... .......... .......... .......... 88% 2.73M 1s
[20.877s]  13850K .......... .......... .......... .......... .......... 88% 2.89M 1s
[20.892s]  13900K .......... .......... .......... .......... .......... 89% 3.46M 1s
[20.908s]  13950K .......... .......... .......... .......... .......... 89% 3.29M 1s
[20.922s]  14000K .......... .......... .......... .......... .......... 89% 2.93M 1s
[20.942s]  14050K .......... .......... .......... .......... .......... 90% 2.35M 1s
[20.949s]  14100K .......... .......... .......... .......... .......... 90% 7.05M 1s
[20.952s]  14150K .......... .......... .......... .......... .......... 90% 16.3M 1s
[20.959s]  14200K .......... .......... .......... .......... .......... 91% 9.25M 0s
[20.966s]  14250K .......... .......... .......... .......... .......... 91% 6.22M 0s
[20.974s]  14300K .......... .......... .......... .......... .......... 91% 6.13M 0s
[20.983s]  14350K .......... .......... .......... .......... .......... 92% 6.53M 0s
[20.991s]  14400K .......... .......... .......... .......... .......... 92% 5.56M 0s
[21.006s]  14450K .......... .......... .......... .......... .......... 92% 5.82M 0s
[21.025s]  14500K .......... .......... .......... .......... .......... 93% 1.95M 0s
[21.054s]  14550K .......... .......... .......... .......... .......... 93% 1.59M 0s
[21.062s]  14600K .......... .......... .......... .......... .......... 93% 8.08M 0s
[21.083s]  14650K .......... .......... .......... .......... .......... 94% 2.21M 0s
[21.097s]  14700K .......... .......... .......... .......... .......... 94% 3.59M 0s
[21.112s]  14750K .......... .......... .......... .......... .......... 94% 3.59M 0s
[21.143s]  14800K .......... .......... .......... .......... .......... 95% 1.52M 0s
[21.174s]  14850K .......... .......... .......... .......... .......... 95% 1.73M 0s
[21.188s]  14900K .......... .......... .......... .......... .......... 95% 2.80M 0s
[21.237s]  14950K .......... .......... .......... .......... .......... 95% 2.92M 0s
[21.237s]  15000K .......... .......... .......... .......... .......... 96% 1.72M 0s
[21.238s]  15050K .......... .......... .......... .......... .......... 96% 15.1M 0s
[21.259s]  15100K .......... .......... .......... .......... .......... 96% 2.19M 0s
[21.275s]  15150K .......... .......... .......... .......... .......... 97% 3.29M 0s
[21.303s]  15200K .......... .......... .......... .......... .......... 97% 1.68M 0s
[21.316s]  15250K .......... .......... .......... .......... .......... 97% 3.59M 0s
[21.330s]  15300K .......... .......... .......... .......... .......... 98% 3.70M 0s
[21.358s]  15350K .......... .......... .......... .......... .......... 98% 4.56M 0s
[21.359s]  15400K .......... .......... .......... .......... .......... 98% 5.94M 0s
[21.360s]  15450K .......... .......... .......... .......... .......... 99% 5.06M 0s
[21.365s]  15500K .......... .......... .......... .......... .......... 99% 6.65M 0s
[21.373s]  15550K .......... .......... .......... .......... .......... 99% 6.70M 0s
[21.379s]  15600K .......... .......... .....                           100% 5.31M=5.4s
[21.380s] 
[21.381s] 2025-12-04 15:38:35 (2.81 MB/s) - ‘/home/cricchetto/Robomaster_WS/build/multirobot_map_merge/2011-08-09-12-22-52.pgm’ saved [16000058/16000058]
[21.381s] 
[21.384s] Checking MD5 sum of /home/cricchetto/Robomaster_WS/build/multirobot_map_merge/2011-08-09-12-22-52.pgm
[21.543s] /home/cricchetto/Robomaster_WS/build/multirobot_map_merge/2011-08-09-12-22-52.pgm: OK
[21.608s] --2025-12-04 15:38:35--  https://raw.githubusercontent.com/hrnr/m-explore-extra/master/map_merge/gmapping_maps/2012-01-28-11-12-01.pgm
[21.649s] Resolving raw.githubusercontent.com (raw.githubusercontent.com)... 185.199.111.133, 185.199.108.133, 185.199.109.133, ...
[21.663s] Connecting to raw.githubusercontent.com (raw.githubusercontent.com)|185.199.111.133|:443... connected.
[22.438s] HTTP request sent, awaiting response... 200 OK
[22.439s] Length: 16000058 (15M) [application/octet-stream]
[22.439s] Saving to: ‘/home/cricchetto/Robomaster_WS/build/multirobot_map_merge/2012-01-28-11-12-01.pgm’
[22.442s] 
[22.462s]      0K .......... .......... .......... .......... ..........  0% 2.30M 7s
[22.476s]     50K .......... .......... .......... .......... ..........  0% 2.88M 6s
[22.482s]    100K .......... .......... .......... .......... ..........  0% 8.21M 5s
[22.487s]    150K .......... .......... .......... .......... ..........  1% 11.1M 4s
[22.496s]    200K .......... .......... .......... .......... ..........  1% 4.88M 4s
[22.507s]    250K .......... .......... .......... .......... ..........  1% 6.38M 3s
[22.517s]    300K .......... .......... .......... .......... ..........  2% 3.80M 3s
[22.529s]    350K .......... .......... .......... .......... ..........  2% 4.58M 3s
[22.537s]    400K .......... .......... .......... .......... ..........  2% 5.27M 3s
[22.548s]    450K .......... .......... .......... .......... ..........  3% 4.86M 3s
[22.558s]    500K .......... .......... .......... .......... ..........  3% 4.82M 3s
[22.569s]    550K .......... .......... .......... .......... ..........  3% 4.74M 3s
[22.579s]    600K .......... .......... .......... .......... ..........  4% 4.65M 3s
[22.590s]    650K .......... .......... .......... .......... ..........  4% 4.51M 3s
[22.601s]    700K .......... .......... .......... .......... ..........  4% 4.63M 3s
[22.613s]    750K .......... .......... .......... .......... ..........  5% 4.71M 3s
[22.623s]    800K .......... .......... .......... .......... ..........  5% 4.12M 3s
[22.634s]    850K .......... .......... .......... .......... ..........  5% 4.14M 3s
[22.645s]    900K .......... .......... .......... .......... ..........  6% 4.74M 3s
[22.655s]    950K .......... .......... .......... .......... ..........  6% 5.07M 3s
[22.665s]   1000K .......... .......... .......... .......... ..........  6% 4.32M 3s
[22.675s]   1050K .......... .......... .......... .......... ..........  7% 5.40M 3s
[22.685s]   1100K .......... .......... .......... .......... ..........  7% 4.81M 3s
[22.696s]   1150K .......... .......... .......... .......... ..........  7% 5.03M 3s
[22.706s]   1200K .......... .......... .......... .......... ..........  7% 4.05M 3s
[22.715s]   1250K .......... .......... .......... .......... ..........  8% 5.66M 3s
[22.726s]   1300K .......... .......... .......... .......... ..........  8% 5.01M 3s
[22.740s]   1350K .......... .......... .......... .......... ..........  8% 4.28M 3s
[22.750s]   1400K .......... .......... .......... .......... ..........  9% 4.47M 3s
[22.760s]   1450K .......... .......... .......... .......... ..........  9% 4.86M 3s
[22.768s]   1500K .......... .......... .......... .......... ..........  9% 4.92M 3s
[22.779s]   1550K .......... .......... .......... .......... .......... 10% 4.75M 3s
[22.788s]   1600K .......... .......... .......... .......... .......... 10% 4.62M 3s
[22.799s]   1650K .......... .......... .......... .......... .......... 10% 4.71M 3s
[22.808s]   1700K .......... .......... .......... .......... .......... 11% 5.64M 3s
[22.817s]   1750K .......... .......... .......... .......... .......... 11% 5.16M 3s
[22.826s]   1800K .......... .......... .......... .......... .......... 11% 4.79M 3s
[22.836s]   1850K .......... .......... .......... .......... .......... 12% 5.43M 3s
[22.849s]   1900K .......... .......... .......... .......... .......... 12% 4.43M 3s
[22.857s]   1950K .......... .......... .......... .......... .......... 12% 6.14M 3s
[22.867s]   2000K .......... .......... .......... .......... .......... 13% 4.18M 3s
[22.876s]   2050K .......... .......... .......... .......... .......... 13% 5.41M 3s
[22.885s]   2100K .......... .......... .......... .......... .......... 13% 4.96M 3s
[22.895s]   2150K .......... .......... .......... .......... .......... 14% 5.58M 3s
[22.906s]   2200K .......... .......... .......... .......... .......... 14% 4.69M 3s
[22.914s]   2250K .......... .......... .......... .......... .......... 14% 5.42M 3s
[22.925s]   2300K .......... .......... .......... .......... .......... 15% 5.13M 3s
[22.934s]   2350K .......... .......... .......... .......... .......... 15% 5.04M 3s
[22.943s]   2400K .......... .......... .......... .......... .......... 15% 4.70M 3s
[22.953s]   2450K .......... .......... .......... .......... .......... 15% 5.14M 3s
[22.966s]   2500K .......... .......... .......... .......... .......... 16% 5.65M 3s
[22.972s]   2550K .......... .......... .......... .......... .......... 16% 5.17M 3s
[23.002s]   2600K .......... .......... .......... .......... .......... 16% 1.53M 3s
[23.029s]   2650K .......... .......... .......... .......... .......... 17% 1.80M 3s
[23.032s]   2700K .......... .......... .......... .......... .......... 17% 16.5M 3s
[23.064s]   2750K .......... .......... .......... .......... .......... 17% 1.57M 3s
[23.095s]   2800K .......... .......... .......... .......... .......... 18% 1.53M 3s
[23.103s]   2850K .......... .......... .......... .......... .......... 18% 5.84M 3s
[23.123s]   2900K .......... .......... .......... .......... .......... 18% 2.56M 3s
[23.130s]   2950K .......... .......... .......... .......... .......... 19% 7.18M 3s
[23.137s]   3000K .......... .......... .......... .......... .......... 19% 6.47M 3s
[23.153s]   3050K .......... .......... .......... .......... .......... 19% 3.09M 3s
[23.160s]   3100K .......... .......... .......... .......... .......... 20% 7.52M 3s
[23.182s]   3150K .......... .......... .......... .......... .......... 20% 4.13M 3s
[23.188s]   3200K .......... .......... .......... .......... .......... 20% 2.82M 3s
[23.201s]   3250K .......... .......... .......... .......... .......... 21% 7.54M 3s
[23.229s]   3300K .......... .......... .......... .......... .......... 21% 1.81M 3s
[23.253s]   3350K .......... .......... .......... .......... .......... 21% 2.00M 3s
[23.275s]   3400K .......... .......... .......... .......... .......... 22% 1.66M 3s
[23.309s]   3450K .......... .......... .......... .......... .......... 22% 1.46M 3s
[23.321s]   3500K .......... .......... .......... .......... .......... 22% 3.77M 3s
[23.362s]   3550K .......... .......... .......... .......... .......... 23% 16.6M 3s
[23.379s]   3600K .......... .......... .......... .......... .......... 23%  923K 3s
[23.409s]   3650K .......... .......... .......... .......... .......... 23% 1.64M 3s
[23.434s]   3700K .......... .......... .......... .......... .......... 23% 2.59M 3s
[23.446s]   3750K .......... .......... .......... .......... .......... 24% 2.87M 3s
[23.457s]   3800K .......... .......... .......... .......... .......... 24% 4.00M 3s
[23.470s]   3850K .......... .......... .......... .......... .......... 24% 4.03M 3s
[23.481s]   3900K .......... .......... .......... .......... .......... 25% 4.23M 3s
[23.495s]   3950K .......... .......... .......... .......... .......... 25% 3.85M 3s
[23.507s]   4000K .......... .......... .......... .......... .......... 25% 3.64M 3s
[23.518s]   4050K .......... .......... .......... .......... .......... 26% 4.34M 3s
[23.530s]   4100K .......... .......... .......... .......... .......... 26% 4.12M 3s
[23.542s]   4150K .......... .......... .......... .......... .......... 26% 4.46M 3s
[23.555s]   4200K .......... .......... .......... .......... .......... 27% 3.60M 3s
[23.566s]   4250K .......... .......... .......... .......... .......... 27% 4.06M 3s
[23.579s]   4300K .......... .......... .......... .......... .......... 27% 4.22M 3s
[23.626s]   4350K .......... .......... .......... .......... .......... 28% 1.11M 3s
[23.640s]   4400K .......... .......... .......... .......... .......... 28% 2.78M 3s
[23.668s]   4450K .......... .......... .......... .......... .......... 28% 1.73M 3s
[23.703s]   4500K .......... .......... .......... .......... .......... 29% 1.39M 3s
[23.719s]   4550K .......... .......... .......... .......... .......... 29% 3.20M 3s
[23.743s]   4600K .......... .......... .......... .......... .......... 29% 1.97M 3s
[23.755s]   4650K .......... .......... .......... .......... .......... 30% 4.12M 3s
[23.788s]   4700K .......... .......... .......... .......... .......... 30% 1.49M 3s
[23.806s]   4750K .......... .......... .......... .......... .......... 30% 2.85M 3s
[23.819s]   4800K .......... .......... .......... .......... .......... 31% 3.49M 3s
[23.847s]   4850K .......... .......... .......... .......... .......... 31% 1.78M 3s
[23.875s]   4900K .......... .......... .......... .......... .......... 31% 1.69M 3s
[23.909s]   4950K .......... .......... .......... .......... .......... 31% 1.53M 3s
[23.938s]   5000K .......... .......... .......... .......... .......... 32% 1.54M 3s
[23.951s]   5050K .......... .......... .......... .......... .......... 32% 4.10M 3s
[23.966s]   5100K .......... .......... .......... .......... .......... 32% 3.28M 3s
[23.988s]   5150K .......... .......... .......... .......... .......... 33% 2.58M 3s
[24.013s]   5200K .......... .......... .......... .......... .......... 33% 2.61M 3s
[24.025s]   5250K .......... .......... .......... .......... .......... 33% 2.23M 3s
[24.037s]   5300K .......... .......... .......... .......... .......... 34% 4.32M 3s
[24.056s]   5350K .......... .......... .......... .......... .......... 34% 2.73M 3s
[24.079s]   5400K .......... .......... .......... .......... .......... 34% 1.99M 3s
[24.094s]   5450K .......... .......... .......... .......... .......... 35% 3.23M 3s
[24.120s]   5500K .......... .......... .......... .......... .......... 35% 1.94M 3s
[24.133s]   5550K .......... .......... .......... .......... .......... 35% 3.92M 3s
[24.149s]   5600K .......... .......... .......... .......... .......... 36% 2.79M 3s
[24.176s]   5650K .......... .......... .......... .......... .......... 36% 1.82M 3s
[24.190s]   5700K .......... .......... .......... .......... .......... 36% 3.36M 3s
[24.217s]   5750K .......... .......... .......... .......... .......... 37% 1.86M 3s
[24.230s]   5800K .......... .......... .......... .......... .......... 37% 3.69M 3s
[24.247s]   5850K .......... .......... .......... .......... .......... 37% 2.85M 3s
[24.270s]   5900K .......... .......... .......... .......... .......... 38% 3.16M 3s
[24.282s]   5950K .......... .......... .......... .......... .......... 38% 2.60M 3s
[24.308s]   6000K .......... .......... .......... .......... .......... 38% 1.81M 3s
[24.323s]   6050K .......... .......... .......... .......... .......... 39% 3.54M 3s
[24.346s]   6100K .......... .......... .......... .......... .......... 39% 2.03M 3s
[24.360s]   6150K .......... .......... .......... .......... .......... 39% 3.81M 3s
[24.373s]   6200K .......... .......... .......... .......... .......... 39% 3.26M 3s
[24.387s]   6250K .......... .......... .......... .......... .......... 40% 4.24M 3s
[24.399s]   6300K .......... .......... .......... .......... .......... 40% 3.72M 3s
[24.416s]   6350K .......... .......... .......... .......... .......... 40% 3.24M 3s
[24.429s]   6400K .......... .......... .......... .......... .......... 41% 3.17M 3s
[24.438s]   6450K .......... .......... .......... .......... .......... 41% 5.54M 3s
[24.447s]   6500K .......... .......... .......... .......... .......... 41% 5.91M 3s
[24.456s]   6550K .......... .......... .......... .......... .......... 42% 4.82M 3s
[24.465s]   6600K .......... .......... .......... .......... .......... 42% 5.58M 3s
[24.473s]   6650K .......... .......... .......... .......... .......... 42% 5.74M 3s
[24.483s]   6700K .......... .......... .......... .......... .......... 43% 5.18M 3s
[24.495s]   6750K .......... .......... .......... .......... .......... 43% 4.76M 3s
[24.504s]   6800K .......... .......... .......... .......... .......... 43% 5.89M 3s
[24.512s]   6850K .......... .......... .......... .......... .......... 44% 5.12M 3s
[24.530s]   6900K .......... .......... .......... .......... .......... 44% 5.86M 3s
[24.539s]   6950K .......... .......... .......... .......... .......... 44% 4.27M 3s
[24.541s]   7000K .......... .......... .......... .......... .......... 45% 4.66M 3s
[24.551s]   7050K .......... .......... .......... .......... .......... 45% 5.46M 3s
[24.559s]   7100K .......... .......... .......... .......... .......... 45% 5.98M 3s
[24.568s]   7150K .......... .......... .......... .......... .......... 46% 6.14M 2s
[24.576s]   7200K .......... .......... .......... .......... .......... 46% 5.05M 2s
[24.585s]   7250K .......... .......... .......... .......... .......... 46% 6.08M 2s
[24.592s]   7300K .......... .......... .......... .......... .......... 47% 6.47M 2s
[24.598s]   7350K .......... .......... .......... .......... .......... 47% 7.33M 2s
[24.607s]   7400K .......... .......... .......... .......... .......... 47% 6.31M 2s
[24.615s]   7450K .......... .......... .......... .......... .......... 47% 6.85M 2s
[24.621s]   7500K .......... .......... .......... .......... .......... 48% 7.14M 2s
[24.628s]   7550K .......... .......... .......... .......... .......... 48% 7.21M 2s
[24.636s]   7600K .......... .......... .......... .......... .......... 48% 5.85M 2s
[24.644s]   7650K .......... .......... .......... .......... .......... 49% 6.97M 2s
[24.652s]   7700K .......... .......... .......... .......... .......... 49% 6.76M 2s
[24.656s]   7750K .......... .......... .......... .......... .......... 49% 7.48M 2s
[24.663s]   7800K .......... .......... .......... .......... .......... 50% 6.21M 2s
[24.670s]   7850K .......... .......... .......... .......... .......... 50% 7.44M 2s
[24.677s]   7900K .......... .......... .......... .......... .......... 50% 7.38M 2s
[24.686s]   7950K .......... .......... .......... .......... .......... 51% 6.66M 2s
[24.693s]   8000K .......... .......... .......... .......... .......... 51% 5.59M 2s
[24.699s]   8050K .......... .......... .......... .......... .......... 51% 7.21M 2s
[24.706s]   8100K .......... .......... .......... .......... .......... 52% 7.57M 2s
[24.713s]   8150K .......... .......... .......... .......... .......... 52% 7.18M 2s
[24.720s]   8200K .......... .......... .......... .......... .......... 52% 6.15M 2s
[24.729s]   8250K .......... .......... .......... .......... .......... 53% 5.95M 2s
[24.737s]   8300K .......... .......... .......... .......... .......... 53% 6.04M 2s
[24.749s]   8350K .......... .......... .......... .......... .......... 53% 5.74M 2s
[24.757s]   8400K .......... .......... .......... .......... .......... 54% 4.59M 2s
[24.766s]   8450K .......... .......... .......... .......... .......... 54% 5.29M 2s
[24.774s]   8500K .......... .......... .......... .......... .......... 54% 6.48M 2s
[24.781s]   8550K .......... .......... .......... .......... .......... 55% 6.46M 2s
[24.789s]   8600K .......... .......... .......... .......... .......... 55% 5.98M 2s
[24.795s]   8650K .......... .......... .......... .......... .......... 55% 7.13M 2s
[24.803s]   8700K .......... .......... .......... .......... .......... 55% 6.47M 2s
[24.811s]   8750K .......... .......... .......... .......... .......... 56% 7.14M 2s
[24.836s]   8800K .......... .......... .......... .......... .......... 56% 1.92M 2s
[24.843s]   8850K .......... .......... .......... .......... .......... 56% 6.14M 2s
[24.851s]   8900K .......... .......... .......... .......... .......... 57% 6.68M 2s
[24.859s]   8950K .......... .......... .......... .......... .......... 57% 6.40M 2s
[24.866s]   9000K .......... .......... .......... .......... .......... 57% 5.91M 2s
[24.874s]   9050K .......... .......... .......... .......... .......... 58% 6.40M 2s
[24.881s]   9100K .......... .......... .......... .......... .......... 58% 6.83M 2s
[24.889s]   9150K .......... .......... .......... .......... .......... 58% 6.89M 2s
[24.898s]   9200K .......... .......... .......... .......... .......... 59% 5.33M 2s
[24.905s]   9250K .......... .......... .......... .......... .......... 59% 6.90M 2s
[24.912s]   9300K .......... .......... .......... .......... .......... 59% 6.51M 2s
[24.920s]   9350K .......... .......... .......... .......... .......... 60% 6.54M 2s
[24.929s]   9400K .......... .......... .......... .......... .......... 60% 5.98M 2s
[24.937s]   9450K .......... .......... .......... .......... .......... 60% 6.93M 2s
[24.944s]   9500K .......... .......... .......... .......... .......... 61% 6.57M 2s
[24.952s]   9550K .......... .......... .......... .......... .......... 61% 6.49M 2s
[24.959s]   9600K .......... .......... .......... .......... .......... 61% 5.83M 2s
[24.966s]   9650K .......... .......... .......... .......... .......... 62% 6.63M 2s
[24.973s]   9700K .......... .......... .......... .......... .......... 62% 6.45M 2s
[24.981s]   9750K .......... .......... .......... .......... .......... 62% 6.99M 2s
[24.990s]   9800K .......... .......... .......... .......... .......... 63% 6.10M 1s
[24.997s]   9850K .......... .......... .......... .......... .......... 63% 6.06M 1s
[25.005s]   9900K .......... .......... .......... .......... .......... 63% 6.67M 1s
[25.012s]   9950K .......... .......... .......... .......... .......... 63% 7.07M 1s
[25.019s]  10000K .......... .......... .......... .......... .......... 64% 5.49M 1s
[25.027s]  10050K .......... .......... .......... .......... .......... 64% 6.91M 1s
[25.036s]  10100K .......... .......... .......... .......... .......... 64% 6.80M 1s
[25.043s]  10150K .......... .......... .......... .......... .......... 65% 6.62M 1s
[25.050s]  10200K .......... .......... .......... .......... .......... 65% 6.10M 1s
[25.060s]  10250K .......... .......... .......... .......... .......... 65% 6.91M 1s
[25.090s]  10300K .......... .......... .......... .......... .......... 66% 1.38M 1s
[25.107s]  10350K .......... .......... .......... .......... .......... 66% 3.20M 1s
[25.142s]  10400K .......... .......... .......... .......... .......... 66% 1.39M 1s
[25.157s]  10450K .......... .......... .......... .......... .......... 67% 3.32M 1s
[25.172s]  10500K .......... .......... .......... .......... .......... 67% 3.74M 1s
[25.205s]  10550K .......... .......... .......... .......... .......... 67% 1.44M 1s
[25.221s]  10600K .......... .......... .......... .......... .......... 68% 2.75M 1s
[25.246s]  10650K .......... .......... .......... .......... .......... 68% 2.00M 1s
[25.260s]  10700K .......... .......... .......... .......... .......... 68% 3.44M 1s
[25.285s]  10750K .......... .......... .......... .......... .......... 69% 2.08M 1s
[25.315s]  10800K .......... .......... .......... .......... .......... 69% 1.58M 1s
[25.330s]  10850K .......... .......... .......... .......... .......... 69% 3.16M 1s
[25.344s]  10900K .......... .......... .......... .......... .......... 70% 3.70M 1s
[25.357s]  10950K .......... .......... .......... .......... .......... 70% 3.62M 1s
[25.372s]  11000K .......... .......... .......... .......... .......... 70% 3.06M 1s
[25.387s]  11050K .......... .......... .......... .......... .......... 71% 3.43M 1s
[25.407s]  11100K .......... .......... .......... .......... .......... 71% 2.50M 1s
[25.462s]  11150K .......... .......... .......... .......... .......... 71% 2.61M 1s
[25.479s]  11200K .......... .......... .......... .......... .......... 71%  926K 1s
[25.489s]  11250K .......... .......... .......... .......... .......... 72% 4.48M 1s
[25.519s]  11300K .......... .......... .......... .......... .......... 72% 1.67M 1s
[25.527s]  11350K .......... .......... .......... .......... .......... 72% 6.46M 1s
[25.546s]  11400K .......... .......... .......... .......... .......... 73% 2.42M 1s
[25.578s]  11450K .......... .......... .......... .......... .......... 73% 1.54M 1s
[25.601s]  11500K .......... .......... .......... .......... .......... 73% 2.06M 1s
[25.626s]  11550K .......... .......... .......... .......... .......... 74% 14.6M 1s
[25.629s]  11600K .......... .......... .......... .......... .......... 74% 1.99M 1s
[25.633s]  11650K .......... .......... .......... .......... .......... 74% 15.8M 1s
[25.636s]  11700K .......... .......... .......... .......... .......... 75% 14.5M 1s
[25.639s]  11750K .......... .......... .......... .......... .......... 75% 14.0M 1s
[25.643s]  11800K .......... .......... .......... .......... .......... 75% 13.4M 1s
[25.646s]  11850K .......... .......... .......... .......... .......... 76% 14.8M 1s
[25.649s]  11900K .......... .......... .......... .......... .......... 76% 14.7M 1s
[25.653s]  11950K .......... .......... .......... .......... .......... 76% 15.6M 1s
[25.657s]  12000K .......... .......... .......... .......... .......... 77% 12.4M 1s
[25.660s]  12050K .......... .......... .......... .......... .......... 77% 14.1M 1s
[25.672s]  12100K .......... .......... .......... .......... .......... 77% 4.23M 1s
[25.674s]  12150K .......... .......... .......... .......... .......... 78% 16.0M 1s
[25.695s]  12200K .......... .......... .......... .......... .......... 78% 2.34M 1s
[25.698s]  12250K .......... .......... .......... .......... .......... 78% 15.2M 1s
[25.710s]  12300K .......... .......... .......... .......... .......... 79% 4.26M 1s
[25.737s]  12350K .......... .......... .......... .......... .......... 79% 16.4M 1s
[25.740s]  12400K .......... .......... .......... .......... .......... 79% 1.81M 1s
[25.743s]  12450K .......... .......... .......... .......... .......... 79% 17.0M 1s
[25.754s]  12500K .......... .......... .......... .......... .......... 80% 4.35M 1s
[25.757s]  12550K .......... .......... .......... .......... .......... 80% 16.0M 1s
[25.760s]  12600K .......... .......... .......... .......... .......... 80% 16.3M 1s
[25.763s]  12650K .......... .......... .......... .......... .......... 81% 17.5M 1s
[25.786s]  12700K .......... .......... .......... .......... .......... 81% 2.12M 1s
[25.825s]  12750K .......... .......... .......... .......... .......... 81% 1.80M 1s
[25.841s]  12800K .......... .......... .......... .......... .......... 82% 1.76M 1s
[25.844s]  12850K .......... .......... .......... .......... .......... 82% 16.6M 1s
[25.871s]  12900K .......... .......... .......... .......... .......... 82% 1.92M 1s
[25.896s]  12950K .......... .......... .......... .......... .......... 83% 2.17M 1s
[25.914s]  13000K .......... .......... .......... .......... .......... 83% 2.42M 1s
[25.930s]  13050K .......... .......... .......... .......... .......... 83% 2.81M 1s
[25.944s]  13100K .......... .......... .......... .......... .......... 84% 3.69M 1s
[25.959s]  13150K .......... .......... .......... .......... .......... 84% 3.56M 1s
[25.973s]  13200K .......... .......... .......... .......... .......... 84% 3.14M 1s
[25.992s]  13250K .......... .......... .......... .......... .......... 85% 3.59M 1s
[25.996s]  13300K .......... .......... .......... .......... .......... 85% 4.84M 1s
[26.023s]  13350K .......... .......... .......... .......... .......... 85% 1.79M 1s
[26.039s]  13400K .......... .......... .......... .......... .......... 86% 3.08M 1s
[26.042s]  13450K .......... .......... .......... .......... .......... 86% 14.9M 1s
[26.045s]  13500K .......... .......... .......... .......... .......... 86% 16.2M 1s
[26.055s]  13550K .......... .......... .......... .......... .......... 87% 17.0M 1s
[26.059s]  13600K .......... .......... .......... .......... .......... 87% 4.48M 1s
[26.066s]  13650K .......... .......... .......... .......... .......... 87% 6.34M 1s
[26.069s]  13700K .......... .......... .......... .......... .......... 87% 17.1M 0s
[26.072s]  13750K .......... .......... .......... .......... .......... 88% 16.7M 0s
[26.086s]  13800K .......... .......... .......... .......... .......... 88% 3.56M 0s
[26.089s]  13850K .......... .......... .......... .......... .......... 88% 16.5M 0s
[26.092s]  13900K .......... .......... .......... .......... .......... 89% 16.7M 0s
[26.105s]  13950K .......... .......... .......... .......... .......... 89% 16.5M 0s
[26.122s]  14000K .......... .......... .......... .......... .......... 89% 1.83M 0s
[26.124s]  14050K .......... .......... .......... .......... .......... 90% 16.0M 0s
[26.128s]  14100K .......... .......... .......... .......... .......... 90% 16.4M 0s
[26.131s]  14150K .......... .......... .......... .......... .......... 90% 15.4M 0s
[26.134s]  14200K .......... .......... .......... .......... .......... 91% 14.9M 0s
[26.137s]  14250K .......... .......... .......... .......... .......... 91% 16.0M 0s
[26.140s]  14300K .......... .......... .......... .......... .......... 91% 16.3M 0s
[26.156s]  14350K .......... .......... .......... .......... .......... 92% 3.22M 0s
[26.159s]  14400K .......... .......... .......... .......... .......... 92% 13.3M 0s
[26.169s]  14450K .......... .......... .......... .......... .......... 92% 4.86M 0s
[26.172s]  14500K .......... .......... .......... .......... .......... 93% 15.2M 0s
[26.175s]  14550K .......... .......... .......... .......... .......... 93% 15.7M 0s
[26.218s]  14600K .......... .......... .......... .......... .......... 93% 1.13M 0s
[26.234s]  14650K .......... .......... .......... .......... .......... 94% 3.23M 0s
[26.257s]  14700K .......... .......... .......... .......... .......... 94% 16.5M 0s
[26.285s]  14750K .......... .......... .......... .......... .......... 94% 2.10M 0s
[26.288s]  14800K .......... .......... .......... .......... .......... 95% 1.73M 0s
[26.299s]  14850K .......... .......... .......... .......... .......... 95% 4.59M 0s
[26.302s]  14900K .......... .......... .......... .......... .......... 95% 16.1M 0s
[26.305s]  14950K .......... .......... .......... .......... .......... 95% 15.2M 0s
[26.308s]  15000K .......... .......... .......... .......... .......... 96% 15.3M 0s
[26.323s]  15050K .......... .......... .......... .......... .......... 96% 3.20M 0s
[26.326s]  15100K .......... .......... .......... .......... .......... 96% 15.6M 0s
[26.350s]  15150K .......... .......... .......... .......... .......... 97% 2.09M 0s
[26.370s]  15200K .......... .......... .......... .......... .......... 97% 2.46M 0s
[26.389s]  15250K .......... .......... .......... .......... .......... 97% 2.57M 0s
[26.392s]  15300K .......... .......... .......... .......... .......... 98% 15.9M 0s
[26.429s]  15350K .......... .......... .......... .......... .......... 98% 2.09M 0s
[26.432s]  15400K .......... .......... .......... .......... .......... 98% 2.92M 0s
[26.435s]  15450K .......... .......... .......... .......... .......... 99% 16.9M 0s
[26.462s]  15500K .......... .......... .......... .......... .......... 99% 1.79M 0s
[26.478s]  15550K .......... .......... .......... .......... .......... 99% 3.80M 0s
[26.505s]  15600K .......... .......... .....                           100% 1.30M=4.1s
[26.506s] 
[26.508s] 2025-12-04 15:38:40 (3.76 MB/s) - ‘/home/cricchetto/Robomaster_WS/build/multirobot_map_merge/2012-01-28-11-12-01.pgm’ saved [16000058/16000058]
[26.509s] 
[26.523s] Checking MD5 sum of /home/cricchetto/Robomaster_WS/build/multirobot_map_merge/2012-01-28-11-12-01.pgm
[26.605s] /home/cricchetto/Robomaster_WS/build/multirobot_map_merge/2012-01-28-11-12-01.pgm: OK
[26.669s] -- Found gtest sources under '/opt/ros/humble/src/gtest_vendor': C++ tests using 'Google Test' will be built
[26.932s] -- Added test 'cppcheck' to perform static code analysis on C / C++ code
[26.934s] -- Configured cppcheck include dirs: /home/cricchetto/Robomaster_WS/src/m-explore-ros2/map_merge/include;$<BUILD_INTERFACE:/home/cricchetto/Robomaster_WS/src/m-explore-ros2/map_merge/include>
[26.935s] -- Configured cppcheck exclude dirs and/or files: 
[26.964s] -- Added test 'flake8' to check Python code syntax and style conventions
[26.998s] -- Added test 'lint_cmake' to check CMake code style
[27.004s] -- Added test 'pep257' to check Python code against some of the docstring style conventions in PEP 257
[27.129s] -- Added test 'uncrustify' to check C / C++ code style
[27.137s] -- Configured uncrustify additional arguments: 
[27.156s] -- Added test 'xmllint' to check XML markup files
[27.229s] -- Configuring done
[29.537s] -- Generating done
[29.616s] -- Build files have been written to: /home/cricchetto/Robomaster_WS/build/multirobot_map_merge
[29.706s] Invoked command in '/home/cricchetto/Robomaster_WS/build/multirobot_map_merge' returned '0': CMAKE_PREFIX_PATH=/opt/ros/humble /usr/bin/cmake /home/cricchetto/Robomaster_WS/src/m-explore-ros2/map_merge -DCMAKE_INSTALL_PREFIX=/home/cricchetto/Robomaster_WS/install/multirobot_map_merge
[29.708s] Invoking command in '/home/cricchetto/Robomaster_WS/build/multirobot_map_merge': CMAKE_PREFIX_PATH=/opt/ros/humble /usr/bin/cmake --build /home/cricchetto/Robomaster_WS/build/multirobot_map_merge -- -j4 -l4
[30.561s] [  8%] [32mBuilding CXX object CMakeFiles/combine_grids.dir/src/combine_grids/grid_compositor.cpp.o[0m
[50.859s] [ 16%] [32mBuilding CXX object CMakeFiles/combine_grids.dir/src/combine_grids/grid_warper.cpp.o[0m
[72.263s] [ 25%] [32mBuilding CXX object CMakeFiles/combine_grids.dir/src/combine_grids/merging_pipeline.cpp.o[0m
[117.037s] [ 33%] [32m[1mLinking CXX static library libcombine_grids.a[0m
[117.328s] [ 33%] Built target combine_grids
[117.454s] [ 41%] [32mBuilding CXX object gtest/CMakeFiles/gtest.dir/src/gtest-all.cc.o[0m
[139.198s] [ 50%] [32m[1mLinking CXX static library libgtest.a[0m
[139.633s] [ 50%] Built target gtest
[139.737s] [ 58%] [32mBuilding CXX object CMakeFiles/map_merge.dir/src/map_merge.cpp.o[0m
[220.883s] [ 66%] [32m[1mLinking CXX executable map_merge[0m
[231.338s] [ 66%] Built target map_merge
[231.442s] [ 75%] [32mBuilding CXX object gtest/CMakeFiles/gtest_main.dir/src/gtest_main.cc.o[0m
[239.359s] [ 83%] [32m[1mLinking CXX static library libgtest_main.a[0m
[239.756s] [ 83%] Built target gtest_main
[239.974s] [ 91%] [32mBuilding CXX object CMakeFiles/test_merging_pipeline.dir/test/test_merging_pipeline.cpp.o[0m
[274.147s] [100%] [32m[1mLinking CXX executable test_merging_pipeline[0m
[279.096s] [100%] Built target test_merging_pipeline
[279.172s] Invoked command in '/home/cricchetto/Robomaster_WS/build/multirobot_map_merge' returned '0': CMAKE_PREFIX_PATH=/opt/ros/humble /usr/bin/cmake --build /home/cricchetto/Robomaster_WS/build/multirobot_map_merge -- -j4 -l4
[279.175s] Invoking command in '/home/cricchetto/Robomaster_WS/build/multirobot_map_merge': CMAKE_PREFIX_PATH=/opt/ros/humble /usr/bin/cmake --install /home/cricchetto/Robomaster_WS/build/multirobot_map_merge
[279.223s] -- Install configuration: ""
[279.224s] -- Installing: /home/cricchetto/Robomaster_WS/install/multirobot_map_merge/include/map_merge/
[279.227s] -- Installing: /home/cricchetto/Robomaster_WS/install/multirobot_map_merge/include/map_merge//ros1_names.hpp
[279.230s] -- Installing: /home/cricchetto/Robomaster_WS/install/multirobot_map_merge/include/map_merge//map_merge.h
[279.233s] -- Installing: /home/cricchetto/Robomaster_WS/install/multirobot_map_merge/share/multirobot_map_merge/launch
[279.235s] -- Installing: /home/cricchetto/Robomaster_WS/install/multirobot_map_merge/share/multirobot_map_merge/launch/from_map_server.launch.py
[279.238s] -- Installing: /home/cricchetto/Robomaster_WS/install/multirobot_map_merge/share/multirobot_map_merge/launch/map_merge.launch.py
[279.241s] -- Installing: /home/cricchetto/Robomaster_WS/install/multirobot_map_merge/share/multirobot_map_merge/launch/map_merge.rviz
[279.245s] -- Installing: /home/cricchetto/Robomaster_WS/install/multirobot_map_merge/share/multirobot_map_merge/launch/tb3_simulation
[279.248s] -- Installing: /home/cricchetto/Robomaster_WS/install/multirobot_map_merge/share/multirobot_map_merge/launch/tb3_simulation/worlds
[279.251s] -- Installing: /home/cricchetto/Robomaster_WS/install/multirobot_map_merge/share/multirobot_map_merge/launch/tb3_simulation/worlds/world_only.model
[279.255s] -- Installing: /home/cricchetto/Robomaster_WS/install/multirobot_map_merge/share/multirobot_map_merge/launch/tb3_simulation/bringup_launch.py
[279.258s] -- Installing: /home/cricchetto/Robomaster_WS/install/multirobot_map_merge/share/multirobot_map_merge/launch/tb3_simulation/slam_toolbox.py
[279.262s] -- Installing: /home/cricchetto/Robomaster_WS/install/multirobot_map_merge/share/multirobot_map_merge/launch/tb3_simulation/config
[279.265s] -- Installing: /home/cricchetto/Robomaster_WS/install/multirobot_map_merge/share/multirobot_map_merge/launch/tb3_simulation/config/nav2_multirobot_params_2.yaml
[279.268s] -- Installing: /home/cricchetto/Robomaster_WS/install/multirobot_map_merge/share/multirobot_map_merge/launch/tb3_simulation/config/nav2_multirobot_params_1.yaml
[279.270s] -- Installing: /home/cricchetto/Robomaster_WS/install/multirobot_map_merge/share/multirobot_map_merge/launch/tb3_simulation/multi_tb3_simulation_launch.py
[279.274s] -- Installing: /home/cricchetto/Robomaster_WS/install/multirobot_map_merge/share/multirobot_map_merge/launch/tb3_simulation/tb3_simulation_launch.py
[279.277s] -- Installing: /home/cricchetto/Robomaster_WS/install/multirobot_map_merge/share/multirobot_map_merge/config
[279.280s] -- Installing: /home/cricchetto/Robomaster_WS/install/multirobot_map_merge/share/multirobot_map_merge/config/params.yaml
[279.283s] -- Installing: /home/cricchetto/Robomaster_WS/install/multirobot_map_merge/lib/libcombine_grids.a
[279.296s] -- Installing: /home/cricchetto/Robomaster_WS/install/multirobot_map_merge/lib/multirobot_map_merge/map_merge
[279.353s] -- Set runtime path of "/home/cricchetto/Robomaster_WS/install/multirobot_map_merge/lib/multirobot_map_merge/map_merge" to ""
[279.356s] -- Installing: /home/cricchetto/Robomaster_WS/install/multirobot_map_merge/share/multirobot_map_merge/environment/library_path.sh
[279.359s] -- Installing: /home/cricchetto/Robomaster_WS/install/multirobot_map_merge/share/multirobot_map_merge/environment/library_path.dsv
[279.363s] -- Installing: /home/cricchetto/Robomaster_WS/install/multirobot_map_merge/share/ament_index/resource_index/package_run_dependencies/multirobot_map_merge
[279.367s] -- Installing: /home/cricchetto/Robomaster_WS/install/multirobot_map_merge/share/ament_index/resource_index/parent_prefix_path/multirobot_map_merge
[279.370s] -- Installing: /home/cricchetto/Robomaster_WS/install/multirobot_map_merge/share/multirobot_map_merge/environment/ament_prefix_path.sh
[279.373s] -- Installing: /home/cricchetto/Robomaster_WS/install/multirobot_map_merge/share/multirobot_map_merge/environment/ament_prefix_path.dsv
[279.376s] -- Installing: /home/cricchetto/Robomaster_WS/install/multirobot_map_merge/share/multirobot_map_merge/environment/path.sh
[279.380s] -- Installing: /home/cricchetto/Robomaster_WS/install/multirobot_map_merge/share/multirobot_map_merge/environment/path.dsv
[279.383s] -- Installing: /home/cricchetto/Robomaster_WS/install/multirobot_map_merge/share/multirobot_map_merge/local_setup.bash
[279.386s] -- Installing: /home/cricchetto/Robomaster_WS/install/multirobot_map_merge/share/multirobot_map_merge/local_setup.sh
[279.390s] -- Installing: /home/cricchetto/Robomaster_WS/install/multirobot_map_merge/share/multirobot_map_merge/local_setup.zsh
[279.393s] -- Installing: /home/cricchetto/Robomaster_WS/install/multirobot_map_merge/share/multirobot_map_merge/local_setup.dsv
[279.396s] -- Installing: /home/cricchetto/Robomaster_WS/install/multirobot_map_merge/share/multirobot_map_merge/package.dsv
[279.399s] -- Installing: /home/cricchetto/Robomaster_WS/install/multirobot_map_merge/share/ament_index/resource_index/packages/multirobot_map_merge
[279.403s] -- Installing: /home/cricchetto/Robomaster_WS/install/multirobot_map_merge/share/multirobot_map_merge/cmake/ament_cmake_export_include_directories-extras.cmake
[279.406s] -- Installing: /home/cricchetto/Robomaster_WS/install/multirobot_map_merge/share/multirobot_map_merge/cmake/ament_cmake_export_libraries-extras.cmake
[279.410s] -- Installing: /home/cricchetto/Robomaster_WS/install/multirobot_map_merge/share/multirobot_map_merge/cmake/multirobot_map_mergeConfig.cmake
[279.413s] -- Installing: /home/cricchetto/Robomaster_WS/install/multirobot_map_merge/share/multirobot_map_merge/cmake/multirobot_map_mergeConfig-version.cmake
[279.416s] -- Installing: /home/cricchetto/Robomaster_WS/install/multirobot_map_merge/share/multirobot_map_merge/package.xml
[279.437s] Invoked command in '/home/cricchetto/Robomaster_WS/build/multirobot_map_merge' returned '0': CMAKE_PREFIX_PATH=/opt/ros/humble /usr/bin/cmake --install /home/cricchetto/Robomaster_WS/build/multirobot_map_merge
