[5.720s] Invoking command in '/home/cricchetto/Robomaster_WS/src/ep_control': PYTHONPATH=/home/cricchetto/Robomaster_WS/build/ep_control/prefix_override:/usr/lib/python3/dist-packages/colcon_core/task/python/colcon_distutils_commands:/home/cricchetto/Robomaster_WS/install/ep_control/lib/python3.10/site-packages:${PYTHONPATH} /usr/bin/python3 -W ignore:setup.py install is deprecated -W ignore:easy_install command is deprecated setup.py egg_info --egg-base ../../build/ep_control build --build-base /home/cricchetto/Robomaster_WS/build/ep_control/build install --record /home/cricchetto/Robomaster_WS/build/ep_control/install.log --single-version-externally-managed install_data
[7.056s] running egg_info
[7.059s] writing ../../build/ep_control/ep_control.egg-info/PKG-INFO
[7.061s] writing dependency_links to ../../build/ep_control/ep_control.egg-info/dependency_links.txt
[7.068s] writing entry points to ../../build/ep_control/ep_control.egg-info/entry_points.txt
[7.071s] writing requirements to ../../build/ep_control/ep_control.egg-info/requires.txt
[7.073s] writing top-level names to ../../build/ep_control/ep_control.egg-info/top_level.txt
[7.086s] reading manifest file '../../build/ep_control/ep_control.egg-info/SOURCES.txt'
[7.094s] writing manifest file '../../build/ep_control/ep_control.egg-info/SOURCES.txt'
[7.097s] running build
[7.098s] running build_py
[7.101s] running install
[7.103s] running install_lib
[7.115s] running install_data
[7.117s] running install_egg_info
[7.130s] removing '/home/cricchetto/Robomaster_WS/install/ep_control/lib/python3.10/site-packages/ep_control-0.0.0-py3.10.egg-info' (and everything under it)
[7.133s] Copying ../../build/ep_control/ep_control.egg-info to /home/cricchetto/Robomaster_WS/install/ep_control/lib/python3.10/site-packages/ep_control-0.0.0-py3.10.egg-info
[7.144s] running install_scripts
[7.274s] Installing gripper_state script to /home/cricchetto/Robomaster_WS/install/ep_control/lib/ep_control
[7.276s] Installing joy_reader script to /home/cricchetto/Robomaster_WS/install/ep_control/lib/ep_control
[7.278s] Installing joy_to_arm script to /home/cricchetto/Robomaster_WS/install/ep_control/lib/ep_control
[7.285s] writing list of installed files to '/home/cricchetto/Robomaster_WS/build/ep_control/install.log'
[7.549s] Invoked command in '/home/cricchetto/Robomaster_WS/src/ep_control' returned '0': PYTHONPATH=/home/cricchetto/Robomaster_WS/build/ep_control/prefix_override:/usr/lib/python3/dist-packages/colcon_core/task/python/colcon_distutils_commands:/home/cricchetto/Robomaster_WS/install/ep_control/lib/python3.10/site-packages:${PYTHONPATH} /usr/bin/python3 -W ignore:setup.py install is deprecated -W ignore:easy_install command is deprecated setup.py egg_info --egg-base ../../build/ep_control build --build-base /home/cricchetto/Robomaster_WS/build/ep_control/build install --record /home/cricchetto/Robomaster_WS/build/ep_control/install.log --single-version-externally-managed install_data
