[5.681s] Invoking command in '/home/cricchetto/Robomaster_WS/src/ep_control': PYTHONPATH=/home/cricchetto/Robomaster_WS/build/ep_control/prefix_override:/usr/lib/python3/dist-packages/colcon_core/task/python/colcon_distutils_commands:/home/cricchetto/Robomaster_WS/install/ep_control/lib/python3.10/site-packages:${PYTHONPATH} /usr/bin/python3 -W ignore:setup.py install is deprecated -W ignore:easy_install command is deprecated setup.py egg_info --egg-base ../../build/ep_control build --build-base /home/cricchetto/Robomaster_WS/build/ep_control/build install --record /home/cricchetto/Robomaster_WS/build/ep_control/install.log --single-version-externally-managed install_data
[6.995s] running egg_info
[7.002s] writing ../../build/ep_control/ep_control.egg-info/PKG-INFO
[7.003s] writing dependency_links to ../../build/ep_control/ep_control.egg-info/dependency_links.txt
[7.005s] writing entry points to ../../build/ep_control/ep_control.egg-info/entry_points.txt
[7.007s] writing requirements to ../../build/ep_control/ep_control.egg-info/requires.txt
[7.009s] writing top-level names to ../../build/ep_control/ep_control.egg-info/top_level.txt
[7.026s] reading manifest file '../../build/ep_control/ep_control.egg-info/SOURCES.txt'
[7.033s] writing manifest file '../../build/ep_control/ep_control.egg-info/SOURCES.txt'
[7.035s] running build
[7.036s] running build_py
[7.042s] running install
[7.043s] running install_lib
[7.052s] running install_data
[7.054s] running install_egg_info
[7.067s] removing '/home/cricchetto/Robomaster_WS/install/ep_control/lib/python3.10/site-packages/ep_control-0.0.0-py3.10.egg-info' (and everything under it)
[7.070s] Copying ../../build/ep_control/ep_control.egg-info to /home/cricchetto/Robomaster_WS/install/ep_control/lib/python3.10/site-packages/ep_control-0.0.0-py3.10.egg-info
[7.082s] running install_scripts
[7.201s] Installing gripper_state script to /home/cricchetto/Robomaster_WS/install/ep_control/lib/ep_control
[7.206s] Installing joy_reader script to /home/cricchetto/Robomaster_WS/install/ep_control/lib/ep_control
[7.207s] Installing joy_to_arm script to /home/cricchetto/Robomaster_WS/install/ep_control/lib/ep_control
[7.210s] writing list of installed files to '/home/cricchetto/Robomaster_WS/build/ep_control/install.log'
[7.524s] Invoked command in '/home/cricchetto/Robomaster_WS/src/ep_control' returned '0': PYTHONPATH=/home/cricchetto/Robomaster_WS/build/ep_control/prefix_override:/usr/lib/python3/dist-packages/colcon_core/task/python/colcon_distutils_commands:/home/cricchetto/Robomaster_WS/install/ep_control/lib/python3.10/site-packages:${PYTHONPATH} /usr/bin/python3 -W ignore:setup.py install is deprecated -W ignore:easy_install command is deprecated setup.py egg_info --egg-base ../../build/ep_control build --build-base /home/cricchetto/Robomaster_WS/build/ep_control/build install --record /home/cricchetto/Robomaster_WS/build/ep_control/install.log --single-version-externally-managed install_data
