[5.408s] Invoking command in '/home/cricchetto/Robomaster_WS/src/ep_control': PYTHONPATH=/home/cricchetto/Robomaster_WS/build/ep_control/prefix_override:/usr/lib/python3/dist-packages/colcon_core/task/python/colcon_distutils_commands:/home/cricchetto/Robomaster_WS/install/ep_control/lib/python3.10/site-packages:${PYTHONPATH} /usr/bin/python3 -W ignore:setup.py install is deprecated -W ignore:easy_install command is deprecated setup.py egg_info --egg-base ../../build/ep_control build --build-base /home/cricchetto/Robomaster_WS/build/ep_control/build install --record /home/cricchetto/Robomaster_WS/build/ep_control/install.log --single-version-externally-managed install_data
[6.679s] running egg_info
[6.682s] writing ../../build/ep_control/ep_control.egg-info/PKG-INFO
[6.684s] writing dependency_links to ../../build/ep_control/ep_control.egg-info/dependency_links.txt
[6.685s] writing entry points to ../../build/ep_control/ep_control.egg-info/entry_points.txt
[6.686s] writing requirements to ../../build/ep_control/ep_control.egg-info/requires.txt
[6.687s] writing top-level names to ../../build/ep_control/ep_control.egg-info/top_level.txt
[6.696s] reading manifest file '../../build/ep_control/ep_control.egg-info/SOURCES.txt'
[6.701s] writing manifest file '../../build/ep_control/ep_control.egg-info/SOURCES.txt'
[6.703s] running build
[6.704s] running build_py
[6.707s] running install
[6.708s] running install_lib
[6.715s] running install_data
[6.716s] running install_egg_info
[6.725s] removing '/home/cricchetto/Robomaster_WS/install/ep_control/lib/python3.10/site-packages/ep_control-0.0.0-py3.10.egg-info' (and everything under it)
[6.727s] Copying ../../build/ep_control/ep_control.egg-info to /home/cricchetto/Robomaster_WS/install/ep_control/lib/python3.10/site-packages/ep_control-0.0.0-py3.10.egg-info
[6.735s] running install_scripts
[6.840s] Installing gripper_state script to /home/cricchetto/Robomaster_WS/install/ep_control/lib/ep_control
[6.841s] Installing joy_reader script to /home/cricchetto/Robomaster_WS/install/ep_control/lib/ep_control
[6.843s] Installing joy_to_arm script to /home/cricchetto/Robomaster_WS/install/ep_control/lib/ep_control
[6.846s] writing list of installed files to '/home/cricchetto/Robomaster_WS/build/ep_control/install.log'
[7.769s] Invoked command in '/home/cricchetto/Robomaster_WS/src/ep_control' returned '0': PYTHONPATH=/home/cricchetto/Robomaster_WS/build/ep_control/prefix_override:/usr/lib/python3/dist-packages/colcon_core/task/python/colcon_distutils_commands:/home/cricchetto/Robomaster_WS/install/ep_control/lib/python3.10/site-packages:${PYTHONPATH} /usr/bin/python3 -W ignore:setup.py install is deprecated -W ignore:easy_install command is deprecated setup.py egg_info --egg-base ../../build/ep_control build --build-base /home/cricchetto/Robomaster_WS/build/ep_control/build install --record /home/cricchetto/Robomaster_WS/build/ep_control/install.log --single-version-externally-managed install_data
