[7.677s] Invoking command in '/home/cricchetto/Robomaster_WS/src/drift': PYTHONPATH=/home/cricchetto/Robomaster_WS/build/drift/prefix_override:/usr/lib/python3/dist-packages/colcon_core/task/python/colcon_distutils_commands:/home/cricchetto/Robomaster_WS/install/drift/lib/python3.10/site-packages:${PYTHONPATH} /usr/bin/python3 -W ignore:setup.py install is deprecated -W ignore:easy_install command is deprecated setup.py egg_info --egg-base ../../build/drift build --build-base /home/cricchetto/Robomaster_WS/build/drift/build install --record /home/cricchetto/Robomaster_WS/build/drift/install.log --single-version-externally-managed install_data
[9.001s] running egg_info
[9.003s] writing ../../build/drift/drift.egg-info/PKG-INFO
[9.007s] writing dependency_links to ../../build/drift/drift.egg-info/dependency_links.txt
[9.009s] writing entry points to ../../build/drift/drift.egg-info/entry_points.txt
[9.011s] writing requirements to ../../build/drift/drift.egg-info/requires.txt
[9.013s] writing top-level names to ../../build/drift/drift.egg-info/top_level.txt
[9.019s] reading manifest file '../../build/drift/drift.egg-info/SOURCES.txt'
[9.025s] writing manifest file '../../build/drift/drift.egg-info/SOURCES.txt'
[9.027s] running build
[9.027s] running build_py
[9.031s] running install
[9.033s] running install_lib
[9.042s] running install_data
[9.045s] running install_egg_info
[9.054s] removing '/home/cricchetto/Robomaster_WS/install/drift/lib/python3.10/site-packages/drift-0.0.1-py3.10.egg-info' (and everything under it)
[9.057s] Copying ../../build/drift/drift.egg-info to /home/cricchetto/Robomaster_WS/install/drift/lib/python3.10/site-packages/drift-0.0.1-py3.10.egg-info
[9.065s] running install_scripts
[9.172s] Installing drift_circle_node script to /home/cricchetto/Robomaster_WS/install/drift/lib/drift
[9.173s] Installing play_sound_node script to /home/cricchetto/Robomaster_WS/install/drift/lib/drift
[9.176s] writing list of installed files to '/home/cricchetto/Robomaster_WS/build/drift/install.log'
[9.394s] Invoked command in '/home/cricchetto/Robomaster_WS/src/drift' returned '0': PYTHONPATH=/home/cricchetto/Robomaster_WS/build/drift/prefix_override:/usr/lib/python3/dist-packages/colcon_core/task/python/colcon_distutils_commands:/home/cricchetto/Robomaster_WS/install/drift/lib/python3.10/site-packages:${PYTHONPATH} /usr/bin/python3 -W ignore:setup.py install is deprecated -W ignore:easy_install command is deprecated setup.py egg_info --egg-base ../../build/drift build --build-base /home/cricchetto/Robomaster_WS/build/drift/build install --record /home/cricchetto/Robomaster_WS/build/drift/install.log --single-version-externally-managed install_data
