[6.831s] Invoking command in '/home/cricchetto/Robomaster_WS/src/ep_control': PYTHONPATH=/home/cricchetto/Robomaster_WS/src/build/ep_control/prefix_override:/usr/lib/python3/dist-packages/colcon_core/task/python/colcon_distutils_commands:/home/cricchetto/Robomaster_WS/src/install/ep_control/lib/python3.10/site-packages:${PYTHONPATH} /usr/bin/python3 -W ignore:setup.py install is deprecated -W ignore:easy_install command is deprecated setup.py egg_info --egg-base ../build/ep_control build --build-base /home/cricchetto/Robomaster_WS/src/build/ep_control/build install --record /home/cricchetto/Robomaster_WS/src/build/ep_control/install.log --single-version-externally-managed install_data
[9.003s] running egg_info
[9.012s] creating ../build/ep_control/ep_control.egg-info
[9.013s] writing ../build/ep_control/ep_control.egg-info/PKG-INFO
[9.026s] writing dependency_links to ../build/ep_control/ep_control.egg-info/dependency_links.txt
[9.027s] writing entry points to ../build/ep_control/ep_control.egg-info/entry_points.txt
[9.042s] writing requirements to ../build/ep_control/ep_control.egg-info/requires.txt
[9.044s] writing top-level names to ../build/ep_control/ep_control.egg-info/top_level.txt
[9.045s] writing manifest file '../build/ep_control/ep_control.egg-info/SOURCES.txt'
[9.055s] reading manifest file '../build/ep_control/ep_control.egg-info/SOURCES.txt'
[9.058s] writing manifest file '../build/ep_control/ep_control.egg-info/SOURCES.txt'
[9.059s] running build
[9.060s] running build_py
[9.061s] creating /home/cricchetto/Robomaster_WS/src/build/ep_control/build
[9.062s] creating /home/cricchetto/Robomaster_WS/src/build/ep_control/build/lib
[9.063s] creating /home/cricchetto/Robomaster_WS/src/build/ep_control/build/lib/ep_control
[9.063s] copying ep_control/__init__.py -> /home/cricchetto/Robomaster_WS/src/build/ep_control/build/lib/ep_control
[9.064s] copying ep_control/gripper_state.py -> /home/cricchetto/Robomaster_WS/src/build/ep_control/build/lib/ep_control
[9.067s] copying ep_control/joy_reader.py -> /home/cricchetto/Robomaster_WS/src/build/ep_control/build/lib/ep_control
[9.069s] copying ep_control/joy_to_arm.py -> /home/cricchetto/Robomaster_WS/src/build/ep_control/build/lib/ep_control
[9.075s] running install
[9.077s] running install_lib
[9.084s] creating /home/cricchetto/Robomaster_WS/src/install/ep_control/lib/python3.10/site-packages/ep_control
[9.085s] copying /home/cricchetto/Robomaster_WS/src/build/ep_control/build/lib/ep_control/__init__.py -> /home/cricchetto/Robomaster_WS/src/install/ep_control/lib/python3.10/site-packages/ep_control
[9.086s] copying /home/cricchetto/Robomaster_WS/src/build/ep_control/build/lib/ep_control/gripper_state.py -> /home/cricchetto/Robomaster_WS/src/install/ep_control/lib/python3.10/site-packages/ep_control
[9.088s] copying /home/cricchetto/Robomaster_WS/src/build/ep_control/build/lib/ep_control/joy_reader.py -> /home/cricchetto/Robomaster_WS/src/install/ep_control/lib/python3.10/site-packages/ep_control
[9.091s] copying /home/cricchetto/Robomaster_WS/src/build/ep_control/build/lib/ep_control/joy_to_arm.py -> /home/cricchetto/Robomaster_WS/src/install/ep_control/lib/python3.10/site-packages/ep_control
[9.095s] byte-compiling /home/cricchetto/Robomaster_WS/src/install/ep_control/lib/python3.10/site-packages/ep_control/__init__.py to __init__.cpython-310.pyc
[9.098s] byte-compiling /home/cricchetto/Robomaster_WS/src/install/ep_control/lib/python3.10/site-packages/ep_control/gripper_state.py to gripper_state.cpython-310.pyc
[9.104s] byte-compiling /home/cricchetto/Robomaster_WS/src/install/ep_control/lib/python3.10/site-packages/ep_control/joy_reader.py to joy_reader.cpython-310.pyc
[9.106s] byte-compiling /home/cricchetto/Robomaster_WS/src/install/ep_control/lib/python3.10/site-packages/ep_control/joy_to_arm.py to joy_to_arm.cpython-310.pyc
[9.113s] running install_data
[9.114s] creating /home/cricchetto/Robomaster_WS/src/install/ep_control/share/ament_index
[9.115s] creating /home/cricchetto/Robomaster_WS/src/install/ep_control/share/ament_index/resource_index
[9.116s] creating /home/cricchetto/Robomaster_WS/src/install/ep_control/share/ament_index/resource_index/packages
[9.116s] copying resource/ep_control -> /home/cricchetto/Robomaster_WS/src/install/ep_control/share/ament_index/resource_index/packages
[9.117s] copying package.xml -> /home/cricchetto/Robomaster_WS/src/install/ep_control/share/ep_control
[9.117s] creating /home/cricchetto/Robomaster_WS/src/install/ep_control/share/ep_control/launch
[9.118s] copying launch/joy_node-launch.py -> /home/cricchetto/Robomaster_WS/src/install/ep_control/share/ep_control/launch
[9.120s] running install_egg_info
[9.136s] Copying ../build/ep_control/ep_control.egg-info to /home/cricchetto/Robomaster_WS/src/install/ep_control/lib/python3.10/site-packages/ep_control-0.0.0-py3.10.egg-info
[9.150s] running install_scripts
[9.296s] Installing gripper_state script to /home/cricchetto/Robomaster_WS/src/install/ep_control/lib/ep_control
[9.298s] Installing joy_reader script to /home/cricchetto/Robomaster_WS/src/install/ep_control/lib/ep_control
[9.300s] Installing joy_to_arm script to /home/cricchetto/Robomaster_WS/src/install/ep_control/lib/ep_control
[9.304s] writing list of installed files to '/home/cricchetto/Robomaster_WS/src/build/ep_control/install.log'
[9.689s] Invoked command in '/home/cricchetto/Robomaster_WS/src/ep_control' returned '0': PYTHONPATH=/home/cricchetto/Robomaster_WS/src/build/ep_control/prefix_override:/usr/lib/python3/dist-packages/colcon_core/task/python/colcon_distutils_commands:/home/cricchetto/Robomaster_WS/src/install/ep_control/lib/python3.10/site-packages:${PYTHONPATH} /usr/bin/python3 -W ignore:setup.py install is deprecated -W ignore:easy_install command is deprecated setup.py egg_info --egg-base ../build/ep_control build --build-base /home/cricchetto/Robomaster_WS/src/build/ep_control/build install --record /home/cricchetto/Robomaster_WS/src/build/ep_control/install.log --single-version-externally-managed install_data
