/home/stefano/Robomaster_WS/install/robomaster_ros/lib/python3.10/site-packages/robomaster_ros/decompress_h264.py
/home/stefano/Robomaster_WS/install/robomaster_ros/lib/python3.10/site-packages/robomaster_ros/client.py
/home/stefano/Robomaster_WS/install/robomaster_ros/lib/python3.10/site-packages/robomaster_ros/discover.py
/home/stefano/Robomaster_WS/install/robomaster_ros/lib/python3.10/site-packages/robomaster_ros/robomaster_driver.py
/home/stefano/Robomaster_WS/install/robomaster_ros/lib/python3.10/site-packages/robomaster_ros/action.py
/home/stefano/Robomaster_WS/install/robomaster_ros/lib/python3.10/site-packages/robomaster_ros/utils.py
/home/stefano/Robomaster_WS/install/robomaster_ros/lib/python3.10/site-packages/robomaster_ros/play_audio.py
/home/stefano/Robomaster_WS/install/robomaster_ros/lib/python3.10/site-packages/robomaster_ros/play_audio_opus.py
/home/stefano/Robomaster_WS/install/robomaster_ros/lib/python3.10/site-packages/robomaster_ros/connect.py
/home/stefano/Robomaster_WS/install/robomaster_ros/lib/python3.10/site-packages/robomaster_ros/__init__.py
/home/stefano/Robomaster_WS/install/robomaster_ros/lib/python3.10/site-packages/robomaster_ros/ftp.py
/home/stefano/Robomaster_WS/install/robomaster_ros/lib/python3.10/site-packages/robomaster_ros/display_battery.py
/home/stefano/Robomaster_WS/install/robomaster_ros/lib/python3.10/site-packages/robomaster_ros/modules/vision.py
/home/stefano/Robomaster_WS/install/robomaster_ros/lib/python3.10/site-packages/robomaster_ros/modules/gimbal.py
/home/stefano/Robomaster_WS/install/robomaster_ros/lib/python3.10/site-packages/robomaster_ros/modules/speaker.py
/home/stefano/Robomaster_WS/install/robomaster_ros/lib/python3.10/site-packages/robomaster_ros/modules/camera.py
/home/stefano/Robomaster_WS/install/robomaster_ros/lib/python3.10/site-packages/robomaster_ros/modules/led.py
/home/stefano/Robomaster_WS/install/robomaster_ros/lib/python3.10/site-packages/robomaster_ros/modules/battery.py
/home/stefano/Robomaster_WS/install/robomaster_ros/lib/python3.10/site-packages/robomaster_ros/modules/armor.py
/home/stefano/Robomaster_WS/install/robomaster_ros/lib/python3.10/site-packages/robomaster_ros/modules/gripper.py
/home/stefano/Robomaster_WS/install/robomaster_ros/lib/python3.10/site-packages/robomaster_ros/modules/servo.py
/home/stefano/Robomaster_WS/install/robomaster_ros/lib/python3.10/site-packages/robomaster_ros/modules/sbus.py
/home/stefano/Robomaster_WS/install/robomaster_ros/lib/python3.10/site-packages/robomaster_ros/modules/blaster.py
/home/stefano/Robomaster_WS/install/robomaster_ros/lib/python3.10/site-packages/robomaster_ros/modules/pwm.py
/home/stefano/Robomaster_WS/install/robomaster_ros/lib/python3.10/site-packages/robomaster_ros/modules/uart.py
/home/stefano/Robomaster_WS/install/robomaster_ros/lib/python3.10/site-packages/robomaster_ros/modules/chassis.py
/home/stefano/Robomaster_WS/install/robomaster_ros/lib/python3.10/site-packages/robomaster_ros/modules/sensor_adapter.py
/home/stefano/Robomaster_WS/install/robomaster_ros/lib/python3.10/site-packages/robomaster_ros/modules/__init__.py
/home/stefano/Robomaster_WS/install/robomaster_ros/lib/python3.10/site-packages/robomaster_ros/modules/h264_parser.py
/home/stefano/Robomaster_WS/install/robomaster_ros/lib/python3.10/site-packages/robomaster_ros/modules/arm.py
/home/stefano/Robomaster_WS/install/robomaster_ros/lib/python3.10/site-packages/robomaster_ros/modules/tof.py
/home/stefano/Robomaster_WS/install/robomaster_ros/lib/python3.10/site-packages/robomaster_ros/__pycache__/decompress_h264.cpython-310.pyc
/home/stefano/Robomaster_WS/install/robomaster_ros/lib/python3.10/site-packages/robomaster_ros/__pycache__/client.cpython-310.pyc
/home/stefano/Robomaster_WS/install/robomaster_ros/lib/python3.10/site-packages/robomaster_ros/__pycache__/discover.cpython-310.pyc
/home/stefano/Robomaster_WS/install/robomaster_ros/lib/python3.10/site-packages/robomaster_ros/__pycache__/robomaster_driver.cpython-310.pyc
/home/stefano/Robomaster_WS/install/robomaster_ros/lib/python3.10/site-packages/robomaster_ros/__pycache__/action.cpython-310.pyc
/home/stefano/Robomaster_WS/install/robomaster_ros/lib/python3.10/site-packages/robomaster_ros/__pycache__/utils.cpython-310.pyc
/home/stefano/Robomaster_WS/install/robomaster_ros/lib/python3.10/site-packages/robomaster_ros/__pycache__/play_audio.cpython-310.pyc
/home/stefano/Robomaster_WS/install/robomaster_ros/lib/python3.10/site-packages/robomaster_ros/__pycache__/play_audio_opus.cpython-310.pyc
/home/stefano/Robomaster_WS/install/robomaster_ros/lib/python3.10/site-packages/robomaster_ros/__pycache__/connect.cpython-310.pyc
/home/stefano/Robomaster_WS/install/robomaster_ros/lib/python3.10/site-packages/robomaster_ros/__pycache__/__init__.cpython-310.pyc
/home/stefano/Robomaster_WS/install/robomaster_ros/lib/python3.10/site-packages/robomaster_ros/__pycache__/ftp.cpython-310.pyc
/home/stefano/Robomaster_WS/install/robomaster_ros/lib/python3.10/site-packages/robomaster_ros/__pycache__/display_battery.cpython-310.pyc
/home/stefano/Robomaster_WS/install/robomaster_ros/lib/python3.10/site-packages/robomaster_ros/modules/__pycache__/vision.cpython-310.pyc
/home/stefano/Robomaster_WS/install/robomaster_ros/lib/python3.10/site-packages/robomaster_ros/modules/__pycache__/gimbal.cpython-310.pyc
/home/stefano/Robomaster_WS/install/robomaster_ros/lib/python3.10/site-packages/robomaster_ros/modules/__pycache__/speaker.cpython-310.pyc
/home/stefano/Robomaster_WS/install/robomaster_ros/lib/python3.10/site-packages/robomaster_ros/modules/__pycache__/camera.cpython-310.pyc
/home/stefano/Robomaster_WS/install/robomaster_ros/lib/python3.10/site-packages/robomaster_ros/modules/__pycache__/led.cpython-310.pyc
/home/stefano/Robomaster_WS/install/robomaster_ros/lib/python3.10/site-packages/robomaster_ros/modules/__pycache__/battery.cpython-310.pyc
/home/stefano/Robomaster_WS/install/robomaster_ros/lib/python3.10/site-packages/robomaster_ros/modules/__pycache__/armor.cpython-310.pyc
/home/stefano/Robomaster_WS/install/robomaster_ros/lib/python3.10/site-packages/robomaster_ros/modules/__pycache__/gripper.cpython-310.pyc
/home/stefano/Robomaster_WS/install/robomaster_ros/lib/python3.10/site-packages/robomaster_ros/modules/__pycache__/servo.cpython-310.pyc
/home/stefano/Robomaster_WS/install/robomaster_ros/lib/python3.10/site-packages/robomaster_ros/modules/__pycache__/sbus.cpython-310.pyc
/home/stefano/Robomaster_WS/install/robomaster_ros/lib/python3.10/site-packages/robomaster_ros/modules/__pycache__/blaster.cpython-310.pyc
/home/stefano/Robomaster_WS/install/robomaster_ros/lib/python3.10/site-packages/robomaster_ros/modules/__pycache__/pwm.cpython-310.pyc
/home/stefano/Robomaster_WS/install/robomaster_ros/lib/python3.10/site-packages/robomaster_ros/modules/__pycache__/uart.cpython-310.pyc
/home/stefano/Robomaster_WS/install/robomaster_ros/lib/python3.10/site-packages/robomaster_ros/modules/__pycache__/chassis.cpython-310.pyc
/home/stefano/Robomaster_WS/install/robomaster_ros/lib/python3.10/site-packages/robomaster_ros/modules/__pycache__/sensor_adapter.cpython-310.pyc
/home/stefano/Robomaster_WS/install/robomaster_ros/lib/python3.10/site-packages/robomaster_ros/modules/__pycache__/__init__.cpython-310.pyc
/home/stefano/Robomaster_WS/install/robomaster_ros/lib/python3.10/site-packages/robomaster_ros/modules/__pycache__/h264_parser.cpython-310.pyc
/home/stefano/Robomaster_WS/install/robomaster_ros/lib/python3.10/site-packages/robomaster_ros/modules/__pycache__/arm.cpython-310.pyc
/home/stefano/Robomaster_WS/install/robomaster_ros/lib/python3.10/site-packages/robomaster_ros/modules/__pycache__/tof.cpython-310.pyc
/home/stefano/Robomaster_WS/install/robomaster_ros/share/ament_index/resource_index/packages/robomaster_ros
/home/stefano/Robomaster_WS/install/robomaster_ros/share/robomaster_ros/package.xml
/home/stefano/Robomaster_WS/install/robomaster_ros/share/robomaster_ros/launch/s1.launch
/home/stefano/Robomaster_WS/install/robomaster_ros/share/robomaster_ros/launch/main.launch
/home/stefano/Robomaster_WS/install/robomaster_ros/share/robomaster_ros/launch/decoder.launch
/home/stefano/Robomaster_WS/install/robomaster_ros/share/robomaster_ros/launch/teleop_linux.launch
/home/stefano/Robomaster_WS/install/robomaster_ros/share/robomaster_ros/launch/ep.launch
/home/stefano/Robomaster_WS/install/robomaster_ros/share/robomaster_ros/launch/camera.launch
/home/stefano/Robomaster_WS/install/robomaster_ros/share/robomaster_ros/launch/teleop.launch
/home/stefano/Robomaster_WS/install/robomaster_ros/share/robomaster_ros/launch
/home/stefano/Robomaster_WS/install/robomaster_ros/share/robomaster_ros/config/rm_camera_calibration_720_simulation.yaml
/home/stefano/Robomaster_WS/install/robomaster_ros/share/robomaster_ros/config/rm_camera_calibration_360_simulation.yaml
/home/stefano/Robomaster_WS/install/robomaster_ros/share/robomaster_ros/config/joy_config_s1.yaml
/home/stefano/Robomaster_WS/install/robomaster_ros/share/robomaster_ros/config/rm_camera_calibration_720.yaml
/home/stefano/Robomaster_WS/install/robomaster_ros/share/robomaster_ros/config/rm_camera_calibration_540_simulation.yaml
/home/stefano/Robomaster_WS/install/robomaster_ros/share/robomaster_ros/config/joy_config_ep.yaml
/home/stefano/Robomaster_WS/install/robomaster_ros/share/robomaster_ros/config/rm_camera_calibration_360.yaml
/home/stefano/Robomaster_WS/install/robomaster_ros/share/robomaster_ros/config/rm_camera_calibration_540.yaml
/home/stefano/Robomaster_WS/install/robomaster_ros/share/robomaster_ros/config/servos.yaml
/home/stefano/Robomaster_WS/install/robomaster_ros/lib/python3.10/site-packages/robomaster_ros-0.0.0-py3.10.egg-info/requires.txt
/home/stefano/Robomaster_WS/install/robomaster_ros/lib/python3.10/site-packages/robomaster_ros-0.0.0-py3.10.egg-info/SOURCES.txt
/home/stefano/Robomaster_WS/install/robomaster_ros/lib/python3.10/site-packages/robomaster_ros-0.0.0-py3.10.egg-info/dependency_links.txt
/home/stefano/Robomaster_WS/install/robomaster_ros/lib/python3.10/site-packages/robomaster_ros-0.0.0-py3.10.egg-info/zip-safe
/home/stefano/Robomaster_WS/install/robomaster_ros/lib/python3.10/site-packages/robomaster_ros-0.0.0-py3.10.egg-info/entry_points.txt
/home/stefano/Robomaster_WS/install/robomaster_ros/lib/python3.10/site-packages/robomaster_ros-0.0.0-py3.10.egg-info/top_level.txt
/home/stefano/Robomaster_WS/install/robomaster_ros/lib/python3.10/site-packages/robomaster_ros-0.0.0-py3.10.egg-info/PKG-INFO
/home/stefano/Robomaster_WS/install/robomaster_ros/lib/robomaster_ros/connect
/home/stefano/Robomaster_WS/install/robomaster_ros/lib/robomaster_ros/discover
/home/stefano/Robomaster_WS/install/robomaster_ros/lib/robomaster_ros/display_battery
/home/stefano/Robomaster_WS/install/robomaster_ros/lib/robomaster_ros/h264_decoder
/home/stefano/Robomaster_WS/install/robomaster_ros/lib/robomaster_ros/move
/home/stefano/Robomaster_WS/install/robomaster_ros/lib/robomaster_ros/play_audio
/home/stefano/Robomaster_WS/install/robomaster_ros/lib/robomaster_ros/play_opus
/home/stefano/Robomaster_WS/install/robomaster_ros/lib/robomaster_ros/robomaster_driver
