[6.408s] Invoking command in '/home/cricchetto/Robomaster_WS/src/ep_control': PYTHONPATH=/home/cricchetto/Robomaster_WS/build/ep_control/prefix_override:/usr/lib/python3/dist-packages/colcon_core/task/python/colcon_distutils_commands:/home/cricchetto/Robomaster_WS/install/ep_control/lib/python3.10/site-packages:${PYTHONPATH} /usr/bin/python3 -W ignore:setup.py install is deprecated -W ignore:easy_install command is deprecated setup.py egg_info --egg-base ../../build/ep_control build --build-base /home/cricchetto/Robomaster_WS/build/ep_control/build install --record /home/cricchetto/Robomaster_WS/build/ep_control/install.log --single-version-externally-managed install_data
[7.728s] running egg_info
[7.732s] writing ../../build/ep_control/ep_control.egg-info/PKG-INFO
[7.737s] writing dependency_links to ../../build/ep_control/ep_control.egg-info/dependency_links.txt
[7.738s] writing entry points to ../../build/ep_control/ep_control.egg-info/entry_points.txt
[7.739s] writing requirements to ../../build/ep_control/ep_control.egg-info/requires.txt
[7.740s] writing top-level names to ../../build/ep_control/ep_control.egg-info/top_level.txt
[7.748s] reading manifest file '../../build/ep_control/ep_control.egg-info/SOURCES.txt'
[7.754s] writing manifest file '../../build/ep_control/ep_control.egg-info/SOURCES.txt'
[7.756s] running build
[7.757s] running build_py
[7.761s] running install
[7.763s] running install_lib
[7.772s] running install_data
[7.774s] running install_egg_info
[7.783s] removing '/home/cricchetto/Robomaster_WS/install/ep_control/lib/python3.10/site-packages/ep_control-0.0.0-py3.10.egg-info' (and everything under it)
[7.786s] Copying ../../build/ep_control/ep_control.egg-info to /home/cricchetto/Robomaster_WS/install/ep_control/lib/python3.10/site-packages/ep_control-0.0.0-py3.10.egg-info
[7.794s] running install_scripts
[7.892s] Installing gripper_state script to /home/cricchetto/Robomaster_WS/install/ep_control/lib/ep_control
[7.895s] Installing joy_reader script to /home/cricchetto/Robomaster_WS/install/ep_control/lib/ep_control
[7.896s] Installing joy_to_arm script to /home/cricchetto/Robomaster_WS/install/ep_control/lib/ep_control
[7.899s] writing list of installed files to '/home/cricchetto/Robomaster_WS/build/ep_control/install.log'
[8.276s] Invoked command in '/home/cricchetto/Robomaster_WS/src/ep_control' returned '0': PYTHONPATH=/home/cricchetto/Robomaster_WS/build/ep_control/prefix_override:/usr/lib/python3/dist-packages/colcon_core/task/python/colcon_distutils_commands:/home/cricchetto/Robomaster_WS/install/ep_control/lib/python3.10/site-packages:${PYTHONPATH} /usr/bin/python3 -W ignore:setup.py install is deprecated -W ignore:easy_install command is deprecated setup.py egg_info --egg-base ../../build/ep_control build --build-base /home/cricchetto/Robomaster_WS/build/ep_control/build install --record /home/cricchetto/Robomaster_WS/build/ep_control/install.log --single-version-externally-managed install_data
