[5.467s] Invoking command in '/home/cricchetto/Robomaster_WS/src/drift': PYTHONPATH=/home/cricchetto/Robomaster_WS/build/drift/prefix_override:/usr/lib/python3/dist-packages/colcon_core/task/python/colcon_distutils_commands:/home/cricchetto/Robomaster_WS/install/drift/lib/python3.10/site-packages:${PYTHONPATH} /usr/bin/python3 -W ignore:setup.py install is deprecated -W ignore:easy_install command is deprecated setup.py egg_info --egg-base ../../build/drift build --build-base /home/cricchetto/Robomaster_WS/build/drift/build install --record /home/cricchetto/Robomaster_WS/build/drift/install.log --single-version-externally-managed install_data
[6.777s] running egg_info
[6.779s] writing ../../build/drift/drift.egg-info/PKG-INFO
[6.781s] writing dependency_links to ../../build/drift/drift.egg-info/dependency_links.txt
[6.782s] writing entry points to ../../build/drift/drift.egg-info/entry_points.txt
[6.783s] writing requirements to ../../build/drift/drift.egg-info/requires.txt
[6.784s] writing top-level names to ../../build/drift/drift.egg-info/top_level.txt
[6.792s] reading manifest file '../../build/drift/drift.egg-info/SOURCES.txt'
[6.796s] writing manifest file '../../build/drift/drift.egg-info/SOURCES.txt'
[6.797s] running build
[6.797s] running build_py
[6.800s] running install
[6.803s] running install_lib
[6.813s] running install_data
[6.815s] running install_egg_info
[6.828s] removing '/home/cricchetto/Robomaster_WS/install/drift/lib/python3.10/site-packages/drift-0.0.1-py3.10.egg-info' (and everything under it)
[6.832s] Copying ../../build/drift/drift.egg-info to /home/cricchetto/Robomaster_WS/install/drift/lib/python3.10/site-packages/drift-0.0.1-py3.10.egg-info
[6.844s] running install_scripts
[6.957s] Installing drift_circle_node script to /home/cricchetto/Robomaster_WS/install/drift/lib/drift
[6.959s] Installing play_sound_node script to /home/cricchetto/Robomaster_WS/install/drift/lib/drift
[6.960s] writing list of installed files to '/home/cricchetto/Robomaster_WS/build/drift/install.log'
[7.188s] Invoked command in '/home/cricchetto/Robomaster_WS/src/drift' returned '0': PYTHONPATH=/home/cricchetto/Robomaster_WS/build/drift/prefix_override:/usr/lib/python3/dist-packages/colcon_core/task/python/colcon_distutils_commands:/home/cricchetto/Robomaster_WS/install/drift/lib/python3.10/site-packages:${PYTHONPATH} /usr/bin/python3 -W ignore:setup.py install is deprecated -W ignore:easy_install command is deprecated setup.py egg_info --egg-base ../../build/drift build --build-base /home/cricchetto/Robomaster_WS/build/drift/build install --record /home/cricchetto/Robomaster_WS/build/drift/install.log --single-version-externally-managed install_data
