[0.138s] Invoking command in '/home/cricchetto/Robomaster_WS/src/build/sllidar_ros2': CMAKE_PREFIX_PATH=${CMAKE_PREFIX_PATH}:/home/cricchetto/Robomaster_WS/install/socket_server_pkg:/home/cricchetto/Robomaster_WS/install/robomaster_ros:/home/cricchetto/Robomaster_WS/install/ep_control:/home/cricchetto/Robomaster_WS/install/drift:/opt/ros/humble /usr/bin/cmake /home/cricchetto/Robomaster_WS/src/sllidar_ros2 -DCMAKE_INSTALL_PREFIX=/home/cricchetto/Robomaster_WS/src/install/sllidar_ros2
[0.545s] -- The C compiler identification is GNU 11.4.0
[0.917s] -- The CXX compiler identification is GNU 11.4.0
[0.953s] -- Detecting C compiler ABI info
[1.397s] -- Detecting C compiler ABI info - done
[1.427s] -- Check for working C compiler: /usr/bin/cc - skipped
[1.430s] -- Detecting C compile features
[1.433s] -- Detecting C compile features - done
[1.449s] -- Detecting CXX compiler ABI info
[1.970s] -- Detecting CXX compiler ABI info - done
[2.013s] -- Check for working CXX compiler: /usr/bin/c++ - skipped
[2.014s] -- Detecting CXX compile features
[2.031s] -- Detecting CXX compile features - done
[2.070s] -- Found ament_cmake: 1.3.12 (/opt/ros/humble/share/ament_cmake/cmake)
[3.520s] -- Found Python3: /usr/bin/python3 (found version "3.10.12") found components: Interpreter 
[4.550s] -- Found rclcpp: 16.0.15 (/opt/ros/humble/share/rclcpp/cmake)
[5.102s] -- Found rosidl_generator_c: 3.1.7 (/opt/ros/humble/share/rosidl_generator_c/cmake)
[5.174s] -- Found rosidl_adapter: 3.1.7 (/opt/ros/humble/share/rosidl_adapter/cmake)
[5.296s] -- Found rosidl_generator_cpp: 3.1.7 (/opt/ros/humble/share/rosidl_generator_cpp/cmake)
[5.443s] -- Using all available rosidl_typesupport_c: rosidl_typesupport_fastrtps_c;rosidl_typesupport_introspection_c
[5.616s] -- Using all available rosidl_typesupport_cpp: rosidl_typesupport_fastrtps_cpp;rosidl_typesupport_introspection_cpp
[6.217s] -- Found rmw_implementation_cmake: 6.1.2 (/opt/ros/humble/share/rmw_implementation_cmake/cmake)
[6.259s] -- Found rmw_fastrtps_cpp: 6.2.9 (/opt/ros/humble/share/rmw_fastrtps_cpp/cmake)
[7.098s] -- Found OpenSSL: /usr/lib/aarch64-linux-gnu/libcrypto.so (found version "3.0.2")  
[7.330s] -- Found FastRTPS: /opt/ros/humble/include  
[7.710s] -- Using RMW implementation 'rmw_fastrtps_cpp' as default
[7.830s] -- Looking for pthread.h
[8.306s] -- Looking for pthread.h - found
[8.308s] -- Performing Test CMAKE_HAVE_LIBC_PTHREAD
[8.836s] -- Performing Test CMAKE_HAVE_LIBC_PTHREAD - Success
[8.842s] -- Found Threads: TRUE  
[9.615s] -- Found sensor_msgs: 4.9.0 (/opt/ros/humble/share/sensor_msgs/cmake)
[10.074s] -- Found std_srvs: 4.9.0 (/opt/ros/humble/share/std_srvs/cmake)
[10.904s] -- Configuring done
[11.067s] -- Generating done
[11.112s] -- Build files have been written to: /home/cricchetto/Robomaster_WS/src/build/sllidar_ros2
[11.162s] Invoked command in '/home/cricchetto/Robomaster_WS/src/build/sllidar_ros2' returned '0': CMAKE_PREFIX_PATH=${CMAKE_PREFIX_PATH}:/home/cricchetto/Robomaster_WS/install/socket_server_pkg:/home/cricchetto/Robomaster_WS/install/robomaster_ros:/home/cricchetto/Robomaster_WS/install/ep_control:/home/cricchetto/Robomaster_WS/install/drift:/opt/ros/humble /usr/bin/cmake /home/cricchetto/Robomaster_WS/src/sllidar_ros2 -DCMAKE_INSTALL_PREFIX=/home/cricchetto/Robomaster_WS/src/install/sllidar_ros2
[11.163s] Invoking command in '/home/cricchetto/Robomaster_WS/src/build/sllidar_ros2': CMAKE_PREFIX_PATH=${CMAKE_PREFIX_PATH}:/home/cricchetto/Robomaster_WS/install/socket_server_pkg:/home/cricchetto/Robomaster_WS/install/robomaster_ros:/home/cricchetto/Robomaster_WS/install/ep_control:/home/cricchetto/Robomaster_WS/install/drift:/opt/ros/humble /usr/bin/cmake --build /home/cricchetto/Robomaster_WS/src/build/sllidar_ros2 -- -j4 -l4
[11.564s] [  5%] [32mBuilding CXX object CMakeFiles/sllidar_node.dir/src/sllidar_node.cpp.o[0m
[11.605s] [ 10%] [32mBuilding CXX object CMakeFiles/sllidar_node.dir/sdk/src/arch/linux/net_serial.cpp.o[0m
[11.623s] [ 15%] [32mBuilding CXX object CMakeFiles/sllidar_node.dir/sdk/src/arch/linux/net_socket.cpp.o[0m
[11.650s] [ 20%] [32mBuilding CXX object CMakeFiles/sllidar_client.dir/src/sllidar_client.cpp.o[0m
[22.494s] In file included from [01m[K/home/cricchetto/Robomaster_WS/src/sllidar_ros2/./sdk/include/rplidar_protocol.h:36[m[K,
[22.495s]                  from [01m[K/home/cricchetto/Robomaster_WS/src/sllidar_ros2/./sdk/include/rplidar.h:39[m[K,
[22.496s]                  from [01m[K/home/cricchetto/Robomaster_WS/src/sllidar_ros2/./sdk/src/sdkcommon.h:49[m[K,
[22.497s]                  from [01m[K/home/cricchetto/Robomaster_WS/src/sllidar_ros2/sdk/src/arch/linux/net_socket.cpp:10[m[K:
[22.498s] [01m[K/home/cricchetto/Robomaster_WS/src/sllidar_ros2/./sdk/include/sl_lidar_protocol.h:66:16:[m[K [01;35m[Kwarning: [m[KISO C++ forbids zero-size array ‘[01m[Kdata[m[K’ [[01;35m[K-Wpedantic[m[K]
[22.499s]    66 |     sl_u8 data[[01;35m[K0[m[K];
[22.500s]       |                [01;35m[K^[m[K
[22.501s] In file included from [01m[K/home/cricchetto/Robomaster_WS/src/sllidar_ros2/./sdk/include/rplidar_cmd.h:36[m[K,
[22.501s]                  from [01m[K/home/cricchetto/Robomaster_WS/src/sllidar_ros2/./sdk/include/rplidar.h:40[m[K,
[22.502s]                  from [01m[K/home/cricchetto/Robomaster_WS/src/sllidar_ros2/./sdk/src/sdkcommon.h:49[m[K,
[22.503s]                  from [01m[K/home/cricchetto/Robomaster_WS/src/sllidar_ros2/sdk/src/arch/linux/net_socket.cpp:10[m[K:
[22.525s] [01m[K/home/cricchetto/Robomaster_WS/src/sllidar_ros2/./sdk/include/sl_lidar_cmd.h:324:20:[m[K [01;35m[Kwarning: [m[KISO C++ forbids zero-size array ‘[01m[Kpayload[m[K’ [[01;35m[K-Wpedantic[m[K]
[22.526s]   324 |     sl_u8  payload[[01;35m[K0[m[K];
[22.527s]       |                    [01;35m[K^[m[K
[23.218s] [01m[K/home/cricchetto/Robomaster_WS/src/sllidar_ros2/sdk/src/arch/linux/net_serial.cpp:[m[K In member function ‘[01m[Kbool rp::arch::net::raw_serial::open(const char*, uint32_t, uint32_t)[m[K’:
[23.219s] [01m[K/home/cricchetto/Robomaster_WS/src/sllidar_ros2/sdk/src/arch/linux/net_serial.cpp:97:74:[m[K [01;35m[Kwarning: [m[Kunused parameter ‘[01m[Kflags[m[K’ [[01;35m[K-Wunused-parameter[m[K]
[23.220s]    97 | bool raw_serial::open(const char * portname, uint32_t baudrate, [01;35m[Kuint32_t flags[m[K)
[23.221s]       |                                                                 [01;35m[K~~~~~~~~~^~~~~[m[K
[23.221s] [01m[K/home/cricchetto/Robomaster_WS/src/sllidar_ros2/sdk/src/arch/linux/net_serial.cpp:[m[K In member function ‘[01m[Kvirtual void rp::arch::net::raw_serial::flush(_u32)[m[K’:
[23.223s] [01m[K/home/cricchetto/Robomaster_WS/src/sllidar_ros2/sdk/src/arch/linux/net_serial.cpp:281:30:[m[K [01;35m[Kwarning: [m[Kunused parameter ‘[01m[Kflags[m[K’ [[01;35m[K-Wunused-parameter[m[K]
[23.224s]   281 | void raw_serial::flush( [01;35m[K_u32 flags[m[K)
[23.224s]       |                         [01;35m[K~~~~~^~~~~[m[K
[23.225s] [01m[K/home/cricchetto/Robomaster_WS/src/sllidar_ros2/sdk/src/arch/linux/net_serial.cpp:[m[K In member function ‘[01m[Kvirtual int rp::arch::net::raw_serial::waitforsent(_u32, size_t*)[m[K’:
[23.225s] [01m[K/home/cricchetto/Robomaster_WS/src/sllidar_ros2/sdk/src/arch/linux/net_serial.cpp:286:34:[m[K [01;35m[Kwarning: [m[Kunused parameter ‘[01m[Ktimeout[m[K’ [[01;35m[K-Wunused-parameter[m[K]
[23.227s]   286 | int raw_serial::waitforsent([01;35m[K_u32 timeout[m[K, size_t * returned_size)
[23.228s]       |                             [01;35m[K~~~~~^~~~~~~[m[K
[23.229s] [01m[K/home/cricchetto/Robomaster_WS/src/sllidar_ros2/sdk/src/arch/linux/net_serial.cpp:[m[K In member function ‘[01m[Kvirtual int rp::arch::net::raw_serial::waitforrecv(_u32, size_t*)[m[K’:
[23.230s] [01m[K/home/cricchetto/Robomaster_WS/src/sllidar_ros2/sdk/src/arch/linux/net_serial.cpp:292:34:[m[K [01;35m[Kwarning: [m[Kunused parameter ‘[01m[Ktimeout[m[K’ [[01;35m[K-Wunused-parameter[m[K]
[23.230s]   292 | int raw_serial::waitforrecv([01;35m[K_u32 timeout[m[K, size_t * returned_size)
[23.231s]       |                             [01;35m[K~~~~~^~~~~~~[m[K
[23.245s] [01m[K/home/cricchetto/Robomaster_WS/src/sllidar_ros2/sdk/src/arch/linux/net_serial.cpp:[m[K In member function ‘[01m[Kvirtual void rp::arch::net::raw_serial::cancelOperation()[m[K’:
[23.245s] [01m[K/home/cricchetto/Robomaster_WS/src/sllidar_ros2/sdk/src/arch/linux/net_serial.cpp:427:5:[m[K [01;35m[Kwarning: [m[Kvalue computed is not used [[01;35m[K-Wunused-value[m[K]
[23.246s]   427 |     [01;35m[K(int)::write(_selfpipe[1], "x", 1)[m[K;
[23.247s]       |     [01;35m[K^~~~~~~~~~~~~~~~~~~~~~~~~~~~~~~~~~[m[K
[23.459s] In file included from [01m[K/home/cricchetto/Robomaster_WS/src/sllidar_ros2/./sdk/src/arch/linux/arch_linux.h:42[m[K,
[23.460s]                  from [01m[K/home/cricchetto/Robomaster_WS/src/sllidar_ros2/./sdk/src/sdkcommon.h:41[m[K,
[23.461s]                  from [01m[K/home/cricchetto/Robomaster_WS/src/sllidar_ros2/sdk/src/arch/linux/net_socket.cpp:10[m[K:
[23.461s] [01m[K/home/cricchetto/Robomaster_WS/src/sllidar_ros2/sdk/src/arch/linux/net_socket.cpp:[m[K In member function ‘[01m[Kvirtual u_result rp::arch::net::DGramSocketImpl::sendTo(const rp::net::SocketAddress*, const void*, size_t)[m[K’:
[23.462s] [01m[K/home/cricchetto/Robomaster_WS/src/sllidar_ros2/sdk/src/arch/linux/net_socket.cpp:733:24:[m[K [01;35m[Kwarning: [m[Kcomparison of integer expressions of different signedness: ‘[01m[Kint[m[K’ and ‘[01m[Ksize_t[m[K’ {aka ‘[01m[Klong unsigned int[m[K’} [[01;35m[K-Wsign-compare[m[K]
[23.463s]   733 |             assert([01;35m[Kans == len[m[K);
[23.463s]       |                    [01;35m[K~~~~^~~~~~[m[K
[40.733s] In file included from [01m[K/home/cricchetto/Robomaster_WS/src/sllidar_ros2/./sdk/include/sl_lidar_cmd.h:41[m[K,
[40.733s]                  from [01m[K/home/cricchetto/Robomaster_WS/src/sllidar_ros2/./sdk/include/sl_lidar_driver.h:54[m[K,
[40.734s]                  from [01m[K/home/cricchetto/Robomaster_WS/src/sllidar_ros2/./sdk/include/sl_lidar.h:36[m[K,
[40.736s]                  from [01m[K/home/cricchetto/Robomaster_WS/src/sllidar_ros2/src/sllidar_node.cpp:38[m[K:
[40.736s] [01m[K/home/cricchetto/Robomaster_WS/src/sllidar_ros2/./sdk/include/sl_lidar_protocol.h:66:16:[m[K [01;35m[Kwarning: [m[KISO C++ forbids zero-size array ‘[01m[Kdata[m[K’ [[01;35m[K-Wpedantic[m[K]
[40.737s]    66 |     sl_u8 data[[01;35m[K0[m[K];
[40.738s]       |                [01;35m[K^[m[K
[40.738s] In file included from [01m[K/home/cricchetto/Robomaster_WS/src/sllidar_ros2/./sdk/include/sl_lidar_driver.h:54[m[K,
[40.739s]                  from [01m[K/home/cricchetto/Robomaster_WS/src/sllidar_ros2/./sdk/include/sl_lidar.h:36[m[K,
[40.744s]                  from [01m[K/home/cricchetto/Robomaster_WS/src/sllidar_ros2/src/sllidar_node.cpp:38[m[K:
[40.744s] [01m[K/home/cricchetto/Robomaster_WS/src/sllidar_ros2/./sdk/include/sl_lidar_cmd.h:324:20:[m[K [01;35m[Kwarning: [m[KISO C++ forbids zero-size array ‘[01m[Kpayload[m[K’ [[01;35m[K-Wpedantic[m[K]
[40.745s]   324 |     sl_u8  payload[[01;35m[K0[m[K];
[40.745s]       |                    [01;35m[K^[m[K
[62.298s] [ 25%] [32mBuilding CXX object CMakeFiles/sllidar_node.dir/sdk/src/dataunpacker/dataunpacker.cpp.o[0m
[65.382s] In file included from [01m[K/home/cricchetto/Robomaster_WS/src/sllidar_ros2/./sdk/include/rplidar_protocol.h:36[m[K,
[65.383s]                  from [01m[K/home/cricchetto/Robomaster_WS/src/sllidar_ros2/./sdk/include/rplidar.h:39[m[K,
[65.384s]                  from [01m[K/home/cricchetto/Robomaster_WS/src/sllidar_ros2/./sdk/src/sdkcommon.h:49[m[K,
[65.386s]                  from [01m[K/home/cricchetto/Robomaster_WS/src/sllidar_ros2/sdk/src/dataunpacker/dataunnpacker_commondef.h:41[m[K,
[65.386s]                  from [01m[K/home/cricchetto/Robomaster_WS/src/sllidar_ros2/sdk/src/dataunpacker/dataunpacker.cpp:39[m[K:
[65.388s] [01m[K/home/cricchetto/Robomaster_WS/src/sllidar_ros2/./sdk/include/sl_lidar_protocol.h:66:16:[m[K [01;35m[Kwarning: [m[KISO C++ forbids zero-size array ‘[01m[Kdata[m[K’ [[01;35m[K-Wpedantic[m[K]
[65.390s]    66 |     sl_u8 data[[01;35m[K0[m[K];
[65.391s]       |                [01;35m[K^[m[K
[65.393s] In file included from [01m[K/home/cricchetto/Robomaster_WS/src/sllidar_ros2/./sdk/include/rplidar_cmd.h:36[m[K,
[65.395s]                  from [01m[K/home/cricchetto/Robomaster_WS/src/sllidar_ros2/./sdk/include/rplidar.h:40[m[K,
[65.396s]                  from [01m[K/home/cricchetto/Robomaster_WS/src/sllidar_ros2/./sdk/src/sdkcommon.h:49[m[K,
[65.396s]                  from [01m[K/home/cricchetto/Robomaster_WS/src/sllidar_ros2/sdk/src/dataunpacker/dataunnpacker_commondef.h:41[m[K,
[65.399s]                  from [01m[K/home/cricchetto/Robomaster_WS/src/sllidar_ros2/sdk/src/dataunpacker/dataunpacker.cpp:39[m[K:
[65.400s] [01m[K/home/cricchetto/Robomaster_WS/src/sllidar_ros2/./sdk/include/sl_lidar_cmd.h:324:20:[m[K [01;35m[Kwarning: [m[KISO C++ forbids zero-size array ‘[01m[Kpayload[m[K’ [[01;35m[K-Wpedantic[m[K]
[65.401s]   324 |     sl_u8  payload[[01;35m[K0[m[K];
[65.402s]       |                    [01;35m[K^[m[K
[66.762s] In file included from [01m[K/home/cricchetto/Robomaster_WS/src/sllidar_ros2/sdk/src/dataunpacker/dataunpacker.cpp:40[m[K:
[66.763s] [01m[K/home/cricchetto/Robomaster_WS/src/sllidar_ros2/sdk/src/dataunpacker/dataunpacker.h:[m[K In member function ‘[01m[Kvirtual void sl::internal::LIDARSampleDataListener::onCustomSampleDataDecoded(_u8, _u32, const void*, size_t)[m[K’:
[66.763s] [01m[K/home/cricchetto/Robomaster_WS/src/sllidar_ros2/sdk/src/dataunpacker/dataunpacker.h:54:52:[m[K [01;35m[Kwarning: [m[Kunused parameter ‘[01m[KansType[m[K’ [[01;35m[K-Wunused-parameter[m[K]
[66.764s]    54 |         virtual void onCustomSampleDataDecoded([01;35m[K_u8 ansType[m[K, _u32 customCode, const void* data, size_t size) {}
[66.764s]       |                                                [01;35m[K~~~~^~~~~~~[m[K
[66.765s] [01m[K/home/cricchetto/Robomaster_WS/src/sllidar_ros2/sdk/src/dataunpacker/dataunpacker.h:54:66:[m[K [01;35m[Kwarning: [m[Kunused parameter ‘[01m[KcustomCode[m[K’ [[01;35m[K-Wunused-parameter[m[K]
[66.765s]    54 |         virtual void onCustomSampleDataDecoded(_u8 ansType, [01;35m[K_u32 customCode[m[K, const void* data, size_t size) {}
[66.766s]       |                                                             [01;35m[K~~~~~^~~~~~~~~~[m[K
[66.766s] [01m[K/home/cricchetto/Robomaster_WS/src/sllidar_ros2/sdk/src/dataunpacker/dataunpacker.h:54:90:[m[K [01;35m[Kwarning: [m[Kunused parameter ‘[01m[Kdata[m[K’ [[01;35m[K-Wunused-parameter[m[K]
[66.767s]    54 |         virtual void onCustomSampleDataDecoded(_u8 ansType, _u32 customCode, [01;35m[Kconst void* data[m[K, size_t size) {}
[66.768s]       |                                                                              [01;35m[K~~~~~~~~~~~~^~~~[m[K
[66.769s] [01m[K/home/cricchetto/Robomaster_WS/src/sllidar_ros2/sdk/src/dataunpacker/dataunpacker.h:54:103:[m[K [01;35m[Kwarning: [m[Kunused parameter ‘[01m[Ksize[m[K’ [[01;35m[K-Wunused-parameter[m[K]
[66.769s]    54 |         virtual void onCustomSampleDataDecoded(_u8 ansType, _u32 customCode, const void* data, [01;35m[Ksize_t size[m[K) {}
[66.770s]       |                                                                                                [01;35m[K~~~~~~~^~~~[m[K
[66.776s] [01m[K/home/cricchetto/Robomaster_WS/src/sllidar_ros2/sdk/src/dataunpacker/dataunpacker.h:[m[K In member function ‘[01m[Kvirtual void sl::internal::LIDARSampleDataListener::onDecodingError(int, _u8, const void*, size_t)[m[K’:
[66.777s] [01m[K/home/cricchetto/Robomaster_WS/src/sllidar_ros2/sdk/src/dataunpacker/dataunpacker.h:56:42:[m[K [01;35m[Kwarning: [m[Kunused parameter ‘[01m[KerrMsg[m[K’ [[01;35m[K-Wunused-parameter[m[K]
[66.778s]    56 |         virtual void onDecodingError([01;35m[Kint errMsg[m[K, _u8 ansType, const void* payload, size_t size) {}
[66.779s]       |                                      [01;35m[K~~~~^~~~~~[m[K
[66.779s] [01m[K/home/cricchetto/Robomaster_WS/src/sllidar_ros2/sdk/src/dataunpacker/dataunpacker.h:56:54:[m[K [01;35m[Kwarning: [m[Kunused parameter ‘[01m[KansType[m[K’ [[01;35m[K-Wunused-parameter[m[K]
[66.783s]    56 |         virtual void onDecodingError(int errMsg, [01;35m[K_u8 ansType[m[K, const void* payload, size_t size) {}
[66.785s]       |                                                  [01;35m[K~~~~^~~~~~~[m[K
[66.786s] [01m[K/home/cricchetto/Robomaster_WS/src/sllidar_ros2/sdk/src/dataunpacker/dataunpacker.h:56:75:[m[K [01;35m[Kwarning: [m[Kunused parameter ‘[01m[Kpayload[m[K’ [[01;35m[K-Wunused-parameter[m[K]
[66.792s]    56 |         virtual void onDecodingError(int errMsg, _u8 ansType, [01;35m[Kconst void* payload[m[K, size_t size) {}
[66.793s]       |                                                               [01;35m[K~~~~~~~~~~~~^~~~~~~[m[K
[66.794s] [01m[K/home/cricchetto/Robomaster_WS/src/sllidar_ros2/sdk/src/dataunpacker/dataunpacker.h:56:91:[m[K [01;35m[Kwarning: [m[Kunused parameter ‘[01m[Ksize[m[K’ [[01;35m[K-Wunused-parameter[m[K]
[66.796s]    56 |         virtual void onDecodingError(int errMsg, _u8 ansType, const void* payload, [01;35m[Ksize_t size[m[K) {}
[66.798s]       |                                                                                    [01;35m[K~~~~~~~^~~~[m[K
[68.231s] [ 30%] [32mBuilding CXX object CMakeFiles/sllidar_node.dir/sdk/src/dataunpacker/unpacker/handler_capsules.cpp.o[0m
[71.405s] In file included from [01m[K/home/cricchetto/Robomaster_WS/src/sllidar_ros2/./sdk/include/rplidar_protocol.h:36[m[K,
[71.407s]                  from [01m[K/home/cricchetto/Robomaster_WS/src/sllidar_ros2/./sdk/include/rplidar.h:39[m[K,
[71.407s]                  from [01m[K/home/cricchetto/Robomaster_WS/src/sllidar_ros2/./sdk/src/sdkcommon.h:49[m[K,
[71.408s]                  from [01m[K/home/cricchetto/Robomaster_WS/src/sllidar_ros2/sdk/src/dataunpacker/unpacker/../dataunnpacker_commondef.h:41[m[K,
[71.409s]                  from [01m[K/home/cricchetto/Robomaster_WS/src/sllidar_ros2/sdk/src/dataunpacker/unpacker/handler_capsules.cpp:39[m[K:
[71.409s] [01m[K/home/cricchetto/Robomaster_WS/src/sllidar_ros2/./sdk/include/sl_lidar_protocol.h:66:16:[m[K [01;35m[Kwarning: [m[KISO C++ forbids zero-size array ‘[01m[Kdata[m[K’ [[01;35m[K-Wpedantic[m[K]
[71.410s]    66 |     sl_u8 data[[01;35m[K0[m[K];
[71.411s]       |                [01;35m[K^[m[K
[71.412s] In file included from [01m[K/home/cricchetto/Robomaster_WS/src/sllidar_ros2/./sdk/include/rplidar_cmd.h:36[m[K,
[71.412s]                  from [01m[K/home/cricchetto/Robomaster_WS/src/sllidar_ros2/./sdk/include/rplidar.h:40[m[K,
[71.413s]                  from [01m[K/home/cricchetto/Robomaster_WS/src/sllidar_ros2/./sdk/src/sdkcommon.h:49[m[K,
[71.415s]                  from [01m[K/home/cricchetto/Robomaster_WS/src/sllidar_ros2/sdk/src/dataunpacker/unpacker/../dataunnpacker_commondef.h:41[m[K,
[71.416s]                  from [01m[K/home/cricchetto/Robomaster_WS/src/sllidar_ros2/sdk/src/dataunpacker/unpacker/handler_capsules.cpp:39[m[K:
[71.417s] [01m[K/home/cricchetto/Robomaster_WS/src/sllidar_ros2/./sdk/include/sl_lidar_cmd.h:324:20:[m[K [01;35m[Kwarning: [m[KISO C++ forbids zero-size array ‘[01m[Kpayload[m[K’ [[01;35m[K-Wpedantic[m[K]
[71.418s]   324 |     sl_u8  payload[[01;35m[K0[m[K];
[71.418s]       |                    [01;35m[K^[m[K
[72.608s] In file included from [01m[K/home/cricchetto/Robomaster_WS/src/sllidar_ros2/sdk/src/dataunpacker/unpacker/handler_capsules.cpp:40[m[K:
[72.608s] [01m[K/home/cricchetto/Robomaster_WS/src/sllidar_ros2/sdk/src/dataunpacker/unpacker/../dataunpacker.h:[m[K In member function ‘[01m[Kvirtual void sl::internal::LIDARSampleDataListener::onCustomSampleDataDecoded(_u8, _u32, const void*, size_t)[m[K’:
[72.609s] [01m[K/home/cricchetto/Robomaster_WS/src/sllidar_ros2/sdk/src/dataunpacker/unpacker/../dataunpacker.h:54:52:[m[K [01;35m[Kwarning: [m[Kunused parameter ‘[01m[KansType[m[K’ [[01;35m[K-Wunused-parameter[m[K]
[72.610s]    54 |         virtual void onCustomSampleDataDecoded([01;35m[K_u8 ansType[m[K, _u32 customCode, const void* data, size_t size) {}
[72.611s]       |                                                [01;35m[K~~~~^~~~~~~[m[K
[72.612s] [01m[K/home/cricchetto/Robomaster_WS/src/sllidar_ros2/sdk/src/dataunpacker/unpacker/../dataunpacker.h:54:66:[m[K [01;35m[Kwarning: [m[Kunused parameter ‘[01m[KcustomCode[m[K’ [[01;35m[K-Wunused-parameter[m[K]
[72.613s]    54 |         virtual void onCustomSampleDataDecoded(_u8 ansType, [01;35m[K_u32 customCode[m[K, const void* data, size_t size) {}
[72.613s]       |                                                             [01;35m[K~~~~~^~~~~~~~~~[m[K
[72.614s] [01m[K/home/cricchetto/Robomaster_WS/src/sllidar_ros2/sdk/src/dataunpacker/unpacker/../dataunpacker.h:54:90:[m[K [01;35m[Kwarning: [m[Kunused parameter ‘[01m[Kdata[m[K’ [[01;35m[K-Wunused-parameter[m[K]
[72.614s]    54 |         virtual void onCustomSampleDataDecoded(_u8 ansType, _u32 customCode, [01;35m[Kconst void* data[m[K, size_t size) {}
[72.615s]       |                                                                              [01;35m[K~~~~~~~~~~~~^~~~[m[K
[72.616s] [01m[K/home/cricchetto/Robomaster_WS/src/sllidar_ros2/sdk/src/dataunpacker/unpacker/../dataunpacker.h:54:103:[m[K [01;35m[Kwarning: [m[Kunused parameter ‘[01m[Ksize[m[K’ [[01;35m[K-Wunused-parameter[m[K]
[72.617s]    54 |         virtual void onCustomSampleDataDecoded(_u8 ansType, _u32 customCode, const void* data, [01;35m[Ksize_t size[m[K) {}
[72.617s]       |                                                                                                [01;35m[K~~~~~~~^~~~[m[K
[72.618s] [01m[K/home/cricchetto/Robomaster_WS/src/sllidar_ros2/sdk/src/dataunpacker/unpacker/../dataunpacker.h:[m[K In member function ‘[01m[Kvirtual void sl::internal::LIDARSampleDataListener::onDecodingError(int, _u8, const void*, size_t)[m[K’:
[72.618s] [01m[K/home/cricchetto/Robomaster_WS/src/sllidar_ros2/sdk/src/dataunpacker/unpacker/../dataunpacker.h:56:42:[m[K [01;35m[Kwarning: [m[Kunused parameter ‘[01m[KerrMsg[m[K’ [[01;35m[K-Wunused-parameter[m[K]
[72.619s]    56 |         virtual void onDecodingError([01;35m[Kint errMsg[m[K, _u8 ansType, const void* payload, size_t size) {}
[72.620s]       |                                      [01;35m[K~~~~^~~~~~[m[K
[72.620s] [01m[K/home/cricchetto/Robomaster_WS/src/sllidar_ros2/sdk/src/dataunpacker/unpacker/../dataunpacker.h:56:54:[m[K [01;35m[Kwarning: [m[Kunused parameter ‘[01m[KansType[m[K’ [[01;35m[K-Wunused-parameter[m[K]
[72.621s]    56 |         virtual void onDecodingError(int errMsg, [01;35m[K_u8 ansType[m[K, const void* payload, size_t size) {}
[72.622s]       |                                                  [01;35m[K~~~~^~~~~~~[m[K
[72.622s] [01m[K/home/cricchetto/Robomaster_WS/src/sllidar_ros2/sdk/src/dataunpacker/unpacker/../dataunpacker.h:56:75:[m[K [01;35m[Kwarning: [m[Kunused parameter ‘[01m[Kpayload[m[K’ [[01;35m[K-Wunused-parameter[m[K]
[72.623s]    56 |         virtual void onDecodingError(int errMsg, _u8 ansType, [01;35m[Kconst void* payload[m[K, size_t size) {}
[72.624s]       |                                                               [01;35m[K~~~~~~~~~~~~^~~~~~~[m[K
[72.625s] [01m[K/home/cricchetto/Robomaster_WS/src/sllidar_ros2/sdk/src/dataunpacker/unpacker/../dataunpacker.h:56:91:[m[K [01;35m[Kwarning: [m[Kunused parameter ‘[01m[Ksize[m[K’ [[01;35m[K-Wunused-parameter[m[K]
[72.625s]    56 |         virtual void onDecodingError(int errMsg, _u8 ansType, const void* payload, [01;35m[Ksize_t size[m[K) {}
[72.626s]       |                                                                                    [01;35m[K~~~~~~~^~~~[m[K
[72.664s] [01m[K/home/cricchetto/Robomaster_WS/src/sllidar_ros2/sdk/src/dataunpacker/unpacker/handler_capsules.cpp:[m[K In member function ‘[01m[Kvoid sl::internal::unpacker::UnpackerHandler_DenseCapsuleNode::_onScanNodeDenseCapsuleData(rplidar_response_dense_capsule_measurement_nodes_t&, sl::internal::LIDARSampleDataUnpackerInner*)[m[K’:
[72.664s] [01m[K/home/cricchetto/Robomaster_WS/src/sllidar_ros2/sdk/src/dataunpacker/unpacker/handler_capsules.cpp:763:30:[m[K [01;35m[Kwarning: [m[Ktype qualifiers ignored on cast result type [[01;35m[K-Wignored-qualifiers[m[K]
[72.665s]   763 |             const int dist = [01;35m[Kstatic_cast<const int>(_cached_previous_dense_capsuledata.cabins[pos].distance)[m[K;
[72.666s]       |                              [01;35m[K^~~~~~~~~~~~~~~~~~~~~~~~~~~~~~~~~~~~~~~~~~~~~~~~~~~~~~~~~~~~~~~~~~~~~~~~~~~~~~~[m[K
[74.955s] [ 35%] [32mBuilding CXX object CMakeFiles/sllidar_node.dir/sdk/src/dataunpacker/unpacker/handler_hqnode.cpp.o[0m
[78.304s] In file included from [01m[K/home/cricchetto/Robomaster_WS/src/sllidar_ros2/./sdk/include/rplidar_protocol.h:36[m[K,
[78.305s]                  from [01m[K/home/cricchetto/Robomaster_WS/src/sllidar_ros2/./sdk/include/rplidar.h:39[m[K,
[78.305s]                  from [01m[K/home/cricchetto/Robomaster_WS/src/sllidar_ros2/./sdk/src/sdkcommon.h:49[m[K,
[78.306s]                  from [01m[K/home/cricchetto/Robomaster_WS/src/sllidar_ros2/sdk/src/dataunpacker/unpacker/../dataunnpacker_commondef.h:41[m[K,
[78.307s]                  from [01m[K/home/cricchetto/Robomaster_WS/src/sllidar_ros2/sdk/src/dataunpacker/unpacker/handler_hqnode.cpp:39[m[K:
[78.308s] [01m[K/home/cricchetto/Robomaster_WS/src/sllidar_ros2/./sdk/include/sl_lidar_protocol.h:66:16:[m[K [01;35m[Kwarning: [m[KISO C++ forbids zero-size array ‘[01m[Kdata[m[K’ [[01;35m[K-Wpedantic[m[K]
[78.308s]    66 |     sl_u8 data[[01;35m[K0[m[K];
[78.309s]       |                [01;35m[K^[m[K
[78.310s] In file included from [01m[K/home/cricchetto/Robomaster_WS/src/sllidar_ros2/./sdk/include/rplidar_cmd.h:36[m[K,
[78.311s]                  from [01m[K/home/cricchetto/Robomaster_WS/src/sllidar_ros2/./sdk/include/rplidar.h:40[m[K,
[78.312s]                  from [01m[K/home/cricchetto/Robomaster_WS/src/sllidar_ros2/./sdk/src/sdkcommon.h:49[m[K,
[78.312s]                  from [01m[K/home/cricchetto/Robomaster_WS/src/sllidar_ros2/sdk/src/dataunpacker/unpacker/../dataunnpacker_commondef.h:41[m[K,
[78.313s]                  from [01m[K/home/cricchetto/Robomaster_WS/src/sllidar_ros2/sdk/src/dataunpacker/unpacker/handler_hqnode.cpp:39[m[K:
[78.314s] [01m[K/home/cricchetto/Robomaster_WS/src/sllidar_ros2/./sdk/include/sl_lidar_cmd.h:324:20:[m[K [01;35m[Kwarning: [m[KISO C++ forbids zero-size array ‘[01m[Kpayload[m[K’ [[01;35m[K-Wpedantic[m[K]
[78.314s]   324 |     sl_u8  payload[[01;35m[K0[m[K];
[78.324s]       |                    [01;35m[K^[m[K
[79.368s] In file included from [01m[K/home/cricchetto/Robomaster_WS/src/sllidar_ros2/sdk/src/dataunpacker/unpacker/handler_hqnode.cpp:40[m[K:
[79.369s] [01m[K/home/cricchetto/Robomaster_WS/src/sllidar_ros2/sdk/src/dataunpacker/unpacker/../dataunpacker.h:[m[K In member function ‘[01m[Kvirtual void sl::internal::LIDARSampleDataListener::onCustomSampleDataDecoded(_u8, _u32, const void*, size_t)[m[K’:
[79.369s] [01m[K/home/cricchetto/Robomaster_WS/src/sllidar_ros2/sdk/src/dataunpacker/unpacker/../dataunpacker.h:54:52:[m[K [01;35m[Kwarning: [m[Kunused parameter ‘[01m[KansType[m[K’ [[01;35m[K-Wunused-parameter[m[K]
[79.369s]    54 |         virtual void onCustomSampleDataDecoded([01;35m[K_u8 ansType[m[K, _u32 customCode, const void* data, size_t size) {}
[79.370s]       |                                                [01;35m[K~~~~^~~~~~~[m[K
[79.370s] [01m[K/home/cricchetto/Robomaster_WS/src/sllidar_ros2/sdk/src/dataunpacker/unpacker/../dataunpacker.h:54:66:[m[K [01;35m[Kwarning: [m[Kunused parameter ‘[01m[KcustomCode[m[K’ [[01;35m[K-Wunused-parameter[m[K]
[79.371s]    54 |         virtual void onCustomSampleDataDecoded(_u8 ansType, [01;35m[K_u32 customCode[m[K, const void* data, size_t size) {}
[79.371s]       |                                                             [01;35m[K~~~~~^~~~~~~~~~[m[K
[79.371s] [01m[K/home/cricchetto/Robomaster_WS/src/sllidar_ros2/sdk/src/dataunpacker/unpacker/../dataunpacker.h:54:90:[m[K [01;35m[Kwarning: [m[Kunused parameter ‘[01m[Kdata[m[K’ [[01;35m[K-Wunused-parameter[m[K]
[79.372s]    54 |         virtual void onCustomSampleDataDecoded(_u8 ansType, _u32 customCode, [01;35m[Kconst void* data[m[K, size_t size) {}
[79.373s]       |                                                                              [01;35m[K~~~~~~~~~~~~^~~~[m[K
[79.373s] [01m[K/home/cricchetto/Robomaster_WS/src/sllidar_ros2/sdk/src/dataunpacker/unpacker/../dataunpacker.h:54:103:[m[K [01;35m[Kwarning: [m[Kunused parameter ‘[01m[Ksize[m[K’ [[01;35m[K-Wunused-parameter[m[K]
[79.373s]    54 |         virtual void onCustomSampleDataDecoded(_u8 ansType, _u32 customCode, const void* data, [01;35m[Ksize_t size[m[K) {}
[79.374s]       |                                                                                                [01;35m[K~~~~~~~^~~~[m[K
[79.374s] [01m[K/home/cricchetto/Robomaster_WS/src/sllidar_ros2/sdk/src/dataunpacker/unpacker/../dataunpacker.h:[m[K In member function ‘[01m[Kvirtual void sl::internal::LIDARSampleDataListener::onDecodingError(int, _u8, const void*, size_t)[m[K’:
[79.375s] [01m[K/home/cricchetto/Robomaster_WS/src/sllidar_ros2/sdk/src/dataunpacker/unpacker/../dataunpacker.h:56:42:[m[K [01;35m[Kwarning: [m[Kunused parameter ‘[01m[KerrMsg[m[K’ [[01;35m[K-Wunused-parameter[m[K]
[79.375s]    56 |         virtual void onDecodingError([01;35m[Kint errMsg[m[K, _u8 ansType, const void* payload, size_t size) {}
[79.375s]       |                                      [01;35m[K~~~~^~~~~~[m[K
[79.376s] [01m[K/home/cricchetto/Robomaster_WS/src/sllidar_ros2/sdk/src/dataunpacker/unpacker/../dataunpacker.h:56:54:[m[K [01;35m[Kwarning: [m[Kunused parameter ‘[01m[KansType[m[K’ [[01;35m[K-Wunused-parameter[m[K]
[79.376s]    56 |         virtual void onDecodingError(int errMsg, [01;35m[K_u8 ansType[m[K, const void* payload, size_t size) {}
[79.376s]       |                                                  [01;35m[K~~~~^~~~~~~[m[K
[79.377s] [01m[K/home/cricchetto/Robomaster_WS/src/sllidar_ros2/sdk/src/dataunpacker/unpacker/../dataunpacker.h:56:75:[m[K [01;35m[Kwarning: [m[Kunused parameter ‘[01m[Kpayload[m[K’ [[01;35m[K-Wunused-parameter[m[K]
[79.377s]    56 |         virtual void onDecodingError(int errMsg, _u8 ansType, [01;35m[Kconst void* payload[m[K, size_t size) {}
[79.377s]       |                                                               [01;35m[K~~~~~~~~~~~~^~~~~~~[m[K
[79.378s] [01m[K/home/cricchetto/Robomaster_WS/src/sllidar_ros2/sdk/src/dataunpacker/unpacker/../dataunpacker.h:56:91:[m[K [01;35m[Kwarning: [m[Kunused parameter ‘[01m[Ksize[m[K’ [[01;35m[K-Wunused-parameter[m[K]
[79.378s]    56 |         virtual void onDecodingError(int errMsg, _u8 ansType, const void* payload, [01;35m[Ksize_t size[m[K) {}
[79.379s]       |                                                                                    [01;35m[K~~~~~~~^~~~[m[K
[81.868s] [ 40%] [32mBuilding CXX object CMakeFiles/sllidar_node.dir/sdk/src/dataunpacker/unpacker/handler_normalnode.cpp.o[0m
[85.081s] In file included from [01m[K/home/cricchetto/Robomaster_WS/src/sllidar_ros2/./sdk/include/rplidar_protocol.h:36[m[K,
[85.081s]                  from [01m[K/home/cricchetto/Robomaster_WS/src/sllidar_ros2/./sdk/include/rplidar.h:39[m[K,
[85.082s]                  from [01m[K/home/cricchetto/Robomaster_WS/src/sllidar_ros2/./sdk/src/sdkcommon.h:49[m[K,
[85.082s]                  from [01m[K/home/cricchetto/Robomaster_WS/src/sllidar_ros2/sdk/src/dataunpacker/unpacker/../dataunnpacker_commondef.h:41[m[K,
[85.083s]                  from [01m[K/home/cricchetto/Robomaster_WS/src/sllidar_ros2/sdk/src/dataunpacker/unpacker/handler_normalnode.cpp:39[m[K:
[85.084s] [01m[K/home/cricchetto/Robomaster_WS/src/sllidar_ros2/./sdk/include/sl_lidar_protocol.h:66:16:[m[K [01;35m[Kwarning: [m[KISO C++ forbids zero-size array ‘[01m[Kdata[m[K’ [[01;35m[K-Wpedantic[m[K]
[85.090s]    66 |     sl_u8 data[[01;35m[K0[m[K];
[85.091s]       |                [01;35m[K^[m[K
[85.092s] In file included from [01m[K/home/cricchetto/Robomaster_WS/src/sllidar_ros2/./sdk/include/rplidar_cmd.h:36[m[K,
[85.093s]                  from [01m[K/home/cricchetto/Robomaster_WS/src/sllidar_ros2/./sdk/include/rplidar.h:40[m[K,
[85.093s]                  from [01m[K/home/cricchetto/Robomaster_WS/src/sllidar_ros2/./sdk/src/sdkcommon.h:49[m[K,
[85.094s]                  from [01m[K/home/cricchetto/Robomaster_WS/src/sllidar_ros2/sdk/src/dataunpacker/unpacker/../dataunnpacker_commondef.h:41[m[K,
[85.094s]                  from [01m[K/home/cricchetto/Robomaster_WS/src/sllidar_ros2/sdk/src/dataunpacker/unpacker/handler_normalnode.cpp:39[m[K:
[85.095s] [01m[K/home/cricchetto/Robomaster_WS/src/sllidar_ros2/./sdk/include/sl_lidar_cmd.h:324:20:[m[K [01;35m[Kwarning: [m[KISO C++ forbids zero-size array ‘[01m[Kpayload[m[K’ [[01;35m[K-Wpedantic[m[K]
[85.096s]   324 |     sl_u8  payload[[01;35m[K0[m[K];
[85.096s]       |                    [01;35m[K^[m[K
[85.665s] [ 45%] [32m[1mLinking CXX executable sllidar_client[0m
[86.737s] In file included from [01m[K/home/cricchetto/Robomaster_WS/src/sllidar_ros2/sdk/src/dataunpacker/unpacker/handler_normalnode.cpp:40[m[K:
[86.738s] [01m[K/home/cricchetto/Robomaster_WS/src/sllidar_ros2/sdk/src/dataunpacker/unpacker/../dataunpacker.h:[m[K In member function ‘[01m[Kvirtual void sl::internal::LIDARSampleDataListener::onCustomSampleDataDecoded(_u8, _u32, const void*, size_t)[m[K’:
[86.740s] [01m[K/home/cricchetto/Robomaster_WS/src/sllidar_ros2/sdk/src/dataunpacker/unpacker/../dataunpacker.h:54:52:[m[K [01;35m[Kwarning: [m[Kunused parameter ‘[01m[KansType[m[K’ [[01;35m[K-Wunused-parameter[m[K]
[86.741s]    54 |         virtual void onCustomSampleDataDecoded([01;35m[K_u8 ansType[m[K, _u32 customCode, const void* data, size_t size) {}
[86.743s]       |                                                [01;35m[K~~~~^~~~~~~[m[K
[86.745s] [01m[K/home/cricchetto/Robomaster_WS/src/sllidar_ros2/sdk/src/dataunpacker/unpacker/../dataunpacker.h:54:66:[m[K [01;35m[Kwarning: [m[Kunused parameter ‘[01m[KcustomCode[m[K’ [[01;35m[K-Wunused-parameter[m[K]
[86.747s]    54 |         virtual void onCustomSampleDataDecoded(_u8 ansType, [01;35m[K_u32 customCode[m[K, const void* data, size_t size) {}
[86.747s]       |                                                             [01;35m[K~~~~~^~~~~~~~~~[m[K
[86.749s] [01m[K/home/cricchetto/Robomaster_WS/src/sllidar_ros2/sdk/src/dataunpacker/unpacker/../dataunpacker.h:54:90:[m[K [01;35m[Kwarning: [m[Kunused parameter ‘[01m[Kdata[m[K’ [[01;35m[K-Wunused-parameter[m[K]
[86.750s]    54 |         virtual void onCustomSampleDataDecoded(_u8 ansType, _u32 customCode, [01;35m[Kconst void* data[m[K, size_t size) {}
[86.752s]       |                                                                              [01;35m[K~~~~~~~~~~~~^~~~[m[K
[86.754s] [01m[K/home/cricchetto/Robomaster_WS/src/sllidar_ros2/sdk/src/dataunpacker/unpacker/../dataunpacker.h:54:103:[m[K [01;35m[Kwarning: [m[Kunused parameter ‘[01m[Ksize[m[K’ [[01;35m[K-Wunused-parameter[m[K]
[86.755s]    54 |         virtual void onCustomSampleDataDecoded(_u8 ansType, _u32 customCode, const void* data, [01;35m[Ksize_t size[m[K) {}
[86.756s]       |                                                                                                [01;35m[K~~~~~~~^~~~[m[K
[86.758s] [01m[K/home/cricchetto/Robomaster_WS/src/sllidar_ros2/sdk/src/dataunpacker/unpacker/../dataunpacker.h:[m[K In member function ‘[01m[Kvirtual void sl::internal::LIDARSampleDataListener::onDecodingError(int, _u8, const void*, size_t)[m[K’:
[86.759s] [01m[K/home/cricchetto/Robomaster_WS/src/sllidar_ros2/sdk/src/dataunpacker/unpacker/../dataunpacker.h:56:42:[m[K [01;35m[Kwarning: [m[Kunused parameter ‘[01m[KerrMsg[m[K’ [[01;35m[K-Wunused-parameter[m[K]
[86.760s]    56 |         virtual void onDecodingError([01;35m[Kint errMsg[m[K, _u8 ansType, const void* payload, size_t size) {}
[86.761s]       |                                      [01;35m[K~~~~^~~~~~[m[K
[86.762s] [01m[K/home/cricchetto/Robomaster_WS/src/sllidar_ros2/sdk/src/dataunpacker/unpacker/../dataunpacker.h:56:54:[m[K [01;35m[Kwarning: [m[Kunused parameter ‘[01m[KansType[m[K’ [[01;35m[K-Wunused-parameter[m[K]
[86.764s]    56 |         virtual void onDecodingError(int errMsg, [01;35m[K_u8 ansType[m[K, const void* payload, size_t size) {}
[86.765s]       |                                                  [01;35m[K~~~~^~~~~~~[m[K
[86.766s] [01m[K/home/cricchetto/Robomaster_WS/src/sllidar_ros2/sdk/src/dataunpacker/unpacker/../dataunpacker.h:56:75:[m[K [01;35m[Kwarning: [m[Kunused parameter ‘[01m[Kpayload[m[K’ [[01;35m[K-Wunused-parameter[m[K]
[86.767s]    56 |         virtual void onDecodingError(int errMsg, _u8 ansType, [01;35m[Kconst void* payload[m[K, size_t size) {}
[86.768s]       |                                                               [01;35m[K~~~~~~~~~~~~^~~~~~~[m[K
[86.769s] [01m[K/home/cricchetto/Robomaster_WS/src/sllidar_ros2/sdk/src/dataunpacker/unpacker/../dataunpacker.h:56:91:[m[K [01;35m[Kwarning: [m[Kunused parameter ‘[01m[Ksize[m[K’ [[01;35m[K-Wunused-parameter[m[K]
[86.770s]    56 |         virtual void onDecodingError(int errMsg, _u8 ansType, const void* payload, [01;35m[Ksize_t size[m[K) {}
[86.772s]       |                                                                                    [01;35m[K~~~~~~~^~~~[m[K
[87.795s] [ 50%] [32mBuilding CXX object CMakeFiles/sllidar_node.dir/sdk/src/hal/thread.cpp.o[0m
[88.545s] [ 50%] Built target sllidar_client
[90.520s] In file included from [01m[K/home/cricchetto/Robomaster_WS/src/sllidar_ros2/./sdk/include/rplidar_protocol.h:36[m[K,
[90.521s]                  from [01m[K/home/cricchetto/Robomaster_WS/src/sllidar_ros2/./sdk/include/rplidar.h:39[m[K,
[90.522s]                  from [01m[K/home/cricchetto/Robomaster_WS/src/sllidar_ros2/./sdk/src/sdkcommon.h:49[m[K,
[90.522s]                  from [01m[K/home/cricchetto/Robomaster_WS/src/sllidar_ros2/sdk/src/hal/thread.cpp:35[m[K:
[90.523s] [01m[K/home/cricchetto/Robomaster_WS/src/sllidar_ros2/./sdk/include/sl_lidar_protocol.h:66:16:[m[K [01;35m[Kwarning: [m[KISO C++ forbids zero-size array ‘[01m[Kdata[m[K’ [[01;35m[K-Wpedantic[m[K]
[90.524s]    66 |     sl_u8 data[[01;35m[K0[m[K];
[90.524s]       |                [01;35m[K^[m[K
[90.528s] In file included from [01m[K/home/cricchetto/Robomaster_WS/src/sllidar_ros2/./sdk/include/rplidar_cmd.h:36[m[K,
[90.529s]                  from [01m[K/home/cricchetto/Robomaster_WS/src/sllidar_ros2/./sdk/include/rplidar.h:40[m[K,
[90.530s]                  from [01m[K/home/cricchetto/Robomaster_WS/src/sllidar_ros2/./sdk/src/sdkcommon.h:49[m[K,
[90.530s]                  from [01m[K/home/cricchetto/Robomaster_WS/src/sllidar_ros2/sdk/src/hal/thread.cpp:35[m[K:
[90.530s] [01m[K/home/cricchetto/Robomaster_WS/src/sllidar_ros2/./sdk/include/sl_lidar_cmd.h:324:20:[m[K [01;35m[Kwarning: [m[KISO C++ forbids zero-size array ‘[01m[Kpayload[m[K’ [[01;35m[K-Wpedantic[m[K]
[90.532s]   324 |     sl_u8  payload[[01;35m[K0[m[K];
[90.533s]       |                    [01;35m[K^[m[K
[90.780s] In file included from [01m[K/home/cricchetto/Robomaster_WS/src/sllidar_ros2/sdk/src/hal/thread.cpp:43[m[K:
[90.781s] [01m[K/home/cricchetto/Robomaster_WS/src/sllidar_ros2/./sdk/src/arch/linux/thread.hpp:[m[K In static member function ‘[01m[Kstatic rp::hal::Thread rp::hal::Thread::create(thread_proc_t, void*)[m[K’:
[90.784s] [01m[K/home/cricchetto/Robomaster_WS/src/sllidar_ros2/./sdk/src/arch/linux/thread.hpp:52:57:[m[K [01;35m[Kwarning: [m[Kcast between incompatible function types from ‘[01m[Kthread_proc_t[m[K’ {aka ‘[01m[Klong unsigned int (*)(void*)[m[K’} to ‘[01m[Kvoid* (*)(void*)[m[K’ [[01;35m[K-Wcast-function-type[m[K]
[90.785s]    52 |     pthread_create((pthread_t *)&newborn._handle, NULL, [01;35m[K(void * (*)(void *))proc[m[K, data);
[90.785s]       |                                                         [01;35m[K^~~~~~~~~~~~~~~~~~~~~~~~[m[K
[90.787s] [01m[K/home/cricchetto/Robomaster_WS/src/sllidar_ros2/./sdk/src/arch/linux/thread.hpp:[m[K In member function ‘[01m[Ku_result rp::hal::Thread::join(long unsigned int)[m[K’:
[90.788s] [01m[K/home/cricchetto/Robomaster_WS/src/sllidar_ros2/./sdk/src/arch/linux/thread.hpp:176:37:[m[K [01;35m[Kwarning: [m[Kunused parameter ‘[01m[Ktimeout[m[K’ [[01;35m[K-Wunused-parameter[m[K]
[90.792s]   176 | u_result Thread::join([01;35m[Kunsigned long timeout[m[K)
[90.792s]       |                       [01;35m[K~~~~~~~~~~~~~~^~~~~~~[m[K
[91.196s] [ 55%] [32mBuilding CXX object CMakeFiles/sllidar_node.dir/sdk/src/sl_async_transceiver.cpp.o[0m
[93.573s] In file included from [01m[K/home/cricchetto/Robomaster_WS/src/sllidar_ros2/./sdk/include/rplidar_protocol.h:36[m[K,
[93.573s]                  from [01m[K/home/cricchetto/Robomaster_WS/src/sllidar_ros2/./sdk/include/rplidar.h:39[m[K,
[93.574s]                  from [01m[K/home/cricchetto/Robomaster_WS/src/sllidar_ros2/sdk/src/sdkcommon.h:49[m[K,
[93.574s]                  from [01m[K/home/cricchetto/Robomaster_WS/src/sllidar_ros2/sdk/src/sl_async_transceiver.cpp:35[m[K:
[93.575s] [01m[K/home/cricchetto/Robomaster_WS/src/sllidar_ros2/./sdk/include/sl_lidar_protocol.h:66:16:[m[K [01;35m[Kwarning: [m[KISO C++ forbids zero-size array ‘[01m[Kdata[m[K’ [[01;35m[K-Wpedantic[m[K]
[93.576s]    66 |     sl_u8 data[[01;35m[K0[m[K];
[93.577s]       |                [01;35m[K^[m[K
[93.578s] In file included from [01m[K/home/cricchetto/Robomaster_WS/src/sllidar_ros2/./sdk/include/rplidar_cmd.h:36[m[K,
[93.578s]                  from [01m[K/home/cricchetto/Robomaster_WS/src/sllidar_ros2/./sdk/include/rplidar.h:40[m[K,
[93.579s]                  from [01m[K/home/cricchetto/Robomaster_WS/src/sllidar_ros2/sdk/src/sdkcommon.h:49[m[K,
[93.580s]                  from [01m[K/home/cricchetto/Robomaster_WS/src/sllidar_ros2/sdk/src/sl_async_transceiver.cpp:35[m[K:
[93.581s] [01m[K/home/cricchetto/Robomaster_WS/src/sllidar_ros2/./sdk/include/sl_lidar_cmd.h:324:20:[m[K [01;35m[Kwarning: [m[KISO C++ forbids zero-size array ‘[01m[Kpayload[m[K’ [[01;35m[K-Wpedantic[m[K]
[93.581s]   324 |     sl_u8  payload[[01;35m[K0[m[K];
[93.582s]       |                    [01;35m[K^[m[K
[94.123s] In file included from [01m[K/home/cricchetto/Robomaster_WS/src/sllidar_ros2/sdk/src/sl_async_transceiver.cpp:44[m[K:
[94.124s] [01m[K/home/cricchetto/Robomaster_WS/src/sllidar_ros2/sdk/src/sl_async_transceiver.h:[m[K In member function ‘[01m[Kvirtual void sl::internal::IAsyncProtocolCodec::onChannelError(u_result)[m[K’:
[94.125s] [01m[K/home/cricchetto/Robomaster_WS/src/sllidar_ros2/sdk/src/sl_async_transceiver.h:90:48:[m[K [01;35m[Kwarning: [m[Kunused parameter ‘[01m[KerrCode[m[K’ [[01;35m[K-Wunused-parameter[m[K]
[94.125s]    90 |         virtual void   onChannelError([01;35m[Ku_result errCode[m[K) {}
[94.126s]       |                                       [01;35m[K~~~~~~~~~^~~~~~~[m[K
[95.157s] [ 60%] [32mBuilding CXX object CMakeFiles/sllidar_node.dir/sdk/src/sl_crc.cpp.o[0m
[95.281s] In file included from [01m[K/home/cricchetto/Robomaster_WS/src/sllidar_ros2/./sdk/include/sl_lidar_cmd.h:41[m[K,
[95.282s]                  from [01m[K/home/cricchetto/Robomaster_WS/src/sllidar_ros2/./sdk/include/sl_crc.h:36[m[K,
[95.282s]                  from [01m[K/home/cricchetto/Robomaster_WS/src/sllidar_ros2/sdk/src/sl_crc.cpp:33[m[K:
[95.283s] [01m[K/home/cricchetto/Robomaster_WS/src/sllidar_ros2/./sdk/include/sl_lidar_protocol.h:66:16:[m[K [01;35m[Kwarning: [m[KISO C++ forbids zero-size array ‘[01m[Kdata[m[K’ [[01;35m[K-Wpedantic[m[K]
[95.284s]    66 |     sl_u8 data[[01;35m[K0[m[K];
[95.285s]       |                [01;35m[K^[m[K
[95.286s] In file included from [01m[K/home/cricchetto/Robomaster_WS/src/sllidar_ros2/./sdk/include/sl_crc.h:36[m[K,
[95.295s]                  from [01m[K/home/cricchetto/Robomaster_WS/src/sllidar_ros2/sdk/src/sl_crc.cpp:33[m[K:
[95.296s] [01m[K/home/cricchetto/Robomaster_WS/src/sllidar_ros2/./sdk/include/sl_lidar_cmd.h:324:20:[m[K [01;35m[Kwarning: [m[KISO C++ forbids zero-size array ‘[01m[Kpayload[m[K’ [[01;35m[K-Wpedantic[m[K]
[95.297s]   324 |     sl_u8  payload[[01;35m[K0[m[K];
[95.297s]       |                    [01;35m[K^[m[K
[95.391s] [ 65%] [32mBuilding CXX object CMakeFiles/sllidar_node.dir/sdk/src/sl_lidar_driver.cpp.o[0m
[98.037s] In file included from [01m[K/home/cricchetto/Robomaster_WS/src/sllidar_ros2/./sdk/include/rplidar_protocol.h:36[m[K,
[98.038s]                  from [01m[K/home/cricchetto/Robomaster_WS/src/sllidar_ros2/./sdk/include/rplidar.h:39[m[K,
[98.038s]                  from [01m[K/home/cricchetto/Robomaster_WS/src/sllidar_ros2/sdk/src/sdkcommon.h:49[m[K,
[98.039s]                  from [01m[K/home/cricchetto/Robomaster_WS/src/sllidar_ros2/sdk/src/sl_lidar_driver.cpp:33[m[K:
[98.043s] [01m[K/home/cricchetto/Robomaster_WS/src/sllidar_ros2/./sdk/include/sl_lidar_protocol.h:66:16:[m[K [01;35m[Kwarning: [m[KISO C++ forbids zero-size array ‘[01m[Kdata[m[K’ [[01;35m[K-Wpedantic[m[K]
[98.043s]    66 |     sl_u8 data[[01;35m[K0[m[K];
[98.044s]       |                [01;35m[K^[m[K
[98.045s] In file included from [01m[K/home/cricchetto/Robomaster_WS/src/sllidar_ros2/./sdk/include/rplidar_cmd.h:36[m[K,
[98.045s]                  from [01m[K/home/cricchetto/Robomaster_WS/src/sllidar_ros2/./sdk/include/rplidar.h:40[m[K,
[98.046s]                  from [01m[K/home/cricchetto/Robomaster_WS/src/sllidar_ros2/sdk/src/sdkcommon.h:49[m[K,
[98.046s]                  from [01m[K/home/cricchetto/Robomaster_WS/src/sllidar_ros2/sdk/src/sl_lidar_driver.cpp:33[m[K:
[98.048s] [01m[K/home/cricchetto/Robomaster_WS/src/sllidar_ros2/./sdk/include/sl_lidar_cmd.h:324:20:[m[K [01;35m[Kwarning: [m[KISO C++ forbids zero-size array ‘[01m[Kpayload[m[K’ [[01;35m[K-Wpedantic[m[K]
[98.050s]   324 |     sl_u8  payload[[01;35m[K0[m[K];
[98.050s]       |                    [01;35m[K^[m[K
[99.323s] In file included from [01m[K/home/cricchetto/Robomaster_WS/src/sllidar_ros2/sdk/src/sl_lidar_driver.cpp:50[m[K:
[99.324s] [01m[K/home/cricchetto/Robomaster_WS/src/sllidar_ros2/sdk/src/dataunpacker/dataunpacker.h:[m[K In member function ‘[01m[Kvirtual void sl::internal::LIDARSampleDataListener::onCustomSampleDataDecoded(_u8, _u32, const void*, size_t)[m[K’:
[99.324s] [01m[K/home/cricchetto/Robomaster_WS/src/sllidar_ros2/sdk/src/dataunpacker/dataunpacker.h:54:52:[m[K [01;35m[Kwarning: [m[Kunused parameter ‘[01m[KansType[m[K’ [[01;35m[K-Wunused-parameter[m[K]
[99.325s]    54 |         virtual void onCustomSampleDataDecoded([01;35m[K_u8 ansType[m[K, _u32 customCode, const void* data, size_t size) {}
[99.325s]       |                                                [01;35m[K~~~~^~~~~~~[m[K
[99.326s] [01m[K/home/cricchetto/Robomaster_WS/src/sllidar_ros2/sdk/src/dataunpacker/dataunpacker.h:54:66:[m[K [01;35m[Kwarning: [m[Kunused parameter ‘[01m[KcustomCode[m[K’ [[01;35m[K-Wunused-parameter[m[K]
[99.326s]    54 |         virtual void onCustomSampleDataDecoded(_u8 ansType, [01;35m[K_u32 customCode[m[K, const void* data, size_t size) {}
[99.327s]       |                                                             [01;35m[K~~~~~^~~~~~~~~~[m[K
[99.327s] [01m[K/home/cricchetto/Robomaster_WS/src/sllidar_ros2/sdk/src/dataunpacker/dataunpacker.h:54:90:[m[K [01;35m[Kwarning: [m[Kunused parameter ‘[01m[Kdata[m[K’ [[01;35m[K-Wunused-parameter[m[K]
[99.328s]    54 |         virtual void onCustomSampleDataDecoded(_u8 ansType, _u32 customCode, [01;35m[Kconst void* data[m[K, size_t size) {}
[99.329s]       |                                                                              [01;35m[K~~~~~~~~~~~~^~~~[m[K
[99.330s] [01m[K/home/cricchetto/Robomaster_WS/src/sllidar_ros2/sdk/src/dataunpacker/dataunpacker.h:54:103:[m[K [01;35m[Kwarning: [m[Kunused parameter ‘[01m[Ksize[m[K’ [[01;35m[K-Wunused-parameter[m[K]
[99.330s]    54 |         virtual void onCustomSampleDataDecoded(_u8 ansType, _u32 customCode, const void* data, [01;35m[Ksize_t size[m[K) {}
[99.331s]       |                                                                                                [01;35m[K~~~~~~~^~~~[m[K
[99.332s] [01m[K/home/cricchetto/Robomaster_WS/src/sllidar_ros2/sdk/src/dataunpacker/dataunpacker.h:[m[K In member function ‘[01m[Kvirtual void sl::internal::LIDARSampleDataListener::onDecodingError(int, _u8, const void*, size_t)[m[K’:
[99.333s] [01m[K/home/cricchetto/Robomaster_WS/src/sllidar_ros2/sdk/src/dataunpacker/dataunpacker.h:56:42:[m[K [01;35m[Kwarning: [m[Kunused parameter ‘[01m[KerrMsg[m[K’ [[01;35m[K-Wunused-parameter[m[K]
[99.335s]    56 |         virtual void onDecodingError([01;35m[Kint errMsg[m[K, _u8 ansType, const void* payload, size_t size) {}
[99.336s]       |                                      [01;35m[K~~~~^~~~~~[m[K
[99.337s] [01m[K/home/cricchetto/Robomaster_WS/src/sllidar_ros2/sdk/src/dataunpacker/dataunpacker.h:56:54:[m[K [01;35m[Kwarning: [m[Kunused parameter ‘[01m[KansType[m[K’ [[01;35m[K-Wunused-parameter[m[K]
[99.343s]    56 |         virtual void onDecodingError(int errMsg, [01;35m[K_u8 ansType[m[K, const void* payload, size_t size) {}
[99.344s]       |                                                  [01;35m[K~~~~^~~~~~~[m[K
[99.344s] [01m[K/home/cricchetto/Robomaster_WS/src/sllidar_ros2/sdk/src/dataunpacker/dataunpacker.h:56:75:[m[K [01;35m[Kwarning: [m[Kunused parameter ‘[01m[Kpayload[m[K’ [[01;35m[K-Wunused-parameter[m[K]
[99.345s]    56 |         virtual void onDecodingError(int errMsg, _u8 ansType, [01;35m[Kconst void* payload[m[K, size_t size) {}
[99.346s]       |                                                               [01;35m[K~~~~~~~~~~~~^~~~~~~[m[K
[99.346s] [01m[K/home/cricchetto/Robomaster_WS/src/sllidar_ros2/sdk/src/dataunpacker/dataunpacker.h:56:91:[m[K [01;35m[Kwarning: [m[Kunused parameter ‘[01m[Ksize[m[K’ [[01;35m[K-Wunused-parameter[m[K]
[99.347s]    56 |         virtual void onDecodingError(int errMsg, _u8 ansType, const void* payload, [01;35m[Ksize_t size[m[K) {}
[99.349s]       |                                                                                    [01;35m[K~~~~~~~^~~~[m[K
[99.368s] In file included from [01m[K/home/cricchetto/Robomaster_WS/src/sllidar_ros2/sdk/src/sl_lidar_driver.cpp:51[m[K:
[99.369s] [01m[K/home/cricchetto/Robomaster_WS/src/sllidar_ros2/sdk/src/sl_async_transceiver.h:[m[K In member function ‘[01m[Kvirtual void sl::internal::IAsyncProtocolCodec::onChannelError(u_result)[m[K’:
[99.369s] [01m[K/home/cricchetto/Robomaster_WS/src/sllidar_ros2/sdk/src/sl_async_transceiver.h:90:48:[m[K [01;35m[Kwarning: [m[Kunused parameter ‘[01m[KerrCode[m[K’ [[01;35m[K-Wunused-parameter[m[K]
[99.370s]    90 |         virtual void   onChannelError([01;35m[Ku_result errCode[m[K) {}
[99.370s]       |                                       [01;35m[K~~~~~~~~~^~~~~~~[m[K
[99.499s] [01m[K/home/cricchetto/Robomaster_WS/src/sllidar_ros2/sdk/src/sl_lidar_driver.cpp:[m[K In member function ‘[01m[Kvirtual sl_result sl::SlamtecLidarDriver::reset(sl_u32)[m[K’:
[99.501s] [01m[K/home/cricchetto/Robomaster_WS/src/sllidar_ros2/sdk/src/sl_lidar_driver.cpp:511:32:[m[K [01;35m[Kwarning: [m[Kunused parameter ‘[01m[KtimeoutInMs[m[K’ [[01;35m[K-Wunused-parameter[m[K]
[99.501s]   511 |         sl_result reset([01;35m[Ksl_u32 timeoutInMs = DEFAULT_TIMEOUT[m[K)
[99.502s]       |                         [01;35m[K~~~~~~~^~~~~~~~~~~~~~~~~~~~~~~~~~~~~[m[K
[99.517s] [01m[K/home/cricchetto/Robomaster_WS/src/sllidar_ros2/sdk/src/sl_lidar_driver.cpp:[m[K In member function ‘[01m[Kvirtual sl_result sl::SlamtecLidarDriver::startScan(bool, bool, sl_u32, sl::LidarScanMode*)[m[K’:
[99.518s] [01m[K/home/cricchetto/Robomaster_WS/src/sllidar_ros2/sdk/src/sl_lidar_driver.cpp:586:69:[m[K [01;35m[Kwarning: [m[Kunused parameter ‘[01m[Koptions[m[K’ [[01;35m[K-Wunused-parameter[m[K]
[99.518s]   586 |         sl_result startScan(bool force, bool useTypicalScan, [01;35m[Ksl_u32 options = 0[m[K, LidarScanMode* outUsedScanMode = nullptr)
[99.519s]       |                                                              [01;35m[K~~~~~~~^~~~~~~~~~~[m[K
[99.528s] [01m[K/home/cricchetto/Robomaster_WS/src/sllidar_ros2/sdk/src/sl_lidar_driver.cpp:[m[K In member function ‘[01m[Kvirtual sl_result sl::SlamtecLidarDriver::stop(sl_u32)[m[K’:
[99.528s] [01m[K/home/cricchetto/Robomaster_WS/src/sllidar_ros2/sdk/src/sl_lidar_driver.cpp:763:31:[m[K [01;35m[Kwarning: [m[Kunused parameter ‘[01m[Ktimeout[m[K’ [[01;35m[K-Wunused-parameter[m[K]
[99.529s]   763 |         sl_result stop([01;35m[Ksl_u32 timeout = DEFAULT_TIMEOUT[m[K)
[99.532s]       |                        [01;35m[K~~~~~~~^~~~~~~~~~~~~~~~~~~~~~~~~[m[K
[99.538s] [01m[K/home/cricchetto/Robomaster_WS/src/sllidar_ros2/sdk/src/sl_lidar_driver.cpp:[m[K In member function ‘[01m[Kvirtual sl_result sl::SlamtecLidarDriver::getFrequency(const sl::LidarScanMode&, const sl_lidar_response_measurement_node_hq_t*, size_t, float&)[m[K’:
[99.538s] [01m[K/home/cricchetto/Robomaster_WS/src/sllidar_ros2/sdk/src/sl_lidar_driver.cpp:880:110:[m[K [01;35m[Kwarning: [m[Kunused parameter ‘[01m[Knodes[m[K’ [[01;35m[K-Wunused-parameter[m[K]
[99.539s]   880 |         sl_result getFrequency(const LidarScanMode& scanMode, [01;35m[Kconst sl_lidar_response_measurement_node_hq_t* nodes[m[K, size_t count, float& frequency)
[99.539s]       |                                                               [01;35m[K~~~~~~~~~~~~~~~~~~~~~~~~~~~~~~~~~~~~~~~~~~~~~~~^~~~~[m[K
[99.550s] [01m[K/home/cricchetto/Robomaster_WS/src/sllidar_ros2/sdk/src/sl_lidar_driver.cpp:[m[K In member function ‘[01m[Kvirtual sl_result sl::SlamtecLidarDriver::getMotorInfo(sl::LidarMotorInfo&, sl_u32)[m[K’:
[99.551s] [01m[K/home/cricchetto/Robomaster_WS/src/sllidar_ros2/sdk/src/sl_lidar_driver.cpp:1023:66:[m[K [01;35m[Kwarning: [m[Kunused parameter ‘[01m[KtimeoutInMs[m[K’ [[01;35m[K-Wunused-parameter[m[K]
[99.551s]  1023 |         sl_result getMotorInfo(LidarMotorInfo &motorInfo, [01;35m[Ksl_u32 timeoutInMs[m[K)
[99.552s]       |                                                           [01;35m[K~~~~~~~^~~~~~~~~~~[m[K
[99.556s] [01m[K/home/cricchetto/Robomaster_WS/src/sllidar_ros2/sdk/src/sl_lidar_driver.cpp:[m[K In member function ‘[01m[Ku_result sl::SlamtecLidarDriver::getScanModeCount(sl_u16&, sl_u32)[m[K’:
[99.556s] [01m[K/home/cricchetto/Robomaster_WS/src/sllidar_ros2/sdk/src/sl_lidar_driver.cpp:1199:61:[m[K [01;35m[Kwarning: [m[Kunused parameter ‘[01m[KtimeoutInMs[m[K’ [[01;35m[K-Wunused-parameter[m[K]
[99.557s]  1199 |         u_result getScanModeCount(sl_u16& modeCount, [01;35m[Ksl_u32 timeoutInMs = DEFAULT_TIMEOUT[m[K)
[99.557s]       |                                                      [01;35m[K~~~~~~~^~~~~~~~~~~~~~~~~~~~~~~~~~~~~[m[K
[99.783s] /home/cricchetto/Robomaster_WS/src/sllidar_ros2/sdk/src/sl_lidar_driver.cpp: In instantiation of ‘[01m[Kvoid sl::RawSampleNodeHolder<T>::pushNode(_u64, const T*) [with T = sl_lidar_response_measurement_node_hq_t; _u64 = long unsigned int][m[K’:
[99.784s] [01m[K/home/cricchetto/Robomaster_WS/src/sllidar_ros2/sdk/src/sl_lidar_driver.cpp:1648:42:[m[K   required from here
[99.784s] [01m[K/home/cricchetto/Robomaster_WS/src/sllidar_ros2/sdk/src/sl_lidar_driver.cpp:202:28:[m[K [01;35m[Kwarning: [m[Kunused parameter ‘[01m[Ktimestamp_uS[m[K’ [[01;35m[K-Wunused-parameter[m[K]
[99.785s]   202 |         void pushNode([01;35m[K_u64 timestamp_uS[m[K, const T* node)
[99.786s]       |                       [01;35m[K~~~~~^~~~~~~~~~~~[m[K
[100.401s] [01m[K/home/cricchetto/Robomaster_WS/src/sllidar_ros2/sdk/src/sl_lidar_driver.cpp:[m[K At global scope:
[100.403s] [01m[K/home/cricchetto/Robomaster_WS/src/sllidar_ros2/sdk/src/sl_lidar_driver.cpp:83:17:[m[K [01;35m[Kwarning: [m[K‘[01m[Kvoid sl::convert(const sl_lidar_response_measurement_node_hq_t&, sl_lidar_response_measurement_node_t&)[m[K’ defined but not used [[01;35m[K-Wunused-function[m[K]
[100.404s]    83 |     static void [01;35m[Kconvert[m[K(const sl_lidar_response_measurement_node_hq_t& from, sl_lidar_response_measurement_node_t& to)
[100.404s]       |                 [01;35m[K^~~~~~~[m[K
[100.405s] [01m[K/home/cricchetto/Robomaster_WS/src/sllidar_ros2/sdk/src/sl_lidar_driver.cpp:75:17:[m[K [01;35m[Kwarning: [m[K‘[01m[Kvoid sl::convert(const sl_lidar_response_measurement_node_t&, sl_lidar_response_measurement_node_hq_t&)[m[K’ defined but not used [[01;35m[K-Wunused-function[m[K]
[100.405s]    75 |     static void [01;35m[Kconvert[m[K(const sl_lidar_response_measurement_node_t& from, sl_lidar_response_measurement_node_hq_t& to)
[100.406s]       |                 [01;35m[K^~~~~~~[m[K
[100.407s] [01m[K/home/cricchetto/Robomaster_WS/src/sllidar_ros2/sdk/src/sl_lidar_driver.cpp:70:17:[m[K [01;35m[Kwarning: [m[K‘[01m[Kvoid sl::printDeprecationWarn(const char*, const char*)[m[K’ defined but not used [[01;35m[K-Wunused-function[m[K]
[100.409s]    70 |     static void [01;35m[KprintDeprecationWarn[m[K(const char* fn, const char* replacement)
[100.410s]       |                 [01;35m[K^~~~~~~~~~~~~~~~~~~~[m[K
[102.465s] [ 70%] [32mBuilding CXX object CMakeFiles/sllidar_node.dir/sdk/src/sl_lidarprotocol_codec.cpp.o[0m
[104.876s] In file included from [01m[K/home/cricchetto/Robomaster_WS/src/sllidar_ros2/./sdk/include/rplidar_protocol.h:36[m[K,
[104.877s]                  from [01m[K/home/cricchetto/Robomaster_WS/src/sllidar_ros2/./sdk/include/rplidar.h:39[m[K,
[104.877s]                  from [01m[K/home/cricchetto/Robomaster_WS/src/sllidar_ros2/sdk/src/sdkcommon.h:49[m[K,
[104.878s]                  from [01m[K/home/cricchetto/Robomaster_WS/src/sllidar_ros2/sdk/src/sl_lidarprotocol_codec.cpp:35[m[K:
[104.882s] [01m[K/home/cricchetto/Robomaster_WS/src/sllidar_ros2/./sdk/include/sl_lidar_protocol.h:66:16:[m[K [01;35m[Kwarning: [m[KISO C++ forbids zero-size array ‘[01m[Kdata[m[K’ [[01;35m[K-Wpedantic[m[K]
[104.883s]    66 |     sl_u8 data[[01;35m[K0[m[K];
[104.884s]       |                [01;35m[K^[m[K
[104.886s] In file included from [01m[K/home/cricchetto/Robomaster_WS/src/sllidar_ros2/./sdk/include/rplidar_cmd.h:36[m[K,
[104.889s]                  from [01m[K/home/cricchetto/Robomaster_WS/src/sllidar_ros2/./sdk/include/rplidar.h:40[m[K,
[104.890s]                  from [01m[K/home/cricchetto/Robomaster_WS/src/sllidar_ros2/sdk/src/sdkcommon.h:49[m[K,
[104.892s]                  from [01m[K/home/cricchetto/Robomaster_WS/src/sllidar_ros2/sdk/src/sl_lidarprotocol_codec.cpp:35[m[K:
[104.893s] [01m[K/home/cricchetto/Robomaster_WS/src/sllidar_ros2/./sdk/include/sl_lidar_cmd.h:324:20:[m[K [01;35m[Kwarning: [m[KISO C++ forbids zero-size array ‘[01m[Kpayload[m[K’ [[01;35m[K-Wpedantic[m[K]
[104.894s]   324 |     sl_u8  payload[[01;35m[K0[m[K];
[104.895s]       |                    [01;35m[K^[m[K
[105.891s] In file included from [01m[K/home/cricchetto/Robomaster_WS/src/sllidar_ros2/sdk/src/sl_lidarprotocol_codec.cpp:49[m[K:
[105.891s] [01m[K/home/cricchetto/Robomaster_WS/src/sllidar_ros2/sdk/src/sl_async_transceiver.h:[m[K In member function ‘[01m[Kvirtual void sl::internal::IAsyncProtocolCodec::onChannelError(u_result)[m[K’:
[105.892s] [01m[K/home/cricchetto/Robomaster_WS/src/sllidar_ros2/sdk/src/sl_async_transceiver.h:90:48:[m[K [01;35m[Kwarning: [m[Kunused parameter ‘[01m[KerrCode[m[K’ [[01;35m[K-Wunused-parameter[m[K]
[105.892s]    90 |         virtual void   onChannelError([01;35m[Ku_result errCode[m[K) {}
[105.893s]       |                                       [01;35m[K~~~~~~~~~^~~~~~~[m[K
[106.429s] [ 75%] [32mBuilding CXX object CMakeFiles/sllidar_node.dir/sdk/src/sl_serial_channel.cpp.o[0m
[107.935s] In file included from [01m[K/home/cricchetto/Robomaster_WS/src/sllidar_ros2/./sdk/include/sl_lidar_cmd.h:41[m[K,
[107.936s]                  from [01m[K/home/cricchetto/Robomaster_WS/src/sllidar_ros2/./sdk/include/sl_lidar_driver.h:54[m[K,
[107.937s]                  from [01m[K/home/cricchetto/Robomaster_WS/src/sllidar_ros2/sdk/src/sl_serial_channel.cpp:33[m[K:
[107.938s] [01m[K/home/cricchetto/Robomaster_WS/src/sllidar_ros2/./sdk/include/sl_lidar_protocol.h:66:16:[m[K [01;35m[Kwarning: [m[KISO C++ forbids zero-size array ‘[01m[Kdata[m[K’ [[01;35m[K-Wpedantic[m[K]
[107.940s]    66 |     sl_u8 data[[01;35m[K0[m[K];
[107.941s]       |                [01;35m[K^[m[K
[107.947s] In file included from [01m[K/home/cricchetto/Robomaster_WS/src/sllidar_ros2/./sdk/include/sl_lidar_driver.h:54[m[K,
[107.948s]                  from [01m[K/home/cricchetto/Robomaster_WS/src/sllidar_ros2/sdk/src/sl_serial_channel.cpp:33[m[K:
[107.949s] [01m[K/home/cricchetto/Robomaster_WS/src/sllidar_ros2/./sdk/include/sl_lidar_cmd.h:324:20:[m[K [01;35m[Kwarning: [m[KISO C++ forbids zero-size array ‘[01m[Kpayload[m[K’ [[01;35m[K-Wpedantic[m[K]
[107.949s]   324 |     sl_u8  payload[[01;35m[K0[m[K];
[107.950s]       |                    [01;35m[K^[m[K
[108.322s] [ 80%] [32mBuilding CXX object CMakeFiles/sllidar_node.dir/sdk/src/sl_tcp_channel.cpp.o[0m
[110.069s] In file included from [01m[K/home/cricchetto/Robomaster_WS/src/sllidar_ros2/./sdk/include/sl_lidar_cmd.h:41[m[K,
[110.070s]                  from [01m[K/home/cricchetto/Robomaster_WS/src/sllidar_ros2/./sdk/include/sl_lidar_driver.h:54[m[K,
[110.070s]                  from [01m[K/home/cricchetto/Robomaster_WS/src/sllidar_ros2/sdk/src/sl_tcp_channel.cpp:33[m[K:
[110.071s] [01m[K/home/cricchetto/Robomaster_WS/src/sllidar_ros2/./sdk/include/sl_lidar_protocol.h:66:16:[m[K [01;35m[Kwarning: [m[KISO C++ forbids zero-size array ‘[01m[Kdata[m[K’ [[01;35m[K-Wpedantic[m[K]
[110.072s]    66 |     sl_u8 data[[01;35m[K0[m[K];
[110.073s]       |                [01;35m[K^[m[K
[110.075s] In file included from [01m[K/home/cricchetto/Robomaster_WS/src/sllidar_ros2/./sdk/include/sl_lidar_driver.h:54[m[K,
[110.076s]                  from [01m[K/home/cricchetto/Robomaster_WS/src/sllidar_ros2/sdk/src/sl_tcp_channel.cpp:33[m[K:
[110.077s] [01m[K/home/cricchetto/Robomaster_WS/src/sllidar_ros2/./sdk/include/sl_lidar_cmd.h:324:20:[m[K [01;35m[Kwarning: [m[KISO C++ forbids zero-size array ‘[01m[Kpayload[m[K’ [[01;35m[K-Wpedantic[m[K]
[110.078s]   324 |     sl_u8  payload[[01;35m[K0[m[K];
[110.078s]       |                    [01;35m[K^[m[K
[110.099s] [01m[K/home/cricchetto/Robomaster_WS/src/sllidar_ros2/sdk/src/sl_tcp_channel.cpp:[m[K In member function ‘[01m[Kvoid sl::TcpChannel::setStatus(_u32)[m[K’:
[110.100s] [01m[K/home/cricchetto/Robomaster_WS/src/sllidar_ros2/sdk/src/sl_tcp_channel.cpp:109:29:[m[K [01;35m[Kwarning: [m[Kunused parameter ‘[01m[Kflag[m[K’ [[01;35m[K-Wunused-parameter[m[K]
[110.100s]   109 |         void setStatus([01;35m[K_u32 flag[m[K){}
[110.101s]       |                        [01;35m[K~~~~~^~~~[m[K
[110.408s] [ 85%] [32mBuilding CXX object CMakeFiles/sllidar_node.dir/sdk/src/sl_udp_channel.cpp.o[0m
[112.028s] In file included from [01m[K/home/cricchetto/Robomaster_WS/src/sllidar_ros2/./sdk/include/sl_lidar_cmd.h:41[m[K,
[112.029s]                  from [01m[K/home/cricchetto/Robomaster_WS/src/sllidar_ros2/./sdk/include/sl_lidar_driver.h:54[m[K,
[112.030s]                  from [01m[K/home/cricchetto/Robomaster_WS/src/sllidar_ros2/sdk/src/sl_udp_channel.cpp:33[m[K:
[112.031s] [01m[K/home/cricchetto/Robomaster_WS/src/sllidar_ros2/./sdk/include/sl_lidar_protocol.h:66:16:[m[K [01;35m[Kwarning: [m[KISO C++ forbids zero-size array ‘[01m[Kdata[m[K’ [[01;35m[K-Wpedantic[m[K]
[112.031s]    66 |     sl_u8 data[[01;35m[K0[m[K];
[112.032s]       |                [01;35m[K^[m[K
[112.033s] In file included from [01m[K/home/cricchetto/Robomaster_WS/src/sllidar_ros2/./sdk/include/sl_lidar_driver.h:54[m[K,
[112.034s]                  from [01m[K/home/cricchetto/Robomaster_WS/src/sllidar_ros2/sdk/src/sl_udp_channel.cpp:33[m[K:
[112.034s] [01m[K/home/cricchetto/Robomaster_WS/src/sllidar_ros2/./sdk/include/sl_lidar_cmd.h:324:20:[m[K [01;35m[Kwarning: [m[KISO C++ forbids zero-size array ‘[01m[Kpayload[m[K’ [[01;35m[K-Wpedantic[m[K]
[112.035s]   324 |     sl_u8  payload[[01;35m[K0[m[K];
[112.036s]       |                    [01;35m[K^[m[K
[112.051s] [01m[K/home/cricchetto/Robomaster_WS/src/sllidar_ros2/sdk/src/sl_udp_channel.cpp:[m[K In member function ‘[01m[Kvoid sl::UdpChannel::setStatus(_u32)[m[K’:
[112.051s] [01m[K/home/cricchetto/Robomaster_WS/src/sllidar_ros2/sdk/src/sl_udp_channel.cpp:112:29:[m[K [01;35m[Kwarning: [m[Kunused parameter ‘[01m[Kflag[m[K’ [[01;35m[K-Wunused-parameter[m[K]
[112.052s]   112 |         void setStatus([01;35m[K_u32 flag[m[K){}
[112.053s]       |                        [01;35m[K~~~~~^~~~[m[K
[112.368s] [ 90%] [32mBuilding CXX object CMakeFiles/sllidar_node.dir/sdk/src/rplidar_driver.cpp.o[0m
[114.849s] In file included from [01m[K/home/cricchetto/Robomaster_WS/src/sllidar_ros2/./sdk/include/rplidar_protocol.h:36[m[K,
[114.850s]                  from [01m[K/home/cricchetto/Robomaster_WS/src/sllidar_ros2/./sdk/include/rplidar.h:39[m[K,
[114.850s]                  from [01m[K/home/cricchetto/Robomaster_WS/src/sllidar_ros2/sdk/src/sdkcommon.h:49[m[K,
[114.852s]                  from [01m[K/home/cricchetto/Robomaster_WS/src/sllidar_ros2/sdk/src/rplidar_driver.cpp:33[m[K:
[114.853s] [01m[K/home/cricchetto/Robomaster_WS/src/sllidar_ros2/./sdk/include/sl_lidar_protocol.h:66:16:[m[K [01;35m[Kwarning: [m[KISO C++ forbids zero-size array ‘[01m[Kdata[m[K’ [[01;35m[K-Wpedantic[m[K]
[114.854s]    66 |     sl_u8 data[[01;35m[K0[m[K];
[114.854s]       |                [01;35m[K^[m[K
[114.855s] In file included from [01m[K/home/cricchetto/Robomaster_WS/src/sllidar_ros2/./sdk/include/rplidar_cmd.h:36[m[K,
[114.856s]                  from [01m[K/home/cricchetto/Robomaster_WS/src/sllidar_ros2/./sdk/include/rplidar.h:40[m[K,
[114.859s]                  from [01m[K/home/cricchetto/Robomaster_WS/src/sllidar_ros2/sdk/src/sdkcommon.h:49[m[K,
[114.860s]                  from [01m[K/home/cricchetto/Robomaster_WS/src/sllidar_ros2/sdk/src/rplidar_driver.cpp:33[m[K:
[114.863s] [01m[K/home/cricchetto/Robomaster_WS/src/sllidar_ros2/./sdk/include/sl_lidar_cmd.h:324:20:[m[K [01;35m[Kwarning: [m[KISO C++ forbids zero-size array ‘[01m[Kpayload[m[K’ [[01;35m[K-Wpedantic[m[K]
[114.877s]   324 |     sl_u8  payload[[01;35m[K0[m[K];
[114.877s]       |                    [01;35m[K^[m[K
[115.604s] [01m[K/home/cricchetto/Robomaster_WS/src/sllidar_ros2/sdk/src/rplidar_driver.cpp:[m[K In member function ‘[01m[Ku_result rp::standalone::rplidar::RPlidarDriver::connect(const char*, _u32, _u32)[m[K’:
[115.605s] [01m[K/home/cricchetto/Robomaster_WS/src/sllidar_ros2/sdk/src/rplidar_driver.cpp:67:77:[m[K [01;35m[Kwarning: [m[Kunused parameter ‘[01m[Kflag[m[K’ [[01;35m[K-Wunused-parameter[m[K]
[115.606s]    67 |     u_result RPlidarDriver::connect(const char *path, _u32 portOrBaud, [01;35m[K_u32 flag[m[K)
[115.607s]       |                                                                        [01;35m[K~~~~~^~~~[m[K
[115.607s] [01m[K/home/cricchetto/Robomaster_WS/src/sllidar_ros2/sdk/src/rplidar_driver.cpp:[m[K In member function ‘[01m[Ku_result rp::standalone::rplidar::RPlidarDriver::reset(_u32)[m[K’:
[115.608s] [01m[K/home/cricchetto/Robomaster_WS/src/sllidar_ros2/sdk/src/rplidar_driver.cpp:101:40:[m[K [01;35m[Kwarning: [m[Kunused parameter ‘[01m[Ktimeout[m[K’ [[01;35m[K-Wunused-parameter[m[K]
[115.609s]   101 |     u_result RPlidarDriver::reset([01;35m[K_u32 timeout[m[K)
[115.610s]       |                                   [01;35m[K~~~~~^~~~~~~[m[K
[115.612s] [01m[K/home/cricchetto/Robomaster_WS/src/sllidar_ros2/sdk/src/rplidar_driver.cpp:[m[K In member function ‘[01m[Ku_result rp::standalone::rplidar::RPlidarDriver::getScanDataWithInterval(rplidar_response_measurement_node_t*, size_t&)[m[K’:
[115.613s] [01m[K/home/cricchetto/Robomaster_WS/src/sllidar_ros2/sdk/src/rplidar_driver.cpp:180:91:[m[K [01;35m[Kwarning: [m[Kunused parameter ‘[01m[Knodebuffer[m[K’ [[01;35m[K-Wunused-parameter[m[K]
[115.613s]   180 |     u_result RPlidarDriver::getScanDataWithInterval([01;35m[Krplidar_response_measurement_node_t * nodebuffer[m[K, size_t & count)
[115.614s]       |                                                     [01;35m[K~~~~~~~~~~~~~~~~~~~~~~~~~~~~~~~~~~~~~~^~~~~~~~~~[m[K
[115.615s] [01m[K/home/cricchetto/Robomaster_WS/src/sllidar_ros2/sdk/src/rplidar_driver.cpp:180:112:[m[K [01;35m[Kwarning: [m[Kunused parameter ‘[01m[Kcount[m[K’ [[01;35m[K-Wunused-parameter[m[K]
[115.615s]   180 |     u_result RPlidarDriver::getScanDataWithInterval(rplidar_response_measurement_node_t * nodebuffer, [01;35m[Ksize_t & count[m[K)
[115.616s]       |                                                                                                       [01;35m[K~~~~~~~~~^~~~~[m[K
[116.506s] [ 95%] [32mBuilding CXX object CMakeFiles/sllidar_node.dir/sdk/src/arch/linux/timer.cpp.o[0m
[118.766s] [100%] [32m[1mLinking CXX executable sllidar_node[0m
[120.312s] [100%] Built target sllidar_node
[120.356s] Invoked command in '/home/cricchetto/Robomaster_WS/src/build/sllidar_ros2' returned '0': CMAKE_PREFIX_PATH=${CMAKE_PREFIX_PATH}:/home/cricchetto/Robomaster_WS/install/socket_server_pkg:/home/cricchetto/Robomaster_WS/install/robomaster_ros:/home/cricchetto/Robomaster_WS/install/ep_control:/home/cricchetto/Robomaster_WS/install/drift:/opt/ros/humble /usr/bin/cmake --build /home/cricchetto/Robomaster_WS/src/build/sllidar_ros2 -- -j4 -l4
[120.366s] Invoking command in '/home/cricchetto/Robomaster_WS/src/build/sllidar_ros2': CMAKE_PREFIX_PATH=${CMAKE_PREFIX_PATH}:/home/cricchetto/Robomaster_WS/install/socket_server_pkg:/home/cricchetto/Robomaster_WS/install/robomaster_ros:/home/cricchetto/Robomaster_WS/install/ep_control:/home/cricchetto/Robomaster_WS/install/drift:/opt/ros/humble /usr/bin/cmake --install /home/cricchetto/Robomaster_WS/src/build/sllidar_ros2
[120.397s] -- Install configuration: ""
[120.398s] -- Installing: /home/cricchetto/Robomaster_WS/src/install/sllidar_ros2/share/sllidar_ros2/launch
[120.399s] -- Installing: /home/cricchetto/Robomaster_WS/src/install/sllidar_ros2/share/sllidar_ros2/launch/view_sllidar_s1_tcp_launch.py
[120.401s] -- Installing: /home/cricchetto/Robomaster_WS/src/install/sllidar_ros2/share/sllidar_ros2/launch/sllidar_a2m12_launch .py
[120.402s] -- Installing: /home/cricchetto/Robomaster_WS/src/install/sllidar_ros2/share/sllidar_ros2/launch/view_sllidar_s1_launch.py
[120.403s] -- Installing: /home/cricchetto/Robomaster_WS/src/install/sllidar_ros2/share/sllidar_ros2/launch/sllidar_s3_launch.py
[120.405s] -- Installing: /home/cricchetto/Robomaster_WS/src/install/sllidar_ros2/share/sllidar_ros2/launch/view_sllidar_a2m7_launch.py
[120.406s] -- Installing: /home/cricchetto/Robomaster_WS/src/install/sllidar_ros2/share/sllidar_ros2/launch/sllidar_a2m8_launch.py
[120.407s] -- Installing: /home/cricchetto/Robomaster_WS/src/install/sllidar_ros2/share/sllidar_ros2/launch/view_sllidar_s2_launch.py
[120.409s] -- Installing: /home/cricchetto/Robomaster_WS/src/install/sllidar_ros2/share/sllidar_ros2/launch/view_sllidar_s2e_launch.py
[120.410s] -- Installing: /home/cricchetto/Robomaster_WS/src/install/sllidar_ros2/share/sllidar_ros2/launch/view_sllidar_a2m12_launch.py
[120.411s] -- Installing: /home/cricchetto/Robomaster_WS/src/install/sllidar_ros2/share/sllidar_ros2/launch/sllidar_s1_launch.py
[120.413s] -- Installing: /home/cricchetto/Robomaster_WS/src/install/sllidar_ros2/share/sllidar_ros2/launch/view_sllidar_s3_launch.py
[120.414s] -- Installing: /home/cricchetto/Robomaster_WS/src/install/sllidar_ros2/share/sllidar_ros2/launch/view_sllidar_a2m8_launch.py
[120.415s] -- Installing: /home/cricchetto/Robomaster_WS/src/install/sllidar_ros2/share/sllidar_ros2/launch/view_sllidar_t1_launch.py
[120.417s] -- Installing: /home/cricchetto/Robomaster_WS/src/install/sllidar_ros2/share/sllidar_ros2/launch/view_sllidar_a1_launch.py
[120.418s] -- Installing: /home/cricchetto/Robomaster_WS/src/install/sllidar_ros2/share/sllidar_ros2/launch/sllidar_s2_launch.py
[120.419s] -- Installing: /home/cricchetto/Robomaster_WS/src/install/sllidar_ros2/share/sllidar_ros2/launch/sllidar_t1_launch.py
[120.420s] -- Installing: /home/cricchetto/Robomaster_WS/src/install/sllidar_ros2/share/sllidar_ros2/launch/sllidar_a1_launch.py
[120.422s] -- Installing: /home/cricchetto/Robomaster_WS/src/install/sllidar_ros2/share/sllidar_ros2/launch/sllidar_c1_launch.py
[120.423s] -- Installing: /home/cricchetto/Robomaster_WS/src/install/sllidar_ros2/share/sllidar_ros2/launch/view_sllidar_c1_launch.py
[120.424s] -- Installing: /home/cricchetto/Robomaster_WS/src/install/sllidar_ros2/share/sllidar_ros2/launch/view_sllidar_a3_launch.py
[120.426s] -- Installing: /home/cricchetto/Robomaster_WS/src/install/sllidar_ros2/share/sllidar_ros2/launch/sllidar_s1_tcp_launch.py
[120.427s] -- Installing: /home/cricchetto/Robomaster_WS/src/install/sllidar_ros2/share/sllidar_ros2/launch/sllidar_a2m7_launch.py
[120.429s] -- Installing: /home/cricchetto/Robomaster_WS/src/install/sllidar_ros2/share/sllidar_ros2/launch/sllidar_a3_launch.py
[120.430s] -- Installing: /home/cricchetto/Robomaster_WS/src/install/sllidar_ros2/share/sllidar_ros2/launch/sllidar_s2e_launch.py
[120.431s] -- Installing: /home/cricchetto/Robomaster_WS/src/install/sllidar_ros2/share/sllidar_ros2/rviz
[120.432s] -- Installing: /home/cricchetto/Robomaster_WS/src/install/sllidar_ros2/share/sllidar_ros2/rviz/sllidar_ros2.rviz
[120.434s] -- Installing: /home/cricchetto/Robomaster_WS/src/install/sllidar_ros2/lib/sllidar_ros2/sllidar_node
[120.451s] -- Set runtime path of "/home/cricchetto/Robomaster_WS/src/install/sllidar_ros2/lib/sllidar_ros2/sllidar_node" to ""
[120.451s] -- Installing: /home/cricchetto/Robomaster_WS/src/install/sllidar_ros2/lib/sllidar_ros2/sllidar_client
[120.479s] -- Set runtime path of "/home/cricchetto/Robomaster_WS/src/install/sllidar_ros2/lib/sllidar_ros2/sllidar_client" to ""
[120.481s] -- Installing: /home/cricchetto/Robomaster_WS/src/install/sllidar_ros2/share/ament_index/resource_index/package_run_dependencies/sllidar_ros2
[120.483s] -- Installing: /home/cricchetto/Robomaster_WS/src/install/sllidar_ros2/share/ament_index/resource_index/parent_prefix_path/sllidar_ros2
[120.485s] -- Installing: /home/cricchetto/Robomaster_WS/src/install/sllidar_ros2/share/sllidar_ros2/environment/ament_prefix_path.sh
[120.488s] -- Installing: /home/cricchetto/Robomaster_WS/src/install/sllidar_ros2/share/sllidar_ros2/environment/ament_prefix_path.dsv
[120.489s] -- Installing: /home/cricchetto/Robomaster_WS/src/install/sllidar_ros2/share/sllidar_ros2/environment/path.sh
[120.490s] -- Installing: /home/cricchetto/Robomaster_WS/src/install/sllidar_ros2/share/sllidar_ros2/environment/path.dsv
[120.491s] -- Installing: /home/cricchetto/Robomaster_WS/src/install/sllidar_ros2/share/sllidar_ros2/local_setup.bash
[120.493s] -- Installing: /home/cricchetto/Robomaster_WS/src/install/sllidar_ros2/share/sllidar_ros2/local_setup.sh
[120.494s] -- Installing: /home/cricchetto/Robomaster_WS/src/install/sllidar_ros2/share/sllidar_ros2/local_setup.zsh
[120.496s] -- Installing: /home/cricchetto/Robomaster_WS/src/install/sllidar_ros2/share/sllidar_ros2/local_setup.dsv
[120.497s] -- Installing: /home/cricchetto/Robomaster_WS/src/install/sllidar_ros2/share/sllidar_ros2/package.dsv
[120.499s] -- Installing: /home/cricchetto/Robomaster_WS/src/install/sllidar_ros2/share/ament_index/resource_index/packages/sllidar_ros2
[120.502s] -- Installing: /home/cricchetto/Robomaster_WS/src/install/sllidar_ros2/share/sllidar_ros2/cmake/ament_cmake_export_dependencies-extras.cmake
[120.503s] -- Installing: /home/cricchetto/Robomaster_WS/src/install/sllidar_ros2/share/sllidar_ros2/cmake/ament_cmake_export_include_directories-extras.cmake
[120.504s] -- Installing: /home/cricchetto/Robomaster_WS/src/install/sllidar_ros2/share/sllidar_ros2/cmake/sllidar_ros2Config.cmake
[120.505s] -- Installing: /home/cricchetto/Robomaster_WS/src/install/sllidar_ros2/share/sllidar_ros2/cmake/sllidar_ros2Config-version.cmake
[120.507s] -- Installing: /home/cricchetto/Robomaster_WS/src/install/sllidar_ros2/share/sllidar_ros2/package.xml
[120.516s] Invoked command in '/home/cricchetto/Robomaster_WS/src/build/sllidar_ros2' returned '0': CMAKE_PREFIX_PATH=${CMAKE_PREFIX_PATH}:/home/cricchetto/Robomaster_WS/install/socket_server_pkg:/home/cricchetto/Robomaster_WS/install/robomaster_ros:/home/cricchetto/Robomaster_WS/install/ep_control:/home/cricchetto/Robomaster_WS/install/drift:/opt/ros/humble /usr/bin/cmake --install /home/cricchetto/Robomaster_WS/src/build/sllidar_ros2
