[1.989s] Invoking command in '/home/stefano/Robomaster_WS/src/build/robomaster_description': CMAKE_PREFIX_PATH=${CMAKE_PREFIX_PATH}:/home/stefano/Robomaster_WS/src/install/robomaster_ros:/home/stefano/Robomaster_WS/src/install/laser_echo_publisher:/home/stefano/Robomaster_WS/src/install/camera_utils:/home/stefano/Robomaster_WS/install/robomaster_ros:/home/stefano/Robomaster_WS/install/robomaster_ir_publisher:/home/stefano/Robomaster_WS/install/laser_echo_publisher:/home/stefano/Robomaster_WS/install/camera_utils:/home/stefano/turtlebot3_ws/install/turtlebot3_teleop:/home/stefano/turtlebot3_ws/install/turtlebot3_example:/home/stefano/Webots_ros2/install/webots_ros2:/home/stefano/Webots_ros2/install/webots_ros2_universal_robot:/home/stefano/Webots_ros2/install/webots_ros2_turtlebot:/home/stefano/Webots_ros2/install/webots_ros2_tiago:/home/stefano/Webots_ros2/install/webots_ros2_tests:/home/stefano/Webots_ros2/install/webots_ros2_tesla:/home/stefano/Webots_ros2/install/webots_ros2_mavic:/home/stefano/Webots_ros2/install/webots_ros2_husarion:/home/stefano/Webots_ros2/install/webots_ros2_epuck:/home/stefano/Webots_ros2/install/webots_ros2_crazyflie:/home/stefano/Webots_ros2/install/webots_ros2_importer:/opt/ros/humble /usr/bin/cmake --build /home/stefano/Robomaster_WS/src/build/robomaster_description -- -j8 -l8
[2.301s] Invoked command in '/home/stefano/Robomaster_WS/src/build/robomaster_description' returned '0': CMAKE_PREFIX_PATH=${CMAKE_PREFIX_PATH}:/home/stefano/Robomaster_WS/src/install/robomaster_ros:/home/stefano/Robomaster_WS/src/install/laser_echo_publisher:/home/stefano/Robomaster_WS/src/install/camera_utils:/home/stefano/Robomaster_WS/install/robomaster_ros:/home/stefano/Robomaster_WS/install/robomaster_ir_publisher:/home/stefano/Robomaster_WS/install/laser_echo_publisher:/home/stefano/Robomaster_WS/install/camera_utils:/home/stefano/turtlebot3_ws/install/turtlebot3_teleop:/home/stefano/turtlebot3_ws/install/turtlebot3_example:/home/stefano/Webots_ros2/install/webots_ros2:/home/stefano/Webots_ros2/install/webots_ros2_universal_robot:/home/stefano/Webots_ros2/install/webots_ros2_turtlebot:/home/stefano/Webots_ros2/install/webots_ros2_tiago:/home/stefano/Webots_ros2/install/webots_ros2_tests:/home/stefano/Webots_ros2/install/webots_ros2_tesla:/home/stefano/Webots_ros2/install/webots_ros2_mavic:/home/stefano/Webots_ros2/install/webots_ros2_husarion:/home/stefano/Webots_ros2/install/webots_ros2_epuck:/home/stefano/Webots_ros2/install/webots_ros2_crazyflie:/home/stefano/Webots_ros2/install/webots_ros2_importer:/opt/ros/humble /usr/bin/cmake --build /home/stefano/Robomaster_WS/src/build/robomaster_description -- -j8 -l8
[2.345s] Invoking command in '/home/stefano/Robomaster_WS/src/build/robomaster_description': CMAKE_PREFIX_PATH=${CMAKE_PREFIX_PATH}:/home/stefano/Robomaster_WS/src/install/robomaster_ros:/home/stefano/Robomaster_WS/src/install/laser_echo_publisher:/home/stefano/Robomaster_WS/src/install/camera_utils:/home/stefano/Robomaster_WS/install/robomaster_ros:/home/stefano/Robomaster_WS/install/robomaster_ir_publisher:/home/stefano/Robomaster_WS/install/laser_echo_publisher:/home/stefano/Robomaster_WS/install/camera_utils:/home/stefano/turtlebot3_ws/install/turtlebot3_teleop:/home/stefano/turtlebot3_ws/install/turtlebot3_example:/home/stefano/Webots_ros2/install/webots_ros2:/home/stefano/Webots_ros2/install/webots_ros2_universal_robot:/home/stefano/Webots_ros2/install/webots_ros2_turtlebot:/home/stefano/Webots_ros2/install/webots_ros2_tiago:/home/stefano/Webots_ros2/install/webots_ros2_tests:/home/stefano/Webots_ros2/install/webots_ros2_tesla:/home/stefano/Webots_ros2/install/webots_ros2_mavic:/home/stefano/Webots_ros2/install/webots_ros2_husarion:/home/stefano/Webots_ros2/install/webots_ros2_epuck:/home/stefano/Webots_ros2/install/webots_ros2_crazyflie:/home/stefano/Webots_ros2/install/webots_ros2_importer:/opt/ros/humble /usr/bin/cmake --install /home/stefano/Robomaster_WS/src/build/robomaster_description
[2.448s] -- Install configuration: ""
[2.448s] -- Up-to-date: /home/stefano/Robomaster_WS/src/install/robomaster_description/share/robomaster_description/urdf
[2.448s] -- Up-to-date: /home/stefano/Robomaster_WS/src/install/robomaster_description/share/robomaster_description/urdf/robomaster_s1.urdf.xacro
[2.448s] -- Up-to-date: /home/stefano/Robomaster_WS/src/install/robomaster_description/share/robomaster_description/urdf/base.urdf.xacro
[2.449s] -- Up-to-date: /home/stefano/Robomaster_WS/src/install/robomaster_description/share/robomaster_description/urdf/gimbal.urdf.xacro
[2.449s] -- Up-to-date: /home/stefano/Robomaster_WS/src/install/robomaster_description/share/robomaster_description/urdf/gripper.urdf.xacro
[2.450s] -- Up-to-date: /home/stefano/Robomaster_WS/src/install/robomaster_description/share/robomaster_description/urdf/extension.urdf.xacro
[2.450s] -- Up-to-date: /home/stefano/Robomaster_WS/src/install/robomaster_description/share/robomaster_description/urdf/model.urdf
[2.450s] -- Up-to-date: /home/stefano/Robomaster_WS/src/install/robomaster_description/share/robomaster_description/urdf/wheel.urdf.xacro
[2.450s] -- Up-to-date: /home/stefano/Robomaster_WS/src/install/robomaster_description/share/robomaster_description/urdf/led.urdf.xacro
[2.450s] -- Up-to-date: /home/stefano/Robomaster_WS/src/install/robomaster_description/share/robomaster_description/urdf/tof.urdf.xacro
[2.451s] -- Up-to-date: /home/stefano/Robomaster_WS/src/install/robomaster_description/share/robomaster_description/urdf/arm.urdf.xacro
[2.452s] -- Up-to-date: /home/stefano/Robomaster_WS/src/install/robomaster_description/share/robomaster_description/urdf/camera.urdf.xacro
[2.453s] -- Up-to-date: /home/stefano/Robomaster_WS/src/install/robomaster_description/share/robomaster_description/urdf/intelligent_controller.urdf.xacro
[2.453s] -- Up-to-date: /home/stefano/Robomaster_WS/src/install/robomaster_description/share/robomaster_description/urdf/robomaster_ep.urdf.xacro
[2.453s] -- Up-to-date: /home/stefano/Robomaster_WS/src/install/robomaster_description/share/robomaster_description/launch
[2.454s] -- Up-to-date: /home/stefano/Robomaster_WS/src/install/robomaster_description/share/robomaster_description/launch/model.launch.py
[2.455s] -- Up-to-date: /home/stefano/Robomaster_WS/src/install/robomaster_description/share/robomaster_description/launch/main.launch
[2.455s] -- Up-to-date: /home/stefano/Robomaster_WS/src/install/robomaster_description/share/robomaster_description/launch/robomaster_view.launch.py
[2.455s] -- Up-to-date: /home/stefano/Robomaster_WS/src/install/robomaster_description/share/robomaster_description/meshes
[2.456s] -- Up-to-date: /home/stefano/Robomaster_WS/src/install/robomaster_description/share/robomaster_description/meshes/gripper_left_6.dae
[2.456s] -- Up-to-date: /home/stefano/Robomaster_WS/src/install/robomaster_description/share/robomaster_description/meshes/arm_1.dae
[2.457s] -- Up-to-date: /home/stefano/Robomaster_WS/src/install/robomaster_description/share/robomaster_description/meshes/gimbal_right_led7.dae
[2.458s] -- Up-to-date: /home/stefano/Robomaster_WS/src/install/robomaster_description/share/robomaster_description/meshes/gimbal_base.dae
[2.459s] -- Up-to-date: /home/stefano/Robomaster_WS/src/install/robomaster_description/share/robomaster_description/meshes/gimbal.dae
[2.459s] -- Up-to-date: /home/stefano/Robomaster_WS/src/install/robomaster_description/share/robomaster_description/meshes/gripper_left_collision.dae
[2.460s] -- Up-to-date: /home/stefano/Robomaster_WS/src/install/robomaster_description/share/robomaster_description/meshes/right_gripper_5.dae
[2.460s] -- Up-to-date: /home/stefano/Robomaster_WS/src/install/robomaster_description/share/robomaster_description/meshes/gimbal_right_led_0.dae
[2.461s] -- Up-to-date: /home/stefano/Robomaster_WS/src/install/robomaster_description/share/robomaster_description/meshes/controller.dae
[2.462s] -- Up-to-date: /home/stefano/Robomaster_WS/src/install/robomaster_description/share/robomaster_description/meshes/gimbal_left_led_6.dae
[2.465s] -- Up-to-date: /home/stefano/Robomaster_WS/src/install/robomaster_description/share/robomaster_description/meshes/gimbal_right_led_5.dae
[2.466s] -- Up-to-date: /home/stefano/Robomaster_WS/src/install/robomaster_description/share/robomaster_description/meshes/right_gripper_6_collision.dae
[2.467s] -- Up-to-date: /home/stefano/Robomaster_WS/src/install/robomaster_description/share/robomaster_description/meshes/arm_base.dae
[2.467s] -- Up-to-date: /home/stefano/Robomaster_WS/src/install/robomaster_description/share/robomaster_description/meshes/EP_all_01_b.png
[2.468s] -- Up-to-date: /home/stefano/Robomaster_WS/src/install/robomaster_description/share/robomaster_description/meshes/gimbal_left_led_1.dae
[2.468s] -- Up-to-date: /home/stefano/Robomaster_WS/src/install/robomaster_description/share/robomaster_description/meshes/left_hit_sensor.dae
[2.468s] -- Up-to-date: /home/stefano/Robomaster_WS/src/install/robomaster_description/share/robomaster_description/meshes/gimbal_right_led_4.dae
[2.468s] -- Up-to-date: /home/stefano/Robomaster_WS/src/install/robomaster_description/share/robomaster_description/meshes/controller_cover.dae
[2.469s] -- Up-to-date: /home/stefano/Robomaster_WS/src/install/robomaster_description/share/robomaster_description/meshes/endpoint_bracket.dae
[2.469s] -- Up-to-date: /home/stefano/Robomaster_WS/src/install/robomaster_description/share/robomaster_description/meshes/right_gripper_7_collision.dae
[2.470s] -- Up-to-date: /home/stefano/Robomaster_WS/src/install/robomaster_description/share/robomaster_description/meshes/right_gripper_7.dae
[2.471s] -- Up-to-date: /home/stefano/Robomaster_WS/src/install/robomaster_description/share/robomaster_description/meshes/right_gripper_6.dae
[2.472s] -- Up-to-date: /home/stefano/Robomaster_WS/src/install/robomaster_description/share/robomaster_description/meshes/arm_1_collision.dae
[2.472s] -- Up-to-date: /home/stefano/Robomaster_WS/src/install/robomaster_description/share/robomaster_description/meshes/arm_2.dae
[2.473s] -- Up-to-date: /home/stefano/Robomaster_WS/src/install/robomaster_description/share/robomaster_description/meshes/gimbal_right_led_2.dae
[2.473s] -- Up-to-date: /home/stefano/Robomaster_WS/src/install/robomaster_description/share/robomaster_description/meshes/blaster_gun_collision.dae
[2.473s] -- Up-to-date: /home/stefano/Robomaster_WS/src/install/robomaster_description/share/robomaster_description/meshes/left_led.dae
[2.473s] -- Up-to-date: /home/stefano/Robomaster_WS/src/install/robomaster_description/share/robomaster_description/meshes/front_led.dae
[2.474s] -- Up-to-date: /home/stefano/Robomaster_WS/src/install/robomaster_description/share/robomaster_description/meshes/speaker.dae
[2.474s] -- Up-to-date: /home/stefano/Robomaster_WS/src/install/robomaster_description/share/robomaster_description/meshes/right_gripper_4.dae
[2.474s] -- Up-to-date: /home/stefano/Robomaster_WS/src/install/robomaster_description/share/robomaster_description/meshes/right_gripper_1.dae
[2.474s] -- Up-to-date: /home/stefano/Robomaster_WS/src/install/robomaster_description/share/robomaster_description/meshes/battery_pin_right.dae
[2.474s] -- Up-to-date: /home/stefano/Robomaster_WS/src/install/robomaster_description/share/robomaster_description/meshes/arm_2_bar_1.dae
[2.474s] -- Up-to-date: /home/stefano/Robomaster_WS/src/install/robomaster_description/share/robomaster_description/meshes/chassis.dae
[2.474s] -- Up-to-date: /home/stefano/Robomaster_WS/src/install/robomaster_description/share/robomaster_description/meshes/gimbal_right_led_3.dae
[2.475s] -- Up-to-date: /home/stefano/Robomaster_WS/src/install/robomaster_description/share/robomaster_description/meshes/led.dae
[2.475s] -- Up-to-date: /home/stefano/Robomaster_WS/src/install/robomaster_description/share/robomaster_description/meshes/battery_pin_left.dae
[2.475s] -- Up-to-date: /home/stefano/Robomaster_WS/src/install/robomaster_description/share/robomaster_description/meshes/gimbal_collision.dae
[2.475s] -- Up-to-date: /home/stefano/Robomaster_WS/src/install/robomaster_description/share/robomaster_description/meshes/base_collision.dae
[2.475s] -- Up-to-date: /home/stefano/Robomaster_WS/src/install/robomaster_description/share/robomaster_description/meshes/extension_support.dae
[2.500s] -- Up-to-date: /home/stefano/Robomaster_WS/src/install/robomaster_description/share/robomaster_description/meshes/rod_2_collision.dae
[2.500s] -- Up-to-date: /home/stefano/Robomaster_WS/src/install/robomaster_description/share/robomaster_description/meshes/rod.dae
[2.502s] -- Up-to-date: /home/stefano/Robomaster_WS/src/install/robomaster_description/share/robomaster_description/meshes/right_gripper_5_collision.dae
[2.502s] -- Up-to-date: /home/stefano/Robomaster_WS/src/install/robomaster_description/share/robomaster_description/meshes/gimbal_left_led_5.dae
[2.504s] -- Up-to-date: /home/stefano/Robomaster_WS/src/install/robomaster_description/share/robomaster_description/meshes/rod_1_collision.dae
[2.509s] -- Up-to-date: /home/stefano/Robomaster_WS/src/install/robomaster_description/share/robomaster_description/meshes/gimbal_base_collision.dae
[2.510s] -- Up-to-date: /home/stefano/Robomaster_WS/src/install/robomaster_description/share/robomaster_description/meshes/front_right_wheel.dae
[2.512s] -- Up-to-date: /home/stefano/Robomaster_WS/src/install/robomaster_description/share/robomaster_description/meshes/arm_base_collision.dae
[2.513s] -- Up-to-date: /home/stefano/Robomaster_WS/src/install/robomaster_description/share/robomaster_description/meshes/arm_2_collision.dae
[2.516s] -- Up-to-date: /home/stefano/Robomaster_WS/src/install/robomaster_description/share/robomaster_description/meshes/front_left_wheel.dae
[2.521s] -- Up-to-date: /home/stefano/Robomaster_WS/src/install/robomaster_description/share/robomaster_description/meshes/gimbal_left_led_3.dae
[2.524s] -- Up-to-date: /home/stefano/Robomaster_WS/src/install/robomaster_description/share/robomaster_description/meshes/TOP_Base_Color.png
[2.525s] -- Up-to-date: /home/stefano/Robomaster_WS/src/install/robomaster_description/share/robomaster_description/meshes/front_hit_sensor.dae
[2.525s] -- Up-to-date: /home/stefano/Robomaster_WS/src/install/robomaster_description/share/robomaster_description/meshes/gimbal_right_led_6.dae
[2.525s] -- Up-to-date: /home/stefano/Robomaster_WS/src/install/robomaster_description/share/robomaster_description/meshes/triangle_collision.dae
[2.526s] -- Up-to-date: /home/stefano/Robomaster_WS/src/install/robomaster_description/share/robomaster_description/meshes/right_gripper_4_collision.dae
[2.526s] -- Up-to-date: /home/stefano/Robomaster_WS/src/install/robomaster_description/share/robomaster_description/meshes/gripper_left_1.dae
[2.526s] -- Up-to-date: /home/stefano/Robomaster_WS/src/install/robomaster_description/share/robomaster_description/meshes/right_hit_sensor.dae
[2.527s] -- Up-to-date: /home/stefano/Robomaster_WS/src/install/robomaster_description/share/robomaster_description/meshes/gimbal_right_armor.dae
[2.532s] -- Up-to-date: /home/stefano/Robomaster_WS/src/install/robomaster_description/share/robomaster_description/meshes/TOP_Normal_OpenGL.png.001.png
[2.532s] -- Up-to-date: /home/stefano/Robomaster_WS/src/install/robomaster_description/share/robomaster_description/meshes/gimbal_left_armor.dae
[2.533s] -- Up-to-date: /home/stefano/Robomaster_WS/src/install/robomaster_description/share/robomaster_description/meshes/gimbal_left_led_4.dae
[2.533s] -- Up-to-date: /home/stefano/Robomaster_WS/src/install/robomaster_description/share/robomaster_description/meshes/extension_base.dae
[2.533s] -- Up-to-date: /home/stefano/Robomaster_WS/src/install/robomaster_description/share/robomaster_description/meshes/blaster_gun.dae
[2.544s] -- Up-to-date: /home/stefano/Robomaster_WS/src/install/robomaster_description/share/robomaster_description/meshes/rod_1.dae
[2.544s] -- Up-to-date: /home/stefano/Robomaster_WS/src/install/robomaster_description/share/robomaster_description/meshes/camera.dae
[2.545s] -- Up-to-date: /home/stefano/Robomaster_WS/src/install/robomaster_description/share/robomaster_description/meshes/gripper_left_4.dae
[2.545s] -- Up-to-date: /home/stefano/Robomaster_WS/src/install/robomaster_description/share/robomaster_description/meshes/gripper_left_5_collision.dae
[2.546s] -- Up-to-date: /home/stefano/Robomaster_WS/src/install/robomaster_description/share/robomaster_description/meshes/gimbal_right_led_7.dae
[2.546s] -- Up-to-date: /home/stefano/Robomaster_WS/src/install/robomaster_description/share/robomaster_description/meshes/gimbal_right_led.dae
[2.547s] -- Up-to-date: /home/stefano/Robomaster_WS/src/install/robomaster_description/share/robomaster_description/meshes/rear_right_wheel.dae
[2.547s] -- Up-to-date: /home/stefano/Robomaster_WS/src/install/robomaster_description/share/robomaster_description/meshes/gimbal_left_led_7.dae
[2.548s] -- Up-to-date: /home/stefano/Robomaster_WS/src/install/robomaster_description/share/robomaster_description/meshes/gripper_left_2.dae
[2.553s] -- Up-to-date: /home/stefano/Robomaster_WS/src/install/robomaster_description/share/robomaster_description/meshes/blaster_top.dae
[2.553s] -- Up-to-date: /home/stefano/Robomaster_WS/src/install/robomaster_description/share/robomaster_description/meshes/blaster_magazin.dae
[2.555s] -- Up-to-date: /home/stefano/Robomaster_WS/src/install/robomaster_description/share/robomaster_description/meshes/speaker_collision.dae
[2.555s] -- Up-to-date: /home/stefano/Robomaster_WS/src/install/robomaster_description/share/robomaster_description/meshes/rod_3_collision.dae
[2.556s] -- Up-to-date: /home/stefano/Robomaster_WS/src/install/robomaster_description/share/robomaster_description/meshes/gripper_left_4_collision.dae
[2.556s] -- Up-to-date: /home/stefano/Robomaster_WS/src/install/robomaster_description/share/robomaster_description/meshes/gripper_left_6_collision.dae
[2.557s] -- Up-to-date: /home/stefano/Robomaster_WS/src/install/robomaster_description/share/robomaster_description/meshes/triangle.dae
[2.557s] -- Up-to-date: /home/stefano/Robomaster_WS/src/install/robomaster_description/share/robomaster_description/meshes/gimbal_left_led_2.dae
[2.558s] -- Up-to-date: /home/stefano/Robomaster_WS/src/install/robomaster_description/share/robomaster_description/meshes/wifi_antenna_left.dae
[2.558s] -- Up-to-date: /home/stefano/Robomaster_WS/src/install/robomaster_description/share/robomaster_description/meshes/left_servo.dae
[2.558s] -- Up-to-date: /home/stefano/Robomaster_WS/src/install/robomaster_description/share/robomaster_description/meshes/arm_1_cylinder.dae
[2.559s] -- Up-to-date: /home/stefano/Robomaster_WS/src/install/robomaster_description/share/robomaster_description/meshes/TOP_Base_Color.png.001.png
[2.563s] -- Up-to-date: /home/stefano/Robomaster_WS/src/install/robomaster_description/share/robomaster_description/meshes/blaster_top_collision.dae
[2.563s] -- Up-to-date: /home/stefano/Robomaster_WS/src/install/robomaster_description/share/robomaster_description/meshes/rod_collision.dae
[2.563s] -- Up-to-date: /home/stefano/Robomaster_WS/src/install/robomaster_description/share/robomaster_description/meshes/gimbal_left_led.dae
[2.564s] -- Up-to-date: /home/stefano/Robomaster_WS/src/install/robomaster_description/share/robomaster_description/meshes/arm_2_bar_2.dae
[2.564s] -- Up-to-date: /home/stefano/Robomaster_WS/src/install/robomaster_description/share/robomaster_description/meshes/hit_sensor.dae
[2.564s] -- Up-to-date: /home/stefano/Robomaster_WS/src/install/robomaster_description/share/robomaster_description/meshes/gripper_base.dae
[2.565s] -- Up-to-date: /home/stefano/Robomaster_WS/src/install/robomaster_description/share/robomaster_description/meshes/wheel.dae
[2.565s] -- Up-to-date: /home/stefano/Robomaster_WS/src/install/robomaster_description/share/robomaster_description/meshes/blaster_magazin_collision.dae
[2.570s] -- Up-to-date: /home/stefano/Robomaster_WS/src/install/robomaster_description/share/robomaster_description/meshes/rear_led.dae
[2.570s] -- Up-to-date: /home/stefano/Robomaster_WS/src/install/robomaster_description/share/robomaster_description/meshes/endpoint_bracket_collision.dae
[2.573s] -- Up-to-date: /home/stefano/Robomaster_WS/src/install/robomaster_description/share/robomaster_description/meshes/battery.dae
[2.574s] -- Up-to-date: /home/stefano/Robomaster_WS/src/install/robomaster_description/share/robomaster_description/meshes/armor.dae
[2.574s] -- Up-to-date: /home/stefano/Robomaster_WS/src/install/robomaster_description/share/robomaster_description/meshes/gripper_left_5.dae
[2.579s] -- Up-to-date: /home/stefano/Robomaster_WS/src/install/robomaster_description/share/robomaster_description/meshes/gripper_left_2_collision.dae
[2.579s] -- Up-to-date: /home/stefano/Robomaster_WS/src/install/robomaster_description/share/robomaster_description/meshes/rod_3.dae
[2.580s] -- Up-to-date: /home/stefano/Robomaster_WS/src/install/robomaster_description/share/robomaster_description/meshes/gripper_left_7.dae
[2.583s] -- Up-to-date: /home/stefano/Robomaster_WS/src/install/robomaster_description/share/robomaster_description/meshes/right_gripper_2_collision.dae
[2.583s] -- Up-to-date: /home/stefano/Robomaster_WS/src/install/robomaster_description/share/robomaster_description/meshes/TOP_Normal_OpenGL.png
[2.586s] -- Up-to-date: /home/stefano/Robomaster_WS/src/install/robomaster_description/share/robomaster_description/meshes/blaster_bug.dae
[2.589s] -- Up-to-date: /home/stefano/Robomaster_WS/src/install/robomaster_description/share/robomaster_description/meshes/gimbal_left_led_0.dae
[2.590s] -- Up-to-date: /home/stefano/Robomaster_WS/src/install/robomaster_description/share/robomaster_description/meshes/right_gripper_2.dae
[2.590s] -- Up-to-date: /home/stefano/Robomaster_WS/src/install/robomaster_description/share/robomaster_description/meshes/rod_2.dae
[2.590s] -- Up-to-date: /home/stefano/Robomaster_WS/src/install/robomaster_description/share/robomaster_description/meshes/gimbal_side.dae
[2.597s] -- Up-to-date: /home/stefano/Robomaster_WS/src/install/robomaster_description/share/robomaster_description/meshes/right_led.dae
[2.598s] -- Up-to-date: /home/stefano/Robomaster_WS/src/install/robomaster_description/share/robomaster_description/meshes/wifi_antenna_right.dae
[2.598s] -- Up-to-date: /home/stefano/Robomaster_WS/src/install/robomaster_description/share/robomaster_description/meshes/rear_left_wheel.dae
[2.599s] -- Up-to-date: /home/stefano/Robomaster_WS/src/install/robomaster_description/share/robomaster_description/meshes/gimbal_right_led_1.dae
[2.599s] -- Up-to-date: /home/stefano/Robomaster_WS/src/install/robomaster_description/share/robomaster_description/meshes/gripper_base_collision.dae
[2.601s] -- Up-to-date: /home/stefano/Robomaster_WS/src/install/robomaster_description/share/robomaster_description/meshes/intelligent_controller.dae
[2.601s] -- Up-to-date: /home/stefano/Robomaster_WS/src/install/robomaster_description/share/robomaster_description/meshes/right_servo.dae
[2.601s] -- Up-to-date: /home/stefano/Robomaster_WS/src/install/robomaster_description/share/robomaster_description/meshes/rear_hit_sensor.dae
[2.602s] -- Up-to-date: /home/stefano/Robomaster_WS/src/install/robomaster_description/share/ament_index/resource_index/package_run_dependencies/robomaster_description
[2.602s] -- Up-to-date: /home/stefano/Robomaster_WS/src/install/robomaster_description/share/ament_index/resource_index/parent_prefix_path/robomaster_description
[2.602s] -- Up-to-date: /home/stefano/Robomaster_WS/src/install/robomaster_description/share/robomaster_description/environment/ament_prefix_path.sh
[2.602s] -- Up-to-date: /home/stefano/Robomaster_WS/src/install/robomaster_description/share/robomaster_description/environment/ament_prefix_path.dsv
[2.603s] -- Up-to-date: /home/stefano/Robomaster_WS/src/install/robomaster_description/share/robomaster_description/environment/path.sh
[2.604s] -- Up-to-date: /home/stefano/Robomaster_WS/src/install/robomaster_description/share/robomaster_description/environment/path.dsv
[2.606s] -- Up-to-date: /home/stefano/Robomaster_WS/src/install/robomaster_description/share/robomaster_description/local_setup.bash
[2.606s] -- Up-to-date: /home/stefano/Robomaster_WS/src/install/robomaster_description/share/robomaster_description/local_setup.sh
[2.607s] -- Up-to-date: /home/stefano/Robomaster_WS/src/install/robomaster_description/share/robomaster_description/local_setup.zsh
[2.608s] -- Up-to-date: /home/stefano/Robomaster_WS/src/install/robomaster_description/share/robomaster_description/local_setup.dsv
[2.609s] -- Installing: /home/stefano/Robomaster_WS/src/install/robomaster_description/share/robomaster_description/package.dsv
[2.609s] -- Up-to-date: /home/stefano/Robomaster_WS/src/install/robomaster_description/share/ament_index/resource_index/packages/robomaster_description
[2.611s] -- Up-to-date: /home/stefano/Robomaster_WS/src/install/robomaster_description/share/robomaster_description/cmake/robomaster_descriptionConfig.cmake
[2.616s] -- Up-to-date: /home/stefano/Robomaster_WS/src/install/robomaster_description/share/robomaster_description/cmake/robomaster_descriptionConfig-version.cmake
[2.616s] -- Up-to-date: /home/stefano/Robomaster_WS/src/install/robomaster_description/share/robomaster_description/package.xml
[2.633s] Invoked command in '/home/stefano/Robomaster_WS/src/build/robomaster_description' returned '0': CMAKE_PREFIX_PATH=${CMAKE_PREFIX_PATH}:/home/stefano/Robomaster_WS/src/install/robomaster_ros:/home/stefano/Robomaster_WS/src/install/laser_echo_publisher:/home/stefano/Robomaster_WS/src/install/camera_utils:/home/stefano/Robomaster_WS/install/robomaster_ros:/home/stefano/Robomaster_WS/install/robomaster_ir_publisher:/home/stefano/Robomaster_WS/install/laser_echo_publisher:/home/stefano/Robomaster_WS/install/camera_utils:/home/stefano/turtlebot3_ws/install/turtlebot3_teleop:/home/stefano/turtlebot3_ws/install/turtlebot3_example:/home/stefano/Webots_ros2/install/webots_ros2:/home/stefano/Webots_ros2/install/webots_ros2_universal_robot:/home/stefano/Webots_ros2/install/webots_ros2_turtlebot:/home/stefano/Webots_ros2/install/webots_ros2_tiago:/home/stefano/Webots_ros2/install/webots_ros2_tests:/home/stefano/Webots_ros2/install/webots_ros2_tesla:/home/stefano/Webots_ros2/install/webots_ros2_mavic:/home/stefano/Webots_ros2/install/webots_ros2_husarion:/home/stefano/Webots_ros2/install/webots_ros2_epuck:/home/stefano/Webots_ros2/install/webots_ros2_crazyflie:/home/stefano/Webots_ros2/install/webots_ros2_importer:/opt/ros/humble /usr/bin/cmake --install /home/stefano/Robomaster_WS/src/build/robomaster_description
