[1.903s] Invoking command in '/home/stefano/Robomaster_WS/src/robomaster_ros/robomaster_ros': AMENT_PREFIX_PATH=/home/stefano/Robomaster_WS/src/install/robomaster_msgs:${AMENT_PREFIX_PATH} CMAKE_PREFIX_PATH=/home/stefano/Robomaster_WS/src/install/robomaster_msgs:${CMAKE_PREFIX_PATH} LD_LIBRARY_PATH=/home/stefano/Robomaster_WS/src/install/robomaster_msgs/lib:/home/stefano/Robomaster_WS/install/turtlesim/lib:/home/stefano/Robomaster_WS/install/robomaster_msgs/lib:/home/stefano/turtlebot3_ws/install/turtlebot3_msgs/lib:/home/stefano/turtlebot3_ws/install/dynamixel_sdk_custom_interfaces/lib:/home/stefano/turtlebot3_ws/install/dynamixel_sdk/lib:/home/stefano/Webots_ros2/install/webots_ros2_control/lib:/home/stefano/Webots_ros2/install/webots_ros2_driver/lib:/home/stefano/Webots_ros2/install/webots_ros2_msgs/lib:/usr/lib/x86_64-linux-gnu/gazebo-11/plugins:/opt/ros/humble/opt/rviz_ogre_vendor/lib:/opt/ros/humble/lib/x86_64-linux-gnu:/opt/ros/humble/lib:/usr/lib/x86_64-linux-gnu/gazebo-11/plugins PYTHONPATH=/home/stefano/Robomaster_WS/src/build/robomaster_ros/prefix_override:/usr/lib/python3/dist-packages/colcon_core/task/python/colcon_distutils_commands:/home/stefano/Robomaster_WS/src/install/robomaster_ros/lib/python3.10/site-packages:/home/stefano/Robomaster_WS/src/install/robomaster_msgs/local/lib/python3.10/dist-packages:${PYTHONPATH} /usr/bin/python3 -W ignore:setup.py install is deprecated -W ignore:easy_install command is deprecated setup.py egg_info --egg-base ../../build/robomaster_ros build --build-base /home/stefano/Robomaster_WS/src/build/robomaster_ros/build install --record /home/stefano/Robomaster_WS/src/build/robomaster_ros/install.log --single-version-externally-managed install_data
[2.663s] running egg_info
[2.664s] writing ../../build/robomaster_ros/robomaster_ros.egg-info/PKG-INFO
[2.665s] writing dependency_links to ../../build/robomaster_ros/robomaster_ros.egg-info/dependency_links.txt
[2.667s] writing entry points to ../../build/robomaster_ros/robomaster_ros.egg-info/entry_points.txt
[2.668s] writing requirements to ../../build/robomaster_ros/robomaster_ros.egg-info/requires.txt
[2.668s] writing top-level names to ../../build/robomaster_ros/robomaster_ros.egg-info/top_level.txt
[2.678s] reading manifest file '../../build/robomaster_ros/robomaster_ros.egg-info/SOURCES.txt'
[2.680s] writing manifest file '../../build/robomaster_ros/robomaster_ros.egg-info/SOURCES.txt'
[2.684s] running build
[2.684s] running build_py
[2.687s] copying robomaster_ros/modules/arm.py -> /home/stefano/Robomaster_WS/src/build/robomaster_ros/build/lib/robomaster_ros/modules
[2.689s] running install
[2.691s] running install_lib
[2.696s] copying /home/stefano/Robomaster_WS/src/build/robomaster_ros/build/lib/robomaster_ros/modules/arm.py -> /home/stefano/Robomaster_WS/src/install/robomaster_ros/lib/python3.10/site-packages/robomaster_ros/modules
[2.699s] byte-compiling /home/stefano/Robomaster_WS/src/install/robomaster_ros/lib/python3.10/site-packages/robomaster_ros/modules/arm.py to arm.cpython-310.pyc
[2.707s] running install_data
[2.709s] copying launch/main.launch -> /home/stefano/Robomaster_WS/src/install/robomaster_ros/share/robomaster_ros/launch
[2.710s] running install_egg_info
[2.715s] removing '/home/stefano/Robomaster_WS/src/install/robomaster_ros/lib/python3.10/site-packages/robomaster_ros-0.0.0-py3.10.egg-info' (and everything under it)
[2.723s] Copying ../../build/robomaster_ros/robomaster_ros.egg-info to /home/stefano/Robomaster_WS/src/install/robomaster_ros/lib/python3.10/site-packages/robomaster_ros-0.0.0-py3.10.egg-info
[2.723s] running install_scripts
[2.778s] Installing connect script to /home/stefano/Robomaster_WS/src/install/robomaster_ros/lib/robomaster_ros
[2.780s] Installing discover script to /home/stefano/Robomaster_WS/src/install/robomaster_ros/lib/robomaster_ros
[2.781s] Installing display_battery script to /home/stefano/Robomaster_WS/src/install/robomaster_ros/lib/robomaster_ros
[2.781s] Installing h264_decoder script to /home/stefano/Robomaster_WS/src/install/robomaster_ros/lib/robomaster_ros
[2.781s] Installing move script to /home/stefano/Robomaster_WS/src/install/robomaster_ros/lib/robomaster_ros
[2.781s] Installing play_audio script to /home/stefano/Robomaster_WS/src/install/robomaster_ros/lib/robomaster_ros
[2.782s] Installing play_opus script to /home/stefano/Robomaster_WS/src/install/robomaster_ros/lib/robomaster_ros
[2.782s] Installing robomaster_driver script to /home/stefano/Robomaster_WS/src/install/robomaster_ros/lib/robomaster_ros
[2.782s] Installing state_publisher script to /home/stefano/Robomaster_WS/src/install/robomaster_ros/lib/robomaster_ros
[2.783s] writing list of installed files to '/home/stefano/Robomaster_WS/src/build/robomaster_ros/install.log'
[2.822s] Invoked command in '/home/stefano/Robomaster_WS/src/robomaster_ros/robomaster_ros' returned '0': AMENT_PREFIX_PATH=/home/stefano/Robomaster_WS/src/install/robomaster_msgs:${AMENT_PREFIX_PATH} CMAKE_PREFIX_PATH=/home/stefano/Robomaster_WS/src/install/robomaster_msgs:${CMAKE_PREFIX_PATH} LD_LIBRARY_PATH=/home/stefano/Robomaster_WS/src/install/robomaster_msgs/lib:/home/stefano/Robomaster_WS/install/turtlesim/lib:/home/stefano/Robomaster_WS/install/robomaster_msgs/lib:/home/stefano/turtlebot3_ws/install/turtlebot3_msgs/lib:/home/stefano/turtlebot3_ws/install/dynamixel_sdk_custom_interfaces/lib:/home/stefano/turtlebot3_ws/install/dynamixel_sdk/lib:/home/stefano/Webots_ros2/install/webots_ros2_control/lib:/home/stefano/Webots_ros2/install/webots_ros2_driver/lib:/home/stefano/Webots_ros2/install/webots_ros2_msgs/lib:/usr/lib/x86_64-linux-gnu/gazebo-11/plugins:/opt/ros/humble/opt/rviz_ogre_vendor/lib:/opt/ros/humble/lib/x86_64-linux-gnu:/opt/ros/humble/lib:/usr/lib/x86_64-linux-gnu/gazebo-11/plugins PYTHONPATH=/home/stefano/Robomaster_WS/src/build/robomaster_ros/prefix_override:/usr/lib/python3/dist-packages/colcon_core/task/python/colcon_distutils_commands:/home/stefano/Robomaster_WS/src/install/robomaster_ros/lib/python3.10/site-packages:/home/stefano/Robomaster_WS/src/install/robomaster_msgs/local/lib/python3.10/dist-packages:${PYTHONPATH} /usr/bin/python3 -W ignore:setup.py install is deprecated -W ignore:easy_install command is deprecated setup.py egg_info --egg-base ../../build/robomaster_ros build --build-base /home/stefano/Robomaster_WS/src/build/robomaster_ros/build install --record /home/stefano/Robomaster_WS/src/build/robomaster_ros/install.log --single-version-externally-managed install_data
