[0.029s] Invoking command in '/home/cricchetto/Robomaster_WS/src/build/sllidar_ros2': CMAKE_PREFIX_PATH=${CMAKE_PREFIX_PATH}:/home/cricchetto/Robomaster_WS/install/socket_server_pkg:/home/cricchetto/Robomaster_WS/install/robomaster_ros:/home/cricchetto/Robomaster_WS/install/ep_control:/home/cricchetto/Robomaster_WS/install/drift:/opt/ros/humble /usr/bin/cmake --build /home/cricchetto/Robomaster_WS/src/build/sllidar_ros2 -- -j4 -l4
[0.268s] [35m[1mConsolidate compiler generated dependencies of target sllidar_node[0m
[0.314s] [35m[1mConsolidate compiler generated dependencies of target sllidar_client[0m
[0.512s] [ 10%] Built target sllidar_client
[0.559s] [100%] Built target sllidar_node
[1.710s] Invoked command in '/home/cricchetto/Robomaster_WS/src/build/sllidar_ros2' returned '0': CMAKE_PREFIX_PATH=${CMAKE_PREFIX_PATH}:/home/cricchetto/Robomaster_WS/install/socket_server_pkg:/home/cricchetto/Robomaster_WS/install/robomaster_ros:/home/cricchetto/Robomaster_WS/install/ep_control:/home/cricchetto/Robomaster_WS/install/drift:/opt/ros/humble /usr/bin/cmake --build /home/cricchetto/Robomaster_WS/src/build/sllidar_ros2 -- -j4 -l4
[1.720s] Invoking command in '/home/cricchetto/Robomaster_WS/src/build/sllidar_ros2': CMAKE_PREFIX_PATH=${CMAKE_PREFIX_PATH}:/home/cricchetto/Robomaster_WS/install/socket_server_pkg:/home/cricchetto/Robomaster_WS/install/robomaster_ros:/home/cricchetto/Robomaster_WS/install/ep_control:/home/cricchetto/Robomaster_WS/install/drift:/opt/ros/humble /usr/bin/cmake --install /home/cricchetto/Robomaster_WS/src/build/sllidar_ros2
[1.771s] -- Install configuration: ""
[1.772s] -- Up-to-date: /home/cricchetto/Robomaster_WS/src/install/sllidar_ros2/share/sllidar_ros2/launch
[1.773s] -- Up-to-date: /home/cricchetto/Robomaster_WS/src/install/sllidar_ros2/share/sllidar_ros2/launch/view_sllidar_s1_tcp_launch.py
[1.774s] -- Up-to-date: /home/cricchetto/Robomaster_WS/src/install/sllidar_ros2/share/sllidar_ros2/launch/sllidar_a2m12_launch .py
[1.775s] -- Up-to-date: /home/cricchetto/Robomaster_WS/src/install/sllidar_ros2/share/sllidar_ros2/launch/view_sllidar_s1_launch.py
[1.803s] -- Up-to-date: /home/cricchetto/Robomaster_WS/src/install/sllidar_ros2/share/sllidar_ros2/launch/sllidar_s3_launch.py
[1.804s] -- Up-to-date: /home/cricchetto/Robomaster_WS/src/install/sllidar_ros2/share/sllidar_ros2/launch/view_sllidar_a2m7_launch.py
[1.805s] -- Up-to-date: /home/cricchetto/Robomaster_WS/src/install/sllidar_ros2/share/sllidar_ros2/launch/sllidar_a2m8_launch.py
[1.810s] -- Up-to-date: /home/cricchetto/Robomaster_WS/src/install/sllidar_ros2/share/sllidar_ros2/launch/view_sllidar_s2_launch.py
[1.810s] -- Up-to-date: /home/cricchetto/Robomaster_WS/src/install/sllidar_ros2/share/sllidar_ros2/launch/view_sllidar_s2e_launch.py
[1.817s] -- Up-to-date: /home/cricchetto/Robomaster_WS/src/install/sllidar_ros2/share/sllidar_ros2/launch/view_sllidar_a2m12_launch.py
[1.817s] -- Up-to-date: /home/cricchetto/Robomaster_WS/src/install/sllidar_ros2/share/sllidar_ros2/launch/sllidar_s1_launch.py
[1.818s] -- Up-to-date: /home/cricchetto/Robomaster_WS/src/install/sllidar_ros2/share/sllidar_ros2/launch/view_sllidar_s3_launch.py
[1.820s] -- Up-to-date: /home/cricchetto/Robomaster_WS/src/install/sllidar_ros2/share/sllidar_ros2/launch/view_sllidar_a2m8_launch.py
[1.821s] -- Up-to-date: /home/cricchetto/Robomaster_WS/src/install/sllidar_ros2/share/sllidar_ros2/launch/view_sllidar_t1_launch.py
[1.822s] -- Up-to-date: /home/cricchetto/Robomaster_WS/src/install/sllidar_ros2/share/sllidar_ros2/launch/view_sllidar_a1_launch.py
[1.822s] -- Up-to-date: /home/cricchetto/Robomaster_WS/src/install/sllidar_ros2/share/sllidar_ros2/launch/sllidar_s2_launch.py
[1.825s] -- Up-to-date: /home/cricchetto/Robomaster_WS/src/install/sllidar_ros2/share/sllidar_ros2/launch/sllidar_t1_launch.py
[1.827s] -- Up-to-date: /home/cricchetto/Robomaster_WS/src/install/sllidar_ros2/share/sllidar_ros2/launch/sllidar_a1_launch.py
[1.829s] -- Up-to-date: /home/cricchetto/Robomaster_WS/src/install/sllidar_ros2/share/sllidar_ros2/launch/sllidar_c1_launch.py
[1.829s] -- Up-to-date: /home/cricchetto/Robomaster_WS/src/install/sllidar_ros2/share/sllidar_ros2/launch/view_sllidar_c1_launch.py
[1.830s] -- Up-to-date: /home/cricchetto/Robomaster_WS/src/install/sllidar_ros2/share/sllidar_ros2/launch/view_sllidar_a3_launch.py
[1.830s] -- Up-to-date: /home/cricchetto/Robomaster_WS/src/install/sllidar_ros2/share/sllidar_ros2/launch/sllidar_s1_tcp_launch.py
[1.835s] -- Up-to-date: /home/cricchetto/Robomaster_WS/src/install/sllidar_ros2/share/sllidar_ros2/launch/sllidar_a2m7_launch.py
[1.835s] -- Up-to-date: /home/cricchetto/Robomaster_WS/src/install/sllidar_ros2/share/sllidar_ros2/launch/sllidar_a3_launch.py
[1.836s] -- Up-to-date: /home/cricchetto/Robomaster_WS/src/install/sllidar_ros2/share/sllidar_ros2/launch/sllidar_s2e_launch.py
[1.839s] -- Up-to-date: /home/cricchetto/Robomaster_WS/src/install/sllidar_ros2/share/sllidar_ros2/rviz
[1.840s] -- Up-to-date: /home/cricchetto/Robomaster_WS/src/install/sllidar_ros2/share/sllidar_ros2/rviz/sllidar_ros2.rviz
[1.841s] -- Up-to-date: /home/cricchetto/Robomaster_WS/src/install/sllidar_ros2/lib/sllidar_ros2/sllidar_node
[1.845s] -- Up-to-date: /home/cricchetto/Robomaster_WS/src/install/sllidar_ros2/lib/sllidar_ros2/sllidar_client
[1.846s] -- Up-to-date: /home/cricchetto/Robomaster_WS/src/install/sllidar_ros2/share/ament_index/resource_index/package_run_dependencies/sllidar_ros2
[1.846s] -- Up-to-date: /home/cricchetto/Robomaster_WS/src/install/sllidar_ros2/share/ament_index/resource_index/parent_prefix_path/sllidar_ros2
[1.849s] -- Up-to-date: /home/cricchetto/Robomaster_WS/src/install/sllidar_ros2/share/sllidar_ros2/environment/ament_prefix_path.sh
[1.849s] -- Up-to-date: /home/cricchetto/Robomaster_WS/src/install/sllidar_ros2/share/sllidar_ros2/environment/ament_prefix_path.dsv
[1.850s] -- Up-to-date: /home/cricchetto/Robomaster_WS/src/install/sllidar_ros2/share/sllidar_ros2/environment/path.sh
[1.857s] -- Up-to-date: /home/cricchetto/Robomaster_WS/src/install/sllidar_ros2/share/sllidar_ros2/environment/path.dsv
[1.858s] -- Up-to-date: /home/cricchetto/Robomaster_WS/src/install/sllidar_ros2/share/sllidar_ros2/local_setup.bash
[1.859s] -- Up-to-date: /home/cricchetto/Robomaster_WS/src/install/sllidar_ros2/share/sllidar_ros2/local_setup.sh
[1.859s] -- Up-to-date: /home/cricchetto/Robomaster_WS/src/install/sllidar_ros2/share/sllidar_ros2/local_setup.zsh
[1.860s] -- Up-to-date: /home/cricchetto/Robomaster_WS/src/install/sllidar_ros2/share/sllidar_ros2/local_setup.dsv
[1.860s] -- Installing: /home/cricchetto/Robomaster_WS/src/install/sllidar_ros2/share/sllidar_ros2/package.dsv
[1.861s] -- Up-to-date: /home/cricchetto/Robomaster_WS/src/install/sllidar_ros2/share/ament_index/resource_index/packages/sllidar_ros2
[1.861s] -- Up-to-date: /home/cricchetto/Robomaster_WS/src/install/sllidar_ros2/share/sllidar_ros2/cmake/ament_cmake_export_dependencies-extras.cmake
[1.861s] -- Up-to-date: /home/cricchetto/Robomaster_WS/src/install/sllidar_ros2/share/sllidar_ros2/cmake/ament_cmake_export_include_directories-extras.cmake
[1.877s] -- Up-to-date: /home/cricchetto/Robomaster_WS/src/install/sllidar_ros2/share/sllidar_ros2/cmake/sllidar_ros2Config.cmake
[1.879s] -- Up-to-date: /home/cricchetto/Robomaster_WS/src/install/sllidar_ros2/share/sllidar_ros2/cmake/sllidar_ros2Config-version.cmake
[1.880s] -- Up-to-date: /home/cricchetto/Robomaster_WS/src/install/sllidar_ros2/share/sllidar_ros2/package.xml
[1.881s] Invoked command in '/home/cricchetto/Robomaster_WS/src/build/sllidar_ros2' returned '0': CMAKE_PREFIX_PATH=${CMAKE_PREFIX_PATH}:/home/cricchetto/Robomaster_WS/install/socket_server_pkg:/home/cricchetto/Robomaster_WS/install/robomaster_ros:/home/cricchetto/Robomaster_WS/install/ep_control:/home/cricchetto/Robomaster_WS/install/drift:/opt/ros/humble /usr/bin/cmake --install /home/cricchetto/Robomaster_WS/src/build/sllidar_ros2
