[0.103s] Invoking command in '/home/stefano/Robomaster_WS/src/build/robomaster_description': CMAKE_PREFIX_PATH=${CMAKE_PREFIX_PATH}:/home/stefano/Robomaster_WS/src/install/robomaster_ros:/home/stefano/Robomaster_WS/src/install/laser_echo_publisher:/home/stefano/Robomaster_WS/src/install/camera_utils:/home/stefano/Robomaster_WS/install/robomaster_ros:/home/stefano/Robomaster_WS/install/robomaster_ir_publisher:/home/stefano/Robomaster_WS/install/laser_echo_publisher:/home/stefano/Robomaster_WS/install/camera_utils:/home/stefano/turtlebot3_ws/install/turtlebot3_teleop:/home/stefano/turtlebot3_ws/install/turtlebot3_example:/home/stefano/Webots_ros2/install/webots_ros2:/home/stefano/Webots_ros2/install/webots_ros2_universal_robot:/home/stefano/Webots_ros2/install/webots_ros2_turtlebot:/home/stefano/Webots_ros2/install/webots_ros2_tiago:/home/stefano/Webots_ros2/install/webots_ros2_tests:/home/stefano/Webots_ros2/install/webots_ros2_tesla:/home/stefano/Webots_ros2/install/webots_ros2_mavic:/home/stefano/Webots_ros2/install/webots_ros2_husarion:/home/stefano/Webots_ros2/install/webots_ros2_epuck:/home/stefano/Webots_ros2/install/webots_ros2_crazyflie:/home/stefano/Webots_ros2/install/webots_ros2_importer:/opt/ros/humble /usr/bin/cmake --build /home/stefano/Robomaster_WS/src/build/robomaster_description -- -j8 -l8
[0.544s] Invoked command in '/home/stefano/Robomaster_WS/src/build/robomaster_description' returned '0': CMAKE_PREFIX_PATH=${CMAKE_PREFIX_PATH}:/home/stefano/Robomaster_WS/src/install/robomaster_ros:/home/stefano/Robomaster_WS/src/install/laser_echo_publisher:/home/stefano/Robomaster_WS/src/install/camera_utils:/home/stefano/Robomaster_WS/install/robomaster_ros:/home/stefano/Robomaster_WS/install/robomaster_ir_publisher:/home/stefano/Robomaster_WS/install/laser_echo_publisher:/home/stefano/Robomaster_WS/install/camera_utils:/home/stefano/turtlebot3_ws/install/turtlebot3_teleop:/home/stefano/turtlebot3_ws/install/turtlebot3_example:/home/stefano/Webots_ros2/install/webots_ros2:/home/stefano/Webots_ros2/install/webots_ros2_universal_robot:/home/stefano/Webots_ros2/install/webots_ros2_turtlebot:/home/stefano/Webots_ros2/install/webots_ros2_tiago:/home/stefano/Webots_ros2/install/webots_ros2_tests:/home/stefano/Webots_ros2/install/webots_ros2_tesla:/home/stefano/Webots_ros2/install/webots_ros2_mavic:/home/stefano/Webots_ros2/install/webots_ros2_husarion:/home/stefano/Webots_ros2/install/webots_ros2_epuck:/home/stefano/Webots_ros2/install/webots_ros2_crazyflie:/home/stefano/Webots_ros2/install/webots_ros2_importer:/opt/ros/humble /usr/bin/cmake --build /home/stefano/Robomaster_WS/src/build/robomaster_description -- -j8 -l8
[0.671s] Invoking command in '/home/stefano/Robomaster_WS/src/build/robomaster_description': CMAKE_PREFIX_PATH=${CMAKE_PREFIX_PATH}:/home/stefano/Robomaster_WS/src/install/robomaster_ros:/home/stefano/Robomaster_WS/src/install/laser_echo_publisher:/home/stefano/Robomaster_WS/src/install/camera_utils:/home/stefano/Robomaster_WS/install/robomaster_ros:/home/stefano/Robomaster_WS/install/robomaster_ir_publisher:/home/stefano/Robomaster_WS/install/laser_echo_publisher:/home/stefano/Robomaster_WS/install/camera_utils:/home/stefano/turtlebot3_ws/install/turtlebot3_teleop:/home/stefano/turtlebot3_ws/install/turtlebot3_example:/home/stefano/Webots_ros2/install/webots_ros2:/home/stefano/Webots_ros2/install/webots_ros2_universal_robot:/home/stefano/Webots_ros2/install/webots_ros2_turtlebot:/home/stefano/Webots_ros2/install/webots_ros2_tiago:/home/stefano/Webots_ros2/install/webots_ros2_tests:/home/stefano/Webots_ros2/install/webots_ros2_tesla:/home/stefano/Webots_ros2/install/webots_ros2_mavic:/home/stefano/Webots_ros2/install/webots_ros2_husarion:/home/stefano/Webots_ros2/install/webots_ros2_epuck:/home/stefano/Webots_ros2/install/webots_ros2_crazyflie:/home/stefano/Webots_ros2/install/webots_ros2_importer:/opt/ros/humble /usr/bin/cmake --install /home/stefano/Robomaster_WS/src/build/robomaster_description
[0.762s] -- Install configuration: ""
[0.767s] -- Up-to-date: /home/stefano/Robomaster_WS/src/install/robomaster_description/share/robomaster_description/urdf
[0.768s] -- Up-to-date: /home/stefano/Robomaster_WS/src/install/robomaster_description/share/robomaster_description/urdf/robomaster_s1.urdf.xacro
[0.769s] -- Up-to-date: /home/stefano/Robomaster_WS/src/install/robomaster_description/share/robomaster_description/urdf/base.urdf.xacro
[0.769s] -- Up-to-date: /home/stefano/Robomaster_WS/src/install/robomaster_description/share/robomaster_description/urdf/gimbal.urdf.xacro
[0.769s] -- Up-to-date: /home/stefano/Robomaster_WS/src/install/robomaster_description/share/robomaster_description/urdf/gripper.urdf.xacro
[0.769s] -- Up-to-date: /home/stefano/Robomaster_WS/src/install/robomaster_description/share/robomaster_description/urdf/extension.urdf.xacro
[0.770s] -- Installing: /home/stefano/Robomaster_WS/src/install/robomaster_description/share/robomaster_description/urdf/model.urdf
[0.775s] -- Up-to-date: /home/stefano/Robomaster_WS/src/install/robomaster_description/share/robomaster_description/urdf/wheel.urdf.xacro
[0.777s] -- Up-to-date: /home/stefano/Robomaster_WS/src/install/robomaster_description/share/robomaster_description/urdf/led.urdf.xacro
[0.788s] -- Up-to-date: /home/stefano/Robomaster_WS/src/install/robomaster_description/share/robomaster_description/urdf/tof.urdf.xacro
[0.792s] -- Up-to-date: /home/stefano/Robomaster_WS/src/install/robomaster_description/share/robomaster_description/urdf/arm.urdf.xacro
[0.793s] -- Up-to-date: /home/stefano/Robomaster_WS/src/install/robomaster_description/share/robomaster_description/urdf/camera.urdf.xacro
[0.793s] -- Up-to-date: /home/stefano/Robomaster_WS/src/install/robomaster_description/share/robomaster_description/urdf/intelligent_controller.urdf.xacro
[0.793s] -- Up-to-date: /home/stefano/Robomaster_WS/src/install/robomaster_description/share/robomaster_description/urdf/robomaster_ep.urdf.xacro
[0.800s] -- Up-to-date: /home/stefano/Robomaster_WS/src/install/robomaster_description/share/robomaster_description/launch
[0.801s] -- Up-to-date: /home/stefano/Robomaster_WS/src/install/robomaster_description/share/robomaster_description/launch/model.launch.py
[0.801s] -- Up-to-date: /home/stefano/Robomaster_WS/src/install/robomaster_description/share/robomaster_description/launch/main.launch
[0.801s] -- Up-to-date: /home/stefano/Robomaster_WS/src/install/robomaster_description/share/robomaster_description/launch/robomaster_view.launch.py
[0.801s] -- Up-to-date: /home/stefano/Robomaster_WS/src/install/robomaster_description/share/robomaster_description/meshes
[0.802s] -- Up-to-date: /home/stefano/Robomaster_WS/src/install/robomaster_description/share/robomaster_description/meshes/gripper_left_6.dae
[0.802s] -- Up-to-date: /home/stefano/Robomaster_WS/src/install/robomaster_description/share/robomaster_description/meshes/arm_1.dae
[0.802s] -- Up-to-date: /home/stefano/Robomaster_WS/src/install/robomaster_description/share/robomaster_description/meshes/gimbal_right_led7.dae
[0.805s] -- Up-to-date: /home/stefano/Robomaster_WS/src/install/robomaster_description/share/robomaster_description/meshes/gimbal_base.dae
[0.808s] -- Up-to-date: /home/stefano/Robomaster_WS/src/install/robomaster_description/share/robomaster_description/meshes/gimbal.dae
[0.819s] -- Up-to-date: /home/stefano/Robomaster_WS/src/install/robomaster_description/share/robomaster_description/meshes/gripper_left_collision.dae
[0.820s] -- Up-to-date: /home/stefano/Robomaster_WS/src/install/robomaster_description/share/robomaster_description/meshes/right_gripper_5.dae
[0.820s] -- Up-to-date: /home/stefano/Robomaster_WS/src/install/robomaster_description/share/robomaster_description/meshes/gimbal_right_led_0.dae
[0.821s] -- Up-to-date: /home/stefano/Robomaster_WS/src/install/robomaster_description/share/robomaster_description/meshes/controller.dae
[0.821s] -- Up-to-date: /home/stefano/Robomaster_WS/src/install/robomaster_description/share/robomaster_description/meshes/gimbal_left_led_6.dae
[0.821s] -- Up-to-date: /home/stefano/Robomaster_WS/src/install/robomaster_description/share/robomaster_description/meshes/gimbal_right_led_5.dae
[0.822s] -- Up-to-date: /home/stefano/Robomaster_WS/src/install/robomaster_description/share/robomaster_description/meshes/right_gripper_6_collision.dae
[0.822s] -- Up-to-date: /home/stefano/Robomaster_WS/src/install/robomaster_description/share/robomaster_description/meshes/arm_base.dae
[0.822s] -- Up-to-date: /home/stefano/Robomaster_WS/src/install/robomaster_description/share/robomaster_description/meshes/EP_all_01_b.png
[0.822s] -- Up-to-date: /home/stefano/Robomaster_WS/src/install/robomaster_description/share/robomaster_description/meshes/gimbal_left_led_1.dae
[0.822s] -- Up-to-date: /home/stefano/Robomaster_WS/src/install/robomaster_description/share/robomaster_description/meshes/left_hit_sensor.dae
[0.823s] -- Up-to-date: /home/stefano/Robomaster_WS/src/install/robomaster_description/share/robomaster_description/meshes/gimbal_right_led_4.dae
[0.823s] -- Up-to-date: /home/stefano/Robomaster_WS/src/install/robomaster_description/share/robomaster_description/meshes/controller_cover.dae
[0.823s] -- Up-to-date: /home/stefano/Robomaster_WS/src/install/robomaster_description/share/robomaster_description/meshes/endpoint_bracket.dae
[0.823s] -- Up-to-date: /home/stefano/Robomaster_WS/src/install/robomaster_description/share/robomaster_description/meshes/right_gripper_7_collision.dae
[0.823s] -- Up-to-date: /home/stefano/Robomaster_WS/src/install/robomaster_description/share/robomaster_description/meshes/right_gripper_7.dae
[0.824s] -- Up-to-date: /home/stefano/Robomaster_WS/src/install/robomaster_description/share/robomaster_description/meshes/right_gripper_6.dae
[0.824s] -- Up-to-date: /home/stefano/Robomaster_WS/src/install/robomaster_description/share/robomaster_description/meshes/arm_1_collision.dae
[0.824s] -- Up-to-date: /home/stefano/Robomaster_WS/src/install/robomaster_description/share/robomaster_description/meshes/arm_2.dae
[0.825s] -- Up-to-date: /home/stefano/Robomaster_WS/src/install/robomaster_description/share/robomaster_description/meshes/gimbal_right_led_2.dae
[0.825s] -- Up-to-date: /home/stefano/Robomaster_WS/src/install/robomaster_description/share/robomaster_description/meshes/blaster_gun_collision.dae
[0.825s] -- Up-to-date: /home/stefano/Robomaster_WS/src/install/robomaster_description/share/robomaster_description/meshes/left_led.dae
[0.825s] -- Up-to-date: /home/stefano/Robomaster_WS/src/install/robomaster_description/share/robomaster_description/meshes/front_led.dae
[0.826s] -- Up-to-date: /home/stefano/Robomaster_WS/src/install/robomaster_description/share/robomaster_description/meshes/speaker.dae
[0.829s] -- Up-to-date: /home/stefano/Robomaster_WS/src/install/robomaster_description/share/robomaster_description/meshes/right_gripper_4.dae
[0.833s] -- Up-to-date: /home/stefano/Robomaster_WS/src/install/robomaster_description/share/robomaster_description/meshes/right_gripper_1.dae
[0.835s] -- Up-to-date: /home/stefano/Robomaster_WS/src/install/robomaster_description/share/robomaster_description/meshes/battery_pin_right.dae
[0.835s] -- Up-to-date: /home/stefano/Robomaster_WS/src/install/robomaster_description/share/robomaster_description/meshes/arm_2_bar_1.dae
[0.836s] -- Up-to-date: /home/stefano/Robomaster_WS/src/install/robomaster_description/share/robomaster_description/meshes/chassis.dae
[0.837s] -- Up-to-date: /home/stefano/Robomaster_WS/src/install/robomaster_description/share/robomaster_description/meshes/gimbal_right_led_3.dae
[0.838s] -- Up-to-date: /home/stefano/Robomaster_WS/src/install/robomaster_description/share/robomaster_description/meshes/led.dae
[0.838s] -- Up-to-date: /home/stefano/Robomaster_WS/src/install/robomaster_description/share/robomaster_description/meshes/battery_pin_left.dae
[0.838s] -- Up-to-date: /home/stefano/Robomaster_WS/src/install/robomaster_description/share/robomaster_description/meshes/gimbal_collision.dae
[0.839s] -- Up-to-date: /home/stefano/Robomaster_WS/src/install/robomaster_description/share/robomaster_description/meshes/base_collision.dae
[0.839s] -- Up-to-date: /home/stefano/Robomaster_WS/src/install/robomaster_description/share/robomaster_description/meshes/extension_support.dae
[0.839s] -- Up-to-date: /home/stefano/Robomaster_WS/src/install/robomaster_description/share/robomaster_description/meshes/rod_2_collision.dae
[0.839s] -- Up-to-date: /home/stefano/Robomaster_WS/src/install/robomaster_description/share/robomaster_description/meshes/rod.dae
[0.840s] -- Up-to-date: /home/stefano/Robomaster_WS/src/install/robomaster_description/share/robomaster_description/meshes/right_gripper_5_collision.dae
[0.840s] -- Up-to-date: /home/stefano/Robomaster_WS/src/install/robomaster_description/share/robomaster_description/meshes/gimbal_left_led_5.dae
[0.841s] -- Up-to-date: /home/stefano/Robomaster_WS/src/install/robomaster_description/share/robomaster_description/meshes/rod_1_collision.dae
[0.842s] -- Up-to-date: /home/stefano/Robomaster_WS/src/install/robomaster_description/share/robomaster_description/meshes/gimbal_base_collision.dae
[0.842s] -- Up-to-date: /home/stefano/Robomaster_WS/src/install/robomaster_description/share/robomaster_description/meshes/front_right_wheel.dae
[0.842s] -- Up-to-date: /home/stefano/Robomaster_WS/src/install/robomaster_description/share/robomaster_description/meshes/arm_base_collision.dae
[0.842s] -- Up-to-date: /home/stefano/Robomaster_WS/src/install/robomaster_description/share/robomaster_description/meshes/arm_2_collision.dae
[0.843s] -- Up-to-date: /home/stefano/Robomaster_WS/src/install/robomaster_description/share/robomaster_description/meshes/front_left_wheel.dae
[0.843s] -- Up-to-date: /home/stefano/Robomaster_WS/src/install/robomaster_description/share/robomaster_description/meshes/gimbal_left_led_3.dae
[0.844s] -- Up-to-date: /home/stefano/Robomaster_WS/src/install/robomaster_description/share/robomaster_description/meshes/TOP_Base_Color.png
[0.844s] -- Up-to-date: /home/stefano/Robomaster_WS/src/install/robomaster_description/share/robomaster_description/meshes/front_hit_sensor.dae
[0.845s] -- Up-to-date: /home/stefano/Robomaster_WS/src/install/robomaster_description/share/robomaster_description/meshes/gimbal_right_led_6.dae
[0.845s] -- Up-to-date: /home/stefano/Robomaster_WS/src/install/robomaster_description/share/robomaster_description/meshes/triangle_collision.dae
[0.846s] -- Up-to-date: /home/stefano/Robomaster_WS/src/install/robomaster_description/share/robomaster_description/meshes/right_gripper_4_collision.dae
[0.846s] -- Up-to-date: /home/stefano/Robomaster_WS/src/install/robomaster_description/share/robomaster_description/meshes/gripper_left_1.dae
[0.848s] -- Up-to-date: /home/stefano/Robomaster_WS/src/install/robomaster_description/share/robomaster_description/meshes/right_hit_sensor.dae
[0.848s] -- Up-to-date: /home/stefano/Robomaster_WS/src/install/robomaster_description/share/robomaster_description/meshes/gimbal_right_armor.dae
[0.849s] -- Up-to-date: /home/stefano/Robomaster_WS/src/install/robomaster_description/share/robomaster_description/meshes/TOP_Normal_OpenGL.png.001.png
[0.857s] -- Up-to-date: /home/stefano/Robomaster_WS/src/install/robomaster_description/share/robomaster_description/meshes/gimbal_left_armor.dae
[0.867s] -- Up-to-date: /home/stefano/Robomaster_WS/src/install/robomaster_description/share/robomaster_description/meshes/gimbal_left_led_4.dae
[0.868s] -- Up-to-date: /home/stefano/Robomaster_WS/src/install/robomaster_description/share/robomaster_description/meshes/extension_base.dae
[0.868s] -- Up-to-date: /home/stefano/Robomaster_WS/src/install/robomaster_description/share/robomaster_description/meshes/blaster_gun.dae
[0.868s] -- Up-to-date: /home/stefano/Robomaster_WS/src/install/robomaster_description/share/robomaster_description/meshes/rod_1.dae
[0.869s] -- Up-to-date: /home/stefano/Robomaster_WS/src/install/robomaster_description/share/robomaster_description/meshes/camera.dae
[0.870s] -- Up-to-date: /home/stefano/Robomaster_WS/src/install/robomaster_description/share/robomaster_description/meshes/gripper_left_4.dae
[0.871s] -- Up-to-date: /home/stefano/Robomaster_WS/src/install/robomaster_description/share/robomaster_description/meshes/gripper_left_5_collision.dae
[0.872s] -- Up-to-date: /home/stefano/Robomaster_WS/src/install/robomaster_description/share/robomaster_description/meshes/gimbal_right_led_7.dae
[0.873s] -- Up-to-date: /home/stefano/Robomaster_WS/src/install/robomaster_description/share/robomaster_description/meshes/gimbal_right_led.dae
[0.873s] -- Up-to-date: /home/stefano/Robomaster_WS/src/install/robomaster_description/share/robomaster_description/meshes/rear_right_wheel.dae
[0.878s] -- Up-to-date: /home/stefano/Robomaster_WS/src/install/robomaster_description/share/robomaster_description/meshes/gimbal_left_led_7.dae
[0.893s] -- Up-to-date: /home/stefano/Robomaster_WS/src/install/robomaster_description/share/robomaster_description/meshes/gripper_left_2.dae
[0.893s] -- Up-to-date: /home/stefano/Robomaster_WS/src/install/robomaster_description/share/robomaster_description/meshes/blaster_top.dae
[0.894s] -- Up-to-date: /home/stefano/Robomaster_WS/src/install/robomaster_description/share/robomaster_description/meshes/blaster_magazin.dae
[0.894s] -- Up-to-date: /home/stefano/Robomaster_WS/src/install/robomaster_description/share/robomaster_description/meshes/speaker_collision.dae
[0.894s] -- Up-to-date: /home/stefano/Robomaster_WS/src/install/robomaster_description/share/robomaster_description/meshes/rod_3_collision.dae
[0.895s] -- Up-to-date: /home/stefano/Robomaster_WS/src/install/robomaster_description/share/robomaster_description/meshes/gripper_left_4_collision.dae
[0.897s] -- Up-to-date: /home/stefano/Robomaster_WS/src/install/robomaster_description/share/robomaster_description/meshes/gripper_left_6_collision.dae
[0.904s] -- Up-to-date: /home/stefano/Robomaster_WS/src/install/robomaster_description/share/robomaster_description/meshes/triangle.dae
[0.905s] -- Up-to-date: /home/stefano/Robomaster_WS/src/install/robomaster_description/share/robomaster_description/meshes/gimbal_left_led_2.dae
[0.905s] -- Up-to-date: /home/stefano/Robomaster_WS/src/install/robomaster_description/share/robomaster_description/meshes/wifi_antenna_left.dae
[0.906s] -- Up-to-date: /home/stefano/Robomaster_WS/src/install/robomaster_description/share/robomaster_description/meshes/left_servo.dae
[0.906s] -- Up-to-date: /home/stefano/Robomaster_WS/src/install/robomaster_description/share/robomaster_description/meshes/arm_1_cylinder.dae
[0.906s] -- Up-to-date: /home/stefano/Robomaster_WS/src/install/robomaster_description/share/robomaster_description/meshes/TOP_Base_Color.png.001.png
[0.909s] -- Up-to-date: /home/stefano/Robomaster_WS/src/install/robomaster_description/share/robomaster_description/meshes/blaster_top_collision.dae
[0.909s] -- Up-to-date: /home/stefano/Robomaster_WS/src/install/robomaster_description/share/robomaster_description/meshes/rod_collision.dae
[0.909s] -- Up-to-date: /home/stefano/Robomaster_WS/src/install/robomaster_description/share/robomaster_description/meshes/gimbal_left_led.dae
[0.909s] -- Up-to-date: /home/stefano/Robomaster_WS/src/install/robomaster_description/share/robomaster_description/meshes/arm_2_bar_2.dae
[0.915s] -- Up-to-date: /home/stefano/Robomaster_WS/src/install/robomaster_description/share/robomaster_description/meshes/hit_sensor.dae
[0.916s] -- Up-to-date: /home/stefano/Robomaster_WS/src/install/robomaster_description/share/robomaster_description/meshes/gripper_base.dae
[0.916s] -- Up-to-date: /home/stefano/Robomaster_WS/src/install/robomaster_description/share/robomaster_description/meshes/wheel.dae
[0.916s] -- Up-to-date: /home/stefano/Robomaster_WS/src/install/robomaster_description/share/robomaster_description/meshes/blaster_magazin_collision.dae
[0.916s] -- Up-to-date: /home/stefano/Robomaster_WS/src/install/robomaster_description/share/robomaster_description/meshes/rear_led.dae
[0.916s] -- Up-to-date: /home/stefano/Robomaster_WS/src/install/robomaster_description/share/robomaster_description/meshes/endpoint_bracket_collision.dae
[0.917s] -- Up-to-date: /home/stefano/Robomaster_WS/src/install/robomaster_description/share/robomaster_description/meshes/battery.dae
[0.917s] -- Up-to-date: /home/stefano/Robomaster_WS/src/install/robomaster_description/share/robomaster_description/meshes/armor.dae
[0.917s] -- Up-to-date: /home/stefano/Robomaster_WS/src/install/robomaster_description/share/robomaster_description/meshes/gripper_left_5.dae
[0.917s] -- Up-to-date: /home/stefano/Robomaster_WS/src/install/robomaster_description/share/robomaster_description/meshes/gripper_left_2_collision.dae
[0.917s] -- Up-to-date: /home/stefano/Robomaster_WS/src/install/robomaster_description/share/robomaster_description/meshes/rod_3.dae
[0.929s] -- Up-to-date: /home/stefano/Robomaster_WS/src/install/robomaster_description/share/robomaster_description/meshes/gripper_left_7.dae
[0.930s] -- Up-to-date: /home/stefano/Robomaster_WS/src/install/robomaster_description/share/robomaster_description/meshes/right_gripper_2_collision.dae
[0.930s] -- Up-to-date: /home/stefano/Robomaster_WS/src/install/robomaster_description/share/robomaster_description/meshes/TOP_Normal_OpenGL.png
[0.930s] -- Up-to-date: /home/stefano/Robomaster_WS/src/install/robomaster_description/share/robomaster_description/meshes/blaster_bug.dae
[0.930s] -- Up-to-date: /home/stefano/Robomaster_WS/src/install/robomaster_description/share/robomaster_description/meshes/gimbal_left_led_0.dae
[0.931s] -- Up-to-date: /home/stefano/Robomaster_WS/src/install/robomaster_description/share/robomaster_description/meshes/right_gripper_2.dae
[0.931s] -- Up-to-date: /home/stefano/Robomaster_WS/src/install/robomaster_description/share/robomaster_description/meshes/rod_2.dae
[0.932s] -- Up-to-date: /home/stefano/Robomaster_WS/src/install/robomaster_description/share/robomaster_description/meshes/gimbal_side.dae
[0.932s] -- Up-to-date: /home/stefano/Robomaster_WS/src/install/robomaster_description/share/robomaster_description/meshes/right_led.dae
[0.932s] -- Up-to-date: /home/stefano/Robomaster_WS/src/install/robomaster_description/share/robomaster_description/meshes/wifi_antenna_right.dae
[0.940s] -- Up-to-date: /home/stefano/Robomaster_WS/src/install/robomaster_description/share/robomaster_description/meshes/rear_left_wheel.dae
[0.941s] -- Up-to-date: /home/stefano/Robomaster_WS/src/install/robomaster_description/share/robomaster_description/meshes/gimbal_right_led_1.dae
[0.941s] -- Up-to-date: /home/stefano/Robomaster_WS/src/install/robomaster_description/share/robomaster_description/meshes/gripper_base_collision.dae
[0.941s] -- Up-to-date: /home/stefano/Robomaster_WS/src/install/robomaster_description/share/robomaster_description/meshes/intelligent_controller.dae
[0.941s] -- Up-to-date: /home/stefano/Robomaster_WS/src/install/robomaster_description/share/robomaster_description/meshes/right_servo.dae
[0.941s] -- Up-to-date: /home/stefano/Robomaster_WS/src/install/robomaster_description/share/robomaster_description/meshes/rear_hit_sensor.dae
[0.942s] -- Up-to-date: /home/stefano/Robomaster_WS/src/install/robomaster_description/share/ament_index/resource_index/package_run_dependencies/robomaster_description
[0.942s] -- Up-to-date: /home/stefano/Robomaster_WS/src/install/robomaster_description/share/ament_index/resource_index/parent_prefix_path/robomaster_description
[0.942s] -- Up-to-date: /home/stefano/Robomaster_WS/src/install/robomaster_description/share/robomaster_description/environment/ament_prefix_path.sh
[0.942s] -- Up-to-date: /home/stefano/Robomaster_WS/src/install/robomaster_description/share/robomaster_description/environment/ament_prefix_path.dsv
[0.943s] -- Up-to-date: /home/stefano/Robomaster_WS/src/install/robomaster_description/share/robomaster_description/environment/path.sh
[0.943s] -- Up-to-date: /home/stefano/Robomaster_WS/src/install/robomaster_description/share/robomaster_description/environment/path.dsv
[0.943s] -- Up-to-date: /home/stefano/Robomaster_WS/src/install/robomaster_description/share/robomaster_description/local_setup.bash
[0.943s] -- Up-to-date: /home/stefano/Robomaster_WS/src/install/robomaster_description/share/robomaster_description/local_setup.sh
[0.950s] -- Up-to-date: /home/stefano/Robomaster_WS/src/install/robomaster_description/share/robomaster_description/local_setup.zsh
[0.958s] -- Up-to-date: /home/stefano/Robomaster_WS/src/install/robomaster_description/share/robomaster_description/local_setup.dsv
[0.958s] -- Installing: /home/stefano/Robomaster_WS/src/install/robomaster_description/share/robomaster_description/package.dsv
[1.007s] -- Up-to-date: /home/stefano/Robomaster_WS/src/install/robomaster_description/share/ament_index/resource_index/packages/robomaster_description
[1.008s] -- Up-to-date: /home/stefano/Robomaster_WS/src/install/robomaster_description/share/robomaster_description/cmake/robomaster_descriptionConfig.cmake
[1.013s] -- Up-to-date: /home/stefano/Robomaster_WS/src/install/robomaster_description/share/robomaster_description/cmake/robomaster_descriptionConfig-version.cmake
[1.019s] -- Up-to-date: /home/stefano/Robomaster_WS/src/install/robomaster_description/share/robomaster_description/package.xml
[1.021s] Invoked command in '/home/stefano/Robomaster_WS/src/build/robomaster_description' returned '0': CMAKE_PREFIX_PATH=${CMAKE_PREFIX_PATH}:/home/stefano/Robomaster_WS/src/install/robomaster_ros:/home/stefano/Robomaster_WS/src/install/laser_echo_publisher:/home/stefano/Robomaster_WS/src/install/camera_utils:/home/stefano/Robomaster_WS/install/robomaster_ros:/home/stefano/Robomaster_WS/install/robomaster_ir_publisher:/home/stefano/Robomaster_WS/install/laser_echo_publisher:/home/stefano/Robomaster_WS/install/camera_utils:/home/stefano/turtlebot3_ws/install/turtlebot3_teleop:/home/stefano/turtlebot3_ws/install/turtlebot3_example:/home/stefano/Webots_ros2/install/webots_ros2:/home/stefano/Webots_ros2/install/webots_ros2_universal_robot:/home/stefano/Webots_ros2/install/webots_ros2_turtlebot:/home/stefano/Webots_ros2/install/webots_ros2_tiago:/home/stefano/Webots_ros2/install/webots_ros2_tests:/home/stefano/Webots_ros2/install/webots_ros2_tesla:/home/stefano/Webots_ros2/install/webots_ros2_mavic:/home/stefano/Webots_ros2/install/webots_ros2_husarion:/home/stefano/Webots_ros2/install/webots_ros2_epuck:/home/stefano/Webots_ros2/install/webots_ros2_crazyflie:/home/stefano/Webots_ros2/install/webots_ros2_importer:/opt/ros/humble /usr/bin/cmake --install /home/stefano/Robomaster_WS/src/build/robomaster_description
