[5.750s] Invoking command in '/home/cricchetto/Robomaster_WS/src/drift': PYTHONPATH=/home/cricchetto/Robomaster_WS/build/drift/prefix_override:/usr/lib/python3/dist-packages/colcon_core/task/python/colcon_distutils_commands:/home/cricchetto/Robomaster_WS/install/drift/lib/python3.10/site-packages:${PYTHONPATH} /usr/bin/python3 -W ignore:setup.py install is deprecated -W ignore:easy_install command is deprecated setup.py egg_info --egg-base ../../build/drift build --build-base /home/cricchetto/Robomaster_WS/build/drift/build install --record /home/cricchetto/Robomaster_WS/build/drift/install.log --single-version-externally-managed install_data
[7.113s] running egg_info
[7.118s] writing ../../build/drift/drift.egg-info/PKG-INFO
[7.121s] writing dependency_links to ../../build/drift/drift.egg-info/dependency_links.txt
[7.124s] writing entry points to ../../build/drift/drift.egg-info/entry_points.txt
[7.126s] writing requirements to ../../build/drift/drift.egg-info/requires.txt
[7.128s] writing top-level names to ../../build/drift/drift.egg-info/top_level.txt
[7.148s] reading manifest file '../../build/drift/drift.egg-info/SOURCES.txt'
[7.158s] writing manifest file '../../build/drift/drift.egg-info/SOURCES.txt'
[7.161s] running build
[7.162s] running build_py
[7.168s] running install
[7.172s] running install_lib
[7.189s] running install_data
[7.192s] running install_egg_info
[7.212s] removing '/home/cricchetto/Robomaster_WS/install/drift/lib/python3.10/site-packages/drift-0.0.1-py3.10.egg-info' (and everything under it)
[7.218s] Copying ../../build/drift/drift.egg-info to /home/cricchetto/Robomaster_WS/install/drift/lib/python3.10/site-packages/drift-0.0.1-py3.10.egg-info
[7.236s] running install_scripts
[7.364s] Installing drift_circle_node script to /home/cricchetto/Robomaster_WS/install/drift/lib/drift
[7.366s] Installing play_sound_node script to /home/cricchetto/Robomaster_WS/install/drift/lib/drift
[7.367s] writing list of installed files to '/home/cricchetto/Robomaster_WS/build/drift/install.log'
[7.511s] Invoked command in '/home/cricchetto/Robomaster_WS/src/drift' returned '0': PYTHONPATH=/home/cricchetto/Robomaster_WS/build/drift/prefix_override:/usr/lib/python3/dist-packages/colcon_core/task/python/colcon_distutils_commands:/home/cricchetto/Robomaster_WS/install/drift/lib/python3.10/site-packages:${PYTHONPATH} /usr/bin/python3 -W ignore:setup.py install is deprecated -W ignore:easy_install command is deprecated setup.py egg_info --egg-base ../../build/drift build --build-base /home/cricchetto/Robomaster_WS/build/drift/build install --record /home/cricchetto/Robomaster_WS/build/drift/install.log --single-version-externally-managed install_data
