running egg_info
writing ../../build/robomaster_ros/robomaster_ros.egg-info/PKG-INFO
writing dependency_links to ../../build/robomaster_ros/robomaster_ros.egg-info/dependency_links.txt
writing entry points to ../../build/robomaster_ros/robomaster_ros.egg-info/entry_points.txt
writing requirements to ../../build/robomaster_ros/robomaster_ros.egg-info/requires.txt
writing top-level names to ../../build/robomaster_ros/robomaster_ros.egg-info/top_level.txt
reading manifest file '../../build/robomaster_ros/robomaster_ros.egg-info/SOURCES.txt'
writing manifest file '../../build/robomaster_ros/robomaster_ros.egg-info/SOURCES.txt'
running build
running build_py
running install
running install_lib
running install_data
running install_egg_info
removing '/home/cricchetto/Robomaster_WS/src/install/robomaster_ros/lib/python3.10/site-packages/robomaster_ros-0.0.0-py3.10.egg-info' (and everything under it)
Copying ../../build/robomaster_ros/robomaster_ros.egg-info to /home/cricchetto/Robomaster_WS/src/install/robomaster_ros/lib/python3.10/site-packages/robomaster_ros-0.0.0-py3.10.egg-info
running install_scripts
Installing connect script to /home/cricchetto/Robomaster_WS/src/install/robomaster_ros/lib/robomaster_ros
Installing discover script to /home/cricchetto/Robomaster_WS/src/install/robomaster_ros/lib/robomaster_ros
Installing display_battery script to /home/cricchetto/Robomaster_WS/src/install/robomaster_ros/lib/robomaster_ros
Installing h264_decoder script to /home/cricchetto/Robomaster_WS/src/install/robomaster_ros/lib/robomaster_ros
Installing move script to /home/cricchetto/Robomaster_WS/src/install/robomaster_ros/lib/robomaster_ros
Installing play_audio script to /home/cricchetto/Robomaster_WS/src/install/robomaster_ros/lib/robomaster_ros
Installing play_opus script to /home/cricchetto/Robomaster_WS/src/install/robomaster_ros/lib/robomaster_ros
Installing robomaster_driver script to /home/cricchetto/Robomaster_WS/src/install/robomaster_ros/lib/robomaster_ros
Installing state_publisher script to /home/cricchetto/Robomaster_WS/src/install/robomaster_ros/lib/robomaster_ros
writing list of installed files to '/home/cricchetto/Robomaster_WS/src/build/robomaster_ros/install.log'
