running egg_info
creating ../../build/ep_control/ep_control.egg-info
writing ../../build/ep_control/ep_control.egg-info/PKG-INFO
writing dependency_links to ../../build/ep_control/ep_control.egg-info/dependency_links.txt
writing entry points to ../../build/ep_control/ep_control.egg-info/entry_points.txt
writing requirements to ../../build/ep_control/ep_control.egg-info/requires.txt
writing top-level names to ../../build/ep_control/ep_control.egg-info/top_level.txt
writing manifest file '../../build/ep_control/ep_control.egg-info/SOURCES.txt'
reading manifest file '../../build/ep_control/ep_control.egg-info/SOURCES.txt'
writing manifest file '../../build/ep_control/ep_control.egg-info/SOURCES.txt'
running build
running build_py
creating /home/cricchetto/Robomaster_WS/build/ep_control/build
creating /home/cricchetto/Robomaster_WS/build/ep_control/build/lib
creating /home/cricchetto/Robomaster_WS/build/ep_control/build/lib/ep_control
copying ep_control/__init__.py -> /home/cricchetto/Robomaster_WS/build/ep_control/build/lib/ep_control
copying ep_control/gripper_state.py -> /home/cricchetto/Robomaster_WS/build/ep_control/build/lib/ep_control
copying ep_control/joy_reader.py -> /home/cricchetto/Robomaster_WS/build/ep_control/build/lib/ep_control
copying ep_control/joy_to_arm.py -> /home/cricchetto/Robomaster_WS/build/ep_control/build/lib/ep_control
running install
running install_lib
creating /home/cricchetto/Robomaster_WS/install/ep_control/lib/python3.10/site-packages/ep_control
copying /home/cricchetto/Robomaster_WS/build/ep_control/build/lib/ep_control/__init__.py -> /home/cricchetto/Robomaster_WS/install/ep_control/lib/python3.10/site-packages/ep_control
copying /home/cricchetto/Robomaster_WS/build/ep_control/build/lib/ep_control/gripper_state.py -> /home/cricchetto/Robomaster_WS/install/ep_control/lib/python3.10/site-packages/ep_control
copying /home/cricchetto/Robomaster_WS/build/ep_control/build/lib/ep_control/joy_reader.py -> /home/cricchetto/Robomaster_WS/install/ep_control/lib/python3.10/site-packages/ep_control
copying /home/cricchetto/Robomaster_WS/build/ep_control/build/lib/ep_control/joy_to_arm.py -> /home/cricchetto/Robomaster_WS/install/ep_control/lib/python3.10/site-packages/ep_control
byte-compiling /home/cricchetto/Robomaster_WS/install/ep_control/lib/python3.10/site-packages/ep_control/__init__.py to __init__.cpython-310.pyc
byte-compiling /home/cricchetto/Robomaster_WS/install/ep_control/lib/python3.10/site-packages/ep_control/gripper_state.py to gripper_state.cpython-310.pyc
byte-compiling /home/cricchetto/Robomaster_WS/install/ep_control/lib/python3.10/site-packages/ep_control/joy_reader.py to joy_reader.cpython-310.pyc
byte-compiling /home/cricchetto/Robomaster_WS/install/ep_control/lib/python3.10/site-packages/ep_control/joy_to_arm.py to joy_to_arm.cpython-310.pyc
running install_data
creating /home/cricchetto/Robomaster_WS/install/ep_control/share/ament_index
creating /home/cricchetto/Robomaster_WS/install/ep_control/share/ament_index/resource_index
creating /home/cricchetto/Robomaster_WS/install/ep_control/share/ament_index/resource_index/packages
copying resource/ep_control -> /home/cricchetto/Robomaster_WS/install/ep_control/share/ament_index/resource_index/packages
copying package.xml -> /home/cricchetto/Robomaster_WS/install/ep_control/share/ep_control
creating /home/cricchetto/Robomaster_WS/install/ep_control/share/ep_control/launch
copying launch/joy_node-launch.py -> /home/cricchetto/Robomaster_WS/install/ep_control/share/ep_control/launch
running install_egg_info
Copying ../../build/ep_control/ep_control.egg-info to /home/cricchetto/Robomaster_WS/install/ep_control/lib/python3.10/site-packages/ep_control-0.0.0-py3.10.egg-info
running install_scripts
Installing gripper_state script to /home/cricchetto/Robomaster_WS/install/ep_control/lib/ep_control
Installing joy_reader script to /home/cricchetto/Robomaster_WS/install/ep_control/lib/ep_control
Installing joy_to_arm script to /home/cricchetto/Robomaster_WS/install/ep_control/lib/ep_control
writing list of installed files to '/home/cricchetto/Robomaster_WS/build/ep_control/install.log'
