[4.767s] Invoking command in '/home/cricchetto/Robomaster_WS/src/ep_control': PYTHONPATH=/home/cricchetto/Robomaster_WS/build/ep_control/prefix_override:/usr/lib/python3/dist-packages/colcon_core/task/python/colcon_distutils_commands:/home/cricchetto/Robomaster_WS/install/ep_control/lib/python3.10/site-packages:${PYTHONPATH} /usr/bin/python3 -W ignore:setup.py install is deprecated -W ignore:easy_install command is deprecated setup.py egg_info --egg-base ../../build/ep_control build --build-base /home/cricchetto/Robomaster_WS/build/ep_control/build install --record /home/cricchetto/Robomaster_WS/build/ep_control/install.log --single-version-externally-managed install_data
[6.246s] running egg_info
[6.250s] creating ../../build/ep_control/ep_control.egg-info
[6.252s] writing ../../build/ep_control/ep_control.egg-info/PKG-INFO
[6.254s] writing dependency_links to ../../build/ep_control/ep_control.egg-info/dependency_links.txt
[6.256s] writing entry points to ../../build/ep_control/ep_control.egg-info/entry_points.txt
[6.258s] writing requirements to ../../build/ep_control/ep_control.egg-info/requires.txt
[6.260s] writing top-level names to ../../build/ep_control/ep_control.egg-info/top_level.txt
[6.262s] writing manifest file '../../build/ep_control/ep_control.egg-info/SOURCES.txt'
[6.273s] reading manifest file '../../build/ep_control/ep_control.egg-info/SOURCES.txt'
[6.278s] writing manifest file '../../build/ep_control/ep_control.egg-info/SOURCES.txt'
[6.279s] running build
[6.280s] running build_py
[6.282s] creating /home/cricchetto/Robomaster_WS/build/ep_control/build
[6.283s] creating /home/cricchetto/Robomaster_WS/build/ep_control/build/lib
[6.284s] creating /home/cricchetto/Robomaster_WS/build/ep_control/build/lib/ep_control
[6.286s] copying ep_control/__init__.py -> /home/cricchetto/Robomaster_WS/build/ep_control/build/lib/ep_control
[6.287s] copying ep_control/gripper_state.py -> /home/cricchetto/Robomaster_WS/build/ep_control/build/lib/ep_control
[6.289s] copying ep_control/joy_reader.py -> /home/cricchetto/Robomaster_WS/build/ep_control/build/lib/ep_control
[6.291s] copying ep_control/joy_to_arm.py -> /home/cricchetto/Robomaster_WS/build/ep_control/build/lib/ep_control
[6.294s] running install
[6.297s] running install_lib
[6.302s] creating /home/cricchetto/Robomaster_WS/install/ep_control/lib/python3.10/site-packages/ep_control
[6.304s] copying /home/cricchetto/Robomaster_WS/build/ep_control/build/lib/ep_control/__init__.py -> /home/cricchetto/Robomaster_WS/install/ep_control/lib/python3.10/site-packages/ep_control
[6.306s] copying /home/cricchetto/Robomaster_WS/build/ep_control/build/lib/ep_control/gripper_state.py -> /home/cricchetto/Robomaster_WS/install/ep_control/lib/python3.10/site-packages/ep_control
[6.309s] copying /home/cricchetto/Robomaster_WS/build/ep_control/build/lib/ep_control/joy_reader.py -> /home/cricchetto/Robomaster_WS/install/ep_control/lib/python3.10/site-packages/ep_control
[6.311s] copying /home/cricchetto/Robomaster_WS/build/ep_control/build/lib/ep_control/joy_to_arm.py -> /home/cricchetto/Robomaster_WS/install/ep_control/lib/python3.10/site-packages/ep_control
[6.315s] byte-compiling /home/cricchetto/Robomaster_WS/install/ep_control/lib/python3.10/site-packages/ep_control/__init__.py to __init__.cpython-310.pyc
[6.317s] byte-compiling /home/cricchetto/Robomaster_WS/install/ep_control/lib/python3.10/site-packages/ep_control/gripper_state.py to gripper_state.cpython-310.pyc
[6.322s] byte-compiling /home/cricchetto/Robomaster_WS/install/ep_control/lib/python3.10/site-packages/ep_control/joy_reader.py to joy_reader.cpython-310.pyc
[6.326s] byte-compiling /home/cricchetto/Robomaster_WS/install/ep_control/lib/python3.10/site-packages/ep_control/joy_to_arm.py to joy_to_arm.cpython-310.pyc
[6.331s] running install_data
[6.332s] creating /home/cricchetto/Robomaster_WS/install/ep_control/share/ament_index
[6.333s] creating /home/cricchetto/Robomaster_WS/install/ep_control/share/ament_index/resource_index
[6.335s] creating /home/cricchetto/Robomaster_WS/install/ep_control/share/ament_index/resource_index/packages
[6.336s] copying resource/ep_control -> /home/cricchetto/Robomaster_WS/install/ep_control/share/ament_index/resource_index/packages
[6.340s] copying package.xml -> /home/cricchetto/Robomaster_WS/install/ep_control/share/ep_control
[6.345s] creating /home/cricchetto/Robomaster_WS/install/ep_control/share/ep_control/launch
[6.347s] copying launch/joy_node-launch.py -> /home/cricchetto/Robomaster_WS/install/ep_control/share/ep_control/launch
[6.350s] running install_egg_info
[6.367s] Copying ../../build/ep_control/ep_control.egg-info to /home/cricchetto/Robomaster_WS/install/ep_control/lib/python3.10/site-packages/ep_control-0.0.0-py3.10.egg-info
[6.382s] running install_scripts
[6.520s] Installing gripper_state script to /home/cricchetto/Robomaster_WS/install/ep_control/lib/ep_control
[6.521s] Installing joy_reader script to /home/cricchetto/Robomaster_WS/install/ep_control/lib/ep_control
[6.523s] Installing joy_to_arm script to /home/cricchetto/Robomaster_WS/install/ep_control/lib/ep_control
[6.524s] writing list of installed files to '/home/cricchetto/Robomaster_WS/build/ep_control/install.log'
[6.683s] Invoked command in '/home/cricchetto/Robomaster_WS/src/ep_control' returned '0': PYTHONPATH=/home/cricchetto/Robomaster_WS/build/ep_control/prefix_override:/usr/lib/python3/dist-packages/colcon_core/task/python/colcon_distutils_commands:/home/cricchetto/Robomaster_WS/install/ep_control/lib/python3.10/site-packages:${PYTHONPATH} /usr/bin/python3 -W ignore:setup.py install is deprecated -W ignore:easy_install command is deprecated setup.py egg_info --egg-base ../../build/ep_control build --build-base /home/cricchetto/Robomaster_WS/build/ep_control/build install --record /home/cricchetto/Robomaster_WS/build/ep_control/install.log --single-version-externally-managed install_data
