[7.434s] Invoking command in '/home/cricchetto/Robomaster_WS/src/ep_control': PYTHONPATH=/home/cricchetto/Robomaster_WS/build/ep_control/prefix_override:/usr/lib/python3/dist-packages/colcon_core/task/python/colcon_distutils_commands:/home/cricchetto/Robomaster_WS/install/ep_control/lib/python3.10/site-packages:${PYTHONPATH} /usr/bin/python3 -W ignore:setup.py install is deprecated -W ignore:easy_install command is deprecated setup.py egg_info --egg-base ../../build/ep_control build --build-base /home/cricchetto/Robomaster_WS/build/ep_control/build install --record /home/cricchetto/Robomaster_WS/build/ep_control/install.log --single-version-externally-managed install_data
[8.744s] running egg_info
[8.747s] writing ../../build/ep_control/ep_control.egg-info/PKG-INFO
[8.750s] writing dependency_links to ../../build/ep_control/ep_control.egg-info/dependency_links.txt
[8.753s] writing entry points to ../../build/ep_control/ep_control.egg-info/entry_points.txt
[8.754s] writing requirements to ../../build/ep_control/ep_control.egg-info/requires.txt
[8.755s] writing top-level names to ../../build/ep_control/ep_control.egg-info/top_level.txt
[8.762s] reading manifest file '../../build/ep_control/ep_control.egg-info/SOURCES.txt'
[8.767s] writing manifest file '../../build/ep_control/ep_control.egg-info/SOURCES.txt'
[8.768s] running build
[8.769s] running build_py
[8.774s] running install
[8.776s] running install_lib
[8.785s] running install_data
[8.788s] running install_egg_info
[8.798s] removing '/home/cricchetto/Robomaster_WS/install/ep_control/lib/python3.10/site-packages/ep_control-0.0.0-py3.10.egg-info' (and everything under it)
[8.800s] Copying ../../build/ep_control/ep_control.egg-info to /home/cricchetto/Robomaster_WS/install/ep_control/lib/python3.10/site-packages/ep_control-0.0.0-py3.10.egg-info
[8.808s] running install_scripts
[8.922s] Installing gripper_state script to /home/cricchetto/Robomaster_WS/install/ep_control/lib/ep_control
[8.926s] Installing joy_reader script to /home/cricchetto/Robomaster_WS/install/ep_control/lib/ep_control
[8.929s] Installing joy_to_arm script to /home/cricchetto/Robomaster_WS/install/ep_control/lib/ep_control
[8.933s] writing list of installed files to '/home/cricchetto/Robomaster_WS/build/ep_control/install.log'
[9.160s] Invoked command in '/home/cricchetto/Robomaster_WS/src/ep_control' returned '0': PYTHONPATH=/home/cricchetto/Robomaster_WS/build/ep_control/prefix_override:/usr/lib/python3/dist-packages/colcon_core/task/python/colcon_distutils_commands:/home/cricchetto/Robomaster_WS/install/ep_control/lib/python3.10/site-packages:${PYTHONPATH} /usr/bin/python3 -W ignore:setup.py install is deprecated -W ignore:easy_install command is deprecated setup.py egg_info --egg-base ../../build/ep_control build --build-base /home/cricchetto/Robomaster_WS/build/ep_control/build install --record /home/cricchetto/Robomaster_WS/build/ep_control/install.log --single-version-externally-managed install_data
