[0.054s] Invoking command in '/home/cricchetto/Robomaster_WS/build/nav2_voxel_grid': AMENT_PREFIX_PATH=/home/cricchetto/Robomaster_WS/install/nav2_common:${AMENT_PREFIX_PATH} CMAKE_PREFIX_PATH=/home/cricchetto/Robomaster_WS/install/nav2_common:/home/cricchetto/Robomaster_WS/install/sllidar_ros2:/home/cricchetto/Robomaster_WS/install/robomaster_msgs:/home/cricchetto/Robomaster_WS/install/robomaster_description:/home/cricchetto/Robomaster_WS/install/multirobot_map_merge:/home/cricchetto/Robomaster_WS/install/explore_lite:/home/cricchetto/Robomaster_WS/install/robomaster_ros:/home/cricchetto/Robomaster_WS/install/ep_control:/home/cricchetto/Robomaster_WS/install/drift:/opt/ros/humble PYTHONPATH=/home/cricchetto/Robomaster_WS/install/nav2_common/local/lib/python3.10/dist-packages:${PYTHONPATH} /usr/bin/cmake /home/cricchetto/Robomaster_WS/src/navigation2-1.1.20/nav2_voxel_grid -DCMAKE_INSTALL_PREFIX=/home/cricchetto/Robomaster_WS/install/nav2_voxel_grid
[0.395s] -- The C compiler identification is GNU 11.4.0
[0.725s] -- The CXX compiler identification is GNU 11.4.0
[0.768s] -- Detecting C compiler ABI info
[1.296s] -- Detecting C compiler ABI info - done
[1.326s] -- Check for working C compiler: /usr/bin/cc - skipped
[1.327s] -- Detecting C compile features
[1.329s] -- Detecting C compile features - done
[1.345s] -- Detecting CXX compiler ABI info
[1.902s] -- Detecting CXX compiler ABI info - done
[1.934s] -- Check for working CXX compiler: /usr/bin/c++ - skipped
[1.936s] -- Detecting CXX compile features
[1.939s] -- Detecting CXX compile features - done
[1.986s] -- Found ament_cmake: 1.3.12 (/opt/ros/humble/share/ament_cmake/cmake)
[3.127s] -- Found Python3: /usr/bin/python3 (found version "3.10.12") found components: Interpreter 
[4.030s] -- Found nav2_common: 1.1.20 (/home/cricchetto/Robomaster_WS/install/nav2_common/share/nav2_common/cmake)
[4.069s] -- Found rclcpp: 16.0.16 (/opt/ros/humble/share/rclcpp/cmake)
[4.651s] -- Found rosidl_generator_c: 3.1.7 (/opt/ros/humble/share/rosidl_generator_c/cmake)
[4.726s] -- Found rosidl_adapter: 3.1.7 (/opt/ros/humble/share/rosidl_adapter/cmake)
[4.827s] -- Found rosidl_generator_cpp: 3.1.7 (/opt/ros/humble/share/rosidl_generator_cpp/cmake)
[4.949s] -- Using all available rosidl_typesupport_c: rosidl_typesupport_fastrtps_c;rosidl_typesupport_introspection_c
[5.130s] -- Using all available rosidl_typesupport_cpp: rosidl_typesupport_fastrtps_cpp;rosidl_typesupport_introspection_cpp
[5.671s] -- Found rmw_implementation_cmake: 6.1.2 (/opt/ros/humble/share/rmw_implementation_cmake/cmake)
[5.718s] -- Found rmw_fastrtps_cpp: 6.2.9 (/opt/ros/humble/share/rmw_fastrtps_cpp/cmake)
[6.450s] -- Found OpenSSL: /usr/lib/aarch64-linux-gnu/libcrypto.so (found version "3.0.2")  
[6.700s] -- Found FastRTPS: /opt/ros/humble/include  
[7.315s] -- Using RMW implementation 'rmw_fastrtps_cpp' as default
[7.576s] -- Looking for pthread.h
[8.481s] -- Looking for pthread.h - found
[8.484s] -- Performing Test CMAKE_HAVE_LIBC_PTHREAD
[9.423s] -- Performing Test CMAKE_HAVE_LIBC_PTHREAD - Success
[9.437s] -- Found Threads: TRUE  
[10.189s] -- Setting build type to Release as none was specified.
[10.257s] -- Found ament_lint_auto: 0.12.14 (/opt/ros/humble/share/ament_lint_auto/cmake)
[11.570s] -- Found gtest sources under '/opt/ros/humble/src/gtest_vendor': C++ tests using 'Google Test' will be built
[11.683s] -- Added test 'cppcheck' to perform static code analysis on C / C++ code
[11.685s] -- Configured cppcheck include dirs: /home/cricchetto/Robomaster_WS/src/navigation2-1.1.20/nav2_voxel_grid/include
[11.686s] -- Configured cppcheck exclude dirs and/or files: 
[11.711s] -- Added test 'cpplint' to check C / C++ code against the Google style
[11.717s] -- Configured cpplint exclude dirs and/or files: 
[11.741s] -- Added test 'lint_cmake' to check CMake code style
[11.774s] -- Added test 'uncrustify' to check C / C++ code style
[11.775s] -- Configured uncrustify additional arguments: 
[11.783s] -- Added test 'xmllint' to check XML markup files
[11.814s] -- Configuring done
[11.945s] -- Generating done
[11.985s] -- Build files have been written to: /home/cricchetto/Robomaster_WS/build/nav2_voxel_grid
[12.033s] Invoked command in '/home/cricchetto/Robomaster_WS/build/nav2_voxel_grid' returned '0': AMENT_PREFIX_PATH=/home/cricchetto/Robomaster_WS/install/nav2_common:${AMENT_PREFIX_PATH} CMAKE_PREFIX_PATH=/home/cricchetto/Robomaster_WS/install/nav2_common:/home/cricchetto/Robomaster_WS/install/sllidar_ros2:/home/cricchetto/Robomaster_WS/install/robomaster_msgs:/home/cricchetto/Robomaster_WS/install/robomaster_description:/home/cricchetto/Robomaster_WS/install/multirobot_map_merge:/home/cricchetto/Robomaster_WS/install/explore_lite:/home/cricchetto/Robomaster_WS/install/robomaster_ros:/home/cricchetto/Robomaster_WS/install/ep_control:/home/cricchetto/Robomaster_WS/install/drift:/opt/ros/humble PYTHONPATH=/home/cricchetto/Robomaster_WS/install/nav2_common/local/lib/python3.10/dist-packages:${PYTHONPATH} /usr/bin/cmake /home/cricchetto/Robomaster_WS/src/navigation2-1.1.20/nav2_voxel_grid -DCMAKE_INSTALL_PREFIX=/home/cricchetto/Robomaster_WS/install/nav2_voxel_grid
[12.060s] Invoking command in '/home/cricchetto/Robomaster_WS/build/nav2_voxel_grid': AMENT_PREFIX_PATH=/home/cricchetto/Robomaster_WS/install/nav2_common:${AMENT_PREFIX_PATH} CMAKE_PREFIX_PATH=/home/cricchetto/Robomaster_WS/install/nav2_common:/home/cricchetto/Robomaster_WS/install/sllidar_ros2:/home/cricchetto/Robomaster_WS/install/robomaster_msgs:/home/cricchetto/Robomaster_WS/install/robomaster_description:/home/cricchetto/Robomaster_WS/install/multirobot_map_merge:/home/cricchetto/Robomaster_WS/install/explore_lite:/home/cricchetto/Robomaster_WS/install/robomaster_ros:/home/cricchetto/Robomaster_WS/install/ep_control:/home/cricchetto/Robomaster_WS/install/drift:/opt/ros/humble PYTHONPATH=/home/cricchetto/Robomaster_WS/install/nav2_common/local/lib/python3.10/dist-packages:${PYTHONPATH} /usr/bin/cmake --build /home/cricchetto/Robomaster_WS/build/nav2_voxel_grid -- -j4 -l4
[12.569s] [ 10%] [32mBuilding CXX object CMakeFiles/voxel_grid.dir/src/voxel_grid.cpp.o[0m
[12.582s] [ 20%] [32mBuilding CXX object gtest/CMakeFiles/gtest_main.dir/src/gtest_main.cc.o[0m
[12.641s] [ 30%] [32mBuilding CXX object gtest/CMakeFiles/gtest.dir/src/gtest-all.cc.o[0m
[26.873s] [ 40%] [32m[1mLinking CXX static library libgtest_main.a[0m
[27.406s] [ 40%] Built target gtest_main
[52.274s] [ 50%] [32m[1mLinking CXX shared library libvoxel_grid.so[0m
[53.330s] [ 50%] Built target voxel_grid
[79.249s] [ 60%] [32m[1mLinking CXX static library libgtest.a[0m
[79.433s] [ 60%] Built target gtest
[79.534s] [ 70%] [32mBuilding CXX object test/CMakeFiles/voxel_grid_tests.dir/voxel_grid_tests.cpp.o[0m
[100.873s] [ 80%] [32m[1mLinking CXX executable voxel_grid_tests[0m
[101.434s] [ 80%] Built target voxel_grid_tests
[101.530s] [ 90%] [32mBuilding CXX object test/CMakeFiles/voxel_grid_bresenham_3d.dir/voxel_grid_bresenham_3d.cpp.o[0m
[122.465s] [100%] [32m[1mLinking CXX executable voxel_grid_bresenham_3d[0m
[123.030s] [100%] Built target voxel_grid_bresenham_3d
[123.082s] Invoked command in '/home/cricchetto/Robomaster_WS/build/nav2_voxel_grid' returned '0': AMENT_PREFIX_PATH=/home/cricchetto/Robomaster_WS/install/nav2_common:${AMENT_PREFIX_PATH} CMAKE_PREFIX_PATH=/home/cricchetto/Robomaster_WS/install/nav2_common:/home/cricchetto/Robomaster_WS/install/sllidar_ros2:/home/cricchetto/Robomaster_WS/install/robomaster_msgs:/home/cricchetto/Robomaster_WS/install/robomaster_description:/home/cricchetto/Robomaster_WS/install/multirobot_map_merge:/home/cricchetto/Robomaster_WS/install/explore_lite:/home/cricchetto/Robomaster_WS/install/robomaster_ros:/home/cricchetto/Robomaster_WS/install/ep_control:/home/cricchetto/Robomaster_WS/install/drift:/opt/ros/humble PYTHONPATH=/home/cricchetto/Robomaster_WS/install/nav2_common/local/lib/python3.10/dist-packages:${PYTHONPATH} /usr/bin/cmake --build /home/cricchetto/Robomaster_WS/build/nav2_voxel_grid -- -j4 -l4
[123.093s] Invoking command in '/home/cricchetto/Robomaster_WS/build/nav2_voxel_grid': AMENT_PREFIX_PATH=/home/cricchetto/Robomaster_WS/install/nav2_common:${AMENT_PREFIX_PATH} CMAKE_PREFIX_PATH=/home/cricchetto/Robomaster_WS/install/nav2_common:/home/cricchetto/Robomaster_WS/install/sllidar_ros2:/home/cricchetto/Robomaster_WS/install/robomaster_msgs:/home/cricchetto/Robomaster_WS/install/robomaster_description:/home/cricchetto/Robomaster_WS/install/multirobot_map_merge:/home/cricchetto/Robomaster_WS/install/explore_lite:/home/cricchetto/Robomaster_WS/install/robomaster_ros:/home/cricchetto/Robomaster_WS/install/ep_control:/home/cricchetto/Robomaster_WS/install/drift:/opt/ros/humble PYTHONPATH=/home/cricchetto/Robomaster_WS/install/nav2_common/local/lib/python3.10/dist-packages:${PYTHONPATH} /usr/bin/cmake --install /home/cricchetto/Robomaster_WS/build/nav2_voxel_grid
[123.132s] -- Install configuration: "Release"
[123.134s] -- Installing: /home/cricchetto/Robomaster_WS/install/nav2_voxel_grid/lib/libvoxel_grid.so
[123.137s] -- Set runtime path of "/home/cricchetto/Robomaster_WS/install/nav2_voxel_grid/lib/libvoxel_grid.so" to ""
[123.139s] -- Installing: /home/cricchetto/Robomaster_WS/install/nav2_voxel_grid/include
[123.140s] -- Installing: /home/cricchetto/Robomaster_WS/install/nav2_voxel_grid/include/nav2_voxel_grid
[123.141s] -- Installing: /home/cricchetto/Robomaster_WS/install/nav2_voxel_grid/include/nav2_voxel_grid/voxel_grid.hpp
[123.143s] -- Installing: /home/cricchetto/Robomaster_WS/install/nav2_voxel_grid/share/nav2_voxel_grid/environment/library_path.sh
[123.145s] -- Installing: /home/cricchetto/Robomaster_WS/install/nav2_voxel_grid/share/nav2_voxel_grid/environment/library_path.dsv
[123.147s] -- Installing: /home/cricchetto/Robomaster_WS/install/nav2_voxel_grid/share/ament_index/resource_index/package_run_dependencies/nav2_voxel_grid
[123.150s] -- Installing: /home/cricchetto/Robomaster_WS/install/nav2_voxel_grid/share/ament_index/resource_index/parent_prefix_path/nav2_voxel_grid
[123.152s] -- Installing: /home/cricchetto/Robomaster_WS/install/nav2_voxel_grid/share/nav2_voxel_grid/environment/ament_prefix_path.sh
[123.154s] -- Installing: /home/cricchetto/Robomaster_WS/install/nav2_voxel_grid/share/nav2_voxel_grid/environment/ament_prefix_path.dsv
[123.157s] -- Installing: /home/cricchetto/Robomaster_WS/install/nav2_voxel_grid/share/nav2_voxel_grid/environment/path.sh
[123.159s] -- Installing: /home/cricchetto/Robomaster_WS/install/nav2_voxel_grid/share/nav2_voxel_grid/environment/path.dsv
[123.161s] -- Installing: /home/cricchetto/Robomaster_WS/install/nav2_voxel_grid/share/nav2_voxel_grid/local_setup.bash
[123.163s] -- Installing: /home/cricchetto/Robomaster_WS/install/nav2_voxel_grid/share/nav2_voxel_grid/local_setup.sh
[123.165s] -- Installing: /home/cricchetto/Robomaster_WS/install/nav2_voxel_grid/share/nav2_voxel_grid/local_setup.zsh
[123.167s] -- Installing: /home/cricchetto/Robomaster_WS/install/nav2_voxel_grid/share/nav2_voxel_grid/local_setup.dsv
[123.169s] -- Installing: /home/cricchetto/Robomaster_WS/install/nav2_voxel_grid/share/nav2_voxel_grid/package.dsv
[123.172s] -- Installing: /home/cricchetto/Robomaster_WS/install/nav2_voxel_grid/share/ament_index/resource_index/packages/nav2_voxel_grid
[123.175s] -- Installing: /home/cricchetto/Robomaster_WS/install/nav2_voxel_grid/share/nav2_voxel_grid/cmake/ament_cmake_export_dependencies-extras.cmake
[123.177s] -- Installing: /home/cricchetto/Robomaster_WS/install/nav2_voxel_grid/share/nav2_voxel_grid/cmake/ament_cmake_export_include_directories-extras.cmake
[123.179s] -- Installing: /home/cricchetto/Robomaster_WS/install/nav2_voxel_grid/share/nav2_voxel_grid/cmake/ament_cmake_export_libraries-extras.cmake
[123.182s] -- Installing: /home/cricchetto/Robomaster_WS/install/nav2_voxel_grid/share/nav2_voxel_grid/cmake/nav2_voxel_gridConfig.cmake
[123.184s] -- Installing: /home/cricchetto/Robomaster_WS/install/nav2_voxel_grid/share/nav2_voxel_grid/cmake/nav2_voxel_gridConfig-version.cmake
[123.187s] -- Installing: /home/cricchetto/Robomaster_WS/install/nav2_voxel_grid/share/nav2_voxel_grid/package.xml
[123.209s] Invoked command in '/home/cricchetto/Robomaster_WS/build/nav2_voxel_grid' returned '0': AMENT_PREFIX_PATH=/home/cricchetto/Robomaster_WS/install/nav2_common:${AMENT_PREFIX_PATH} CMAKE_PREFIX_PATH=/home/cricchetto/Robomaster_WS/install/nav2_common:/home/cricchetto/Robomaster_WS/install/sllidar_ros2:/home/cricchetto/Robomaster_WS/install/robomaster_msgs:/home/cricchetto/Robomaster_WS/install/robomaster_description:/home/cricchetto/Robomaster_WS/install/multirobot_map_merge:/home/cricchetto/Robomaster_WS/install/explore_lite:/home/cricchetto/Robomaster_WS/install/robomaster_ros:/home/cricchetto/Robomaster_WS/install/ep_control:/home/cricchetto/Robomaster_WS/install/drift:/opt/ros/humble PYTHONPATH=/home/cricchetto/Robomaster_WS/install/nav2_common/local/lib/python3.10/dist-packages:${PYTHONPATH} /usr/bin/cmake --install /home/cricchetto/Robomaster_WS/build/nav2_voxel_grid
