running egg_info
writing ../build/socket_server_pkg/socket_server_pkg.egg-info/PKG-INFO
writing dependency_links to ../build/socket_server_pkg/socket_server_pkg.egg-info/dependency_links.txt
writing entry points to ../build/socket_server_pkg/socket_server_pkg.egg-info/entry_points.txt
writing requirements to ../build/socket_server_pkg/socket_server_pkg.egg-info/requires.txt
writing top-level names to ../build/socket_server_pkg/socket_server_pkg.egg-info/top_level.txt
reading manifest file '../build/socket_server_pkg/socket_server_pkg.egg-info/SOURCES.txt'
writing manifest file '../build/socket_server_pkg/socket_server_pkg.egg-info/SOURCES.txt'
running build
running build_py
running install
running install_lib
running install_data
running install_egg_info
removing '/home/cricchetto/Robomaster_WS/src/install/socket_server_pkg/lib/python3.10/site-packages/socket_server_pkg-0.0.0-py3.10.egg-info' (and everything under it)
Copying ../build/socket_server_pkg/socket_server_pkg.egg-info to /home/cricchetto/Robomaster_WS/src/install/socket_server_pkg/lib/python3.10/site-packages/socket_server_pkg-0.0.0-py3.10.egg-info
running install_scripts
Installing fake_lidar_scan script to /home/cricchetto/Robomaster_WS/src/install/socket_server_pkg/lib/socket_server_pkg
Installing sim_scan_ros2 script to /home/cricchetto/Robomaster_WS/src/install/socket_server_pkg/lib/socket_server_pkg
Installing socket_server script to /home/cricchetto/Robomaster_WS/src/install/socket_server_pkg/lib/socket_server_pkg
writing list of installed files to '/home/cricchetto/Robomaster_WS/src/build/socket_server_pkg/install.log'
