[4.175s] Invoking command in '/home/cricchetto/Robomaster_WS/src/socket_server_pkg': PYTHONPATH=/home/cricchetto/Robomaster_WS/src/build/socket_server_pkg/prefix_override:/usr/lib/python3/dist-packages/colcon_core/task/python/colcon_distutils_commands:/home/cricchetto/Robomaster_WS/src/install/socket_server_pkg/lib/python3.10/site-packages:${PYTHONPATH} /usr/bin/python3 -W ignore:setup.py install is deprecated -W ignore:easy_install command is deprecated setup.py egg_info --egg-base ../build/socket_server_pkg build --build-base /home/cricchetto/Robomaster_WS/src/build/socket_server_pkg/build install --record /home/cricchetto/Robomaster_WS/src/build/socket_server_pkg/install.log --single-version-externally-managed install_data
[5.312s] running egg_info
[5.315s] writing ../build/socket_server_pkg/socket_server_pkg.egg-info/PKG-INFO
[5.317s] writing dependency_links to ../build/socket_server_pkg/socket_server_pkg.egg-info/dependency_links.txt
[5.319s] writing entry points to ../build/socket_server_pkg/socket_server_pkg.egg-info/entry_points.txt
[5.321s] writing requirements to ../build/socket_server_pkg/socket_server_pkg.egg-info/requires.txt
[5.322s] writing top-level names to ../build/socket_server_pkg/socket_server_pkg.egg-info/top_level.txt
[5.330s] reading manifest file '../build/socket_server_pkg/socket_server_pkg.egg-info/SOURCES.txt'
[5.336s] writing manifest file '../build/socket_server_pkg/socket_server_pkg.egg-info/SOURCES.txt'
[5.337s] running build
[5.337s] running build_py
[5.340s] running install
[5.342s] running install_lib
[5.349s] running install_data
[5.350s] running install_egg_info
[5.359s] removing '/home/cricchetto/Robomaster_WS/src/install/socket_server_pkg/lib/python3.10/site-packages/socket_server_pkg-0.0.0-py3.10.egg-info' (and everything under it)
[5.361s] Copying ../build/socket_server_pkg/socket_server_pkg.egg-info to /home/cricchetto/Robomaster_WS/src/install/socket_server_pkg/lib/python3.10/site-packages/socket_server_pkg-0.0.0-py3.10.egg-info
[5.368s] running install_scripts
[5.460s] Installing fake_lidar_scan script to /home/cricchetto/Robomaster_WS/src/install/socket_server_pkg/lib/socket_server_pkg
[5.460s] Installing sim_scan_ros2 script to /home/cricchetto/Robomaster_WS/src/install/socket_server_pkg/lib/socket_server_pkg
[5.462s] Installing socket_server script to /home/cricchetto/Robomaster_WS/src/install/socket_server_pkg/lib/socket_server_pkg
[5.464s] writing list of installed files to '/home/cricchetto/Robomaster_WS/src/build/socket_server_pkg/install.log'
[5.600s] Invoked command in '/home/cricchetto/Robomaster_WS/src/socket_server_pkg' returned '0': PYTHONPATH=/home/cricchetto/Robomaster_WS/src/build/socket_server_pkg/prefix_override:/usr/lib/python3/dist-packages/colcon_core/task/python/colcon_distutils_commands:/home/cricchetto/Robomaster_WS/src/install/socket_server_pkg/lib/python3.10/site-packages:${PYTHONPATH} /usr/bin/python3 -W ignore:setup.py install is deprecated -W ignore:easy_install command is deprecated setup.py egg_info --egg-base ../build/socket_server_pkg build --build-base /home/cricchetto/Robomaster_WS/src/build/socket_server_pkg/build install --record /home/cricchetto/Robomaster_WS/src/build/socket_server_pkg/install.log --single-version-externally-managed install_data
