[6.318s] Invoking command in '/home/cricchetto/Robomaster_WS/src/drift': PYTHONPATH=/home/cricchetto/Robomaster_WS/build/drift/prefix_override:/usr/lib/python3/dist-packages/colcon_core/task/python/colcon_distutils_commands:/home/cricchetto/Robomaster_WS/install/drift/lib/python3.10/site-packages:${PYTHONPATH} /usr/bin/python3 -W ignore:setup.py install is deprecated -W ignore:easy_install command is deprecated setup.py egg_info --egg-base ../../build/drift build --build-base /home/cricchetto/Robomaster_WS/build/drift/build install --record /home/cricchetto/Robomaster_WS/build/drift/install.log --single-version-externally-managed install_data
[7.642s] running egg_info
[7.644s] writing ../../build/drift/drift.egg-info/PKG-INFO
[7.647s] writing dependency_links to ../../build/drift/drift.egg-info/dependency_links.txt
[7.648s] writing entry points to ../../build/drift/drift.egg-info/entry_points.txt
[7.650s] writing requirements to ../../build/drift/drift.egg-info/requires.txt
[7.650s] writing top-level names to ../../build/drift/drift.egg-info/top_level.txt
[7.659s] reading manifest file '../../build/drift/drift.egg-info/SOURCES.txt'
[7.664s] writing manifest file '../../build/drift/drift.egg-info/SOURCES.txt'
[7.665s] running build
[7.666s] running build_py
[7.670s] running install
[7.672s] running install_lib
[7.680s] running install_data
[7.683s] running install_egg_info
[7.693s] removing '/home/cricchetto/Robomaster_WS/install/drift/lib/python3.10/site-packages/drift-0.0.1-py3.10.egg-info' (and everything under it)
[7.695s] Copying ../../build/drift/drift.egg-info to /home/cricchetto/Robomaster_WS/install/drift/lib/python3.10/site-packages/drift-0.0.1-py3.10.egg-info
[7.704s] running install_scripts
[7.854s] Installing drift_circle_node script to /home/cricchetto/Robomaster_WS/install/drift/lib/drift
[7.855s] Installing play_sound_node script to /home/cricchetto/Robomaster_WS/install/drift/lib/drift
[7.858s] writing list of installed files to '/home/cricchetto/Robomaster_WS/build/drift/install.log'
[8.120s] Invoked command in '/home/cricchetto/Robomaster_WS/src/drift' returned '0': PYTHONPATH=/home/cricchetto/Robomaster_WS/build/drift/prefix_override:/usr/lib/python3/dist-packages/colcon_core/task/python/colcon_distutils_commands:/home/cricchetto/Robomaster_WS/install/drift/lib/python3.10/site-packages:${PYTHONPATH} /usr/bin/python3 -W ignore:setup.py install is deprecated -W ignore:easy_install command is deprecated setup.py egg_info --egg-base ../../build/drift build --build-base /home/cricchetto/Robomaster_WS/build/drift/build install --record /home/cricchetto/Robomaster_WS/build/drift/install.log --single-version-externally-managed install_data
