running egg_info
writing ../../build/drift/drift.egg-info/PKG-INFO
writing dependency_links to ../../build/drift/drift.egg-info/dependency_links.txt
writing entry points to ../../build/drift/drift.egg-info/entry_points.txt
writing requirements to ../../build/drift/drift.egg-info/requires.txt
writing top-level names to ../../build/drift/drift.egg-info/top_level.txt
reading manifest file '../../build/drift/drift.egg-info/SOURCES.txt'
writing manifest file '../../build/drift/drift.egg-info/SOURCES.txt'
running build
running build_py
running install
running install_lib
running install_data
running install_egg_info
removing '/home/cricchetto/Robomaster_WS/install/drift/lib/python3.10/site-packages/drift-0.0.1-py3.10.egg-info' (and everything under it)
Copying ../../build/drift/drift.egg-info to /home/cricchetto/Robomaster_WS/install/drift/lib/python3.10/site-packages/drift-0.0.1-py3.10.egg-info
running install_scripts
Installing drift_circle_node script to /home/cricchetto/Robomaster_WS/install/drift/lib/drift
Installing play_sound_node script to /home/cricchetto/Robomaster_WS/install/drift/lib/drift
writing list of installed files to '/home/cricchetto/Robomaster_WS/build/drift/install.log'
