[5.459s] Invoking command in '/home/cricchetto/Robomaster_WS/src/drift': PYTHONPATH=/home/cricchetto/Robomaster_WS/build/drift/prefix_override:/usr/lib/python3/dist-packages/colcon_core/task/python/colcon_distutils_commands:/home/cricchetto/Robomaster_WS/install/drift/lib/python3.10/site-packages:${PYTHONPATH} /usr/bin/python3 -W ignore:setup.py install is deprecated -W ignore:easy_install command is deprecated setup.py egg_info --egg-base ../../build/drift build --build-base /home/cricchetto/Robomaster_WS/build/drift/build install --record /home/cricchetto/Robomaster_WS/build/drift/install.log --single-version-externally-managed install_data
[6.958s] running egg_info
[6.960s] writing ../../build/drift/drift.egg-info/PKG-INFO
[6.962s] writing dependency_links to ../../build/drift/drift.egg-info/dependency_links.txt
[6.964s] writing entry points to ../../build/drift/drift.egg-info/entry_points.txt
[6.974s] writing requirements to ../../build/drift/drift.egg-info/requires.txt
[6.977s] writing top-level names to ../../build/drift/drift.egg-info/top_level.txt
[6.980s] reading manifest file '../../build/drift/drift.egg-info/SOURCES.txt'
[6.992s] writing manifest file '../../build/drift/drift.egg-info/SOURCES.txt'
[6.994s] running build
[6.996s] running build_py
[6.998s] running install
[7.000s] running install_lib
[7.002s] running install_data
[7.004s] running install_egg_info
[7.006s] removing '/home/cricchetto/Robomaster_WS/install/drift/lib/python3.10/site-packages/drift-0.0.1-py3.10.egg-info' (and everything under it)
[7.008s] Copying ../../build/drift/drift.egg-info to /home/cricchetto/Robomaster_WS/install/drift/lib/python3.10/site-packages/drift-0.0.1-py3.10.egg-info
[7.010s] running install_scripts
[7.014s] Installing drift_circle_node script to /home/cricchetto/Robomaster_WS/install/drift/lib/drift
[7.016s] Installing play_sound_node script to /home/cricchetto/Robomaster_WS/install/drift/lib/drift
[7.018s] writing list of installed files to '/home/cricchetto/Robomaster_WS/build/drift/install.log'
[7.284s] Invoked command in '/home/cricchetto/Robomaster_WS/src/drift' returned '0': PYTHONPATH=/home/cricchetto/Robomaster_WS/build/drift/prefix_override:/usr/lib/python3/dist-packages/colcon_core/task/python/colcon_distutils_commands:/home/cricchetto/Robomaster_WS/install/drift/lib/python3.10/site-packages:${PYTHONPATH} /usr/bin/python3 -W ignore:setup.py install is deprecated -W ignore:easy_install command is deprecated setup.py egg_info --egg-base ../../build/drift build --build-base /home/cricchetto/Robomaster_WS/build/drift/build install --record /home/cricchetto/Robomaster_WS/build/drift/install.log --single-version-externally-managed install_data
