[0.938s] Invoking command in '/home/stefano/Robomaster_WS/src/build/robomaster_description': CMAKE_PREFIX_PATH=${CMAKE_PREFIX_PATH}:/home/stefano/Robomaster_WS/src/install/robomaster_ros:/home/stefano/Robomaster_WS/src/install/laser_echo_publisher:/home/stefano/Robomaster_WS/src/install/camera_utils:/home/stefano/Robomaster_WS/install/robomaster_ros:/home/stefano/Robomaster_WS/install/robomaster_ir_publisher:/home/stefano/Robomaster_WS/install/laser_echo_publisher:/home/stefano/Robomaster_WS/install/camera_utils:/home/stefano/turtlebot3_ws/install/turtlebot3_teleop:/home/stefano/turtlebot3_ws/install/turtlebot3_example:/home/stefano/Webots_ros2/install/webots_ros2:/home/stefano/Webots_ros2/install/webots_ros2_universal_robot:/home/stefano/Webots_ros2/install/webots_ros2_turtlebot:/home/stefano/Webots_ros2/install/webots_ros2_tiago:/home/stefano/Webots_ros2/install/webots_ros2_tests:/home/stefano/Webots_ros2/install/webots_ros2_tesla:/home/stefano/Webots_ros2/install/webots_ros2_mavic:/home/stefano/Webots_ros2/install/webots_ros2_husarion:/home/stefano/Webots_ros2/install/webots_ros2_epuck:/home/stefano/Webots_ros2/install/webots_ros2_crazyflie:/home/stefano/Webots_ros2/install/webots_ros2_importer:/opt/ros/humble /usr/bin/cmake --build /home/stefano/Robomaster_WS/src/build/robomaster_description -- -j8 -l8
[1.183s] Invoked command in '/home/stefano/Robomaster_WS/src/build/robomaster_description' returned '0': CMAKE_PREFIX_PATH=${CMAKE_PREFIX_PATH}:/home/stefano/Robomaster_WS/src/install/robomaster_ros:/home/stefano/Robomaster_WS/src/install/laser_echo_publisher:/home/stefano/Robomaster_WS/src/install/camera_utils:/home/stefano/Robomaster_WS/install/robomaster_ros:/home/stefano/Robomaster_WS/install/robomaster_ir_publisher:/home/stefano/Robomaster_WS/install/laser_echo_publisher:/home/stefano/Robomaster_WS/install/camera_utils:/home/stefano/turtlebot3_ws/install/turtlebot3_teleop:/home/stefano/turtlebot3_ws/install/turtlebot3_example:/home/stefano/Webots_ros2/install/webots_ros2:/home/stefano/Webots_ros2/install/webots_ros2_universal_robot:/home/stefano/Webots_ros2/install/webots_ros2_turtlebot:/home/stefano/Webots_ros2/install/webots_ros2_tiago:/home/stefano/Webots_ros2/install/webots_ros2_tests:/home/stefano/Webots_ros2/install/webots_ros2_tesla:/home/stefano/Webots_ros2/install/webots_ros2_mavic:/home/stefano/Webots_ros2/install/webots_ros2_husarion:/home/stefano/Webots_ros2/install/webots_ros2_epuck:/home/stefano/Webots_ros2/install/webots_ros2_crazyflie:/home/stefano/Webots_ros2/install/webots_ros2_importer:/opt/ros/humble /usr/bin/cmake --build /home/stefano/Robomaster_WS/src/build/robomaster_description -- -j8 -l8
[1.246s] Invoking command in '/home/stefano/Robomaster_WS/src/build/robomaster_description': CMAKE_PREFIX_PATH=${CMAKE_PREFIX_PATH}:/home/stefano/Robomaster_WS/src/install/robomaster_ros:/home/stefano/Robomaster_WS/src/install/laser_echo_publisher:/home/stefano/Robomaster_WS/src/install/camera_utils:/home/stefano/Robomaster_WS/install/robomaster_ros:/home/stefano/Robomaster_WS/install/robomaster_ir_publisher:/home/stefano/Robomaster_WS/install/laser_echo_publisher:/home/stefano/Robomaster_WS/install/camera_utils:/home/stefano/turtlebot3_ws/install/turtlebot3_teleop:/home/stefano/turtlebot3_ws/install/turtlebot3_example:/home/stefano/Webots_ros2/install/webots_ros2:/home/stefano/Webots_ros2/install/webots_ros2_universal_robot:/home/stefano/Webots_ros2/install/webots_ros2_turtlebot:/home/stefano/Webots_ros2/install/webots_ros2_tiago:/home/stefano/Webots_ros2/install/webots_ros2_tests:/home/stefano/Webots_ros2/install/webots_ros2_tesla:/home/stefano/Webots_ros2/install/webots_ros2_mavic:/home/stefano/Webots_ros2/install/webots_ros2_husarion:/home/stefano/Webots_ros2/install/webots_ros2_epuck:/home/stefano/Webots_ros2/install/webots_ros2_crazyflie:/home/stefano/Webots_ros2/install/webots_ros2_importer:/opt/ros/humble /usr/bin/cmake --install /home/stefano/Robomaster_WS/src/build/robomaster_description
[1.298s] -- Install configuration: ""
[1.308s] -- Up-to-date: /home/stefano/Robomaster_WS/src/install/robomaster_description/share/robomaster_description/urdf
[1.309s] -- Up-to-date: /home/stefano/Robomaster_WS/src/install/robomaster_description/share/robomaster_description/urdf/robomaster_s1.urdf.xacro
[1.309s] -- Up-to-date: /home/stefano/Robomaster_WS/src/install/robomaster_description/share/robomaster_description/urdf/base.urdf.xacro
[1.309s] -- Up-to-date: /home/stefano/Robomaster_WS/src/install/robomaster_description/share/robomaster_description/urdf/gimbal.urdf.xacro
[1.309s] -- Up-to-date: /home/stefano/Robomaster_WS/src/install/robomaster_description/share/robomaster_description/urdf/gripper.urdf.xacro
[1.309s] -- Up-to-date: /home/stefano/Robomaster_WS/src/install/robomaster_description/share/robomaster_description/urdf/extension.urdf.xacro
[1.309s] -- Up-to-date: /home/stefano/Robomaster_WS/src/install/robomaster_description/share/robomaster_description/urdf/model.urdf
[1.310s] -- Up-to-date: /home/stefano/Robomaster_WS/src/install/robomaster_description/share/robomaster_description/urdf/wheel.urdf.xacro
[1.310s] -- Up-to-date: /home/stefano/Robomaster_WS/src/install/robomaster_description/share/robomaster_description/urdf/led.urdf.xacro
[1.310s] -- Up-to-date: /home/stefano/Robomaster_WS/src/install/robomaster_description/share/robomaster_description/urdf/tof.urdf.xacro
[1.310s] -- Up-to-date: /home/stefano/Robomaster_WS/src/install/robomaster_description/share/robomaster_description/urdf/arm.urdf.xacro
[1.310s] -- Up-to-date: /home/stefano/Robomaster_WS/src/install/robomaster_description/share/robomaster_description/urdf/camera.urdf.xacro
[1.319s] -- Up-to-date: /home/stefano/Robomaster_WS/src/install/robomaster_description/share/robomaster_description/urdf/intelligent_controller.urdf.xacro
[1.320s] -- Up-to-date: /home/stefano/Robomaster_WS/src/install/robomaster_description/share/robomaster_description/urdf/robomaster_ep.urdf.xacro
[1.322s] -- Up-to-date: /home/stefano/Robomaster_WS/src/install/robomaster_description/share/robomaster_description/launch
[1.322s] -- Up-to-date: /home/stefano/Robomaster_WS/src/install/robomaster_description/share/robomaster_description/launch/model.launch.py
[1.323s] -- Up-to-date: /home/stefano/Robomaster_WS/src/install/robomaster_description/share/robomaster_description/launch/main.launch
[1.323s] -- Up-to-date: /home/stefano/Robomaster_WS/src/install/robomaster_description/share/robomaster_description/launch/robomaster_view.launch.py
[1.323s] -- Up-to-date: /home/stefano/Robomaster_WS/src/install/robomaster_description/share/robomaster_description/meshes
[1.323s] -- Up-to-date: /home/stefano/Robomaster_WS/src/install/robomaster_description/share/robomaster_description/meshes/gripper_left_6.dae
[1.325s] -- Up-to-date: /home/stefano/Robomaster_WS/src/install/robomaster_description/share/robomaster_description/meshes/arm_1.dae
[1.325s] -- Up-to-date: /home/stefano/Robomaster_WS/src/install/robomaster_description/share/robomaster_description/meshes/gimbal_right_led7.dae
[1.325s] -- Up-to-date: /home/stefano/Robomaster_WS/src/install/robomaster_description/share/robomaster_description/meshes/gimbal_base.dae
[1.325s] -- Up-to-date: /home/stefano/Robomaster_WS/src/install/robomaster_description/share/robomaster_description/meshes/gimbal.dae
[1.326s] -- Up-to-date: /home/stefano/Robomaster_WS/src/install/robomaster_description/share/robomaster_description/meshes/gripper_left_collision.dae
[1.326s] -- Up-to-date: /home/stefano/Robomaster_WS/src/install/robomaster_description/share/robomaster_description/meshes/right_gripper_5.dae
[1.326s] -- Up-to-date: /home/stefano/Robomaster_WS/src/install/robomaster_description/share/robomaster_description/meshes/gimbal_right_led_0.dae
[1.326s] -- Up-to-date: /home/stefano/Robomaster_WS/src/install/robomaster_description/share/robomaster_description/meshes/controller.dae
[1.326s] -- Up-to-date: /home/stefano/Robomaster_WS/src/install/robomaster_description/share/robomaster_description/meshes/gimbal_left_led_6.dae
[1.326s] -- Up-to-date: /home/stefano/Robomaster_WS/src/install/robomaster_description/share/robomaster_description/meshes/gimbal_right_led_5.dae
[1.327s] -- Up-to-date: /home/stefano/Robomaster_WS/src/install/robomaster_description/share/robomaster_description/meshes/right_gripper_6_collision.dae
[1.327s] -- Up-to-date: /home/stefano/Robomaster_WS/src/install/robomaster_description/share/robomaster_description/meshes/arm_base.dae
[1.327s] -- Up-to-date: /home/stefano/Robomaster_WS/src/install/robomaster_description/share/robomaster_description/meshes/EP_all_01_b.png
[1.327s] -- Up-to-date: /home/stefano/Robomaster_WS/src/install/robomaster_description/share/robomaster_description/meshes/gimbal_left_led_1.dae
[1.327s] -- Up-to-date: /home/stefano/Robomaster_WS/src/install/robomaster_description/share/robomaster_description/meshes/left_hit_sensor.dae
[1.328s] -- Up-to-date: /home/stefano/Robomaster_WS/src/install/robomaster_description/share/robomaster_description/meshes/gimbal_right_led_4.dae
[1.328s] -- Up-to-date: /home/stefano/Robomaster_WS/src/install/robomaster_description/share/robomaster_description/meshes/controller_cover.dae
[1.329s] -- Up-to-date: /home/stefano/Robomaster_WS/src/install/robomaster_description/share/robomaster_description/meshes/endpoint_bracket.dae
[1.329s] -- Up-to-date: /home/stefano/Robomaster_WS/src/install/robomaster_description/share/robomaster_description/meshes/right_gripper_7_collision.dae
[1.330s] -- Up-to-date: /home/stefano/Robomaster_WS/src/install/robomaster_description/share/robomaster_description/meshes/right_gripper_7.dae
[1.330s] -- Up-to-date: /home/stefano/Robomaster_WS/src/install/robomaster_description/share/robomaster_description/meshes/right_gripper_6.dae
[1.331s] -- Up-to-date: /home/stefano/Robomaster_WS/src/install/robomaster_description/share/robomaster_description/meshes/arm_1_collision.dae
[1.331s] -- Up-to-date: /home/stefano/Robomaster_WS/src/install/robomaster_description/share/robomaster_description/meshes/arm_2.dae
[1.335s] -- Up-to-date: /home/stefano/Robomaster_WS/src/install/robomaster_description/share/robomaster_description/meshes/gimbal_right_led_2.dae
[1.336s] -- Up-to-date: /home/stefano/Robomaster_WS/src/install/robomaster_description/share/robomaster_description/meshes/blaster_gun_collision.dae
[1.336s] -- Up-to-date: /home/stefano/Robomaster_WS/src/install/robomaster_description/share/robomaster_description/meshes/left_led.dae
[1.337s] -- Up-to-date: /home/stefano/Robomaster_WS/src/install/robomaster_description/share/robomaster_description/meshes/front_led.dae
[1.337s] -- Up-to-date: /home/stefano/Robomaster_WS/src/install/robomaster_description/share/robomaster_description/meshes/speaker.dae
[1.337s] -- Up-to-date: /home/stefano/Robomaster_WS/src/install/robomaster_description/share/robomaster_description/meshes/right_gripper_4.dae
[1.338s] -- Up-to-date: /home/stefano/Robomaster_WS/src/install/robomaster_description/share/robomaster_description/meshes/right_gripper_1.dae
[1.338s] -- Up-to-date: /home/stefano/Robomaster_WS/src/install/robomaster_description/share/robomaster_description/meshes/battery_pin_right.dae
[1.338s] -- Up-to-date: /home/stefano/Robomaster_WS/src/install/robomaster_description/share/robomaster_description/meshes/arm_2_bar_1.dae
[1.339s] -- Up-to-date: /home/stefano/Robomaster_WS/src/install/robomaster_description/share/robomaster_description/meshes/chassis.dae
[1.339s] -- Up-to-date: /home/stefano/Robomaster_WS/src/install/robomaster_description/share/robomaster_description/meshes/gimbal_right_led_3.dae
[1.340s] -- Up-to-date: /home/stefano/Robomaster_WS/src/install/robomaster_description/share/robomaster_description/meshes/led.dae
[1.340s] -- Up-to-date: /home/stefano/Robomaster_WS/src/install/robomaster_description/share/robomaster_description/meshes/battery_pin_left.dae
[1.341s] -- Up-to-date: /home/stefano/Robomaster_WS/src/install/robomaster_description/share/robomaster_description/meshes/gimbal_collision.dae
[1.342s] -- Up-to-date: /home/stefano/Robomaster_WS/src/install/robomaster_description/share/robomaster_description/meshes/base_collision.dae
[1.342s] -- Up-to-date: /home/stefano/Robomaster_WS/src/install/robomaster_description/share/robomaster_description/meshes/extension_support.dae
[1.343s] -- Up-to-date: /home/stefano/Robomaster_WS/src/install/robomaster_description/share/robomaster_description/meshes/rod_2_collision.dae
[1.343s] -- Up-to-date: /home/stefano/Robomaster_WS/src/install/robomaster_description/share/robomaster_description/meshes/rod.dae
[1.345s] -- Up-to-date: /home/stefano/Robomaster_WS/src/install/robomaster_description/share/robomaster_description/meshes/right_gripper_5_collision.dae
[1.345s] -- Up-to-date: /home/stefano/Robomaster_WS/src/install/robomaster_description/share/robomaster_description/meshes/gimbal_left_led_5.dae
[1.346s] -- Up-to-date: /home/stefano/Robomaster_WS/src/install/robomaster_description/share/robomaster_description/meshes/rod_1_collision.dae
[1.346s] -- Up-to-date: /home/stefano/Robomaster_WS/src/install/robomaster_description/share/robomaster_description/meshes/gimbal_base_collision.dae
[1.347s] -- Up-to-date: /home/stefano/Robomaster_WS/src/install/robomaster_description/share/robomaster_description/meshes/front_right_wheel.dae
[1.347s] -- Up-to-date: /home/stefano/Robomaster_WS/src/install/robomaster_description/share/robomaster_description/meshes/arm_base_collision.dae
[1.347s] -- Up-to-date: /home/stefano/Robomaster_WS/src/install/robomaster_description/share/robomaster_description/meshes/arm_2_collision.dae
[1.348s] -- Up-to-date: /home/stefano/Robomaster_WS/src/install/robomaster_description/share/robomaster_description/meshes/front_left_wheel.dae
[1.348s] -- Up-to-date: /home/stefano/Robomaster_WS/src/install/robomaster_description/share/robomaster_description/meshes/gimbal_left_led_3.dae
[1.349s] -- Up-to-date: /home/stefano/Robomaster_WS/src/install/robomaster_description/share/robomaster_description/meshes/TOP_Base_Color.png
[1.350s] -- Up-to-date: /home/stefano/Robomaster_WS/src/install/robomaster_description/share/robomaster_description/meshes/front_hit_sensor.dae
[1.350s] -- Up-to-date: /home/stefano/Robomaster_WS/src/install/robomaster_description/share/robomaster_description/meshes/gimbal_right_led_6.dae
[1.350s] -- Up-to-date: /home/stefano/Robomaster_WS/src/install/robomaster_description/share/robomaster_description/meshes/triangle_collision.dae
[1.350s] -- Up-to-date: /home/stefano/Robomaster_WS/src/install/robomaster_description/share/robomaster_description/meshes/right_gripper_4_collision.dae
[1.350s] -- Up-to-date: /home/stefano/Robomaster_WS/src/install/robomaster_description/share/robomaster_description/meshes/gripper_left_1.dae
[1.351s] -- Up-to-date: /home/stefano/Robomaster_WS/src/install/robomaster_description/share/robomaster_description/meshes/right_hit_sensor.dae
[1.351s] -- Up-to-date: /home/stefano/Robomaster_WS/src/install/robomaster_description/share/robomaster_description/meshes/gimbal_right_armor.dae
[1.352s] -- Up-to-date: /home/stefano/Robomaster_WS/src/install/robomaster_description/share/robomaster_description/meshes/TOP_Normal_OpenGL.png.001.png
[1.353s] -- Up-to-date: /home/stefano/Robomaster_WS/src/install/robomaster_description/share/robomaster_description/meshes/gimbal_left_armor.dae
[1.353s] -- Up-to-date: /home/stefano/Robomaster_WS/src/install/robomaster_description/share/robomaster_description/meshes/gimbal_left_led_4.dae
[1.353s] -- Up-to-date: /home/stefano/Robomaster_WS/src/install/robomaster_description/share/robomaster_description/meshes/extension_base.dae
[1.355s] -- Up-to-date: /home/stefano/Robomaster_WS/src/install/robomaster_description/share/robomaster_description/meshes/blaster_gun.dae
[1.356s] -- Up-to-date: /home/stefano/Robomaster_WS/src/install/robomaster_description/share/robomaster_description/meshes/rod_1.dae
[1.356s] -- Up-to-date: /home/stefano/Robomaster_WS/src/install/robomaster_description/share/robomaster_description/meshes/camera.dae
[1.356s] -- Up-to-date: /home/stefano/Robomaster_WS/src/install/robomaster_description/share/robomaster_description/meshes/gripper_left_4.dae
[1.357s] -- Up-to-date: /home/stefano/Robomaster_WS/src/install/robomaster_description/share/robomaster_description/meshes/gripper_left_5_collision.dae
[1.358s] -- Up-to-date: /home/stefano/Robomaster_WS/src/install/robomaster_description/share/robomaster_description/meshes/gimbal_right_led_7.dae
[1.359s] -- Up-to-date: /home/stefano/Robomaster_WS/src/install/robomaster_description/share/robomaster_description/meshes/gimbal_right_led.dae
[1.359s] -- Up-to-date: /home/stefano/Robomaster_WS/src/install/robomaster_description/share/robomaster_description/meshes/rear_right_wheel.dae
[1.365s] -- Up-to-date: /home/stefano/Robomaster_WS/src/install/robomaster_description/share/robomaster_description/meshes/gimbal_left_led_7.dae
[1.365s] -- Up-to-date: /home/stefano/Robomaster_WS/src/install/robomaster_description/share/robomaster_description/meshes/gripper_left_2.dae
[1.365s] -- Up-to-date: /home/stefano/Robomaster_WS/src/install/robomaster_description/share/robomaster_description/meshes/blaster_top.dae
[1.366s] -- Up-to-date: /home/stefano/Robomaster_WS/src/install/robomaster_description/share/robomaster_description/meshes/blaster_magazin.dae
[1.366s] -- Up-to-date: /home/stefano/Robomaster_WS/src/install/robomaster_description/share/robomaster_description/meshes/speaker_collision.dae
[1.368s] -- Up-to-date: /home/stefano/Robomaster_WS/src/install/robomaster_description/share/robomaster_description/meshes/rod_3_collision.dae
[1.368s] -- Up-to-date: /home/stefano/Robomaster_WS/src/install/robomaster_description/share/robomaster_description/meshes/gripper_left_4_collision.dae
[1.368s] -- Up-to-date: /home/stefano/Robomaster_WS/src/install/robomaster_description/share/robomaster_description/meshes/gripper_left_6_collision.dae
[1.369s] -- Up-to-date: /home/stefano/Robomaster_WS/src/install/robomaster_description/share/robomaster_description/meshes/triangle.dae
[1.369s] -- Up-to-date: /home/stefano/Robomaster_WS/src/install/robomaster_description/share/robomaster_description/meshes/gimbal_left_led_2.dae
[1.369s] -- Up-to-date: /home/stefano/Robomaster_WS/src/install/robomaster_description/share/robomaster_description/meshes/wifi_antenna_left.dae
[1.369s] -- Up-to-date: /home/stefano/Robomaster_WS/src/install/robomaster_description/share/robomaster_description/meshes/left_servo.dae
[1.369s] -- Up-to-date: /home/stefano/Robomaster_WS/src/install/robomaster_description/share/robomaster_description/meshes/arm_1_cylinder.dae
[1.369s] -- Up-to-date: /home/stefano/Robomaster_WS/src/install/robomaster_description/share/robomaster_description/meshes/TOP_Base_Color.png.001.png
[1.370s] -- Up-to-date: /home/stefano/Robomaster_WS/src/install/robomaster_description/share/robomaster_description/meshes/blaster_top_collision.dae
[1.372s] -- Up-to-date: /home/stefano/Robomaster_WS/src/install/robomaster_description/share/robomaster_description/meshes/rod_collision.dae
[1.373s] -- Up-to-date: /home/stefano/Robomaster_WS/src/install/robomaster_description/share/robomaster_description/meshes/gimbal_left_led.dae
[1.373s] -- Up-to-date: /home/stefano/Robomaster_WS/src/install/robomaster_description/share/robomaster_description/meshes/arm_2_bar_2.dae
[1.374s] -- Up-to-date: /home/stefano/Robomaster_WS/src/install/robomaster_description/share/robomaster_description/meshes/hit_sensor.dae
[1.375s] -- Up-to-date: /home/stefano/Robomaster_WS/src/install/robomaster_description/share/robomaster_description/meshes/gripper_base.dae
[1.375s] -- Up-to-date: /home/stefano/Robomaster_WS/src/install/robomaster_description/share/robomaster_description/meshes/wheel.dae
[1.375s] -- Up-to-date: /home/stefano/Robomaster_WS/src/install/robomaster_description/share/robomaster_description/meshes/blaster_magazin_collision.dae
[1.375s] -- Up-to-date: /home/stefano/Robomaster_WS/src/install/robomaster_description/share/robomaster_description/meshes/rear_led.dae
[1.376s] -- Up-to-date: /home/stefano/Robomaster_WS/src/install/robomaster_description/share/robomaster_description/meshes/endpoint_bracket_collision.dae
[1.377s] -- Up-to-date: /home/stefano/Robomaster_WS/src/install/robomaster_description/share/robomaster_description/meshes/battery.dae
[1.377s] -- Up-to-date: /home/stefano/Robomaster_WS/src/install/robomaster_description/share/robomaster_description/meshes/armor.dae
[1.378s] -- Up-to-date: /home/stefano/Robomaster_WS/src/install/robomaster_description/share/robomaster_description/meshes/gripper_left_5.dae
[1.379s] -- Up-to-date: /home/stefano/Robomaster_WS/src/install/robomaster_description/share/robomaster_description/meshes/gripper_left_2_collision.dae
[1.379s] -- Up-to-date: /home/stefano/Robomaster_WS/src/install/robomaster_description/share/robomaster_description/meshes/rod_3.dae
[1.379s] -- Up-to-date: /home/stefano/Robomaster_WS/src/install/robomaster_description/share/robomaster_description/meshes/gripper_left_7.dae
[1.379s] -- Up-to-date: /home/stefano/Robomaster_WS/src/install/robomaster_description/share/robomaster_description/meshes/right_gripper_2_collision.dae
[1.380s] -- Up-to-date: /home/stefano/Robomaster_WS/src/install/robomaster_description/share/robomaster_description/meshes/TOP_Normal_OpenGL.png
[1.381s] -- Up-to-date: /home/stefano/Robomaster_WS/src/install/robomaster_description/share/robomaster_description/meshes/blaster_bug.dae
[1.383s] -- Up-to-date: /home/stefano/Robomaster_WS/src/install/robomaster_description/share/robomaster_description/meshes/gimbal_left_led_0.dae
[1.384s] -- Up-to-date: /home/stefano/Robomaster_WS/src/install/robomaster_description/share/robomaster_description/meshes/right_gripper_2.dae
[1.384s] -- Up-to-date: /home/stefano/Robomaster_WS/src/install/robomaster_description/share/robomaster_description/meshes/rod_2.dae
[1.386s] -- Up-to-date: /home/stefano/Robomaster_WS/src/install/robomaster_description/share/robomaster_description/meshes/gimbal_side.dae
[1.386s] -- Up-to-date: /home/stefano/Robomaster_WS/src/install/robomaster_description/share/robomaster_description/meshes/right_led.dae
[1.387s] -- Up-to-date: /home/stefano/Robomaster_WS/src/install/robomaster_description/share/robomaster_description/meshes/wifi_antenna_right.dae
[1.388s] -- Up-to-date: /home/stefano/Robomaster_WS/src/install/robomaster_description/share/robomaster_description/meshes/rear_left_wheel.dae
[1.388s] -- Up-to-date: /home/stefano/Robomaster_WS/src/install/robomaster_description/share/robomaster_description/meshes/gimbal_right_led_1.dae
[1.388s] -- Up-to-date: /home/stefano/Robomaster_WS/src/install/robomaster_description/share/robomaster_description/meshes/gripper_base_collision.dae
[1.389s] -- Up-to-date: /home/stefano/Robomaster_WS/src/install/robomaster_description/share/robomaster_description/meshes/intelligent_controller.dae
[1.389s] -- Up-to-date: /home/stefano/Robomaster_WS/src/install/robomaster_description/share/robomaster_description/meshes/right_servo.dae
[1.389s] -- Up-to-date: /home/stefano/Robomaster_WS/src/install/robomaster_description/share/robomaster_description/meshes/rear_hit_sensor.dae
[1.390s] -- Up-to-date: /home/stefano/Robomaster_WS/src/install/robomaster_description/share/ament_index/resource_index/package_run_dependencies/robomaster_description
[1.390s] -- Up-to-date: /home/stefano/Robomaster_WS/src/install/robomaster_description/share/ament_index/resource_index/parent_prefix_path/robomaster_description
[1.397s] -- Up-to-date: /home/stefano/Robomaster_WS/src/install/robomaster_description/share/robomaster_description/environment/ament_prefix_path.sh
[1.397s] -- Up-to-date: /home/stefano/Robomaster_WS/src/install/robomaster_description/share/robomaster_description/environment/ament_prefix_path.dsv
[1.398s] -- Up-to-date: /home/stefano/Robomaster_WS/src/install/robomaster_description/share/robomaster_description/environment/path.sh
[1.398s] -- Up-to-date: /home/stefano/Robomaster_WS/src/install/robomaster_description/share/robomaster_description/environment/path.dsv
[1.398s] -- Up-to-date: /home/stefano/Robomaster_WS/src/install/robomaster_description/share/robomaster_description/local_setup.bash
[1.399s] -- Up-to-date: /home/stefano/Robomaster_WS/src/install/robomaster_description/share/robomaster_description/local_setup.sh
[1.399s] -- Up-to-date: /home/stefano/Robomaster_WS/src/install/robomaster_description/share/robomaster_description/local_setup.zsh
[1.400s] -- Up-to-date: /home/stefano/Robomaster_WS/src/install/robomaster_description/share/robomaster_description/local_setup.dsv
[1.400s] -- Installing: /home/stefano/Robomaster_WS/src/install/robomaster_description/share/robomaster_description/package.dsv
[1.400s] -- Up-to-date: /home/stefano/Robomaster_WS/src/install/robomaster_description/share/ament_index/resource_index/packages/robomaster_description
[1.401s] -- Up-to-date: /home/stefano/Robomaster_WS/src/install/robomaster_description/share/robomaster_description/cmake/robomaster_descriptionConfig.cmake
[1.401s] -- Up-to-date: /home/stefano/Robomaster_WS/src/install/robomaster_description/share/robomaster_description/cmake/robomaster_descriptionConfig-version.cmake
[1.402s] -- Up-to-date: /home/stefano/Robomaster_WS/src/install/robomaster_description/share/robomaster_description/package.xml
[1.402s] Invoked command in '/home/stefano/Robomaster_WS/src/build/robomaster_description' returned '0': CMAKE_PREFIX_PATH=${CMAKE_PREFIX_PATH}:/home/stefano/Robomaster_WS/src/install/robomaster_ros:/home/stefano/Robomaster_WS/src/install/laser_echo_publisher:/home/stefano/Robomaster_WS/src/install/camera_utils:/home/stefano/Robomaster_WS/install/robomaster_ros:/home/stefano/Robomaster_WS/install/robomaster_ir_publisher:/home/stefano/Robomaster_WS/install/laser_echo_publisher:/home/stefano/Robomaster_WS/install/camera_utils:/home/stefano/turtlebot3_ws/install/turtlebot3_teleop:/home/stefano/turtlebot3_ws/install/turtlebot3_example:/home/stefano/Webots_ros2/install/webots_ros2:/home/stefano/Webots_ros2/install/webots_ros2_universal_robot:/home/stefano/Webots_ros2/install/webots_ros2_turtlebot:/home/stefano/Webots_ros2/install/webots_ros2_tiago:/home/stefano/Webots_ros2/install/webots_ros2_tests:/home/stefano/Webots_ros2/install/webots_ros2_tesla:/home/stefano/Webots_ros2/install/webots_ros2_mavic:/home/stefano/Webots_ros2/install/webots_ros2_husarion:/home/stefano/Webots_ros2/install/webots_ros2_epuck:/home/stefano/Webots_ros2/install/webots_ros2_crazyflie:/home/stefano/Webots_ros2/install/webots_ros2_importer:/opt/ros/humble /usr/bin/cmake --install /home/stefano/Robomaster_WS/src/build/robomaster_description
