[7.319s] Invoking command in '/home/cricchetto/Robomaster_WS/src/drift': PYTHONPATH=/home/cricchetto/Robomaster_WS/build/drift/prefix_override:/usr/lib/python3/dist-packages/colcon_core/task/python/colcon_distutils_commands:/home/cricchetto/Robomaster_WS/install/drift/lib/python3.10/site-packages:${PYTHONPATH} /usr/bin/python3 -W ignore:setup.py install is deprecated -W ignore:easy_install command is deprecated setup.py egg_info --egg-base ../../build/drift build --build-base /home/cricchetto/Robomaster_WS/build/drift/build install --record /home/cricchetto/Robomaster_WS/build/drift/install.log --single-version-externally-managed install_data
[8.650s] running egg_info
[8.653s] writing ../../build/drift/drift.egg-info/PKG-INFO
[8.656s] writing dependency_links to ../../build/drift/drift.egg-info/dependency_links.txt
[8.658s] writing entry points to ../../build/drift/drift.egg-info/entry_points.txt
[8.659s] writing requirements to ../../build/drift/drift.egg-info/requires.txt
[8.660s] writing top-level names to ../../build/drift/drift.egg-info/top_level.txt
[8.669s] reading manifest file '../../build/drift/drift.egg-info/SOURCES.txt'
[8.675s] writing manifest file '../../build/drift/drift.egg-info/SOURCES.txt'
[8.677s] running build
[8.677s] running build_py
[8.682s] running install
[8.684s] running install_lib
[8.691s] running install_data
[8.694s] running install_egg_info
[8.704s] removing '/home/cricchetto/Robomaster_WS/install/drift/lib/python3.10/site-packages/drift-0.0.1-py3.10.egg-info' (and everything under it)
[8.707s] Copying ../../build/drift/drift.egg-info to /home/cricchetto/Robomaster_WS/install/drift/lib/python3.10/site-packages/drift-0.0.1-py3.10.egg-info
[8.715s] running install_scripts
[8.820s] Installing drift_circle_node script to /home/cricchetto/Robomaster_WS/install/drift/lib/drift
[8.823s] Installing play_sound_node script to /home/cricchetto/Robomaster_WS/install/drift/lib/drift
[8.825s] writing list of installed files to '/home/cricchetto/Robomaster_WS/build/drift/install.log'
[9.079s] Invoked command in '/home/cricchetto/Robomaster_WS/src/drift' returned '0': PYTHONPATH=/home/cricchetto/Robomaster_WS/build/drift/prefix_override:/usr/lib/python3/dist-packages/colcon_core/task/python/colcon_distutils_commands:/home/cricchetto/Robomaster_WS/install/drift/lib/python3.10/site-packages:${PYTHONPATH} /usr/bin/python3 -W ignore:setup.py install is deprecated -W ignore:easy_install command is deprecated setup.py egg_info --egg-base ../../build/drift build --build-base /home/cricchetto/Robomaster_WS/build/drift/build install --record /home/cricchetto/Robomaster_WS/build/drift/install.log --single-version-externally-managed install_data
