[2.101s] Invoking command in '/home/stefano/Robomaster_WS/src/camera_utils': PYTHONPATH=/home/stefano/Robomaster_WS/src/build/camera_utils/prefix_override:/usr/lib/python3/dist-packages/colcon_core/task/python/colcon_distutils_commands:/home/stefano/Robomaster_WS/src/install/camera_utils/lib/python3.10/site-packages:${PYTHONPATH} /usr/bin/python3 -W ignore:setup.py install is deprecated -W ignore:easy_install command is deprecated setup.py egg_info --egg-base ../build/camera_utils build --build-base /home/stefano/Robomaster_WS/src/build/camera_utils/build install --record /home/stefano/Robomaster_WS/src/build/camera_utils/install.log --single-version-externally-managed install_data
[2.980s] running egg_info
[2.980s] writing ../build/camera_utils/camera_utils.egg-info/PKG-INFO
[2.980s] writing dependency_links to ../build/camera_utils/camera_utils.egg-info/dependency_links.txt
[2.981s] writing entry points to ../build/camera_utils/camera_utils.egg-info/entry_points.txt
[2.981s] writing requirements to ../build/camera_utils/camera_utils.egg-info/requires.txt
[2.984s] writing top-level names to ../build/camera_utils/camera_utils.egg-info/top_level.txt
[2.988s] reading manifest file '../build/camera_utils/camera_utils.egg-info/SOURCES.txt'
[2.988s] writing manifest file '../build/camera_utils/camera_utils.egg-info/SOURCES.txt'
[2.989s] running build
[2.989s] running build_py
[2.990s] running install
[2.990s] running install_lib
[2.994s] running install_data
[2.997s] running install_egg_info
[3.006s] removing '/home/stefano/Robomaster_WS/src/install/camera_utils/lib/python3.10/site-packages/camera_utils-0.0.0-py3.10.egg-info' (and everything under it)
[3.006s] Copying ../build/camera_utils/camera_utils.egg-info to /home/stefano/Robomaster_WS/src/install/camera_utils/lib/python3.10/site-packages/camera_utils-0.0.0-py3.10.egg-info
[3.008s] running install_scripts
[3.077s] Installing camera_republisher script to /home/stefano/Robomaster_WS/src/install/camera_utils/lib/camera_utils
[3.079s] writing list of installed files to '/home/stefano/Robomaster_WS/src/build/camera_utils/install.log'
[3.332s] Invoked command in '/home/stefano/Robomaster_WS/src/camera_utils' returned '0': PYTHONPATH=/home/stefano/Robomaster_WS/src/build/camera_utils/prefix_override:/usr/lib/python3/dist-packages/colcon_core/task/python/colcon_distutils_commands:/home/stefano/Robomaster_WS/src/install/camera_utils/lib/python3.10/site-packages:${PYTHONPATH} /usr/bin/python3 -W ignore:setup.py install is deprecated -W ignore:easy_install command is deprecated setup.py egg_info --egg-base ../build/camera_utils build --build-base /home/stefano/Robomaster_WS/src/build/camera_utils/build install --record /home/stefano/Robomaster_WS/src/build/camera_utils/install.log --single-version-externally-managed install_data
