[6.813s] Invoking command in '/home/cricchetto/Robomaster_WS/src/drift': PYTHONPATH=/home/cricchetto/Robomaster_WS/build/drift/prefix_override:/usr/lib/python3/dist-packages/colcon_core/task/python/colcon_distutils_commands:/home/cricchetto/Robomaster_WS/install/drift/lib/python3.10/site-packages:${PYTHONPATH} /usr/bin/python3 -W ignore:setup.py install is deprecated -W ignore:easy_install command is deprecated setup.py egg_info --egg-base ../../build/drift build --build-base /home/cricchetto/Robomaster_WS/build/drift/build install --record /home/cricchetto/Robomaster_WS/build/drift/install.log --single-version-externally-managed install_data
[8.163s] running egg_info
[8.166s] writing ../../build/drift/drift.egg-info/PKG-INFO
[8.167s] writing dependency_links to ../../build/drift/drift.egg-info/dependency_links.txt
[8.170s] writing entry points to ../../build/drift/drift.egg-info/entry_points.txt
[8.173s] writing requirements to ../../build/drift/drift.egg-info/requires.txt
[8.174s] writing top-level names to ../../build/drift/drift.egg-info/top_level.txt
[8.179s] reading manifest file '../../build/drift/drift.egg-info/SOURCES.txt'
[8.183s] writing manifest file '../../build/drift/drift.egg-info/SOURCES.txt'
[8.185s] running build
[8.185s] running build_py
[8.188s] running install
[8.189s] running install_lib
[8.197s] running install_data
[8.198s] running install_egg_info
[8.207s] removing '/home/cricchetto/Robomaster_WS/install/drift/lib/python3.10/site-packages/drift-0.0.1-py3.10.egg-info' (and everything under it)
[8.209s] Copying ../../build/drift/drift.egg-info to /home/cricchetto/Robomaster_WS/install/drift/lib/python3.10/site-packages/drift-0.0.1-py3.10.egg-info
[8.217s] running install_scripts
[8.332s] Installing drift_circle_node script to /home/cricchetto/Robomaster_WS/install/drift/lib/drift
[8.334s] Installing play_sound_node script to /home/cricchetto/Robomaster_WS/install/drift/lib/drift
[8.338s] writing list of installed files to '/home/cricchetto/Robomaster_WS/build/drift/install.log'
[8.568s] Invoked command in '/home/cricchetto/Robomaster_WS/src/drift' returned '0': PYTHONPATH=/home/cricchetto/Robomaster_WS/build/drift/prefix_override:/usr/lib/python3/dist-packages/colcon_core/task/python/colcon_distutils_commands:/home/cricchetto/Robomaster_WS/install/drift/lib/python3.10/site-packages:${PYTHONPATH} /usr/bin/python3 -W ignore:setup.py install is deprecated -W ignore:easy_install command is deprecated setup.py egg_info --egg-base ../../build/drift build --build-base /home/cricchetto/Robomaster_WS/build/drift/build install --record /home/cricchetto/Robomaster_WS/build/drift/install.log --single-version-externally-managed install_data
