[0.547s] DEBUG:colcon:Command line arguments: ['/usr/bin/colcon', 'build']
[0.548s] DEBUG:colcon:Parsed command line arguments: Namespace(log_base=None, log_level=None, verb_name='build', build_base='build', install_base='install', merge_install=False, symlink_install=False, test_result_base=None, continue_on_error=False, executor='parallel', parallel_workers=8, event_handlers=None, ignore_user_meta=False, metas=['./colcon.meta'], base_paths=['.'], packages_ignore=None, packages_ignore_regex=None, paths=None, packages_up_to=None, packages_up_to_regex=None, packages_above=None, packages_above_and_dependencies=None, packages_above_depth=None, packages_select_by_dep=None, packages_skip_by_dep=None, packages_skip_up_to=None, packages_select_build_failed=False, packages_skip_build_finished=False, packages_select_test_failures=False, packages_skip_test_passed=False, packages_select=None, packages_skip=None, packages_select_regex=None, packages_skip_regex=None, packages_start=None, packages_end=None, allow_overriding=[], cmake_args=None, cmake_target=None, cmake_target_skip_unavailable=False, cmake_clean_cache=False, cmake_clean_first=False, cmake_force_configure=False, ament_cmake_args=None, catkin_cmake_args=None, catkin_skip_building_tests=False, mixin_files=None, mixin=None, verb_parser=<colcon_mixin.mixin.mixin_argument.MixinArgumentDecorator object at 0x7e9604386ce0>, verb_extension=<colcon_core.verb.build.BuildVerb object at 0x7e9604385e70>, main=<bound method BuildVerb.main of <colcon_core.verb.build.BuildVerb object at 0x7e9604385e70>>, mixin_verb=('build',))
[1.480s] Level 1:colcon.colcon_core.package_discovery:discover_packages(colcon_meta) check parameters
[1.482s] Level 1:colcon.colcon_core.package_discovery:discover_packages(recursive) check parameters
[1.483s] Level 1:colcon.colcon_core.package_discovery:discover_packages(ignore) check parameters
[1.483s] Level 1:colcon.colcon_core.package_discovery:discover_packages(path) check parameters
[1.483s] Level 1:colcon.colcon_core.package_discovery:discover_packages(colcon_meta) discover
[1.483s] Level 1:colcon.colcon_core.package_discovery:discover_packages(recursive) discover
[1.484s] INFO:colcon.colcon_core.package_discovery:Crawling recursively for packages in '/home/stefano/Robomaster_WS/src'
[1.486s] Level 1:colcon.colcon_core.package_identification:_identify(.) by extensions ['ignore', 'ignore_ament_install']
[1.487s] Level 1:colcon.colcon_core.package_identification:_identify(.) by extension 'ignore'
[1.487s] Level 1:colcon.colcon_core.package_identification:_identify(.) by extension 'ignore_ament_install'
[1.488s] Level 1:colcon.colcon_core.package_identification:_identify(.) by extensions ['colcon_pkg']
[1.488s] Level 1:colcon.colcon_core.package_identification:_identify(.) by extension 'colcon_pkg'
[1.488s] Level 1:colcon.colcon_core.package_identification:_identify(.) by extensions ['colcon_meta']
[1.488s] Level 1:colcon.colcon_core.package_identification:_identify(.) by extension 'colcon_meta'
[1.488s] Level 1:colcon.colcon_core.package_identification:_identify(.) by extensions ['ros']
[1.488s] Level 1:colcon.colcon_core.package_identification:_identify(.) by extension 'ros'
[1.627s] Level 1:colcon.colcon_core.package_identification:_identify(.) by extensions ['cmake', 'python']
[1.628s] Level 1:colcon.colcon_core.package_identification:_identify(.) by extension 'cmake'
[1.628s] Level 1:colcon.colcon_core.package_identification:_identify(.) by extension 'python'
[1.628s] Level 1:colcon.colcon_core.package_identification:_identify(.) by extensions ['python_setup_py']
[1.628s] Level 1:colcon.colcon_core.package_identification:_identify(.) by extension 'python_setup_py'
[1.629s] Level 1:colcon.colcon_core.package_identification:_identify(build) by extensions ['ignore', 'ignore_ament_install']
[1.630s] Level 1:colcon.colcon_core.package_identification:_identify(build) by extension 'ignore'
[1.630s] Level 1:colcon.colcon_core.package_identification:_identify(build) ignored
[1.631s] Level 1:colcon.colcon_core.package_identification:_identify(install) by extensions ['ignore', 'ignore_ament_install']
[1.632s] Level 1:colcon.colcon_core.package_identification:_identify(install) by extension 'ignore'
[1.632s] Level 1:colcon.colcon_core.package_identification:_identify(install) ignored
[1.633s] Level 1:colcon.colcon_core.package_identification:_identify(log) by extensions ['ignore', 'ignore_ament_install']
[1.633s] Level 1:colcon.colcon_core.package_identification:_identify(log) by extension 'ignore'
[1.633s] Level 1:colcon.colcon_core.package_identification:_identify(log) ignored
[1.634s] Level 1:colcon.colcon_core.package_identification:_identify(robomaster_ros) by extensions ['ignore', 'ignore_ament_install']
[1.634s] Level 1:colcon.colcon_core.package_identification:_identify(robomaster_ros) by extension 'ignore'
[1.634s] Level 1:colcon.colcon_core.package_identification:_identify(robomaster_ros) by extension 'ignore_ament_install'
[1.634s] Level 1:colcon.colcon_core.package_identification:_identify(robomaster_ros) by extensions ['colcon_pkg']
[1.634s] Level 1:colcon.colcon_core.package_identification:_identify(robomaster_ros) by extension 'colcon_pkg'
[1.635s] Level 1:colcon.colcon_core.package_identification:_identify(robomaster_ros) by extensions ['colcon_meta']
[1.635s] Level 1:colcon.colcon_core.package_identification:_identify(robomaster_ros) by extension 'colcon_meta'
[1.635s] Level 1:colcon.colcon_core.package_identification:_identify(robomaster_ros) by extensions ['ros']
[1.635s] Level 1:colcon.colcon_core.package_identification:_identify(robomaster_ros) by extension 'ros'
[1.636s] Level 1:colcon.colcon_core.package_identification:_identify(robomaster_ros) by extensions ['cmake', 'python']
[1.636s] Level 1:colcon.colcon_core.package_identification:_identify(robomaster_ros) by extension 'cmake'
[1.636s] Level 1:colcon.colcon_core.package_identification:_identify(robomaster_ros) by extension 'python'
[1.636s] Level 1:colcon.colcon_core.package_identification:_identify(robomaster_ros) by extensions ['python_setup_py']
[1.636s] Level 1:colcon.colcon_core.package_identification:_identify(robomaster_ros) by extension 'python_setup_py'
[1.636s] Level 1:colcon.colcon_core.package_identification:_identify(robomaster_ros/docker) by extensions ['ignore', 'ignore_ament_install']
[1.637s] Level 1:colcon.colcon_core.package_identification:_identify(robomaster_ros/docker) by extension 'ignore'
[1.637s] Level 1:colcon.colcon_core.package_identification:_identify(robomaster_ros/docker) by extension 'ignore_ament_install'
[1.637s] Level 1:colcon.colcon_core.package_identification:_identify(robomaster_ros/docker) by extensions ['colcon_pkg']
[1.637s] Level 1:colcon.colcon_core.package_identification:_identify(robomaster_ros/docker) by extension 'colcon_pkg'
[1.638s] Level 1:colcon.colcon_core.package_identification:_identify(robomaster_ros/docker) by extensions ['colcon_meta']
[1.638s] Level 1:colcon.colcon_core.package_identification:_identify(robomaster_ros/docker) by extension 'colcon_meta'
[1.638s] Level 1:colcon.colcon_core.package_identification:_identify(robomaster_ros/docker) by extensions ['ros']
[1.638s] Level 1:colcon.colcon_core.package_identification:_identify(robomaster_ros/docker) by extension 'ros'
[1.638s] Level 1:colcon.colcon_core.package_identification:_identify(robomaster_ros/docker) by extensions ['cmake', 'python']
[1.638s] Level 1:colcon.colcon_core.package_identification:_identify(robomaster_ros/docker) by extension 'cmake'
[1.638s] Level 1:colcon.colcon_core.package_identification:_identify(robomaster_ros/docker) by extension 'python'
[1.639s] Level 1:colcon.colcon_core.package_identification:_identify(robomaster_ros/docker) by extensions ['python_setup_py']
[1.639s] Level 1:colcon.colcon_core.package_identification:_identify(robomaster_ros/docker) by extension 'python_setup_py'
[1.639s] Level 1:colcon.colcon_core.package_identification:_identify(robomaster_ros/docker/foxy) by extensions ['ignore', 'ignore_ament_install']
[1.639s] Level 1:colcon.colcon_core.package_identification:_identify(robomaster_ros/docker/foxy) by extension 'ignore'
[1.640s] Level 1:colcon.colcon_core.package_identification:_identify(robomaster_ros/docker/foxy) by extension 'ignore_ament_install'
[1.640s] Level 1:colcon.colcon_core.package_identification:_identify(robomaster_ros/docker/foxy) by extensions ['colcon_pkg']
[1.640s] Level 1:colcon.colcon_core.package_identification:_identify(robomaster_ros/docker/foxy) by extension 'colcon_pkg'
[1.640s] Level 1:colcon.colcon_core.package_identification:_identify(robomaster_ros/docker/foxy) by extensions ['colcon_meta']
[1.640s] Level 1:colcon.colcon_core.package_identification:_identify(robomaster_ros/docker/foxy) by extension 'colcon_meta'
[1.641s] Level 1:colcon.colcon_core.package_identification:_identify(robomaster_ros/docker/foxy) by extensions ['ros']
[1.641s] Level 1:colcon.colcon_core.package_identification:_identify(robomaster_ros/docker/foxy) by extension 'ros'
[1.641s] Level 1:colcon.colcon_core.package_identification:_identify(robomaster_ros/docker/foxy) by extensions ['cmake', 'python']
[1.641s] Level 1:colcon.colcon_core.package_identification:_identify(robomaster_ros/docker/foxy) by extension 'cmake'
[1.641s] Level 1:colcon.colcon_core.package_identification:_identify(robomaster_ros/docker/foxy) by extension 'python'
[1.641s] Level 1:colcon.colcon_core.package_identification:_identify(robomaster_ros/docker/foxy) by extensions ['python_setup_py']
[1.642s] Level 1:colcon.colcon_core.package_identification:_identify(robomaster_ros/docker/foxy) by extension 'python_setup_py'
[1.642s] Level 1:colcon.colcon_core.package_identification:_identify(robomaster_ros/docker/foxy/ep) by extensions ['ignore', 'ignore_ament_install']
[1.642s] Level 1:colcon.colcon_core.package_identification:_identify(robomaster_ros/docker/foxy/ep) by extension 'ignore'
[1.642s] Level 1:colcon.colcon_core.package_identification:_identify(robomaster_ros/docker/foxy/ep) by extension 'ignore_ament_install'
[1.643s] Level 1:colcon.colcon_core.package_identification:_identify(robomaster_ros/docker/foxy/ep) by extensions ['colcon_pkg']
[1.643s] Level 1:colcon.colcon_core.package_identification:_identify(robomaster_ros/docker/foxy/ep) by extension 'colcon_pkg'
[1.643s] Level 1:colcon.colcon_core.package_identification:_identify(robomaster_ros/docker/foxy/ep) by extensions ['colcon_meta']
[1.643s] Level 1:colcon.colcon_core.package_identification:_identify(robomaster_ros/docker/foxy/ep) by extension 'colcon_meta'
[1.643s] Level 1:colcon.colcon_core.package_identification:_identify(robomaster_ros/docker/foxy/ep) by extensions ['ros']
[1.643s] Level 1:colcon.colcon_core.package_identification:_identify(robomaster_ros/docker/foxy/ep) by extension 'ros'
[1.643s] Level 1:colcon.colcon_core.package_identification:_identify(robomaster_ros/docker/foxy/ep) by extensions ['cmake', 'python']
[1.643s] Level 1:colcon.colcon_core.package_identification:_identify(robomaster_ros/docker/foxy/ep) by extension 'cmake'
[1.644s] Level 1:colcon.colcon_core.package_identification:_identify(robomaster_ros/docker/foxy/ep) by extension 'python'
[1.644s] Level 1:colcon.colcon_core.package_identification:_identify(robomaster_ros/docker/foxy/ep) by extensions ['python_setup_py']
[1.644s] Level 1:colcon.colcon_core.package_identification:_identify(robomaster_ros/docker/foxy/ep) by extension 'python_setup_py'
[1.644s] Level 1:colcon.colcon_core.package_identification:_identify(robomaster_ros/docker/foxy/s1) by extensions ['ignore', 'ignore_ament_install']
[1.644s] Level 1:colcon.colcon_core.package_identification:_identify(robomaster_ros/docker/foxy/s1) by extension 'ignore'
[1.645s] Level 1:colcon.colcon_core.package_identification:_identify(robomaster_ros/docker/foxy/s1) by extension 'ignore_ament_install'
[1.645s] Level 1:colcon.colcon_core.package_identification:_identify(robomaster_ros/docker/foxy/s1) by extensions ['colcon_pkg']
[1.645s] Level 1:colcon.colcon_core.package_identification:_identify(robomaster_ros/docker/foxy/s1) by extension 'colcon_pkg'
[1.645s] Level 1:colcon.colcon_core.package_identification:_identify(robomaster_ros/docker/foxy/s1) by extensions ['colcon_meta']
[1.645s] Level 1:colcon.colcon_core.package_identification:_identify(robomaster_ros/docker/foxy/s1) by extension 'colcon_meta'
[1.645s] Level 1:colcon.colcon_core.package_identification:_identify(robomaster_ros/docker/foxy/s1) by extensions ['ros']
[1.645s] Level 1:colcon.colcon_core.package_identification:_identify(robomaster_ros/docker/foxy/s1) by extension 'ros'
[1.646s] Level 1:colcon.colcon_core.package_identification:_identify(robomaster_ros/docker/foxy/s1) by extensions ['cmake', 'python']
[1.646s] Level 1:colcon.colcon_core.package_identification:_identify(robomaster_ros/docker/foxy/s1) by extension 'cmake'
[1.646s] Level 1:colcon.colcon_core.package_identification:_identify(robomaster_ros/docker/foxy/s1) by extension 'python'
[1.646s] Level 1:colcon.colcon_core.package_identification:_identify(robomaster_ros/docker/foxy/s1) by extensions ['python_setup_py']
[1.646s] Level 1:colcon.colcon_core.package_identification:_identify(robomaster_ros/docker/foxy/s1) by extension 'python_setup_py'
[1.647s] Level 1:colcon.colcon_core.package_identification:_identify(robomaster_ros/docker/galactic) by extensions ['ignore', 'ignore_ament_install']
[1.647s] Level 1:colcon.colcon_core.package_identification:_identify(robomaster_ros/docker/galactic) by extension 'ignore'
[1.647s] Level 1:colcon.colcon_core.package_identification:_identify(robomaster_ros/docker/galactic) by extension 'ignore_ament_install'
[1.648s] Level 1:colcon.colcon_core.package_identification:_identify(robomaster_ros/docker/galactic) by extensions ['colcon_pkg']
[1.648s] Level 1:colcon.colcon_core.package_identification:_identify(robomaster_ros/docker/galactic) by extension 'colcon_pkg'
[1.648s] Level 1:colcon.colcon_core.package_identification:_identify(robomaster_ros/docker/galactic) by extensions ['colcon_meta']
[1.648s] Level 1:colcon.colcon_core.package_identification:_identify(robomaster_ros/docker/galactic) by extension 'colcon_meta'
[1.648s] Level 1:colcon.colcon_core.package_identification:_identify(robomaster_ros/docker/galactic) by extensions ['ros']
[1.648s] Level 1:colcon.colcon_core.package_identification:_identify(robomaster_ros/docker/galactic) by extension 'ros'
[1.648s] Level 1:colcon.colcon_core.package_identification:_identify(robomaster_ros/docker/galactic) by extensions ['cmake', 'python']
[1.648s] Level 1:colcon.colcon_core.package_identification:_identify(robomaster_ros/docker/galactic) by extension 'cmake'
[1.649s] Level 1:colcon.colcon_core.package_identification:_identify(robomaster_ros/docker/galactic) by extension 'python'
[1.649s] Level 1:colcon.colcon_core.package_identification:_identify(robomaster_ros/docker/galactic) by extensions ['python_setup_py']
[1.649s] Level 1:colcon.colcon_core.package_identification:_identify(robomaster_ros/docker/galactic) by extension 'python_setup_py'
[1.649s] Level 1:colcon.colcon_core.package_identification:_identify(robomaster_ros/docker/galactic/ep) by extensions ['ignore', 'ignore_ament_install']
[1.650s] Level 1:colcon.colcon_core.package_identification:_identify(robomaster_ros/docker/galactic/ep) by extension 'ignore'
[1.650s] Level 1:colcon.colcon_core.package_identification:_identify(robomaster_ros/docker/galactic/ep) by extension 'ignore_ament_install'
[1.650s] Level 1:colcon.colcon_core.package_identification:_identify(robomaster_ros/docker/galactic/ep) by extensions ['colcon_pkg']
[1.650s] Level 1:colcon.colcon_core.package_identification:_identify(robomaster_ros/docker/galactic/ep) by extension 'colcon_pkg'
[1.650s] Level 1:colcon.colcon_core.package_identification:_identify(robomaster_ros/docker/galactic/ep) by extensions ['colcon_meta']
[1.650s] Level 1:colcon.colcon_core.package_identification:_identify(robomaster_ros/docker/galactic/ep) by extension 'colcon_meta'
[1.650s] Level 1:colcon.colcon_core.package_identification:_identify(robomaster_ros/docker/galactic/ep) by extensions ['ros']
[1.650s] Level 1:colcon.colcon_core.package_identification:_identify(robomaster_ros/docker/galactic/ep) by extension 'ros'
[1.651s] Level 1:colcon.colcon_core.package_identification:_identify(robomaster_ros/docker/galactic/ep) by extensions ['cmake', 'python']
[1.651s] Level 1:colcon.colcon_core.package_identification:_identify(robomaster_ros/docker/galactic/ep) by extension 'cmake'
[1.651s] Level 1:colcon.colcon_core.package_identification:_identify(robomaster_ros/docker/galactic/ep) by extension 'python'
[1.652s] Level 1:colcon.colcon_core.package_identification:_identify(robomaster_ros/docker/galactic/ep) by extensions ['python_setup_py']
[1.652s] Level 1:colcon.colcon_core.package_identification:_identify(robomaster_ros/docker/galactic/ep) by extension 'python_setup_py'
[1.652s] Level 1:colcon.colcon_core.package_identification:_identify(robomaster_ros/docker/galactic/s1) by extensions ['ignore', 'ignore_ament_install']
[1.653s] Level 1:colcon.colcon_core.package_identification:_identify(robomaster_ros/docker/galactic/s1) by extension 'ignore'
[1.653s] Level 1:colcon.colcon_core.package_identification:_identify(robomaster_ros/docker/galactic/s1) by extension 'ignore_ament_install'
[1.654s] Level 1:colcon.colcon_core.package_identification:_identify(robomaster_ros/docker/galactic/s1) by extensions ['colcon_pkg']
[1.654s] Level 1:colcon.colcon_core.package_identification:_identify(robomaster_ros/docker/galactic/s1) by extension 'colcon_pkg'
[1.654s] Level 1:colcon.colcon_core.package_identification:_identify(robomaster_ros/docker/galactic/s1) by extensions ['colcon_meta']
[1.654s] Level 1:colcon.colcon_core.package_identification:_identify(robomaster_ros/docker/galactic/s1) by extension 'colcon_meta'
[1.654s] Level 1:colcon.colcon_core.package_identification:_identify(robomaster_ros/docker/galactic/s1) by extensions ['ros']
[1.654s] Level 1:colcon.colcon_core.package_identification:_identify(robomaster_ros/docker/galactic/s1) by extension 'ros'
[1.655s] Level 1:colcon.colcon_core.package_identification:_identify(robomaster_ros/docker/galactic/s1) by extensions ['cmake', 'python']
[1.655s] Level 1:colcon.colcon_core.package_identification:_identify(robomaster_ros/docker/galactic/s1) by extension 'cmake'
[1.655s] Level 1:colcon.colcon_core.package_identification:_identify(robomaster_ros/docker/galactic/s1) by extension 'python'
[1.655s] Level 1:colcon.colcon_core.package_identification:_identify(robomaster_ros/docker/galactic/s1) by extensions ['python_setup_py']
[1.655s] Level 1:colcon.colcon_core.package_identification:_identify(robomaster_ros/docker/galactic/s1) by extension 'python_setup_py'
[1.658s] Level 1:colcon.colcon_core.package_identification:_identify(robomaster_ros/docker/humble) by extensions ['ignore', 'ignore_ament_install']
[1.658s] Level 1:colcon.colcon_core.package_identification:_identify(robomaster_ros/docker/humble) by extension 'ignore'
[1.659s] Level 1:colcon.colcon_core.package_identification:_identify(robomaster_ros/docker/humble) by extension 'ignore_ament_install'
[1.659s] Level 1:colcon.colcon_core.package_identification:_identify(robomaster_ros/docker/humble) by extensions ['colcon_pkg']
[1.659s] Level 1:colcon.colcon_core.package_identification:_identify(robomaster_ros/docker/humble) by extension 'colcon_pkg'
[1.659s] Level 1:colcon.colcon_core.package_identification:_identify(robomaster_ros/docker/humble) by extensions ['colcon_meta']
[1.659s] Level 1:colcon.colcon_core.package_identification:_identify(robomaster_ros/docker/humble) by extension 'colcon_meta'
[1.660s] Level 1:colcon.colcon_core.package_identification:_identify(robomaster_ros/docker/humble) by extensions ['ros']
[1.660s] Level 1:colcon.colcon_core.package_identification:_identify(robomaster_ros/docker/humble) by extension 'ros'
[1.660s] Level 1:colcon.colcon_core.package_identification:_identify(robomaster_ros/docker/humble) by extensions ['cmake', 'python']
[1.660s] Level 1:colcon.colcon_core.package_identification:_identify(robomaster_ros/docker/humble) by extension 'cmake'
[1.660s] Level 1:colcon.colcon_core.package_identification:_identify(robomaster_ros/docker/humble) by extension 'python'
[1.660s] Level 1:colcon.colcon_core.package_identification:_identify(robomaster_ros/docker/humble) by extensions ['python_setup_py']
[1.660s] Level 1:colcon.colcon_core.package_identification:_identify(robomaster_ros/docker/humble) by extension 'python_setup_py'
[1.661s] Level 1:colcon.colcon_core.package_identification:_identify(robomaster_ros/docker/humble/ep) by extensions ['ignore', 'ignore_ament_install']
[1.661s] Level 1:colcon.colcon_core.package_identification:_identify(robomaster_ros/docker/humble/ep) by extension 'ignore'
[1.661s] Level 1:colcon.colcon_core.package_identification:_identify(robomaster_ros/docker/humble/ep) by extension 'ignore_ament_install'
[1.661s] Level 1:colcon.colcon_core.package_identification:_identify(robomaster_ros/docker/humble/ep) by extensions ['colcon_pkg']
[1.662s] Level 1:colcon.colcon_core.package_identification:_identify(robomaster_ros/docker/humble/ep) by extension 'colcon_pkg'
[1.662s] Level 1:colcon.colcon_core.package_identification:_identify(robomaster_ros/docker/humble/ep) by extensions ['colcon_meta']
[1.662s] Level 1:colcon.colcon_core.package_identification:_identify(robomaster_ros/docker/humble/ep) by extension 'colcon_meta'
[1.662s] Level 1:colcon.colcon_core.package_identification:_identify(robomaster_ros/docker/humble/ep) by extensions ['ros']
[1.662s] Level 1:colcon.colcon_core.package_identification:_identify(robomaster_ros/docker/humble/ep) by extension 'ros'
[1.662s] Level 1:colcon.colcon_core.package_identification:_identify(robomaster_ros/docker/humble/ep) by extensions ['cmake', 'python']
[1.662s] Level 1:colcon.colcon_core.package_identification:_identify(robomaster_ros/docker/humble/ep) by extension 'cmake'
[1.663s] Level 1:colcon.colcon_core.package_identification:_identify(robomaster_ros/docker/humble/ep) by extension 'python'
[1.663s] Level 1:colcon.colcon_core.package_identification:_identify(robomaster_ros/docker/humble/ep) by extensions ['python_setup_py']
[1.663s] Level 1:colcon.colcon_core.package_identification:_identify(robomaster_ros/docker/humble/ep) by extension 'python_setup_py'
[1.663s] Level 1:colcon.colcon_core.package_identification:_identify(robomaster_ros/docker/humble/s1) by extensions ['ignore', 'ignore_ament_install']
[1.663s] Level 1:colcon.colcon_core.package_identification:_identify(robomaster_ros/docker/humble/s1) by extension 'ignore'
[1.663s] Level 1:colcon.colcon_core.package_identification:_identify(robomaster_ros/docker/humble/s1) by extension 'ignore_ament_install'
[1.663s] Level 1:colcon.colcon_core.package_identification:_identify(robomaster_ros/docker/humble/s1) by extensions ['colcon_pkg']
[1.664s] Level 1:colcon.colcon_core.package_identification:_identify(robomaster_ros/docker/humble/s1) by extension 'colcon_pkg'
[1.664s] Level 1:colcon.colcon_core.package_identification:_identify(robomaster_ros/docker/humble/s1) by extensions ['colcon_meta']
[1.664s] Level 1:colcon.colcon_core.package_identification:_identify(robomaster_ros/docker/humble/s1) by extension 'colcon_meta'
[1.664s] Level 1:colcon.colcon_core.package_identification:_identify(robomaster_ros/docker/humble/s1) by extensions ['ros']
[1.664s] Level 1:colcon.colcon_core.package_identification:_identify(robomaster_ros/docker/humble/s1) by extension 'ros'
[1.664s] Level 1:colcon.colcon_core.package_identification:_identify(robomaster_ros/docker/humble/s1) by extensions ['cmake', 'python']
[1.664s] Level 1:colcon.colcon_core.package_identification:_identify(robomaster_ros/docker/humble/s1) by extension 'cmake'
[1.665s] Level 1:colcon.colcon_core.package_identification:_identify(robomaster_ros/docker/humble/s1) by extension 'python'
[1.665s] Level 1:colcon.colcon_core.package_identification:_identify(robomaster_ros/docker/humble/s1) by extensions ['python_setup_py']
[1.665s] Level 1:colcon.colcon_core.package_identification:_identify(robomaster_ros/docker/humble/s1) by extension 'python_setup_py'
[1.666s] Level 1:colcon.colcon_core.package_identification:_identify(robomaster_ros/docker/iron) by extensions ['ignore', 'ignore_ament_install']
[1.666s] Level 1:colcon.colcon_core.package_identification:_identify(robomaster_ros/docker/iron) by extension 'ignore'
[1.666s] Level 1:colcon.colcon_core.package_identification:_identify(robomaster_ros/docker/iron) by extension 'ignore_ament_install'
[1.667s] Level 1:colcon.colcon_core.package_identification:_identify(robomaster_ros/docker/iron) by extensions ['colcon_pkg']
[1.667s] Level 1:colcon.colcon_core.package_identification:_identify(robomaster_ros/docker/iron) by extension 'colcon_pkg'
[1.667s] Level 1:colcon.colcon_core.package_identification:_identify(robomaster_ros/docker/iron) by extensions ['colcon_meta']
[1.667s] Level 1:colcon.colcon_core.package_identification:_identify(robomaster_ros/docker/iron) by extension 'colcon_meta'
[1.667s] Level 1:colcon.colcon_core.package_identification:_identify(robomaster_ros/docker/iron) by extensions ['ros']
[1.668s] Level 1:colcon.colcon_core.package_identification:_identify(robomaster_ros/docker/iron) by extension 'ros'
[1.668s] Level 1:colcon.colcon_core.package_identification:_identify(robomaster_ros/docker/iron) by extensions ['cmake', 'python']
[1.668s] Level 1:colcon.colcon_core.package_identification:_identify(robomaster_ros/docker/iron) by extension 'cmake'
[1.668s] Level 1:colcon.colcon_core.package_identification:_identify(robomaster_ros/docker/iron) by extension 'python'
[1.669s] Level 1:colcon.colcon_core.package_identification:_identify(robomaster_ros/docker/iron) by extensions ['python_setup_py']
[1.669s] Level 1:colcon.colcon_core.package_identification:_identify(robomaster_ros/docker/iron) by extension 'python_setup_py'
[1.669s] Level 1:colcon.colcon_core.package_identification:_identify(robomaster_ros/docker/iron/ep) by extensions ['ignore', 'ignore_ament_install']
[1.669s] Level 1:colcon.colcon_core.package_identification:_identify(robomaster_ros/docker/iron/ep) by extension 'ignore'
[1.670s] Level 1:colcon.colcon_core.package_identification:_identify(robomaster_ros/docker/iron/ep) by extension 'ignore_ament_install'
[1.670s] Level 1:colcon.colcon_core.package_identification:_identify(robomaster_ros/docker/iron/ep) by extensions ['colcon_pkg']
[1.670s] Level 1:colcon.colcon_core.package_identification:_identify(robomaster_ros/docker/iron/ep) by extension 'colcon_pkg'
[1.670s] Level 1:colcon.colcon_core.package_identification:_identify(robomaster_ros/docker/iron/ep) by extensions ['colcon_meta']
[1.670s] Level 1:colcon.colcon_core.package_identification:_identify(robomaster_ros/docker/iron/ep) by extension 'colcon_meta'
[1.670s] Level 1:colcon.colcon_core.package_identification:_identify(robomaster_ros/docker/iron/ep) by extensions ['ros']
[1.670s] Level 1:colcon.colcon_core.package_identification:_identify(robomaster_ros/docker/iron/ep) by extension 'ros'
[1.671s] Level 1:colcon.colcon_core.package_identification:_identify(robomaster_ros/docker/iron/ep) by extensions ['cmake', 'python']
[1.671s] Level 1:colcon.colcon_core.package_identification:_identify(robomaster_ros/docker/iron/ep) by extension 'cmake'
[1.671s] Level 1:colcon.colcon_core.package_identification:_identify(robomaster_ros/docker/iron/ep) by extension 'python'
[1.671s] Level 1:colcon.colcon_core.package_identification:_identify(robomaster_ros/docker/iron/ep) by extensions ['python_setup_py']
[1.671s] Level 1:colcon.colcon_core.package_identification:_identify(robomaster_ros/docker/iron/ep) by extension 'python_setup_py'
[1.672s] Level 1:colcon.colcon_core.package_identification:_identify(robomaster_ros/docker/iron/s1) by extensions ['ignore', 'ignore_ament_install']
[1.672s] Level 1:colcon.colcon_core.package_identification:_identify(robomaster_ros/docker/iron/s1) by extension 'ignore'
[1.672s] Level 1:colcon.colcon_core.package_identification:_identify(robomaster_ros/docker/iron/s1) by extension 'ignore_ament_install'
[1.672s] Level 1:colcon.colcon_core.package_identification:_identify(robomaster_ros/docker/iron/s1) by extensions ['colcon_pkg']
[1.672s] Level 1:colcon.colcon_core.package_identification:_identify(robomaster_ros/docker/iron/s1) by extension 'colcon_pkg'
[1.673s] Level 1:colcon.colcon_core.package_identification:_identify(robomaster_ros/docker/iron/s1) by extensions ['colcon_meta']
[1.673s] Level 1:colcon.colcon_core.package_identification:_identify(robomaster_ros/docker/iron/s1) by extension 'colcon_meta'
[1.673s] Level 1:colcon.colcon_core.package_identification:_identify(robomaster_ros/docker/iron/s1) by extensions ['ros']
[1.673s] Level 1:colcon.colcon_core.package_identification:_identify(robomaster_ros/docker/iron/s1) by extension 'ros'
[1.673s] Level 1:colcon.colcon_core.package_identification:_identify(robomaster_ros/docker/iron/s1) by extensions ['cmake', 'python']
[1.674s] Level 1:colcon.colcon_core.package_identification:_identify(robomaster_ros/docker/iron/s1) by extension 'cmake'
[1.674s] Level 1:colcon.colcon_core.package_identification:_identify(robomaster_ros/docker/iron/s1) by extension 'python'
[1.674s] Level 1:colcon.colcon_core.package_identification:_identify(robomaster_ros/docker/iron/s1) by extensions ['python_setup_py']
[1.674s] Level 1:colcon.colcon_core.package_identification:_identify(robomaster_ros/docker/iron/s1) by extension 'python_setup_py'
[1.675s] Level 1:colcon.colcon_core.package_identification:_identify(robomaster_ros/docs) by extensions ['ignore', 'ignore_ament_install']
[1.676s] Level 1:colcon.colcon_core.package_identification:_identify(robomaster_ros/docs) by extension 'ignore'
[1.676s] Level 1:colcon.colcon_core.package_identification:_identify(robomaster_ros/docs) by extension 'ignore_ament_install'
[1.676s] Level 1:colcon.colcon_core.package_identification:_identify(robomaster_ros/docs) by extensions ['colcon_pkg']
[1.677s] Level 1:colcon.colcon_core.package_identification:_identify(robomaster_ros/docs) by extension 'colcon_pkg'
[1.677s] Level 1:colcon.colcon_core.package_identification:_identify(robomaster_ros/docs) by extensions ['colcon_meta']
[1.677s] Level 1:colcon.colcon_core.package_identification:_identify(robomaster_ros/docs) by extension 'colcon_meta'
[1.677s] Level 1:colcon.colcon_core.package_identification:_identify(robomaster_ros/docs) by extensions ['ros']
[1.677s] Level 1:colcon.colcon_core.package_identification:_identify(robomaster_ros/docs) by extension 'ros'
[1.678s] Level 1:colcon.colcon_core.package_identification:_identify(robomaster_ros/docs) by extensions ['cmake', 'python']
[1.678s] Level 1:colcon.colcon_core.package_identification:_identify(robomaster_ros/docs) by extension 'cmake'
[1.678s] Level 1:colcon.colcon_core.package_identification:_identify(robomaster_ros/docs) by extension 'python'
[1.678s] Level 1:colcon.colcon_core.package_identification:_identify(robomaster_ros/docs) by extensions ['python_setup_py']
[1.678s] Level 1:colcon.colcon_core.package_identification:_identify(robomaster_ros/docs) by extension 'python_setup_py'
[1.679s] Level 1:colcon.colcon_core.package_identification:_identify(robomaster_ros/docs/robomaster_ros_modules) by extensions ['ignore', 'ignore_ament_install']
[1.680s] Level 1:colcon.colcon_core.package_identification:_identify(robomaster_ros/docs/robomaster_ros_modules) by extension 'ignore'
[1.680s] Level 1:colcon.colcon_core.package_identification:_identify(robomaster_ros/docs/robomaster_ros_modules) by extension 'ignore_ament_install'
[1.680s] Level 1:colcon.colcon_core.package_identification:_identify(robomaster_ros/docs/robomaster_ros_modules) by extensions ['colcon_pkg']
[1.680s] Level 1:colcon.colcon_core.package_identification:_identify(robomaster_ros/docs/robomaster_ros_modules) by extension 'colcon_pkg'
[1.681s] Level 1:colcon.colcon_core.package_identification:_identify(robomaster_ros/docs/robomaster_ros_modules) by extensions ['colcon_meta']
[1.681s] Level 1:colcon.colcon_core.package_identification:_identify(robomaster_ros/docs/robomaster_ros_modules) by extension 'colcon_meta'
[1.681s] Level 1:colcon.colcon_core.package_identification:_identify(robomaster_ros/docs/robomaster_ros_modules) by extensions ['ros']
[1.681s] Level 1:colcon.colcon_core.package_identification:_identify(robomaster_ros/docs/robomaster_ros_modules) by extension 'ros'
[1.681s] Level 1:colcon.colcon_core.package_identification:_identify(robomaster_ros/docs/robomaster_ros_modules) by extensions ['cmake', 'python']
[1.681s] Level 1:colcon.colcon_core.package_identification:_identify(robomaster_ros/docs/robomaster_ros_modules) by extension 'cmake'
[1.681s] Level 1:colcon.colcon_core.package_identification:_identify(robomaster_ros/docs/robomaster_ros_modules) by extension 'python'
[1.682s] Level 1:colcon.colcon_core.package_identification:_identify(robomaster_ros/docs/robomaster_ros_modules) by extensions ['python_setup_py']
[1.682s] Level 1:colcon.colcon_core.package_identification:_identify(robomaster_ros/docs/robomaster_ros_modules) by extension 'python_setup_py'
[1.682s] Level 1:colcon.colcon_core.package_identification:_identify(robomaster_ros/robomaster_description) by extensions ['ignore', 'ignore_ament_install']
[1.682s] Level 1:colcon.colcon_core.package_identification:_identify(robomaster_ros/robomaster_description) by extension 'ignore'
[1.682s] Level 1:colcon.colcon_core.package_identification:_identify(robomaster_ros/robomaster_description) by extension 'ignore_ament_install'
[1.683s] Level 1:colcon.colcon_core.package_identification:_identify(robomaster_ros/robomaster_description) by extensions ['colcon_pkg']
[1.683s] Level 1:colcon.colcon_core.package_identification:_identify(robomaster_ros/robomaster_description) by extension 'colcon_pkg'
[1.683s] Level 1:colcon.colcon_core.package_identification:_identify(robomaster_ros/robomaster_description) by extensions ['colcon_meta']
[1.683s] Level 1:colcon.colcon_core.package_identification:_identify(robomaster_ros/robomaster_description) by extension 'colcon_meta'
[1.683s] Level 1:colcon.colcon_core.package_identification:_identify(robomaster_ros/robomaster_description) by extensions ['ros']
[1.683s] Level 1:colcon.colcon_core.package_identification:_identify(robomaster_ros/robomaster_description) by extension 'ros'
[1.693s] DEBUG:colcon.colcon_core.package_identification:Package 'robomaster_ros/robomaster_description' with type 'ros.ament_cmake' and name 'robomaster_description'
[1.695s] Level 1:colcon.colcon_core.package_identification:_identify(robomaster_ros/robomaster_msgs) by extensions ['ignore', 'ignore_ament_install']
[1.697s] Level 1:colcon.colcon_core.package_identification:_identify(robomaster_ros/robomaster_msgs) by extension 'ignore'
[1.697s] Level 1:colcon.colcon_core.package_identification:_identify(robomaster_ros/robomaster_msgs) by extension 'ignore_ament_install'
[1.697s] Level 1:colcon.colcon_core.package_identification:_identify(robomaster_ros/robomaster_msgs) by extensions ['colcon_pkg']
[1.697s] Level 1:colcon.colcon_core.package_identification:_identify(robomaster_ros/robomaster_msgs) by extension 'colcon_pkg'
[1.698s] Level 1:colcon.colcon_core.package_identification:_identify(robomaster_ros/robomaster_msgs) by extensions ['colcon_meta']
[1.698s] Level 1:colcon.colcon_core.package_identification:_identify(robomaster_ros/robomaster_msgs) by extension 'colcon_meta'
[1.698s] Level 1:colcon.colcon_core.package_identification:_identify(robomaster_ros/robomaster_msgs) by extensions ['ros']
[1.698s] Level 1:colcon.colcon_core.package_identification:_identify(robomaster_ros/robomaster_msgs) by extension 'ros'
[1.700s] DEBUG:colcon.colcon_core.package_identification:Package 'robomaster_ros/robomaster_msgs' with type 'ros.ament_cmake' and name 'robomaster_msgs'
[1.700s] Level 1:colcon.colcon_core.package_identification:_identify(robomaster_ros/robomaster_ros) by extensions ['ignore', 'ignore_ament_install']
[1.700s] Level 1:colcon.colcon_core.package_identification:_identify(robomaster_ros/robomaster_ros) by extension 'ignore'
[1.701s] Level 1:colcon.colcon_core.package_identification:_identify(robomaster_ros/robomaster_ros) by extension 'ignore_ament_install'
[1.701s] Level 1:colcon.colcon_core.package_identification:_identify(robomaster_ros/robomaster_ros) by extensions ['colcon_pkg']
[1.701s] Level 1:colcon.colcon_core.package_identification:_identify(robomaster_ros/robomaster_ros) by extension 'colcon_pkg'
[1.701s] Level 1:colcon.colcon_core.package_identification:_identify(robomaster_ros/robomaster_ros) by extensions ['colcon_meta']
[1.701s] Level 1:colcon.colcon_core.package_identification:_identify(robomaster_ros/robomaster_ros) by extension 'colcon_meta'
[1.701s] Level 1:colcon.colcon_core.package_identification:_identify(robomaster_ros/robomaster_ros) by extensions ['ros']
[1.702s] Level 1:colcon.colcon_core.package_identification:_identify(robomaster_ros/robomaster_ros) by extension 'ros'
[1.704s] DEBUG:colcon.colcon_core.package_identification:Package 'robomaster_ros/robomaster_ros' with type 'ros.ament_python' and name 'robomaster_ros'
[1.704s] Level 1:colcon.colcon_core.package_discovery:discover_packages(recursive) using defaults
[1.705s] Level 1:colcon.colcon_core.package_discovery:discover_packages(ignore) discover
[1.705s] Level 1:colcon.colcon_core.package_discovery:discover_packages(ignore) using defaults
[1.705s] Level 1:colcon.colcon_core.package_discovery:discover_packages(path) discover
[1.705s] Level 1:colcon.colcon_core.package_discovery:discover_packages(path) using defaults
[1.821s] Level 1:colcon.colcon_core.package_discovery:discover_packages(prefix_path) check parameters
[1.822s] Level 1:colcon.colcon_core.package_discovery:discover_packages(prefix_path) discover
[1.828s] WARNING:colcon.colcon_core.prefix_path.colcon:The path '/home/stefano/turtlebot3_ws/install' in the environment variable COLCON_PREFIX_PATH doesn't exist
[1.828s] WARNING:colcon.colcon_core.prefix_path.colcon:The path '/home/stefano/Webots_ros2/install' in the environment variable COLCON_PREFIX_PATH doesn't exist
[1.831s] WARNING:colcon.colcon_ros.prefix_path.ament:The path '/home/stefano/Robomaster_WS/install/turtlesim' in the environment variable AMENT_PREFIX_PATH doesn't exist
[1.832s] WARNING:colcon.colcon_ros.prefix_path.ament:The path '/home/stefano/Robomaster_WS/install/robomaster_ir_publisher' in the environment variable AMENT_PREFIX_PATH doesn't exist
[1.833s] WARNING:colcon.colcon_ros.prefix_path.ament:The path '/home/stefano/Robomaster_WS/install/laser_echo_publisher' in the environment variable AMENT_PREFIX_PATH doesn't exist
[1.833s] WARNING:colcon.colcon_ros.prefix_path.ament:The path '/home/stefano/Robomaster_WS/install/camera_utils' in the environment variable AMENT_PREFIX_PATH doesn't exist
[1.833s] WARNING:colcon.colcon_ros.prefix_path.ament:The path '/home/stefano/turtlebot3_ws/install/turtlebot3' in the environment variable AMENT_PREFIX_PATH doesn't exist
[1.834s] WARNING:colcon.colcon_ros.prefix_path.ament:The path '/home/stefano/turtlebot3_ws/install/turtlebot3_teleop' in the environment variable AMENT_PREFIX_PATH doesn't exist
[1.834s] WARNING:colcon.colcon_ros.prefix_path.ament:The path '/home/stefano/turtlebot3_ws/install/turtlebot3_simulations' in the environment variable AMENT_PREFIX_PATH doesn't exist
[1.834s] WARNING:colcon.colcon_ros.prefix_path.ament:The path '/home/stefano/turtlebot3_ws/install/turtlebot3_bringup' in the environment variable AMENT_PREFIX_PATH doesn't exist
[1.834s] WARNING:colcon.colcon_ros.prefix_path.ament:The path '/home/stefano/turtlebot3_ws/install/turtlebot3_node' in the environment variable AMENT_PREFIX_PATH doesn't exist
[1.834s] WARNING:colcon.colcon_ros.prefix_path.ament:The path '/home/stefano/turtlebot3_ws/install/turtlebot3_navigation2' in the environment variable AMENT_PREFIX_PATH doesn't exist
[1.834s] WARNING:colcon.colcon_ros.prefix_path.ament:The path '/home/stefano/turtlebot3_ws/install/turtlebot3_fake_node' in the environment variable AMENT_PREFIX_PATH doesn't exist
[1.834s] WARNING:colcon.colcon_ros.prefix_path.ament:The path '/home/stefano/turtlebot3_ws/install/turtlebot3_example' in the environment variable AMENT_PREFIX_PATH doesn't exist
[1.834s] WARNING:colcon.colcon_ros.prefix_path.ament:The path '/home/stefano/turtlebot3_ws/install/turtlebot3_msgs' in the environment variable AMENT_PREFIX_PATH doesn't exist
[1.834s] WARNING:colcon.colcon_ros.prefix_path.ament:The path '/home/stefano/turtlebot3_ws/install/turtlebot3_gazebo' in the environment variable AMENT_PREFIX_PATH doesn't exist
[1.834s] WARNING:colcon.colcon_ros.prefix_path.ament:The path '/home/stefano/turtlebot3_ws/install/turtlebot3_description' in the environment variable AMENT_PREFIX_PATH doesn't exist
[1.835s] WARNING:colcon.colcon_ros.prefix_path.ament:The path '/home/stefano/turtlebot3_ws/install/turtlebot3_cartographer' in the environment variable AMENT_PREFIX_PATH doesn't exist
[1.835s] WARNING:colcon.colcon_ros.prefix_path.ament:The path '/home/stefano/turtlebot3_ws/install/dynamixel_sdk_examples' in the environment variable AMENT_PREFIX_PATH doesn't exist
[1.835s] WARNING:colcon.colcon_ros.prefix_path.ament:The path '/home/stefano/turtlebot3_ws/install/dynamixel_sdk_custom_interfaces' in the environment variable AMENT_PREFIX_PATH doesn't exist
[1.835s] WARNING:colcon.colcon_ros.prefix_path.ament:The path '/home/stefano/turtlebot3_ws/install/dynamixel_sdk' in the environment variable AMENT_PREFIX_PATH doesn't exist
[1.835s] WARNING:colcon.colcon_ros.prefix_path.ament:The path '/home/stefano/Webots_ros2/install/webots_ros2' in the environment variable AMENT_PREFIX_PATH doesn't exist
[1.835s] WARNING:colcon.colcon_ros.prefix_path.ament:The path '/home/stefano/Webots_ros2/install/webots_ros2_universal_robot' in the environment variable AMENT_PREFIX_PATH doesn't exist
[1.836s] WARNING:colcon.colcon_ros.prefix_path.ament:The path '/home/stefano/Webots_ros2/install/webots_ros2_turtlebot' in the environment variable AMENT_PREFIX_PATH doesn't exist
[1.836s] WARNING:colcon.colcon_ros.prefix_path.ament:The path '/home/stefano/Webots_ros2/install/webots_ros2_tiago' in the environment variable AMENT_PREFIX_PATH doesn't exist
[1.836s] WARNING:colcon.colcon_ros.prefix_path.ament:The path '/home/stefano/Webots_ros2/install/webots_ros2_tests' in the environment variable AMENT_PREFIX_PATH doesn't exist
[1.836s] WARNING:colcon.colcon_ros.prefix_path.ament:The path '/home/stefano/Webots_ros2/install/webots_ros2_tesla' in the environment variable AMENT_PREFIX_PATH doesn't exist
[1.837s] WARNING:colcon.colcon_ros.prefix_path.ament:The path '/home/stefano/Webots_ros2/install/webots_ros2_mavic' in the environment variable AMENT_PREFIX_PATH doesn't exist
[1.837s] WARNING:colcon.colcon_ros.prefix_path.ament:The path '/home/stefano/Webots_ros2/install/webots_ros2_husarion' in the environment variable AMENT_PREFIX_PATH doesn't exist
[1.837s] WARNING:colcon.colcon_ros.prefix_path.ament:The path '/home/stefano/Webots_ros2/install/webots_ros2_epuck' in the environment variable AMENT_PREFIX_PATH doesn't exist
[1.837s] WARNING:colcon.colcon_ros.prefix_path.ament:The path '/home/stefano/Webots_ros2/install/webots_ros2_crazyflie' in the environment variable AMENT_PREFIX_PATH doesn't exist
[1.837s] WARNING:colcon.colcon_ros.prefix_path.ament:The path '/home/stefano/Webots_ros2/install/webots_ros2_control' in the environment variable AMENT_PREFIX_PATH doesn't exist
[1.837s] WARNING:colcon.colcon_ros.prefix_path.ament:The path '/home/stefano/Webots_ros2/install/webots_ros2_driver' in the environment variable AMENT_PREFIX_PATH doesn't exist
[1.838s] WARNING:colcon.colcon_ros.prefix_path.ament:The path '/home/stefano/Webots_ros2/install/webots_ros2_msgs' in the environment variable AMENT_PREFIX_PATH doesn't exist
[1.838s] WARNING:colcon.colcon_ros.prefix_path.ament:The path '/home/stefano/Webots_ros2/install/webots_ros2_importer' in the environment variable AMENT_PREFIX_PATH doesn't exist
[1.839s] WARNING:colcon.colcon_ros.prefix_path.catkin:The path '/home/stefano/Robomaster_WS/install/turtlesim' in the environment variable CMAKE_PREFIX_PATH doesn't exist
[1.839s] WARNING:colcon.colcon_ros.prefix_path.catkin:The path '/home/stefano/turtlebot3_ws/install/turtlebot3' in the environment variable CMAKE_PREFIX_PATH doesn't exist
[1.839s] WARNING:colcon.colcon_ros.prefix_path.catkin:The path '/home/stefano/turtlebot3_ws/install/turtlebot3_simulations' in the environment variable CMAKE_PREFIX_PATH doesn't exist
[1.840s] WARNING:colcon.colcon_ros.prefix_path.catkin:The path '/home/stefano/turtlebot3_ws/install/turtlebot3_bringup' in the environment variable CMAKE_PREFIX_PATH doesn't exist
[1.840s] WARNING:colcon.colcon_ros.prefix_path.catkin:The path '/home/stefano/turtlebot3_ws/install/turtlebot3_node' in the environment variable CMAKE_PREFIX_PATH doesn't exist
[1.840s] WARNING:colcon.colcon_ros.prefix_path.catkin:The path '/home/stefano/turtlebot3_ws/install/turtlebot3_navigation2' in the environment variable CMAKE_PREFIX_PATH doesn't exist
[1.840s] WARNING:colcon.colcon_ros.prefix_path.catkin:The path '/home/stefano/turtlebot3_ws/install/turtlebot3_fake_node' in the environment variable CMAKE_PREFIX_PATH doesn't exist
[1.840s] WARNING:colcon.colcon_ros.prefix_path.catkin:The path '/home/stefano/turtlebot3_ws/install/turtlebot3_msgs' in the environment variable CMAKE_PREFIX_PATH doesn't exist
[1.840s] WARNING:colcon.colcon_ros.prefix_path.catkin:The path '/home/stefano/turtlebot3_ws/install/turtlebot3_gazebo' in the environment variable CMAKE_PREFIX_PATH doesn't exist
[1.840s] WARNING:colcon.colcon_ros.prefix_path.catkin:The path '/home/stefano/turtlebot3_ws/install/turtlebot3_description' in the environment variable CMAKE_PREFIX_PATH doesn't exist
[1.840s] WARNING:colcon.colcon_ros.prefix_path.catkin:The path '/home/stefano/turtlebot3_ws/install/turtlebot3_cartographer' in the environment variable CMAKE_PREFIX_PATH doesn't exist
[1.840s] WARNING:colcon.colcon_ros.prefix_path.catkin:The path '/home/stefano/turtlebot3_ws/install/dynamixel_sdk_examples' in the environment variable CMAKE_PREFIX_PATH doesn't exist
[1.841s] WARNING:colcon.colcon_ros.prefix_path.catkin:The path '/home/stefano/turtlebot3_ws/install/dynamixel_sdk_custom_interfaces' in the environment variable CMAKE_PREFIX_PATH doesn't exist
[1.841s] WARNING:colcon.colcon_ros.prefix_path.catkin:The path '/home/stefano/turtlebot3_ws/install/dynamixel_sdk' in the environment variable CMAKE_PREFIX_PATH doesn't exist
[1.841s] WARNING:colcon.colcon_ros.prefix_path.catkin:The path '/home/stefano/Webots_ros2/install/webots_ros2_control' in the environment variable CMAKE_PREFIX_PATH doesn't exist
[1.841s] WARNING:colcon.colcon_ros.prefix_path.catkin:The path '/home/stefano/Webots_ros2/install/webots_ros2_driver' in the environment variable CMAKE_PREFIX_PATH doesn't exist
[1.841s] WARNING:colcon.colcon_ros.prefix_path.catkin:The path '/home/stefano/Webots_ros2/install/webots_ros2_msgs' in the environment variable CMAKE_PREFIX_PATH doesn't exist
[1.851s] DEBUG:colcon.colcon_installed_package_information.package_discovery:Found 5 installed packages in /home/stefano/Robomaster_WS/src/install
[1.856s] DEBUG:colcon.colcon_installed_package_information.package_discovery:Found 3 installed packages in /home/stefano/Robomaster_WS/install
[1.873s] DEBUG:colcon.colcon_installed_package_information.package_discovery:Found 421 installed packages in /opt/ros/humble
[1.883s] Level 1:colcon.colcon_core.package_discovery:discover_packages(prefix_path) using defaults
[2.100s] Level 5:colcon.colcon_core.verb:set package 'robomaster_description' build argument 'cmake_args' from command line to 'None'
[2.100s] Level 5:colcon.colcon_core.verb:set package 'robomaster_description' build argument 'cmake_target' from command line to 'None'
[2.101s] Level 5:colcon.colcon_core.verb:set package 'robomaster_description' build argument 'cmake_target_skip_unavailable' from command line to 'False'
[2.101s] Level 5:colcon.colcon_core.verb:set package 'robomaster_description' build argument 'cmake_clean_cache' from command line to 'False'
[2.101s] Level 5:colcon.colcon_core.verb:set package 'robomaster_description' build argument 'cmake_clean_first' from command line to 'False'
[2.101s] Level 5:colcon.colcon_core.verb:set package 'robomaster_description' build argument 'cmake_force_configure' from command line to 'False'
[2.101s] Level 5:colcon.colcon_core.verb:set package 'robomaster_description' build argument 'ament_cmake_args' from command line to 'None'
[2.101s] Level 5:colcon.colcon_core.verb:set package 'robomaster_description' build argument 'catkin_cmake_args' from command line to 'None'
[2.101s] Level 5:colcon.colcon_core.verb:set package 'robomaster_description' build argument 'catkin_skip_building_tests' from command line to 'False'
[2.101s] DEBUG:colcon.colcon_core.verb:Building package 'robomaster_description' with the following arguments: {'ament_cmake_args': None, 'build_base': '/home/stefano/Robomaster_WS/src/build/robomaster_description', 'catkin_cmake_args': None, 'catkin_skip_building_tests': False, 'cmake_args': None, 'cmake_clean_cache': False, 'cmake_clean_first': False, 'cmake_force_configure': False, 'cmake_target': None, 'cmake_target_skip_unavailable': False, 'install_base': '/home/stefano/Robomaster_WS/src/install/robomaster_description', 'merge_install': False, 'path': '/home/stefano/Robomaster_WS/src/robomaster_ros/robomaster_description', 'symlink_install': False, 'test_result_base': None}
[2.102s] Level 5:colcon.colcon_core.verb:set package 'robomaster_msgs' build argument 'cmake_args' from command line to 'None'
[2.102s] Level 5:colcon.colcon_core.verb:set package 'robomaster_msgs' build argument 'cmake_target' from command line to 'None'
[2.102s] Level 5:colcon.colcon_core.verb:set package 'robomaster_msgs' build argument 'cmake_target_skip_unavailable' from command line to 'False'
[2.103s] Level 5:colcon.colcon_core.verb:set package 'robomaster_msgs' build argument 'cmake_clean_cache' from command line to 'False'
[2.103s] Level 5:colcon.colcon_core.verb:set package 'robomaster_msgs' build argument 'cmake_clean_first' from command line to 'False'
[2.103s] Level 5:colcon.colcon_core.verb:set package 'robomaster_msgs' build argument 'cmake_force_configure' from command line to 'False'
[2.103s] Level 5:colcon.colcon_core.verb:set package 'robomaster_msgs' build argument 'ament_cmake_args' from command line to 'None'
[2.103s] Level 5:colcon.colcon_core.verb:set package 'robomaster_msgs' build argument 'catkin_cmake_args' from command line to 'None'
[2.103s] Level 5:colcon.colcon_core.verb:set package 'robomaster_msgs' build argument 'catkin_skip_building_tests' from command line to 'False'
[2.103s] DEBUG:colcon.colcon_core.verb:Building package 'robomaster_msgs' with the following arguments: {'ament_cmake_args': None, 'build_base': '/home/stefano/Robomaster_WS/src/build/robomaster_msgs', 'catkin_cmake_args': None, 'catkin_skip_building_tests': False, 'cmake_args': None, 'cmake_clean_cache': False, 'cmake_clean_first': False, 'cmake_force_configure': False, 'cmake_target': None, 'cmake_target_skip_unavailable': False, 'install_base': '/home/stefano/Robomaster_WS/src/install/robomaster_msgs', 'merge_install': False, 'path': '/home/stefano/Robomaster_WS/src/robomaster_ros/robomaster_msgs', 'symlink_install': False, 'test_result_base': None}
[2.104s] Level 5:colcon.colcon_core.verb:set package 'robomaster_ros' build argument 'cmake_args' from command line to 'None'
[2.104s] Level 5:colcon.colcon_core.verb:set package 'robomaster_ros' build argument 'cmake_target' from command line to 'None'
[2.104s] Level 5:colcon.colcon_core.verb:set package 'robomaster_ros' build argument 'cmake_target_skip_unavailable' from command line to 'False'
[2.104s] Level 5:colcon.colcon_core.verb:set package 'robomaster_ros' build argument 'cmake_clean_cache' from command line to 'False'
[2.104s] Level 5:colcon.colcon_core.verb:set package 'robomaster_ros' build argument 'cmake_clean_first' from command line to 'False'
[2.104s] Level 5:colcon.colcon_core.verb:set package 'robomaster_ros' build argument 'cmake_force_configure' from command line to 'False'
[2.104s] Level 5:colcon.colcon_core.verb:set package 'robomaster_ros' build argument 'ament_cmake_args' from command line to 'None'
[2.104s] Level 5:colcon.colcon_core.verb:set package 'robomaster_ros' build argument 'catkin_cmake_args' from command line to 'None'
[2.104s] Level 5:colcon.colcon_core.verb:set package 'robomaster_ros' build argument 'catkin_skip_building_tests' from command line to 'False'
[2.104s] DEBUG:colcon.colcon_core.verb:Building package 'robomaster_ros' with the following arguments: {'ament_cmake_args': None, 'build_base': '/home/stefano/Robomaster_WS/src/build/robomaster_ros', 'catkin_cmake_args': None, 'catkin_skip_building_tests': False, 'cmake_args': None, 'cmake_clean_cache': False, 'cmake_clean_first': False, 'cmake_force_configure': False, 'cmake_target': None, 'cmake_target_skip_unavailable': False, 'install_base': '/home/stefano/Robomaster_WS/src/install/robomaster_ros', 'merge_install': False, 'path': '/home/stefano/Robomaster_WS/src/robomaster_ros/robomaster_ros', 'symlink_install': False, 'test_result_base': None}
[2.105s] INFO:colcon.colcon_core.executor:Executing jobs using 'parallel' executor
[2.111s] DEBUG:colcon.colcon_parallel_executor.executor.parallel:run_until_complete
[2.114s] INFO:colcon.colcon_ros.task.ament_cmake.build:Building ROS package in '/home/stefano/Robomaster_WS/src/robomaster_ros/robomaster_msgs' with build type 'ament_cmake'
[2.115s] INFO:colcon.colcon_cmake.task.cmake.build:Building CMake package in '/home/stefano/Robomaster_WS/src/robomaster_ros/robomaster_msgs'
[2.134s] INFO:colcon.colcon_core.plugin_system:Skipping extension 'colcon_core.shell.bat': Not used on non-Windows systems
[2.136s] INFO:colcon.colcon_core.shell:Skip shell extension 'powershell' for command environment: Not usable outside of PowerShell
[2.137s] DEBUG:colcon.colcon_core.shell:Skip shell extension 'dsv' for command environment
[2.175s] INFO:colcon.colcon_ros.task.ament_cmake.build:Building ROS package in '/home/stefano/Robomaster_WS/src/robomaster_ros/robomaster_description' with build type 'ament_cmake'
[2.177s] INFO:colcon.colcon_cmake.task.cmake.build:Building CMake package in '/home/stefano/Robomaster_WS/src/robomaster_ros/robomaster_description'
[2.179s] INFO:colcon.colcon_core.shell:Skip shell extension 'powershell' for command environment: Not usable outside of PowerShell
[2.179s] DEBUG:colcon.colcon_core.shell:Skip shell extension 'dsv' for command environment
[2.239s] DEBUG:colcon.colcon_core.event_handler.log_command:Invoking command in '/home/stefano/Robomaster_WS/src/build/robomaster_msgs': CMAKE_PREFIX_PATH=${CMAKE_PREFIX_PATH}:/home/stefano/Robomaster_WS/src/install/robomaster_ros:/home/stefano/Robomaster_WS/src/install/laser_echo_publisher:/home/stefano/Robomaster_WS/src/install/camera_utils:/home/stefano/Robomaster_WS/install/robomaster_ros:/home/stefano/Robomaster_WS/install/robomaster_ir_publisher:/home/stefano/Robomaster_WS/install/laser_echo_publisher:/home/stefano/Robomaster_WS/install/camera_utils:/home/stefano/turtlebot3_ws/install/turtlebot3_teleop:/home/stefano/turtlebot3_ws/install/turtlebot3_example:/home/stefano/Webots_ros2/install/webots_ros2:/home/stefano/Webots_ros2/install/webots_ros2_universal_robot:/home/stefano/Webots_ros2/install/webots_ros2_turtlebot:/home/stefano/Webots_ros2/install/webots_ros2_tiago:/home/stefano/Webots_ros2/install/webots_ros2_tests:/home/stefano/Webots_ros2/install/webots_ros2_tesla:/home/stefano/Webots_ros2/install/webots_ros2_mavic:/home/stefano/Webots_ros2/install/webots_ros2_husarion:/home/stefano/Webots_ros2/install/webots_ros2_epuck:/home/stefano/Webots_ros2/install/webots_ros2_crazyflie:/home/stefano/Webots_ros2/install/webots_ros2_importer:/opt/ros/humble /usr/bin/cmake --build /home/stefano/Robomaster_WS/src/build/robomaster_msgs -- -j8 -l8
[2.284s] DEBUG:colcon.colcon_core.event_handler.log_command:Invoking command in '/home/stefano/Robomaster_WS/src/build/robomaster_description': CMAKE_PREFIX_PATH=${CMAKE_PREFIX_PATH}:/home/stefano/Robomaster_WS/src/install/robomaster_ros:/home/stefano/Robomaster_WS/src/install/laser_echo_publisher:/home/stefano/Robomaster_WS/src/install/camera_utils:/home/stefano/Robomaster_WS/install/robomaster_ros:/home/stefano/Robomaster_WS/install/robomaster_ir_publisher:/home/stefano/Robomaster_WS/install/laser_echo_publisher:/home/stefano/Robomaster_WS/install/camera_utils:/home/stefano/turtlebot3_ws/install/turtlebot3_teleop:/home/stefano/turtlebot3_ws/install/turtlebot3_example:/home/stefano/Webots_ros2/install/webots_ros2:/home/stefano/Webots_ros2/install/webots_ros2_universal_robot:/home/stefano/Webots_ros2/install/webots_ros2_turtlebot:/home/stefano/Webots_ros2/install/webots_ros2_tiago:/home/stefano/Webots_ros2/install/webots_ros2_tests:/home/stefano/Webots_ros2/install/webots_ros2_tesla:/home/stefano/Webots_ros2/install/webots_ros2_mavic:/home/stefano/Webots_ros2/install/webots_ros2_husarion:/home/stefano/Webots_ros2/install/webots_ros2_epuck:/home/stefano/Webots_ros2/install/webots_ros2_crazyflie:/home/stefano/Webots_ros2/install/webots_ros2_importer:/opt/ros/humble /usr/bin/cmake --build /home/stefano/Robomaster_WS/src/build/robomaster_description -- -j8 -l8
[2.738s] DEBUG:colcon.colcon_core.event_handler.log_command:Invoked command in '/home/stefano/Robomaster_WS/src/build/robomaster_description' returned '0': CMAKE_PREFIX_PATH=${CMAKE_PREFIX_PATH}:/home/stefano/Robomaster_WS/src/install/robomaster_ros:/home/stefano/Robomaster_WS/src/install/laser_echo_publisher:/home/stefano/Robomaster_WS/src/install/camera_utils:/home/stefano/Robomaster_WS/install/robomaster_ros:/home/stefano/Robomaster_WS/install/robomaster_ir_publisher:/home/stefano/Robomaster_WS/install/laser_echo_publisher:/home/stefano/Robomaster_WS/install/camera_utils:/home/stefano/turtlebot3_ws/install/turtlebot3_teleop:/home/stefano/turtlebot3_ws/install/turtlebot3_example:/home/stefano/Webots_ros2/install/webots_ros2:/home/stefano/Webots_ros2/install/webots_ros2_universal_robot:/home/stefano/Webots_ros2/install/webots_ros2_turtlebot:/home/stefano/Webots_ros2/install/webots_ros2_tiago:/home/stefano/Webots_ros2/install/webots_ros2_tests:/home/stefano/Webots_ros2/install/webots_ros2_tesla:/home/stefano/Webots_ros2/install/webots_ros2_mavic:/home/stefano/Webots_ros2/install/webots_ros2_husarion:/home/stefano/Webots_ros2/install/webots_ros2_epuck:/home/stefano/Webots_ros2/install/webots_ros2_crazyflie:/home/stefano/Webots_ros2/install/webots_ros2_importer:/opt/ros/humble /usr/bin/cmake --build /home/stefano/Robomaster_WS/src/build/robomaster_description -- -j8 -l8
[2.853s] DEBUG:colcon.colcon_core.event_handler.log_command:Invoking command in '/home/stefano/Robomaster_WS/src/build/robomaster_description': CMAKE_PREFIX_PATH=${CMAKE_PREFIX_PATH}:/home/stefano/Robomaster_WS/src/install/robomaster_ros:/home/stefano/Robomaster_WS/src/install/laser_echo_publisher:/home/stefano/Robomaster_WS/src/install/camera_utils:/home/stefano/Robomaster_WS/install/robomaster_ros:/home/stefano/Robomaster_WS/install/robomaster_ir_publisher:/home/stefano/Robomaster_WS/install/laser_echo_publisher:/home/stefano/Robomaster_WS/install/camera_utils:/home/stefano/turtlebot3_ws/install/turtlebot3_teleop:/home/stefano/turtlebot3_ws/install/turtlebot3_example:/home/stefano/Webots_ros2/install/webots_ros2:/home/stefano/Webots_ros2/install/webots_ros2_universal_robot:/home/stefano/Webots_ros2/install/webots_ros2_turtlebot:/home/stefano/Webots_ros2/install/webots_ros2_tiago:/home/stefano/Webots_ros2/install/webots_ros2_tests:/home/stefano/Webots_ros2/install/webots_ros2_tesla:/home/stefano/Webots_ros2/install/webots_ros2_mavic:/home/stefano/Webots_ros2/install/webots_ros2_husarion:/home/stefano/Webots_ros2/install/webots_ros2_epuck:/home/stefano/Webots_ros2/install/webots_ros2_crazyflie:/home/stefano/Webots_ros2/install/webots_ros2_importer:/opt/ros/humble /usr/bin/cmake --install /home/stefano/Robomaster_WS/src/build/robomaster_description
[3.065s] Level 1:colcon.colcon_core.environment:create_environment_scripts_only(robomaster_description)
[3.109s] Level 1:colcon.colcon_core.environment:checking '/home/stefano/Robomaster_WS/src/install/robomaster_description' for CMake module files
[3.116s] Level 1:colcon.colcon_core.environment:checking '/home/stefano/Robomaster_WS/src/install/robomaster_description' for CMake config files
[3.119s] Level 1:colcon.colcon_core.shell:create_environment_hook('robomaster_description', 'cmake_prefix_path')
[3.121s] INFO:colcon.colcon_core.shell:Creating environment hook '/home/stefano/Robomaster_WS/src/install/robomaster_description/share/robomaster_description/hook/cmake_prefix_path.ps1'
[3.141s] INFO:colcon.colcon_core.shell:Creating environment descriptor '/home/stefano/Robomaster_WS/src/install/robomaster_description/share/robomaster_description/hook/cmake_prefix_path.dsv'
[3.155s] INFO:colcon.colcon_core.shell:Creating environment hook '/home/stefano/Robomaster_WS/src/install/robomaster_description/share/robomaster_description/hook/cmake_prefix_path.sh'
[3.202s] DEBUG:colcon.colcon_core.event_handler.log_command:Invoked command in '/home/stefano/Robomaster_WS/src/build/robomaster_description' returned '0': CMAKE_PREFIX_PATH=${CMAKE_PREFIX_PATH}:/home/stefano/Robomaster_WS/src/install/robomaster_ros:/home/stefano/Robomaster_WS/src/install/laser_echo_publisher:/home/stefano/Robomaster_WS/src/install/camera_utils:/home/stefano/Robomaster_WS/install/robomaster_ros:/home/stefano/Robomaster_WS/install/robomaster_ir_publisher:/home/stefano/Robomaster_WS/install/laser_echo_publisher:/home/stefano/Robomaster_WS/install/camera_utils:/home/stefano/turtlebot3_ws/install/turtlebot3_teleop:/home/stefano/turtlebot3_ws/install/turtlebot3_example:/home/stefano/Webots_ros2/install/webots_ros2:/home/stefano/Webots_ros2/install/webots_ros2_universal_robot:/home/stefano/Webots_ros2/install/webots_ros2_turtlebot:/home/stefano/Webots_ros2/install/webots_ros2_tiago:/home/stefano/Webots_ros2/install/webots_ros2_tests:/home/stefano/Webots_ros2/install/webots_ros2_tesla:/home/stefano/Webots_ros2/install/webots_ros2_mavic:/home/stefano/Webots_ros2/install/webots_ros2_husarion:/home/stefano/Webots_ros2/install/webots_ros2_epuck:/home/stefano/Webots_ros2/install/webots_ros2_crazyflie:/home/stefano/Webots_ros2/install/webots_ros2_importer:/opt/ros/humble /usr/bin/cmake --install /home/stefano/Robomaster_WS/src/build/robomaster_description
[3.230s] Level 1:colcon.colcon_core.environment:checking '/home/stefano/Robomaster_WS/src/install/robomaster_description/bin'
[3.232s] Level 1:colcon.colcon_core.environment:checking '/home/stefano/Robomaster_WS/src/install/robomaster_description/lib/pkgconfig/robomaster_description.pc'
[3.238s] Level 1:colcon.colcon_core.environment:checking '/home/stefano/Robomaster_WS/src/install/robomaster_description/lib/python3.10/site-packages'
[3.240s] Level 1:colcon.colcon_core.environment:checking '/home/stefano/Robomaster_WS/src/install/robomaster_description/bin'
[3.243s] INFO:colcon.colcon_core.shell:Creating package script '/home/stefano/Robomaster_WS/src/install/robomaster_description/share/robomaster_description/package.ps1'
[3.249s] INFO:colcon.colcon_core.shell:Creating package descriptor '/home/stefano/Robomaster_WS/src/install/robomaster_description/share/robomaster_description/package.dsv'
[3.259s] INFO:colcon.colcon_core.shell:Creating package script '/home/stefano/Robomaster_WS/src/install/robomaster_description/share/robomaster_description/package.sh'
[3.264s] INFO:colcon.colcon_core.shell:Creating package script '/home/stefano/Robomaster_WS/src/install/robomaster_description/share/robomaster_description/package.bash'
[3.279s] INFO:colcon.colcon_core.shell:Creating package script '/home/stefano/Robomaster_WS/src/install/robomaster_description/share/robomaster_description/package.zsh'
[3.281s] Level 1:colcon.colcon_core.environment:create_file_with_runtime_dependencies(/home/stefano/Robomaster_WS/src/install/robomaster_description/share/colcon-core/packages/robomaster_description)
[3.289s] Level 1:colcon.colcon_core.environment:create_environment_scripts_only(robomaster_description)
[3.290s] Level 1:colcon.colcon_core.environment:checking '/home/stefano/Robomaster_WS/src/install/robomaster_description' for CMake module files
[3.298s] Level 1:colcon.colcon_core.environment:checking '/home/stefano/Robomaster_WS/src/install/robomaster_description' for CMake config files
[3.301s] Level 1:colcon.colcon_core.shell:create_environment_hook('robomaster_description', 'cmake_prefix_path')
[3.303s] INFO:colcon.colcon_core.shell:Creating environment hook '/home/stefano/Robomaster_WS/src/install/robomaster_description/share/robomaster_description/hook/cmake_prefix_path.ps1'
[3.324s] INFO:colcon.colcon_core.shell:Creating environment descriptor '/home/stefano/Robomaster_WS/src/install/robomaster_description/share/robomaster_description/hook/cmake_prefix_path.dsv'
[3.337s] INFO:colcon.colcon_core.shell:Creating environment hook '/home/stefano/Robomaster_WS/src/install/robomaster_description/share/robomaster_description/hook/cmake_prefix_path.sh'
[3.344s] Level 1:colcon.colcon_core.environment:checking '/home/stefano/Robomaster_WS/src/install/robomaster_description/bin'
[3.344s] Level 1:colcon.colcon_core.environment:checking '/home/stefano/Robomaster_WS/src/install/robomaster_description/lib/pkgconfig/robomaster_description.pc'
[3.345s] Level 1:colcon.colcon_core.environment:checking '/home/stefano/Robomaster_WS/src/install/robomaster_description/lib/python3.10/site-packages'
[3.350s] Level 1:colcon.colcon_core.environment:checking '/home/stefano/Robomaster_WS/src/install/robomaster_description/bin'
[3.352s] INFO:colcon.colcon_core.shell:Creating package script '/home/stefano/Robomaster_WS/src/install/robomaster_description/share/robomaster_description/package.ps1'
[3.366s] INFO:colcon.colcon_core.shell:Creating package descriptor '/home/stefano/Robomaster_WS/src/install/robomaster_description/share/robomaster_description/package.dsv'
[3.375s] INFO:colcon.colcon_core.shell:Creating package script '/home/stefano/Robomaster_WS/src/install/robomaster_description/share/robomaster_description/package.sh'
[3.379s] INFO:colcon.colcon_core.shell:Creating package script '/home/stefano/Robomaster_WS/src/install/robomaster_description/share/robomaster_description/package.bash'
[3.388s] INFO:colcon.colcon_core.shell:Creating package script '/home/stefano/Robomaster_WS/src/install/robomaster_description/share/robomaster_description/package.zsh'
[3.390s] Level 1:colcon.colcon_core.environment:create_file_with_runtime_dependencies(/home/stefano/Robomaster_WS/src/install/robomaster_description/share/colcon-core/packages/robomaster_description)
[5.165s] DEBUG:colcon.colcon_core.event_handler.log_command:Invoked command in '/home/stefano/Robomaster_WS/src/build/robomaster_msgs' returned '0': CMAKE_PREFIX_PATH=${CMAKE_PREFIX_PATH}:/home/stefano/Robomaster_WS/src/install/robomaster_ros:/home/stefano/Robomaster_WS/src/install/laser_echo_publisher:/home/stefano/Robomaster_WS/src/install/camera_utils:/home/stefano/Robomaster_WS/install/robomaster_ros:/home/stefano/Robomaster_WS/install/robomaster_ir_publisher:/home/stefano/Robomaster_WS/install/laser_echo_publisher:/home/stefano/Robomaster_WS/install/camera_utils:/home/stefano/turtlebot3_ws/install/turtlebot3_teleop:/home/stefano/turtlebot3_ws/install/turtlebot3_example:/home/stefano/Webots_ros2/install/webots_ros2:/home/stefano/Webots_ros2/install/webots_ros2_universal_robot:/home/stefano/Webots_ros2/install/webots_ros2_turtlebot:/home/stefano/Webots_ros2/install/webots_ros2_tiago:/home/stefano/Webots_ros2/install/webots_ros2_tests:/home/stefano/Webots_ros2/install/webots_ros2_tesla:/home/stefano/Webots_ros2/install/webots_ros2_mavic:/home/stefano/Webots_ros2/install/webots_ros2_husarion:/home/stefano/Webots_ros2/install/webots_ros2_epuck:/home/stefano/Webots_ros2/install/webots_ros2_crazyflie:/home/stefano/Webots_ros2/install/webots_ros2_importer:/opt/ros/humble /usr/bin/cmake --build /home/stefano/Robomaster_WS/src/build/robomaster_msgs -- -j8 -l8
[5.197s] DEBUG:colcon.colcon_core.event_handler.log_command:Invoking command in '/home/stefano/Robomaster_WS/src/build/robomaster_msgs': CMAKE_PREFIX_PATH=${CMAKE_PREFIX_PATH}:/home/stefano/Robomaster_WS/src/install/robomaster_ros:/home/stefano/Robomaster_WS/src/install/laser_echo_publisher:/home/stefano/Robomaster_WS/src/install/camera_utils:/home/stefano/Robomaster_WS/install/robomaster_ros:/home/stefano/Robomaster_WS/install/robomaster_ir_publisher:/home/stefano/Robomaster_WS/install/laser_echo_publisher:/home/stefano/Robomaster_WS/install/camera_utils:/home/stefano/turtlebot3_ws/install/turtlebot3_teleop:/home/stefano/turtlebot3_ws/install/turtlebot3_example:/home/stefano/Webots_ros2/install/webots_ros2:/home/stefano/Webots_ros2/install/webots_ros2_universal_robot:/home/stefano/Webots_ros2/install/webots_ros2_turtlebot:/home/stefano/Webots_ros2/install/webots_ros2_tiago:/home/stefano/Webots_ros2/install/webots_ros2_tests:/home/stefano/Webots_ros2/install/webots_ros2_tesla:/home/stefano/Webots_ros2/install/webots_ros2_mavic:/home/stefano/Webots_ros2/install/webots_ros2_husarion:/home/stefano/Webots_ros2/install/webots_ros2_epuck:/home/stefano/Webots_ros2/install/webots_ros2_crazyflie:/home/stefano/Webots_ros2/install/webots_ros2_importer:/opt/ros/humble /usr/bin/cmake --install /home/stefano/Robomaster_WS/src/build/robomaster_msgs
[5.960s] Level 1:colcon.colcon_core.environment:create_environment_scripts_only(robomaster_msgs)
[5.962s] Level 1:colcon.colcon_core.environment:checking '/home/stefano/Robomaster_WS/src/install/robomaster_msgs' for CMake module files
[5.965s] DEBUG:colcon.colcon_core.event_handler.log_command:Invoked command in '/home/stefano/Robomaster_WS/src/build/robomaster_msgs' returned '0': CMAKE_PREFIX_PATH=${CMAKE_PREFIX_PATH}:/home/stefano/Robomaster_WS/src/install/robomaster_ros:/home/stefano/Robomaster_WS/src/install/laser_echo_publisher:/home/stefano/Robomaster_WS/src/install/camera_utils:/home/stefano/Robomaster_WS/install/robomaster_ros:/home/stefano/Robomaster_WS/install/robomaster_ir_publisher:/home/stefano/Robomaster_WS/install/laser_echo_publisher:/home/stefano/Robomaster_WS/install/camera_utils:/home/stefano/turtlebot3_ws/install/turtlebot3_teleop:/home/stefano/turtlebot3_ws/install/turtlebot3_example:/home/stefano/Webots_ros2/install/webots_ros2:/home/stefano/Webots_ros2/install/webots_ros2_universal_robot:/home/stefano/Webots_ros2/install/webots_ros2_turtlebot:/home/stefano/Webots_ros2/install/webots_ros2_tiago:/home/stefano/Webots_ros2/install/webots_ros2_tests:/home/stefano/Webots_ros2/install/webots_ros2_tesla:/home/stefano/Webots_ros2/install/webots_ros2_mavic:/home/stefano/Webots_ros2/install/webots_ros2_husarion:/home/stefano/Webots_ros2/install/webots_ros2_epuck:/home/stefano/Webots_ros2/install/webots_ros2_crazyflie:/home/stefano/Webots_ros2/install/webots_ros2_importer:/opt/ros/humble /usr/bin/cmake --install /home/stefano/Robomaster_WS/src/build/robomaster_msgs
[5.971s] Level 1:colcon.colcon_core.environment:checking '/home/stefano/Robomaster_WS/src/install/robomaster_msgs' for CMake config files
[5.975s] Level 1:colcon.colcon_core.shell:create_environment_hook('robomaster_msgs', 'cmake_prefix_path')
[5.978s] INFO:colcon.colcon_core.shell:Creating environment hook '/home/stefano/Robomaster_WS/src/install/robomaster_msgs/share/robomaster_msgs/hook/cmake_prefix_path.ps1'
[5.987s] INFO:colcon.colcon_core.shell:Creating environment descriptor '/home/stefano/Robomaster_WS/src/install/robomaster_msgs/share/robomaster_msgs/hook/cmake_prefix_path.dsv'
[5.998s] INFO:colcon.colcon_core.shell:Creating environment hook '/home/stefano/Robomaster_WS/src/install/robomaster_msgs/share/robomaster_msgs/hook/cmake_prefix_path.sh'
[6.010s] Level 1:colcon.colcon_core.environment:checking '/home/stefano/Robomaster_WS/src/install/robomaster_msgs/lib'
[6.015s] Level 1:colcon.colcon_core.shell:create_environment_hook('robomaster_msgs', 'ld_library_path_lib')
[6.021s] INFO:colcon.colcon_core.shell:Creating environment hook '/home/stefano/Robomaster_WS/src/install/robomaster_msgs/share/robomaster_msgs/hook/ld_library_path_lib.ps1'
[6.027s] INFO:colcon.colcon_core.shell:Creating environment descriptor '/home/stefano/Robomaster_WS/src/install/robomaster_msgs/share/robomaster_msgs/hook/ld_library_path_lib.dsv'
[6.031s] INFO:colcon.colcon_core.shell:Creating environment hook '/home/stefano/Robomaster_WS/src/install/robomaster_msgs/share/robomaster_msgs/hook/ld_library_path_lib.sh'
[6.037s] Level 1:colcon.colcon_core.environment:checking '/home/stefano/Robomaster_WS/src/install/robomaster_msgs/bin'
[6.037s] Level 1:colcon.colcon_core.environment:checking '/home/stefano/Robomaster_WS/src/install/robomaster_msgs/lib/pkgconfig/robomaster_msgs.pc'
[6.038s] Level 1:colcon.colcon_core.environment:checking '/home/stefano/Robomaster_WS/src/install/robomaster_msgs/lib/python3.10/site-packages'
[6.039s] Level 1:colcon.colcon_core.environment:checking '/home/stefano/Robomaster_WS/src/install/robomaster_msgs/bin'
[6.040s] INFO:colcon.colcon_core.shell:Creating package script '/home/stefano/Robomaster_WS/src/install/robomaster_msgs/share/robomaster_msgs/package.ps1'
[6.046s] INFO:colcon.colcon_core.shell:Creating package descriptor '/home/stefano/Robomaster_WS/src/install/robomaster_msgs/share/robomaster_msgs/package.dsv'
[6.052s] INFO:colcon.colcon_core.shell:Creating package script '/home/stefano/Robomaster_WS/src/install/robomaster_msgs/share/robomaster_msgs/package.sh'
[6.071s] INFO:colcon.colcon_core.shell:Creating package script '/home/stefano/Robomaster_WS/src/install/robomaster_msgs/share/robomaster_msgs/package.bash'
[6.078s] INFO:colcon.colcon_core.shell:Creating package script '/home/stefano/Robomaster_WS/src/install/robomaster_msgs/share/robomaster_msgs/package.zsh'
[6.083s] Level 1:colcon.colcon_core.environment:create_file_with_runtime_dependencies(/home/stefano/Robomaster_WS/src/install/robomaster_msgs/share/colcon-core/packages/robomaster_msgs)
[6.091s] Level 1:colcon.colcon_core.environment:create_environment_scripts_only(robomaster_msgs)
[6.093s] Level 1:colcon.colcon_core.environment:checking '/home/stefano/Robomaster_WS/src/install/robomaster_msgs' for CMake module files
[6.097s] Level 1:colcon.colcon_core.environment:checking '/home/stefano/Robomaster_WS/src/install/robomaster_msgs' for CMake config files
[6.100s] Level 1:colcon.colcon_core.shell:create_environment_hook('robomaster_msgs', 'cmake_prefix_path')
[6.102s] INFO:colcon.colcon_core.shell:Creating environment hook '/home/stefano/Robomaster_WS/src/install/robomaster_msgs/share/robomaster_msgs/hook/cmake_prefix_path.ps1'
[6.107s] INFO:colcon.colcon_core.shell:Creating environment descriptor '/home/stefano/Robomaster_WS/src/install/robomaster_msgs/share/robomaster_msgs/hook/cmake_prefix_path.dsv'
[6.112s] INFO:colcon.colcon_core.shell:Creating environment hook '/home/stefano/Robomaster_WS/src/install/robomaster_msgs/share/robomaster_msgs/hook/cmake_prefix_path.sh'
[6.117s] Level 1:colcon.colcon_core.environment:checking '/home/stefano/Robomaster_WS/src/install/robomaster_msgs/lib'
[6.117s] Level 1:colcon.colcon_core.shell:create_environment_hook('robomaster_msgs', 'ld_library_path_lib')
[6.119s] INFO:colcon.colcon_core.shell:Creating environment hook '/home/stefano/Robomaster_WS/src/install/robomaster_msgs/share/robomaster_msgs/hook/ld_library_path_lib.ps1'
[6.124s] INFO:colcon.colcon_core.shell:Creating environment descriptor '/home/stefano/Robomaster_WS/src/install/robomaster_msgs/share/robomaster_msgs/hook/ld_library_path_lib.dsv'
[6.127s] INFO:colcon.colcon_core.shell:Creating environment hook '/home/stefano/Robomaster_WS/src/install/robomaster_msgs/share/robomaster_msgs/hook/ld_library_path_lib.sh'
[6.128s] Level 1:colcon.colcon_core.environment:checking '/home/stefano/Robomaster_WS/src/install/robomaster_msgs/bin'
[6.129s] Level 1:colcon.colcon_core.environment:checking '/home/stefano/Robomaster_WS/src/install/robomaster_msgs/lib/pkgconfig/robomaster_msgs.pc'
[6.129s] Level 1:colcon.colcon_core.environment:checking '/home/stefano/Robomaster_WS/src/install/robomaster_msgs/lib/python3.10/site-packages'
[6.130s] Level 1:colcon.colcon_core.environment:checking '/home/stefano/Robomaster_WS/src/install/robomaster_msgs/bin'
[6.131s] INFO:colcon.colcon_core.shell:Creating package script '/home/stefano/Robomaster_WS/src/install/robomaster_msgs/share/robomaster_msgs/package.ps1'
[6.134s] INFO:colcon.colcon_core.shell:Creating package descriptor '/home/stefano/Robomaster_WS/src/install/robomaster_msgs/share/robomaster_msgs/package.dsv'
[6.137s] INFO:colcon.colcon_core.shell:Creating package script '/home/stefano/Robomaster_WS/src/install/robomaster_msgs/share/robomaster_msgs/package.sh'
[6.140s] INFO:colcon.colcon_core.shell:Creating package script '/home/stefano/Robomaster_WS/src/install/robomaster_msgs/share/robomaster_msgs/package.bash'
[6.144s] INFO:colcon.colcon_core.shell:Creating package script '/home/stefano/Robomaster_WS/src/install/robomaster_msgs/share/robomaster_msgs/package.zsh'
[6.146s] Level 1:colcon.colcon_core.environment:create_file_with_runtime_dependencies(/home/stefano/Robomaster_WS/src/install/robomaster_msgs/share/colcon-core/packages/robomaster_msgs)
[6.154s] INFO:colcon.colcon_ros.task.ament_python.build:Building ROS package in '/home/stefano/Robomaster_WS/src/robomaster_ros/robomaster_ros' with build type 'ament_python'
[6.155s] Level 1:colcon.colcon_core.shell:create_environment_hook('robomaster_ros', 'ament_prefix_path')
[6.157s] INFO:colcon.colcon_core.shell:Creating environment hook '/home/stefano/Robomaster_WS/src/install/robomaster_ros/share/robomaster_ros/hook/ament_prefix_path.ps1'
[6.161s] INFO:colcon.colcon_core.shell:Creating environment descriptor '/home/stefano/Robomaster_WS/src/install/robomaster_ros/share/robomaster_ros/hook/ament_prefix_path.dsv'
[6.162s] INFO:colcon.colcon_core.shell:Creating environment hook '/home/stefano/Robomaster_WS/src/install/robomaster_ros/share/robomaster_ros/hook/ament_prefix_path.sh'
[6.165s] INFO:colcon.colcon_core.shell:Skip shell extension 'powershell' for command environment: Not usable outside of PowerShell
[6.165s] DEBUG:colcon.colcon_core.shell:Skip shell extension 'dsv' for command environment
[7.635s] INFO:colcon.colcon_core.task.python.build:Building Python package in '/home/stefano/Robomaster_WS/src/robomaster_ros/robomaster_ros'
[7.640s] INFO:colcon.colcon_core.shell:Skip shell extension 'powershell' for command environment: Not usable outside of PowerShell
[7.642s] DEBUG:colcon.colcon_core.shell:Skip shell extension 'dsv' for command environment
[9.964s] DEBUG:colcon.colcon_core.event_handler.log_command:Invoking command in '/home/stefano/Robomaster_WS/src/robomaster_ros/robomaster_ros': LD_LIBRARY_PATH=/home/stefano/Robomaster_WS/src/install/robomaster_msgs/lib:/home/stefano/Robomaster_WS/install/turtlesim/lib:/home/stefano/Robomaster_WS/install/robomaster_msgs/lib:/home/stefano/turtlebot3_ws/install/turtlebot3_msgs/lib:/home/stefano/turtlebot3_ws/install/dynamixel_sdk_custom_interfaces/lib:/home/stefano/turtlebot3_ws/install/dynamixel_sdk/lib:/home/stefano/Webots_ros2/install/webots_ros2_control/lib:/home/stefano/Webots_ros2/install/webots_ros2_driver/lib:/home/stefano/Webots_ros2/install/webots_ros2_msgs/lib:/usr/lib/x86_64-linux-gnu/gazebo-11/plugins:/opt/ros/humble/opt/rviz_ogre_vendor/lib:/opt/ros/humble/lib/x86_64-linux-gnu:/opt/ros/humble/lib:/usr/lib/x86_64-linux-gnu/gazebo-11/plugins PYTHONPATH=/home/stefano/Robomaster_WS/src/build/robomaster_ros/prefix_override:/usr/lib/python3/dist-packages/colcon_core/task/python/colcon_distutils_commands:/home/stefano/Robomaster_WS/src/install/robomaster_ros/lib/python3.10/site-packages:${PYTHONPATH} /usr/bin/python3 -W ignore:setup.py install is deprecated -W ignore:easy_install command is deprecated setup.py egg_info --egg-base ../../build/robomaster_ros build --build-base /home/stefano/Robomaster_WS/src/build/robomaster_ros/build install --record /home/stefano/Robomaster_WS/src/build/robomaster_ros/install.log --single-version-externally-managed install_data
[11.692s] Level 1:colcon.colcon_core.environment:checking '/home/stefano/Robomaster_WS/src/install/robomaster_ros' for CMake module files
[11.703s] DEBUG:colcon.colcon_core.event_handler.log_command:Invoked command in '/home/stefano/Robomaster_WS/src/robomaster_ros/robomaster_ros' returned '0': LD_LIBRARY_PATH=/home/stefano/Robomaster_WS/src/install/robomaster_msgs/lib:/home/stefano/Robomaster_WS/install/turtlesim/lib:/home/stefano/Robomaster_WS/install/robomaster_msgs/lib:/home/stefano/turtlebot3_ws/install/turtlebot3_msgs/lib:/home/stefano/turtlebot3_ws/install/dynamixel_sdk_custom_interfaces/lib:/home/stefano/turtlebot3_ws/install/dynamixel_sdk/lib:/home/stefano/Webots_ros2/install/webots_ros2_control/lib:/home/stefano/Webots_ros2/install/webots_ros2_driver/lib:/home/stefano/Webots_ros2/install/webots_ros2_msgs/lib:/usr/lib/x86_64-linux-gnu/gazebo-11/plugins:/opt/ros/humble/opt/rviz_ogre_vendor/lib:/opt/ros/humble/lib/x86_64-linux-gnu:/opt/ros/humble/lib:/usr/lib/x86_64-linux-gnu/gazebo-11/plugins PYTHONPATH=/home/stefano/Robomaster_WS/src/build/robomaster_ros/prefix_override:/usr/lib/python3/dist-packages/colcon_core/task/python/colcon_distutils_commands:/home/stefano/Robomaster_WS/src/install/robomaster_ros/lib/python3.10/site-packages:${PYTHONPATH} /usr/bin/python3 -W ignore:setup.py install is deprecated -W ignore:easy_install command is deprecated setup.py egg_info --egg-base ../../build/robomaster_ros build --build-base /home/stefano/Robomaster_WS/src/build/robomaster_ros/build install --record /home/stefano/Robomaster_WS/src/build/robomaster_ros/install.log --single-version-externally-managed install_data
[11.710s] Level 1:colcon.colcon_core.environment:checking '/home/stefano/Robomaster_WS/src/install/robomaster_ros' for CMake config files
[11.714s] Level 1:colcon.colcon_core.environment:checking '/home/stefano/Robomaster_WS/src/install/robomaster_ros/lib'
[11.714s] Level 1:colcon.colcon_core.environment:checking '/home/stefano/Robomaster_WS/src/install/robomaster_ros/bin'
[11.714s] Level 1:colcon.colcon_core.environment:checking '/home/stefano/Robomaster_WS/src/install/robomaster_ros/lib/pkgconfig/robomaster_ros.pc'
[11.715s] Level 1:colcon.colcon_core.environment:checking '/home/stefano/Robomaster_WS/src/install/robomaster_ros/lib/python3.10/site-packages'
[11.716s] Level 1:colcon.colcon_core.shell:create_environment_hook('robomaster_ros', 'pythonpath')
[11.717s] INFO:colcon.colcon_core.shell:Creating environment hook '/home/stefano/Robomaster_WS/src/install/robomaster_ros/share/robomaster_ros/hook/pythonpath.ps1'
[11.719s] INFO:colcon.colcon_core.shell:Creating environment descriptor '/home/stefano/Robomaster_WS/src/install/robomaster_ros/share/robomaster_ros/hook/pythonpath.dsv'
[11.721s] INFO:colcon.colcon_core.shell:Creating environment hook '/home/stefano/Robomaster_WS/src/install/robomaster_ros/share/robomaster_ros/hook/pythonpath.sh'
[11.723s] Level 1:colcon.colcon_core.environment:checking '/home/stefano/Robomaster_WS/src/install/robomaster_ros/bin'
[11.723s] Level 1:colcon.colcon_core.environment:create_environment_scripts_only(robomaster_ros)
[11.728s] INFO:colcon.colcon_core.shell:Creating package script '/home/stefano/Robomaster_WS/src/install/robomaster_ros/share/robomaster_ros/package.ps1'
[11.733s] INFO:colcon.colcon_core.shell:Creating package descriptor '/home/stefano/Robomaster_WS/src/install/robomaster_ros/share/robomaster_ros/package.dsv'
[11.734s] INFO:colcon.colcon_core.shell:Creating package script '/home/stefano/Robomaster_WS/src/install/robomaster_ros/share/robomaster_ros/package.sh'
[11.737s] INFO:colcon.colcon_core.shell:Creating package script '/home/stefano/Robomaster_WS/src/install/robomaster_ros/share/robomaster_ros/package.bash'
[11.738s] INFO:colcon.colcon_core.shell:Creating package script '/home/stefano/Robomaster_WS/src/install/robomaster_ros/share/robomaster_ros/package.zsh'
[11.740s] Level 1:colcon.colcon_core.environment:create_file_with_runtime_dependencies(/home/stefano/Robomaster_WS/src/install/robomaster_ros/share/colcon-core/packages/robomaster_ros)
[11.742s] DEBUG:colcon.colcon_parallel_executor.executor.parallel:closing loop
[11.743s] DEBUG:colcon.colcon_parallel_executor.executor.parallel:loop closed
[11.744s] DEBUG:colcon.colcon_parallel_executor.executor.parallel:run_until_complete finished with '0'
[11.744s] DEBUG:colcon.colcon_core.event_reactor:joining thread
[11.795s] INFO:colcon.colcon_core.plugin_system:Skipping extension 'colcon_notification.desktop_notification.terminal_notifier': Not used on non-Darwin systems
[11.796s] INFO:colcon.colcon_core.plugin_system:Skipping extension 'colcon_notification.desktop_notification.win32': Not used on non-Windows systems
[11.797s] INFO:colcon.colcon_notification.desktop_notification:Sending desktop notification using 'notify2'
[11.865s] DEBUG:colcon.colcon_core.event_reactor:joined thread
[11.867s] INFO:colcon.colcon_core.shell:Creating prefix script '/home/stefano/Robomaster_WS/src/install/local_setup.ps1'
[11.869s] INFO:colcon.colcon_core.shell:Creating prefix util module '/home/stefano/Robomaster_WS/src/install/_local_setup_util_ps1.py'
[11.872s] INFO:colcon.colcon_core.shell:Creating prefix chain script '/home/stefano/Robomaster_WS/src/install/setup.ps1'
[11.881s] INFO:colcon.colcon_core.shell:Creating prefix script '/home/stefano/Robomaster_WS/src/install/local_setup.sh'
[11.884s] INFO:colcon.colcon_core.shell:Creating prefix util module '/home/stefano/Robomaster_WS/src/install/_local_setup_util_sh.py'
[11.886s] INFO:colcon.colcon_core.shell:Creating prefix chain script '/home/stefano/Robomaster_WS/src/install/setup.sh'
[11.891s] INFO:colcon.colcon_core.shell:Creating prefix script '/home/stefano/Robomaster_WS/src/install/local_setup.bash'
[11.893s] INFO:colcon.colcon_core.shell:Creating prefix chain script '/home/stefano/Robomaster_WS/src/install/setup.bash'
[11.900s] INFO:colcon.colcon_core.shell:Creating prefix script '/home/stefano/Robomaster_WS/src/install/local_setup.zsh'
[11.903s] INFO:colcon.colcon_core.shell:Creating prefix chain script '/home/stefano/Robomaster_WS/src/install/setup.zsh'
