[6.723s] Invoking command in '/home/cricchetto/Robomaster_WS/src/ep_control': PYTHONPATH=/home/cricchetto/Robomaster_WS/build/ep_control/prefix_override:/usr/lib/python3/dist-packages/colcon_core/task/python/colcon_distutils_commands:/home/cricchetto/Robomaster_WS/install/ep_control/lib/python3.10/site-packages:${PYTHONPATH} /usr/bin/python3 -W ignore:setup.py install is deprecated -W ignore:easy_install command is deprecated setup.py egg_info --egg-base ../../build/ep_control build --build-base /home/cricchetto/Robomaster_WS/build/ep_control/build install --record /home/cricchetto/Robomaster_WS/build/ep_control/install.log --single-version-externally-managed install_data
[7.941s] running egg_info
[7.944s] writing ../../build/ep_control/ep_control.egg-info/PKG-INFO
[7.945s] writing dependency_links to ../../build/ep_control/ep_control.egg-info/dependency_links.txt
[7.946s] writing entry points to ../../build/ep_control/ep_control.egg-info/entry_points.txt
[7.947s] writing requirements to ../../build/ep_control/ep_control.egg-info/requires.txt
[7.948s] writing top-level names to ../../build/ep_control/ep_control.egg-info/top_level.txt
[7.956s] reading manifest file '../../build/ep_control/ep_control.egg-info/SOURCES.txt'
[7.960s] writing manifest file '../../build/ep_control/ep_control.egg-info/SOURCES.txt'
[7.961s] running build
[7.961s] running build_py
[7.963s] running install
[7.965s] running install_lib
[7.971s] running install_data
[7.972s] running install_egg_info
[7.981s] removing '/home/cricchetto/Robomaster_WS/install/ep_control/lib/python3.10/site-packages/ep_control-0.0.0-py3.10.egg-info' (and everything under it)
[7.982s] Copying ../../build/ep_control/ep_control.egg-info to /home/cricchetto/Robomaster_WS/install/ep_control/lib/python3.10/site-packages/ep_control-0.0.0-py3.10.egg-info
[7.989s] running install_scripts
[8.080s] Installing gripper_state script to /home/cricchetto/Robomaster_WS/install/ep_control/lib/ep_control
[8.081s] Installing joy_reader script to /home/cricchetto/Robomaster_WS/install/ep_control/lib/ep_control
[8.082s] Installing joy_to_arm script to /home/cricchetto/Robomaster_WS/install/ep_control/lib/ep_control
[8.085s] writing list of installed files to '/home/cricchetto/Robomaster_WS/build/ep_control/install.log'
[8.220s] Invoked command in '/home/cricchetto/Robomaster_WS/src/ep_control' returned '0': PYTHONPATH=/home/cricchetto/Robomaster_WS/build/ep_control/prefix_override:/usr/lib/python3/dist-packages/colcon_core/task/python/colcon_distutils_commands:/home/cricchetto/Robomaster_WS/install/ep_control/lib/python3.10/site-packages:${PYTHONPATH} /usr/bin/python3 -W ignore:setup.py install is deprecated -W ignore:easy_install command is deprecated setup.py egg_info --egg-base ../../build/ep_control build --build-base /home/cricchetto/Robomaster_WS/build/ep_control/build install --record /home/cricchetto/Robomaster_WS/build/ep_control/install.log --single-version-externally-managed install_data
