[7.087s] Invoking command in '/home/cricchetto/Robomaster_WS/src/ep_control': PYTHONPATH=/home/cricchetto/Robomaster_WS/build/ep_control/prefix_override:/usr/lib/python3/dist-packages/colcon_core/task/python/colcon_distutils_commands:/home/cricchetto/Robomaster_WS/install/ep_control/lib/python3.10/site-packages:${PYTHONPATH} /usr/bin/python3 -W ignore:setup.py install is deprecated -W ignore:easy_install command is deprecated setup.py egg_info --egg-base ../../build/ep_control build --build-base /home/cricchetto/Robomaster_WS/build/ep_control/build install --record /home/cricchetto/Robomaster_WS/build/ep_control/install.log --single-version-externally-managed install_data
[9.298s] running egg_info
[9.302s] writing ../../build/ep_control/ep_control.egg-info/PKG-INFO
[9.311s] writing dependency_links to ../../build/ep_control/ep_control.egg-info/dependency_links.txt
[9.312s] writing entry points to ../../build/ep_control/ep_control.egg-info/entry_points.txt
[9.316s] writing requirements to ../../build/ep_control/ep_control.egg-info/requires.txt
[9.319s] writing top-level names to ../../build/ep_control/ep_control.egg-info/top_level.txt
[9.321s] reading manifest file '../../build/ep_control/ep_control.egg-info/SOURCES.txt'
[9.327s] writing manifest file '../../build/ep_control/ep_control.egg-info/SOURCES.txt'
[9.328s] running build
[9.328s] running build_py
[9.336s] running install
[9.338s] running install_lib
[9.342s] running install_data
[9.349s] running install_egg_info
[9.356s] removing '/home/cricchetto/Robomaster_WS/install/ep_control/lib/python3.10/site-packages/ep_control-0.0.0-py3.10.egg-info' (and everything under it)
[9.361s] Copying ../../build/ep_control/ep_control.egg-info to /home/cricchetto/Robomaster_WS/install/ep_control/lib/python3.10/site-packages/ep_control-0.0.0-py3.10.egg-info
[9.371s] running install_scripts
[9.493s] Installing gripper_state script to /home/cricchetto/Robomaster_WS/install/ep_control/lib/ep_control
[9.495s] Installing joy_reader script to /home/cricchetto/Robomaster_WS/install/ep_control/lib/ep_control
[9.496s] Installing joy_to_arm script to /home/cricchetto/Robomaster_WS/install/ep_control/lib/ep_control
[9.498s] writing list of installed files to '/home/cricchetto/Robomaster_WS/build/ep_control/install.log'
[9.827s] Invoked command in '/home/cricchetto/Robomaster_WS/src/ep_control' returned '0': PYTHONPATH=/home/cricchetto/Robomaster_WS/build/ep_control/prefix_override:/usr/lib/python3/dist-packages/colcon_core/task/python/colcon_distutils_commands:/home/cricchetto/Robomaster_WS/install/ep_control/lib/python3.10/site-packages:${PYTHONPATH} /usr/bin/python3 -W ignore:setup.py install is deprecated -W ignore:easy_install command is deprecated setup.py egg_info --egg-base ../../build/ep_control build --build-base /home/cricchetto/Robomaster_WS/build/ep_control/build install --record /home/cricchetto/Robomaster_WS/build/ep_control/install.log --single-version-externally-managed install_data
