running egg_info
creating ../build/drift/drift.egg-info
writing ../build/drift/drift.egg-info/PKG-INFO
writing dependency_links to ../build/drift/drift.egg-info/dependency_links.txt
writing entry points to ../build/drift/drift.egg-info/entry_points.txt
writing requirements to ../build/drift/drift.egg-info/requires.txt
writing top-level names to ../build/drift/drift.egg-info/top_level.txt
writing manifest file '../build/drift/drift.egg-info/SOURCES.txt'
reading manifest file '../build/drift/drift.egg-info/SOURCES.txt'
writing manifest file '../build/drift/drift.egg-info/SOURCES.txt'
running build
running build_py
creating /home/cricchetto/Robomaster_WS/src/build/drift/build
creating /home/cricchetto/Robomaster_WS/src/build/drift/build/lib
creating /home/cricchetto/Robomaster_WS/src/build/drift/build/lib/drift
copying drift/__init__.py -> /home/cricchetto/Robomaster_WS/src/build/drift/build/lib/drift
copying drift/play_sound_node.py -> /home/cricchetto/Robomaster_WS/src/build/drift/build/lib/drift
copying drift/drift_circle_node.py -> /home/cricchetto/Robomaster_WS/src/build/drift/build/lib/drift
running install
running install_lib
creating /home/cricchetto/Robomaster_WS/src/install/drift/lib/python3.10/site-packages/drift
copying /home/cricchetto/Robomaster_WS/src/build/drift/build/lib/drift/__init__.py -> /home/cricchetto/Robomaster_WS/src/install/drift/lib/python3.10/site-packages/drift
copying /home/cricchetto/Robomaster_WS/src/build/drift/build/lib/drift/play_sound_node.py -> /home/cricchetto/Robomaster_WS/src/install/drift/lib/python3.10/site-packages/drift
copying /home/cricchetto/Robomaster_WS/src/build/drift/build/lib/drift/drift_circle_node.py -> /home/cricchetto/Robomaster_WS/src/install/drift/lib/python3.10/site-packages/drift
byte-compiling /home/cricchetto/Robomaster_WS/src/install/drift/lib/python3.10/site-packages/drift/__init__.py to __init__.cpython-310.pyc
byte-compiling /home/cricchetto/Robomaster_WS/src/install/drift/lib/python3.10/site-packages/drift/play_sound_node.py to play_sound_node.cpython-310.pyc
byte-compiling /home/cricchetto/Robomaster_WS/src/install/drift/lib/python3.10/site-packages/drift/drift_circle_node.py to drift_circle_node.cpython-310.pyc
running install_data
creating /home/cricchetto/Robomaster_WS/src/install/drift/share/ament_index
creating /home/cricchetto/Robomaster_WS/src/install/drift/share/ament_index/resource_index
creating /home/cricchetto/Robomaster_WS/src/install/drift/share/ament_index/resource_index/packages
copying resource/drift -> /home/cricchetto/Robomaster_WS/src/install/drift/share/ament_index/resource_index/packages
copying package.xml -> /home/cricchetto/Robomaster_WS/src/install/drift/share/drift
creating /home/cricchetto/Robomaster_WS/src/install/drift/share/drift/launch
copying launch/drift_circle_launch.py -> /home/cricchetto/Robomaster_WS/src/install/drift/share/drift/launch
running install_egg_info
Copying ../build/drift/drift.egg-info to /home/cricchetto/Robomaster_WS/src/install/drift/lib/python3.10/site-packages/drift-0.0.1-py3.10.egg-info
running install_scripts
Installing drift_circle_node script to /home/cricchetto/Robomaster_WS/src/install/drift/lib/drift
Installing play_sound_node script to /home/cricchetto/Robomaster_WS/src/install/drift/lib/drift
writing list of installed files to '/home/cricchetto/Robomaster_WS/src/build/drift/install.log'
