[3.185s] Invoking command in '/home/cricchetto/Robomaster_WS/src/navigation2-1.1.20/nav2_simple_commander': AMENT_PREFIX_PATH=/home/cricchetto/Robomaster_WS/install/nav2_msgs:/home/cricchetto/Robomaster_WS/install/nav2_common:${AMENT_PREFIX_PATH} CMAKE_PREFIX_PATH=/home/cricchetto/Robomaster_WS/install/nav2_msgs:/home/cricchetto/Robomaster_WS/install/nav2_common:${CMAKE_PREFIX_PATH} LD_LIBRARY_PATH=/home/cricchetto/Robomaster_WS/install/nav2_msgs/lib:${LD_LIBRARY_PATH} PYTHONPATH=/home/cricchetto/Robomaster_WS/build/nav2_simple_commander/prefix_override:/usr/lib/python3/dist-packages/colcon_core/task/python/colcon_distutils_commands:/home/cricchetto/Robomaster_WS/install/nav2_simple_commander/lib/python3.10/site-packages:/home/cricchetto/Robomaster_WS/install/nav2_msgs/local/lib/python3.10/dist-packages:/home/cricchetto/Robomaster_WS/install/nav2_common/local/lib/python3.10/dist-packages:${PYTHONPATH} /usr/bin/python3 -W ignore:setup.py install is deprecated -W ignore:easy_install command is deprecated setup.py egg_info --egg-base ../../../build/nav2_simple_commander build --build-base /home/cricchetto/Robomaster_WS/build/nav2_simple_commander/build install --record /home/cricchetto/Robomaster_WS/build/nav2_simple_commander/install.log --single-version-externally-managed install_data
[4.242s] running egg_info
[4.244s] creating ../../../build/nav2_simple_commander/nav2_simple_commander.egg-info
[4.245s] writing ../../../build/nav2_simple_commander/nav2_simple_commander.egg-info/PKG-INFO
[4.246s] writing dependency_links to ../../../build/nav2_simple_commander/nav2_simple_commander.egg-info/dependency_links.txt
[4.247s] writing entry points to ../../../build/nav2_simple_commander/nav2_simple_commander.egg-info/entry_points.txt
[4.248s] writing requirements to ../../../build/nav2_simple_commander/nav2_simple_commander.egg-info/requires.txt
[4.248s] writing top-level names to ../../../build/nav2_simple_commander/nav2_simple_commander.egg-info/top_level.txt
[4.249s] writing manifest file '../../../build/nav2_simple_commander/nav2_simple_commander.egg-info/SOURCES.txt'
[4.257s] reading manifest file '../../../build/nav2_simple_commander/nav2_simple_commander.egg-info/SOURCES.txt'
[4.261s] writing manifest file '../../../build/nav2_simple_commander/nav2_simple_commander.egg-info/SOURCES.txt'
[4.262s] running build
[4.262s] running build_py
[4.264s] creating /home/cricchetto/Robomaster_WS/build/nav2_simple_commander/build
[4.265s] creating /home/cricchetto/Robomaster_WS/build/nav2_simple_commander/build/lib
[4.265s] creating /home/cricchetto/Robomaster_WS/build/nav2_simple_commander/build/lib/nav2_simple_commander
[4.265s] copying nav2_simple_commander/example_assisted_teleop.py -> /home/cricchetto/Robomaster_WS/build/nav2_simple_commander/build/lib/nav2_simple_commander
[4.266s] copying nav2_simple_commander/example_nav_to_pose.py -> /home/cricchetto/Robomaster_WS/build/nav2_simple_commander/build/lib/nav2_simple_commander
[4.266s] copying nav2_simple_commander/line_iterator.py -> /home/cricchetto/Robomaster_WS/build/nav2_simple_commander/build/lib/nav2_simple_commander
[4.267s] copying nav2_simple_commander/demo_security.py -> /home/cricchetto/Robomaster_WS/build/nav2_simple_commander/build/lib/nav2_simple_commander
[4.268s] copying nav2_simple_commander/__init__.py -> /home/cricchetto/Robomaster_WS/build/nav2_simple_commander/build/lib/nav2_simple_commander
[4.269s] copying nav2_simple_commander/example_waypoint_follower.py -> /home/cricchetto/Robomaster_WS/build/nav2_simple_commander/build/lib/nav2_simple_commander
[4.270s] copying nav2_simple_commander/demo_recoveries.py -> /home/cricchetto/Robomaster_WS/build/nav2_simple_commander/build/lib/nav2_simple_commander
[4.270s] copying nav2_simple_commander/robot_navigator.py -> /home/cricchetto/Robomaster_WS/build/nav2_simple_commander/build/lib/nav2_simple_commander
[4.271s] copying nav2_simple_commander/example_follow_path.py -> /home/cricchetto/Robomaster_WS/build/nav2_simple_commander/build/lib/nav2_simple_commander
[4.272s] copying nav2_simple_commander/footprint_collision_checker.py -> /home/cricchetto/Robomaster_WS/build/nav2_simple_commander/build/lib/nav2_simple_commander
[4.273s] copying nav2_simple_commander/costmap_2d.py -> /home/cricchetto/Robomaster_WS/build/nav2_simple_commander/build/lib/nav2_simple_commander
[4.274s] copying nav2_simple_commander/demo_picking.py -> /home/cricchetto/Robomaster_WS/build/nav2_simple_commander/build/lib/nav2_simple_commander
[4.274s] copying nav2_simple_commander/demo_inspection.py -> /home/cricchetto/Robomaster_WS/build/nav2_simple_commander/build/lib/nav2_simple_commander
[4.275s] copying nav2_simple_commander/example_nav_through_poses.py -> /home/cricchetto/Robomaster_WS/build/nav2_simple_commander/build/lib/nav2_simple_commander
[4.277s] running install
[4.278s] running install_lib
[4.281s] creating /home/cricchetto/Robomaster_WS/install/nav2_simple_commander/lib/python3.10/site-packages/nav2_simple_commander
[4.282s] copying /home/cricchetto/Robomaster_WS/build/nav2_simple_commander/build/lib/nav2_simple_commander/example_assisted_teleop.py -> /home/cricchetto/Robomaster_WS/install/nav2_simple_commander/lib/python3.10/site-packages/nav2_simple_commander
[4.283s] copying /home/cricchetto/Robomaster_WS/build/nav2_simple_commander/build/lib/nav2_simple_commander/example_nav_to_pose.py -> /home/cricchetto/Robomaster_WS/install/nav2_simple_commander/lib/python3.10/site-packages/nav2_simple_commander
[4.284s] copying /home/cricchetto/Robomaster_WS/build/nav2_simple_commander/build/lib/nav2_simple_commander/line_iterator.py -> /home/cricchetto/Robomaster_WS/install/nav2_simple_commander/lib/python3.10/site-packages/nav2_simple_commander
[4.284s] copying /home/cricchetto/Robomaster_WS/build/nav2_simple_commander/build/lib/nav2_simple_commander/demo_security.py -> /home/cricchetto/Robomaster_WS/install/nav2_simple_commander/lib/python3.10/site-packages/nav2_simple_commander
[4.285s] copying /home/cricchetto/Robomaster_WS/build/nav2_simple_commander/build/lib/nav2_simple_commander/__init__.py -> /home/cricchetto/Robomaster_WS/install/nav2_simple_commander/lib/python3.10/site-packages/nav2_simple_commander
[4.286s] copying /home/cricchetto/Robomaster_WS/build/nav2_simple_commander/build/lib/nav2_simple_commander/example_waypoint_follower.py -> /home/cricchetto/Robomaster_WS/install/nav2_simple_commander/lib/python3.10/site-packages/nav2_simple_commander
[4.287s] copying /home/cricchetto/Robomaster_WS/build/nav2_simple_commander/build/lib/nav2_simple_commander/demo_recoveries.py -> /home/cricchetto/Robomaster_WS/install/nav2_simple_commander/lib/python3.10/site-packages/nav2_simple_commander
[4.288s] copying /home/cricchetto/Robomaster_WS/build/nav2_simple_commander/build/lib/nav2_simple_commander/robot_navigator.py -> /home/cricchetto/Robomaster_WS/install/nav2_simple_commander/lib/python3.10/site-packages/nav2_simple_commander
[4.289s] copying /home/cricchetto/Robomaster_WS/build/nav2_simple_commander/build/lib/nav2_simple_commander/example_follow_path.py -> /home/cricchetto/Robomaster_WS/install/nav2_simple_commander/lib/python3.10/site-packages/nav2_simple_commander
[4.290s] copying /home/cricchetto/Robomaster_WS/build/nav2_simple_commander/build/lib/nav2_simple_commander/footprint_collision_checker.py -> /home/cricchetto/Robomaster_WS/install/nav2_simple_commander/lib/python3.10/site-packages/nav2_simple_commander
[4.291s] copying /home/cricchetto/Robomaster_WS/build/nav2_simple_commander/build/lib/nav2_simple_commander/costmap_2d.py -> /home/cricchetto/Robomaster_WS/install/nav2_simple_commander/lib/python3.10/site-packages/nav2_simple_commander
[4.291s] copying /home/cricchetto/Robomaster_WS/build/nav2_simple_commander/build/lib/nav2_simple_commander/demo_picking.py -> /home/cricchetto/Robomaster_WS/install/nav2_simple_commander/lib/python3.10/site-packages/nav2_simple_commander
[4.292s] copying /home/cricchetto/Robomaster_WS/build/nav2_simple_commander/build/lib/nav2_simple_commander/demo_inspection.py -> /home/cricchetto/Robomaster_WS/install/nav2_simple_commander/lib/python3.10/site-packages/nav2_simple_commander
[4.294s] copying /home/cricchetto/Robomaster_WS/build/nav2_simple_commander/build/lib/nav2_simple_commander/example_nav_through_poses.py -> /home/cricchetto/Robomaster_WS/install/nav2_simple_commander/lib/python3.10/site-packages/nav2_simple_commander
[4.297s] byte-compiling /home/cricchetto/Robomaster_WS/install/nav2_simple_commander/lib/python3.10/site-packages/nav2_simple_commander/example_assisted_teleop.py to example_assisted_teleop.cpython-310.pyc
[4.299s] byte-compiling /home/cricchetto/Robomaster_WS/install/nav2_simple_commander/lib/python3.10/site-packages/nav2_simple_commander/example_nav_to_pose.py to example_nav_to_pose.cpython-310.pyc
[4.302s] byte-compiling /home/cricchetto/Robomaster_WS/install/nav2_simple_commander/lib/python3.10/site-packages/nav2_simple_commander/line_iterator.py to line_iterator.cpython-310.pyc
[4.306s] byte-compiling /home/cricchetto/Robomaster_WS/install/nav2_simple_commander/lib/python3.10/site-packages/nav2_simple_commander/demo_security.py to demo_security.cpython-310.pyc
[4.308s] byte-compiling /home/cricchetto/Robomaster_WS/install/nav2_simple_commander/lib/python3.10/site-packages/nav2_simple_commander/__init__.py to __init__.cpython-310.pyc
[4.309s] byte-compiling /home/cricchetto/Robomaster_WS/install/nav2_simple_commander/lib/python3.10/site-packages/nav2_simple_commander/example_waypoint_follower.py to example_waypoint_follower.cpython-310.pyc
[4.312s] byte-compiling /home/cricchetto/Robomaster_WS/install/nav2_simple_commander/lib/python3.10/site-packages/nav2_simple_commander/demo_recoveries.py to demo_recoveries.cpython-310.pyc
[4.315s] byte-compiling /home/cricchetto/Robomaster_WS/install/nav2_simple_commander/lib/python3.10/site-packages/nav2_simple_commander/robot_navigator.py to robot_navigator.cpython-310.pyc
[4.330s] byte-compiling /home/cricchetto/Robomaster_WS/install/nav2_simple_commander/lib/python3.10/site-packages/nav2_simple_commander/example_follow_path.py to example_follow_path.cpython-310.pyc
[4.332s] byte-compiling /home/cricchetto/Robomaster_WS/install/nav2_simple_commander/lib/python3.10/site-packages/nav2_simple_commander/footprint_collision_checker.py to footprint_collision_checker.cpython-310.pyc
[4.336s] byte-compiling /home/cricchetto/Robomaster_WS/install/nav2_simple_commander/lib/python3.10/site-packages/nav2_simple_commander/costmap_2d.py to costmap_2d.cpython-310.pyc
[4.339s] byte-compiling /home/cricchetto/Robomaster_WS/install/nav2_simple_commander/lib/python3.10/site-packages/nav2_simple_commander/demo_picking.py to demo_picking.cpython-310.pyc
[4.342s] byte-compiling /home/cricchetto/Robomaster_WS/install/nav2_simple_commander/lib/python3.10/site-packages/nav2_simple_commander/demo_inspection.py to demo_inspection.cpython-310.pyc
[4.345s] byte-compiling /home/cricchetto/Robomaster_WS/install/nav2_simple_commander/lib/python3.10/site-packages/nav2_simple_commander/example_nav_through_poses.py to example_nav_through_poses.cpython-310.pyc
[4.348s] running install_data
[4.348s] creating /home/cricchetto/Robomaster_WS/install/nav2_simple_commander/share/ament_index
[4.349s] creating /home/cricchetto/Robomaster_WS/install/nav2_simple_commander/share/ament_index/resource_index
[4.349s] creating /home/cricchetto/Robomaster_WS/install/nav2_simple_commander/share/ament_index/resource_index/packages
[4.350s] copying resource/nav2_simple_commander -> /home/cricchetto/Robomaster_WS/install/nav2_simple_commander/share/ament_index/resource_index/packages
[4.350s] copying package.xml -> /home/cricchetto/Robomaster_WS/install/nav2_simple_commander/share/nav2_simple_commander
[4.351s] copying launch/nav_through_poses_example_launch.py -> /home/cricchetto/Robomaster_WS/install/nav2_simple_commander/share/nav2_simple_commander
[4.352s] copying launch/recoveries_example_launch.py -> /home/cricchetto/Robomaster_WS/install/nav2_simple_commander/share/nav2_simple_commander
[4.353s] copying launch/security_demo_launch.py -> /home/cricchetto/Robomaster_WS/install/nav2_simple_commander/share/nav2_simple_commander
[4.354s] copying launch/nav_to_pose_example_launch.py -> /home/cricchetto/Robomaster_WS/install/nav2_simple_commander/share/nav2_simple_commander
[4.355s] copying launch/picking_demo_launch.py -> /home/cricchetto/Robomaster_WS/install/nav2_simple_commander/share/nav2_simple_commander
[4.355s] copying launch/follow_path_example_launch.py -> /home/cricchetto/Robomaster_WS/install/nav2_simple_commander/share/nav2_simple_commander
[4.356s] copying launch/warehouse.world -> /home/cricchetto/Robomaster_WS/install/nav2_simple_commander/share/nav2_simple_commander
[4.357s] copying launch/assisted_teleop_example_launch.py -> /home/cricchetto/Robomaster_WS/install/nav2_simple_commander/share/nav2_simple_commander
[4.358s] copying launch/waypoint_follower_example_launch.py -> /home/cricchetto/Robomaster_WS/install/nav2_simple_commander/share/nav2_simple_commander
[4.359s] copying launch/inspection_demo_launch.py -> /home/cricchetto/Robomaster_WS/install/nav2_simple_commander/share/nav2_simple_commander
[4.359s] running install_egg_info
[4.367s] Copying ../../../build/nav2_simple_commander/nav2_simple_commander.egg-info to /home/cricchetto/Robomaster_WS/install/nav2_simple_commander/lib/python3.10/site-packages/nav2_simple_commander-1.0.0-py3.10.egg-info
[4.374s] running install_scripts
[4.462s] Installing demo_inspection script to /home/cricchetto/Robomaster_WS/install/nav2_simple_commander/lib/nav2_simple_commander
[4.463s] Installing demo_picking script to /home/cricchetto/Robomaster_WS/install/nav2_simple_commander/lib/nav2_simple_commander
[4.463s] Installing demo_recoveries script to /home/cricchetto/Robomaster_WS/install/nav2_simple_commander/lib/nav2_simple_commander
[4.464s] Installing demo_security script to /home/cricchetto/Robomaster_WS/install/nav2_simple_commander/lib/nav2_simple_commander
[4.465s] Installing example_assisted_teleop script to /home/cricchetto/Robomaster_WS/install/nav2_simple_commander/lib/nav2_simple_commander
[4.465s] Installing example_follow_path script to /home/cricchetto/Robomaster_WS/install/nav2_simple_commander/lib/nav2_simple_commander
[4.466s] Installing example_nav_through_poses script to /home/cricchetto/Robomaster_WS/install/nav2_simple_commander/lib/nav2_simple_commander
[4.467s] Installing example_nav_to_pose script to /home/cricchetto/Robomaster_WS/install/nav2_simple_commander/lib/nav2_simple_commander
[4.468s] Installing example_waypoint_follower script to /home/cricchetto/Robomaster_WS/install/nav2_simple_commander/lib/nav2_simple_commander
[4.470s] writing list of installed files to '/home/cricchetto/Robomaster_WS/build/nav2_simple_commander/install.log'
[4.605s] Invoked command in '/home/cricchetto/Robomaster_WS/src/navigation2-1.1.20/nav2_simple_commander' returned '0': AMENT_PREFIX_PATH=/home/cricchetto/Robomaster_WS/install/nav2_msgs:/home/cricchetto/Robomaster_WS/install/nav2_common:${AMENT_PREFIX_PATH} CMAKE_PREFIX_PATH=/home/cricchetto/Robomaster_WS/install/nav2_msgs:/home/cricchetto/Robomaster_WS/install/nav2_common:${CMAKE_PREFIX_PATH} LD_LIBRARY_PATH=/home/cricchetto/Robomaster_WS/install/nav2_msgs/lib:${LD_LIBRARY_PATH} PYTHONPATH=/home/cricchetto/Robomaster_WS/build/nav2_simple_commander/prefix_override:/usr/lib/python3/dist-packages/colcon_core/task/python/colcon_distutils_commands:/home/cricchetto/Robomaster_WS/install/nav2_simple_commander/lib/python3.10/site-packages:/home/cricchetto/Robomaster_WS/install/nav2_msgs/local/lib/python3.10/dist-packages:/home/cricchetto/Robomaster_WS/install/nav2_common/local/lib/python3.10/dist-packages:${PYTHONPATH} /usr/bin/python3 -W ignore:setup.py install is deprecated -W ignore:easy_install command is deprecated setup.py egg_info --egg-base ../../../build/nav2_simple_commander build --build-base /home/cricchetto/Robomaster_WS/build/nav2_simple_commander/build install --record /home/cricchetto/Robomaster_WS/build/nav2_simple_commander/install.log --single-version-externally-managed install_data
