[9.853s] Invoking command in '/home/cricchetto/Robomaster_WS/src/drift': PYTHONPATH=/home/cricchetto/Robomaster_WS/build/drift/prefix_override:/usr/lib/python3/dist-packages/colcon_core/task/python/colcon_distutils_commands:/home/cricchetto/Robomaster_WS/install/drift/lib/python3.10/site-packages:${PYTHONPATH} /usr/bin/python3 -W ignore:setup.py install is deprecated -W ignore:easy_install command is deprecated setup.py egg_info --egg-base ../../build/drift build --build-base /home/cricchetto/Robomaster_WS/build/drift/build install --record /home/cricchetto/Robomaster_WS/build/drift/install.log --single-version-externally-managed install_data
[11.250s] running egg_info
[11.253s] writing ../../build/drift/drift.egg-info/PKG-INFO
[11.254s] writing dependency_links to ../../build/drift/drift.egg-info/dependency_links.txt
[11.255s] writing entry points to ../../build/drift/drift.egg-info/entry_points.txt
[11.256s] writing requirements to ../../build/drift/drift.egg-info/requires.txt
[11.257s] writing top-level names to ../../build/drift/drift.egg-info/top_level.txt
[11.265s] reading manifest file '../../build/drift/drift.egg-info/SOURCES.txt'
[11.269s] writing manifest file '../../build/drift/drift.egg-info/SOURCES.txt'
[11.270s] running build
[11.271s] running build_py
[11.273s] running install
[11.274s] running install_lib
[11.281s] running install_data
[11.282s] running install_egg_info
[11.290s] removing '/home/cricchetto/Robomaster_WS/install/drift/lib/python3.10/site-packages/drift-0.0.1-py3.10.egg-info' (and everything under it)
[11.291s] Copying ../../build/drift/drift.egg-info to /home/cricchetto/Robomaster_WS/install/drift/lib/python3.10/site-packages/drift-0.0.1-py3.10.egg-info
[11.298s] running install_scripts
[11.393s] Installing drift_circle_node script to /home/cricchetto/Robomaster_WS/install/drift/lib/drift
[11.394s] Installing play_sound_node script to /home/cricchetto/Robomaster_WS/install/drift/lib/drift
[11.396s] writing list of installed files to '/home/cricchetto/Robomaster_WS/build/drift/install.log'
[11.532s] Invoked command in '/home/cricchetto/Robomaster_WS/src/drift' returned '0': PYTHONPATH=/home/cricchetto/Robomaster_WS/build/drift/prefix_override:/usr/lib/python3/dist-packages/colcon_core/task/python/colcon_distutils_commands:/home/cricchetto/Robomaster_WS/install/drift/lib/python3.10/site-packages:${PYTHONPATH} /usr/bin/python3 -W ignore:setup.py install is deprecated -W ignore:easy_install command is deprecated setup.py egg_info --egg-base ../../build/drift build --build-base /home/cricchetto/Robomaster_WS/build/drift/build install --record /home/cricchetto/Robomaster_WS/build/drift/install.log --single-version-externally-managed install_data
