[6.278s] Invoking command in '/home/cricchetto/Robomaster_WS/src/ep_control': PYTHONPATH=/home/cricchetto/Robomaster_WS/build/ep_control/prefix_override:/usr/lib/python3/dist-packages/colcon_core/task/python/colcon_distutils_commands:/home/cricchetto/Robomaster_WS/install/ep_control/lib/python3.10/site-packages:${PYTHONPATH} /usr/bin/python3 -W ignore:setup.py install is deprecated -W ignore:easy_install command is deprecated setup.py egg_info --egg-base ../../build/ep_control build --build-base /home/cricchetto/Robomaster_WS/build/ep_control/build install --record /home/cricchetto/Robomaster_WS/build/ep_control/install.log --single-version-externally-managed install_data
[7.593s] running egg_info
[7.597s] writing ../../build/ep_control/ep_control.egg-info/PKG-INFO
[7.599s] writing dependency_links to ../../build/ep_control/ep_control.egg-info/dependency_links.txt
[7.600s] writing entry points to ../../build/ep_control/ep_control.egg-info/entry_points.txt
[7.601s] writing requirements to ../../build/ep_control/ep_control.egg-info/requires.txt
[7.602s] writing top-level names to ../../build/ep_control/ep_control.egg-info/top_level.txt
[7.613s] reading manifest file '../../build/ep_control/ep_control.egg-info/SOURCES.txt'
[7.617s] writing manifest file '../../build/ep_control/ep_control.egg-info/SOURCES.txt'
[7.618s] running build
[7.619s] running build_py
[7.624s] running install
[7.625s] running install_lib
[7.635s] running install_data
[7.637s] running install_egg_info
[7.646s] removing '/home/cricchetto/Robomaster_WS/install/ep_control/lib/python3.10/site-packages/ep_control-0.0.0-py3.10.egg-info' (and everything under it)
[7.649s] Copying ../../build/ep_control/ep_control.egg-info to /home/cricchetto/Robomaster_WS/install/ep_control/lib/python3.10/site-packages/ep_control-0.0.0-py3.10.egg-info
[7.658s] running install_scripts
[7.800s] Installing gripper_state script to /home/cricchetto/Robomaster_WS/install/ep_control/lib/ep_control
[7.803s] Installing joy_reader script to /home/cricchetto/Robomaster_WS/install/ep_control/lib/ep_control
[7.805s] Installing joy_to_arm script to /home/cricchetto/Robomaster_WS/install/ep_control/lib/ep_control
[7.816s] writing list of installed files to '/home/cricchetto/Robomaster_WS/build/ep_control/install.log'
[8.042s] Invoked command in '/home/cricchetto/Robomaster_WS/src/ep_control' returned '0': PYTHONPATH=/home/cricchetto/Robomaster_WS/build/ep_control/prefix_override:/usr/lib/python3/dist-packages/colcon_core/task/python/colcon_distutils_commands:/home/cricchetto/Robomaster_WS/install/ep_control/lib/python3.10/site-packages:${PYTHONPATH} /usr/bin/python3 -W ignore:setup.py install is deprecated -W ignore:easy_install command is deprecated setup.py egg_info --egg-base ../../build/ep_control build --build-base /home/cricchetto/Robomaster_WS/build/ep_control/build install --record /home/cricchetto/Robomaster_WS/build/ep_control/install.log --single-version-externally-managed install_data
