[7.259s] Invoking command in '/home/cricchetto/Robomaster_WS/src/drift': PYTHONPATH=/home/cricchetto/Robomaster_WS/build/drift/prefix_override:/usr/lib/python3/dist-packages/colcon_core/task/python/colcon_distutils_commands:/home/cricchetto/Robomaster_WS/install/drift/lib/python3.10/site-packages:${PYTHONPATH} /usr/bin/python3 -W ignore:setup.py install is deprecated -W ignore:easy_install command is deprecated setup.py egg_info --egg-base ../../build/drift build --build-base /home/cricchetto/Robomaster_WS/build/drift/build install --record /home/cricchetto/Robomaster_WS/build/drift/install.log --single-version-externally-managed install_data
[8.954s] running egg_info
[8.954s] writing ../../build/drift/drift.egg-info/PKG-INFO
[8.965s] writing dependency_links to ../../build/drift/drift.egg-info/dependency_links.txt
[8.968s] writing entry points to ../../build/drift/drift.egg-info/entry_points.txt
[8.983s] writing requirements to ../../build/drift/drift.egg-info/requires.txt
[8.988s] writing top-level names to ../../build/drift/drift.egg-info/top_level.txt
[9.008s] reading manifest file '../../build/drift/drift.egg-info/SOURCES.txt'
[9.017s] writing manifest file '../../build/drift/drift.egg-info/SOURCES.txt'
[9.020s] running build
[9.022s] running build_py
[9.029s] running install
[9.034s] running install_lib
[9.047s] running install_data
[9.051s] running install_egg_info
[9.068s] removing '/home/cricchetto/Robomaster_WS/install/drift/lib/python3.10/site-packages/drift-0.0.1-py3.10.egg-info' (and everything under it)
[9.072s] Copying ../../build/drift/drift.egg-info to /home/cricchetto/Robomaster_WS/install/drift/lib/python3.10/site-packages/drift-0.0.1-py3.10.egg-info
[9.084s] running install_scripts
[9.227s] Installing drift_circle_node script to /home/cricchetto/Robomaster_WS/install/drift/lib/drift
[9.229s] Installing play_sound_node script to /home/cricchetto/Robomaster_WS/install/drift/lib/drift
[9.232s] writing list of installed files to '/home/cricchetto/Robomaster_WS/build/drift/install.log'
[9.384s] Invoked command in '/home/cricchetto/Robomaster_WS/src/drift' returned '0': PYTHONPATH=/home/cricchetto/Robomaster_WS/build/drift/prefix_override:/usr/lib/python3/dist-packages/colcon_core/task/python/colcon_distutils_commands:/home/cricchetto/Robomaster_WS/install/drift/lib/python3.10/site-packages:${PYTHONPATH} /usr/bin/python3 -W ignore:setup.py install is deprecated -W ignore:easy_install command is deprecated setup.py egg_info --egg-base ../../build/drift build --build-base /home/cricchetto/Robomaster_WS/build/drift/build install --record /home/cricchetto/Robomaster_WS/build/drift/install.log --single-version-externally-managed install_data
