[6.234s] Invoking command in '/home/cricchetto/Robomaster_WS/src/drift': PYTHONPATH=/home/cricchetto/Robomaster_WS/src/build/drift/prefix_override:/usr/lib/python3/dist-packages/colcon_core/task/python/colcon_distutils_commands:/home/cricchetto/Robomaster_WS/src/install/drift/lib/python3.10/site-packages:${PYTHONPATH} /usr/bin/python3 -W ignore:setup.py install is deprecated -W ignore:easy_install command is deprecated setup.py egg_info --egg-base ../build/drift build --build-base /home/cricchetto/Robomaster_WS/src/build/drift/build install --record /home/cricchetto/Robomaster_WS/src/build/drift/install.log --single-version-externally-managed install_data
[7.802s] running egg_info
[7.808s] writing ../build/drift/drift.egg-info/PKG-INFO
[7.811s] writing dependency_links to ../build/drift/drift.egg-info/dependency_links.txt
[7.814s] writing entry points to ../build/drift/drift.egg-info/entry_points.txt
[7.815s] writing requirements to ../build/drift/drift.egg-info/requires.txt
[7.817s] writing top-level names to ../build/drift/drift.egg-info/top_level.txt
[7.827s] reading manifest file '../build/drift/drift.egg-info/SOURCES.txt'
[7.832s] writing manifest file '../build/drift/drift.egg-info/SOURCES.txt'
[7.833s] running build
[7.834s] running build_py
[7.837s] running install
[7.839s] running install_lib
[7.848s] running install_data
[7.850s] running install_egg_info
[7.862s] removing '/home/cricchetto/Robomaster_WS/src/install/drift/lib/python3.10/site-packages/drift-0.0.1-py3.10.egg-info' (and everything under it)
[7.866s] Copying ../build/drift/drift.egg-info to /home/cricchetto/Robomaster_WS/src/install/drift/lib/python3.10/site-packages/drift-0.0.1-py3.10.egg-info
[7.876s] running install_scripts
[8.002s] Installing drift_circle_node script to /home/cricchetto/Robomaster_WS/src/install/drift/lib/drift
[8.004s] Installing play_sound_node script to /home/cricchetto/Robomaster_WS/src/install/drift/lib/drift
[8.007s] writing list of installed files to '/home/cricchetto/Robomaster_WS/src/build/drift/install.log'
[8.531s] Invoked command in '/home/cricchetto/Robomaster_WS/src/drift' returned '0': PYTHONPATH=/home/cricchetto/Robomaster_WS/src/build/drift/prefix_override:/usr/lib/python3/dist-packages/colcon_core/task/python/colcon_distutils_commands:/home/cricchetto/Robomaster_WS/src/install/drift/lib/python3.10/site-packages:${PYTHONPATH} /usr/bin/python3 -W ignore:setup.py install is deprecated -W ignore:easy_install command is deprecated setup.py egg_info --egg-base ../build/drift build --build-base /home/cricchetto/Robomaster_WS/src/build/drift/build install --record /home/cricchetto/Robomaster_WS/src/build/drift/install.log --single-version-externally-managed install_data
