[0.143s] Invoking command in '/home/cricchetto/Robomaster_WS/build/robomaster_msgs': CMAKE_PREFIX_PATH=${CMAKE_PREFIX_PATH}:/home/cricchetto/Robomaster_WS/install/robomaster_ros:/home/cricchetto/Robomaster_WS/install/nav2_simple_commander:/home/cricchetto/Robomaster_WS/install/ep_control:/home/cricchetto/Robomaster_WS/install/drift:/opt/ros/humble /usr/bin/cmake --build /home/cricchetto/Robomaster_WS/build/robomaster_msgs -- -j4 -l4
[1.999s] [  0%] Built target robomaster_msgs__cpp
[2.001s] [  0%] Built target ament_cmake_python_copy_robomaster_msgs
[2.001s] [ 12%] Built target robomaster_msgs__rosidl_typesupport_fastrtps_cpp
[2.002s] [ 25%] Built target robomaster_msgs__rosidl_typesupport_introspection_cpp
[2.002s] Traceback (most recent call last):
[2.003s]   File "/usr/lib/python3/dist-packages/pkg_resources/__init__.py", line 2031, in try_parse
[2.003s]     return packaging.version.Version(name)
[2.004s]   File "/usr/lib/python3/dist-packages/pkg_resources/_vendor/packaging/version.py", line 266, in __init__
[2.004s]     raise InvalidVersion(f"Invalid version: '{version}'")
[2.004s] pkg_resources.extern.packaging.version.InvalidVersion: Invalid version: 'packages/ep_control'
[2.005s] 
[2.005s] During handling of the above exception, another exception occurred:
[2.006s] 
[2.006s] Traceback (most recent call last):
[2.007s]   File "/home/cricchetto/Robomaster_WS/build/robomaster_msgs/ament_cmake_python/robomaster_msgs/setup.py", line 1, in <module>
[2.007s]     from setuptools import find_packages
[2.007s]   File "/usr/lib/python3/dist-packages/setuptools/__init__.py", line 16, in <module>
[2.008s]     import setuptools.version
[2.008s]   File "/usr/lib/python3/dist-packages/setuptools/version.py", line 1, in <module>
[2.009s]     import pkg_resources
[2.009s]   File "/usr/lib/python3/dist-packages/pkg_resources/__init__.py", line 3267, in <module>
[2.013s]     def _initialize_master_working_set():
[2.014s]   File "/usr/lib/python3/dist-packages/pkg_resources/__init__.py", line 3241, in _call_aside
[2.018s]     f(*args, **kwargs)
[2.019s]   File "/usr/lib/python3/dist-packages/pkg_resources/__init__.py", line 3302, in _initialize_master_working_set
[2.020s]     list(map(working_set.add_entry, sys.path))
[2.021s]   File "/usr/lib/python3/dist-packages/pkg_resources/__init__.py", line 613, in add_entry
[2.021s]     for dist in find_distributions(entry, True):
[2.022s]   File "/usr/lib/python3/dist-packages/pkg_resources/__init__.py", line 2073, in find_on_path
[2.023s]     path_item_entries = _by_version_descending(filtered)
[2.024s]   File "/usr/lib/python3/dist-packages/pkg_resources/__init__.py", line 2043, in _by_version_descending
[2.024s]     return sorted(names, key=_by_version, reverse=True)
[2.025s]   File "/usr/lib/python3/dist-packages/pkg_resources/__init__.py", line 2041, in _by_version
[2.026s]     return [try_parse(part) for part in parts]
[2.027s]   File "/usr/lib/python3/dist-packages/pkg_resources/__init__.py", line 2041, in <listcomp>
[2.028s]     return [try_parse(part) for part in parts]
[2.028s]   File "/usr/lib/python3/dist-packages/pkg_resources/__init__.py", line 2033, in try_parse
[2.029s]     return packaging.version.Version('0')
[2.030s]   File "/usr/lib/python3/dist-packages/pkg_resources/_vendor/packaging/version.py", line 264, in __init__
[2.030s]     match = self._regex.search(version)
[2.031s] KeyboardInterrupt
[2.088s] gmake[2]: *** [CMakeFiles/ament_cmake_python_build_robomaster_msgs_egg.dir/build.make:70: CMakeFiles/ament_cmake_python_build_robomaster_msgs_egg] Interrupt
[2.089s] gmake[1]: *** [CMakeFiles/Makefile2:447: CMakeFiles/ament_cmake_python_build_robomaster_msgs_egg.dir/all] Interrupt
[2.090s] gmake: *** [Makefile:146: all] Interrupt
