[3.167s] Invoking command in '/home/cricchetto/Robomaster_WS/src/build/robomaster_description': CMAKE_PREFIX_PATH=${CMAKE_PREFIX_PATH}:/home/cricchetto/Robomaster_WS/install/socket_server_pkg:/home/cricchetto/Robomaster_WS/install/robomaster_ros:/home/cricchetto/Robomaster_WS/install/ep_control:/home/cricchetto/Robomaster_WS/install/drift:/opt/ros/humble /usr/bin/cmake --build /home/cricchetto/Robomaster_WS/src/build/robomaster_description -- -j4 -l4
[4.207s] Invoked command in '/home/cricchetto/Robomaster_WS/src/build/robomaster_description' returned '0': CMAKE_PREFIX_PATH=${CMAKE_PREFIX_PATH}:/home/cricchetto/Robomaster_WS/install/socket_server_pkg:/home/cricchetto/Robomaster_WS/install/robomaster_ros:/home/cricchetto/Robomaster_WS/install/ep_control:/home/cricchetto/Robomaster_WS/install/drift:/opt/ros/humble /usr/bin/cmake --build /home/cricchetto/Robomaster_WS/src/build/robomaster_description -- -j4 -l4
[4.230s] Invoking command in '/home/cricchetto/Robomaster_WS/src/build/robomaster_description': CMAKE_PREFIX_PATH=${CMAKE_PREFIX_PATH}:/home/cricchetto/Robomaster_WS/install/socket_server_pkg:/home/cricchetto/Robomaster_WS/install/robomaster_ros:/home/cricchetto/Robomaster_WS/install/ep_control:/home/cricchetto/Robomaster_WS/install/drift:/opt/ros/humble /usr/bin/cmake --install /home/cricchetto/Robomaster_WS/src/build/robomaster_description
[4.243s] -- Install configuration: ""
[4.244s] -- Up-to-date: /home/cricchetto/Robomaster_WS/src/install/robomaster_description/share/robomaster_description/urdf
[4.245s] -- Up-to-date: /home/cricchetto/Robomaster_WS/src/install/robomaster_description/share/robomaster_description/urdf/base.urdf.xacro
[4.247s] -- Up-to-date: /home/cricchetto/Robomaster_WS/src/install/robomaster_description/share/robomaster_description/urdf/camera.urdf.xacro
[4.248s] -- Up-to-date: /home/cricchetto/Robomaster_WS/src/install/robomaster_description/share/robomaster_description/urdf/model.urdf
[4.250s] -- Up-to-date: /home/cricchetto/Robomaster_WS/src/install/robomaster_description/share/robomaster_description/urdf/camera.urdf copia de seguridad dijo esteban por las dudas (nunca se sabe en este mundo).xacro
[4.251s] -- Up-to-date: /home/cricchetto/Robomaster_WS/src/install/robomaster_description/share/robomaster_description/urdf/gripper.urdf.xacro
[4.252s] -- Up-to-date: /home/cricchetto/Robomaster_WS/src/install/robomaster_description/share/robomaster_description/urdf/robomaster_ep.urdf.xacro
[4.253s] -- Up-to-date: /home/cricchetto/Robomaster_WS/src/install/robomaster_description/share/robomaster_description/urdf/wheel.urdf.xacro
[4.254s] -- Up-to-date: /home/cricchetto/Robomaster_WS/src/install/robomaster_description/share/robomaster_description/urdf/tof.urdf.xacro
[4.256s] -- Up-to-date: /home/cricchetto/Robomaster_WS/src/install/robomaster_description/share/robomaster_description/urdf/camera(copia de seguridad extra(no funciona)).urdf.xacro
[4.257s] -- Up-to-date: /home/cricchetto/Robomaster_WS/src/install/robomaster_description/share/robomaster_description/urdf/lidar.urdf.xacro
[4.258s] -- Up-to-date: /home/cricchetto/Robomaster_WS/src/install/robomaster_description/share/robomaster_description/urdf/robomaster_s1.urdf.xacro
[4.260s] -- Up-to-date: /home/cricchetto/Robomaster_WS/src/install/robomaster_description/share/robomaster_description/urdf/led.urdf.xacro
[4.260s] -- Up-to-date: /home/cricchetto/Robomaster_WS/src/install/robomaster_description/share/robomaster_description/urdf/arm.urdf.xacro
[4.262s] -- Up-to-date: /home/cricchetto/Robomaster_WS/src/install/robomaster_description/share/robomaster_description/urdf/gimbal.urdf.xacro
[4.263s] -- Up-to-date: /home/cricchetto/Robomaster_WS/src/install/robomaster_description/share/robomaster_description/urdf/extension.urdf.xacro
[4.264s] -- Up-to-date: /home/cricchetto/Robomaster_WS/src/install/robomaster_description/share/robomaster_description/urdf/intelligent_controller.urdf.xacro
[4.265s] -- Up-to-date: /home/cricchetto/Robomaster_WS/src/install/robomaster_description/share/robomaster_description/launch
[4.265s] -- Up-to-date: /home/cricchetto/Robomaster_WS/src/install/robomaster_description/share/robomaster_description/launch/robomaster_view.launch.py
[4.266s] -- Up-to-date: /home/cricchetto/Robomaster_WS/src/install/robomaster_description/share/robomaster_description/launch/main.launch
[4.267s] -- Up-to-date: /home/cricchetto/Robomaster_WS/src/install/robomaster_description/share/robomaster_description/launch/model.launch.py
[4.268s] -- Up-to-date: /home/cricchetto/Robomaster_WS/src/install/robomaster_description/share/robomaster_description/meshes
[4.269s] -- Up-to-date: /home/cricchetto/Robomaster_WS/src/install/robomaster_description/share/robomaster_description/meshes/gimbal_left_led_4.dae
[4.273s] -- Up-to-date: /home/cricchetto/Robomaster_WS/src/install/robomaster_description/share/robomaster_description/meshes/right_gripper_6_collision.dae
[4.274s] -- Up-to-date: /home/cricchetto/Robomaster_WS/src/install/robomaster_description/share/robomaster_description/meshes/rod_collision.dae
[4.275s] -- Up-to-date: /home/cricchetto/Robomaster_WS/src/install/robomaster_description/share/robomaster_description/meshes/endpoint_bracket_collision.dae
[4.275s] -- Up-to-date: /home/cricchetto/Robomaster_WS/src/install/robomaster_description/share/robomaster_description/meshes/right_led.dae
[4.276s] -- Up-to-date: /home/cricchetto/Robomaster_WS/src/install/robomaster_description/share/robomaster_description/meshes/gripper_left_5.dae
[4.277s] -- Up-to-date: /home/cricchetto/Robomaster_WS/src/install/robomaster_description/share/robomaster_description/meshes/triangle_collision.dae
[4.278s] -- Up-to-date: /home/cricchetto/Robomaster_WS/src/install/robomaster_description/share/robomaster_description/meshes/right_gripper_2.dae
[4.279s] -- Up-to-date: /home/cricchetto/Robomaster_WS/src/install/robomaster_description/share/robomaster_description/meshes/gimbal.dae
[4.279s] -- Up-to-date: /home/cricchetto/Robomaster_WS/src/install/robomaster_description/share/robomaster_description/meshes/speaker.dae
[4.281s] -- Up-to-date: /home/cricchetto/Robomaster_WS/src/install/robomaster_description/share/robomaster_description/meshes/right_servo.dae
[4.282s] -- Up-to-date: /home/cricchetto/Robomaster_WS/src/install/robomaster_description/share/robomaster_description/meshes/gimbal_base_collision.dae
[4.283s] -- Up-to-date: /home/cricchetto/Robomaster_WS/src/install/robomaster_description/share/robomaster_description/meshes/TOP_Normal_OpenGL.png.001.png
[4.283s] -- Up-to-date: /home/cricchetto/Robomaster_WS/src/install/robomaster_description/share/robomaster_description/meshes/gimbal_left_led.dae
[4.284s] -- Up-to-date: /home/cricchetto/Robomaster_WS/src/install/robomaster_description/share/robomaster_description/meshes/arm_1.dae
[4.285s] -- Up-to-date: /home/cricchetto/Robomaster_WS/src/install/robomaster_description/share/robomaster_description/meshes/gimbal_right_led_0.dae
[4.286s] -- Up-to-date: /home/cricchetto/Robomaster_WS/src/install/robomaster_description/share/robomaster_description/meshes/gripper_left_2.dae
[4.287s] -- Up-to-date: /home/cricchetto/Robomaster_WS/src/install/robomaster_description/share/robomaster_description/meshes/arm_1_cylinder.dae
[4.288s] -- Up-to-date: /home/cricchetto/Robomaster_WS/src/install/robomaster_description/share/robomaster_description/meshes/gimbal_left_led_5.dae
[4.289s] -- Up-to-date: /home/cricchetto/Robomaster_WS/src/install/robomaster_description/share/robomaster_description/meshes/gripper_left_6_collision.dae
[4.289s] -- Up-to-date: /home/cricchetto/Robomaster_WS/src/install/robomaster_description/share/robomaster_description/meshes/gripper_left_1.dae
[4.290s] -- Up-to-date: /home/cricchetto/Robomaster_WS/src/install/robomaster_description/share/robomaster_description/meshes/gripper_base_collision.dae
[4.290s] -- Up-to-date: /home/cricchetto/Robomaster_WS/src/install/robomaster_description/share/robomaster_description/meshes/wifi_antenna_left.dae
[4.291s] -- Up-to-date: /home/cricchetto/Robomaster_WS/src/install/robomaster_description/share/robomaster_description/meshes/rear_right_wheel.dae
[4.291s] -- Up-to-date: /home/cricchetto/Robomaster_WS/src/install/robomaster_description/share/robomaster_description/meshes/gimbal_right_led7.dae
[4.292s] -- Up-to-date: /home/cricchetto/Robomaster_WS/src/install/robomaster_description/share/robomaster_description/meshes/gimbal_collision.dae
[4.293s] -- Up-to-date: /home/cricchetto/Robomaster_WS/src/install/robomaster_description/share/robomaster_description/meshes/EP_all_01_b.png
[4.293s] -- Up-to-date: /home/cricchetto/Robomaster_WS/src/install/robomaster_description/share/robomaster_description/meshes/gimbal_left_led_2.dae
[4.294s] -- Up-to-date: /home/cricchetto/Robomaster_WS/src/install/robomaster_description/share/robomaster_description/meshes/right_hit_sensor.dae
[4.294s] -- Up-to-date: /home/cricchetto/Robomaster_WS/src/install/robomaster_description/share/robomaster_description/meshes/blaster_gun_collision.dae
[4.295s] -- Up-to-date: /home/cricchetto/Robomaster_WS/src/install/robomaster_description/share/robomaster_description/meshes/gimbal_right_led_4.dae
[4.298s] -- Up-to-date: /home/cricchetto/Robomaster_WS/src/install/robomaster_description/share/robomaster_description/meshes/battery.dae
[4.298s] -- Up-to-date: /home/cricchetto/Robomaster_WS/src/install/robomaster_description/share/robomaster_description/meshes/blaster_top_collision.dae
[4.299s] -- Up-to-date: /home/cricchetto/Robomaster_WS/src/install/robomaster_description/share/robomaster_description/meshes/gripper_left_collision.dae
[4.300s] -- Up-to-date: /home/cricchetto/Robomaster_WS/src/install/robomaster_description/share/robomaster_description/meshes/wifi_antenna_right.dae
[4.300s] -- Up-to-date: /home/cricchetto/Robomaster_WS/src/install/robomaster_description/share/robomaster_description/meshes/right_gripper_1.dae
[4.301s] -- Up-to-date: /home/cricchetto/Robomaster_WS/src/install/robomaster_description/share/robomaster_description/meshes/gripper_left_5_collision.dae
[4.301s] -- Up-to-date: /home/cricchetto/Robomaster_WS/src/install/robomaster_description/share/robomaster_description/meshes/arm_base.dae
[4.302s] -- Up-to-date: /home/cricchetto/Robomaster_WS/src/install/robomaster_description/share/robomaster_description/meshes/rear_left_wheel.dae
[4.302s] -- Up-to-date: /home/cricchetto/Robomaster_WS/src/install/robomaster_description/share/robomaster_description/meshes/gimbal_left_led_3.dae
[4.303s] -- Up-to-date: /home/cricchetto/Robomaster_WS/src/install/robomaster_description/share/robomaster_description/meshes/gimbal_left_led_6.dae
[4.304s] -- Up-to-date: /home/cricchetto/Robomaster_WS/src/install/robomaster_description/share/robomaster_description/meshes/gripper_left_7.dae
[4.304s] -- Up-to-date: /home/cricchetto/Robomaster_WS/src/install/robomaster_description/share/robomaster_description/meshes/controller.dae
[4.305s] -- Up-to-date: /home/cricchetto/Robomaster_WS/src/install/robomaster_description/share/robomaster_description/meshes/triangle.dae
[4.305s] -- Up-to-date: /home/cricchetto/Robomaster_WS/src/install/robomaster_description/share/robomaster_description/meshes/camera.dae
[4.306s] -- Up-to-date: /home/cricchetto/Robomaster_WS/src/install/robomaster_description/share/robomaster_description/meshes/rod_2_collision.dae
[4.307s] -- Up-to-date: /home/cricchetto/Robomaster_WS/src/install/robomaster_description/share/robomaster_description/meshes/arm_1_collision.dae
[4.307s] -- Up-to-date: /home/cricchetto/Robomaster_WS/src/install/robomaster_description/share/robomaster_description/meshes/rod_2.dae
[4.308s] -- Up-to-date: /home/cricchetto/Robomaster_WS/src/install/robomaster_description/share/robomaster_description/meshes/rod_3.dae
[4.308s] -- Up-to-date: /home/cricchetto/Robomaster_WS/src/install/robomaster_description/share/robomaster_description/meshes/battery_pin_right.dae
[4.309s] -- Up-to-date: /home/cricchetto/Robomaster_WS/src/install/robomaster_description/share/robomaster_description/meshes/endpoint_bracket.dae
[4.310s] -- Up-to-date: /home/cricchetto/Robomaster_WS/src/install/robomaster_description/share/robomaster_description/meshes/front_left_wheel.dae
[4.310s] -- Up-to-date: /home/cricchetto/Robomaster_WS/src/install/robomaster_description/share/robomaster_description/meshes/right_gripper_4_collision.dae
[4.311s] -- Up-to-date: /home/cricchetto/Robomaster_WS/src/install/robomaster_description/share/robomaster_description/meshes/blaster_top.dae
[4.312s] -- Up-to-date: /home/cricchetto/Robomaster_WS/src/install/robomaster_description/share/robomaster_description/meshes/blaster_magazin_collision.dae
[4.312s] -- Up-to-date: /home/cricchetto/Robomaster_WS/src/install/robomaster_description/share/robomaster_description/meshes/base_collision.dae
[4.313s] -- Up-to-date: /home/cricchetto/Robomaster_WS/src/install/robomaster_description/share/robomaster_description/meshes/gimbal_left_armor.dae
[4.313s] -- Up-to-date: /home/cricchetto/Robomaster_WS/src/install/robomaster_description/share/robomaster_description/meshes/extension_support.dae
[4.314s] -- Up-to-date: /home/cricchetto/Robomaster_WS/src/install/robomaster_description/share/robomaster_description/meshes/right_gripper_6.dae
[4.314s] -- Up-to-date: /home/cricchetto/Robomaster_WS/src/install/robomaster_description/share/robomaster_description/meshes/controller_cover.dae
[4.315s] -- Up-to-date: /home/cricchetto/Robomaster_WS/src/install/robomaster_description/share/robomaster_description/meshes/right_gripper_5_collision.dae
[4.317s] -- Up-to-date: /home/cricchetto/Robomaster_WS/src/install/robomaster_description/share/robomaster_description/meshes/gripper_left_4_collision.dae
[4.318s] -- Up-to-date: /home/cricchetto/Robomaster_WS/src/install/robomaster_description/share/robomaster_description/meshes/TOP_Normal_OpenGL.png
[4.319s] -- Up-to-date: /home/cricchetto/Robomaster_WS/src/install/robomaster_description/share/robomaster_description/meshes/rear_hit_sensor.dae
[4.320s] -- Up-to-date: /home/cricchetto/Robomaster_WS/src/install/robomaster_description/share/robomaster_description/meshes/right_gripper_5.dae
[4.321s] -- Up-to-date: /home/cricchetto/Robomaster_WS/src/install/robomaster_description/share/robomaster_description/meshes/rod_1.dae
[4.322s] -- Up-to-date: /home/cricchetto/Robomaster_WS/src/install/robomaster_description/share/robomaster_description/meshes/left_hit_sensor.dae
[4.324s] -- Up-to-date: /home/cricchetto/Robomaster_WS/src/install/robomaster_description/share/robomaster_description/meshes/TOP_Base_Color.png
[4.324s] -- Up-to-date: /home/cricchetto/Robomaster_WS/src/install/robomaster_description/share/robomaster_description/meshes/gimbal_right_led_2.dae
[4.325s] -- Up-to-date: /home/cricchetto/Robomaster_WS/src/install/robomaster_description/share/robomaster_description/meshes/speaker_collision.dae
[4.328s] -- Up-to-date: /home/cricchetto/Robomaster_WS/src/install/robomaster_description/share/robomaster_description/meshes/arm_2_bar_2.dae
[4.328s] -- Up-to-date: /home/cricchetto/Robomaster_WS/src/install/robomaster_description/share/robomaster_description/meshes/right_gripper_7_collision.dae
[4.329s] -- Up-to-date: /home/cricchetto/Robomaster_WS/src/install/robomaster_description/share/robomaster_description/meshes/battery_pin_left.dae
[4.330s] -- Up-to-date: /home/cricchetto/Robomaster_WS/src/install/robomaster_description/share/robomaster_description/meshes/blaster_gun.dae
[4.331s] -- Up-to-date: /home/cricchetto/Robomaster_WS/src/install/robomaster_description/share/robomaster_description/meshes/blaster_bug.dae
[4.332s] -- Up-to-date: /home/cricchetto/Robomaster_WS/src/install/robomaster_description/share/robomaster_description/meshes/intelligent_controller.dae
[4.333s] -- Up-to-date: /home/cricchetto/Robomaster_WS/src/install/robomaster_description/share/robomaster_description/meshes/gripper_base.dae
[4.335s] -- Up-to-date: /home/cricchetto/Robomaster_WS/src/install/robomaster_description/share/robomaster_description/meshes/arm_base_collision.dae
[4.337s] -- Up-to-date: /home/cricchetto/Robomaster_WS/src/install/robomaster_description/share/robomaster_description/meshes/arm_2_collision.dae
[4.338s] -- Up-to-date: /home/cricchetto/Robomaster_WS/src/install/robomaster_description/share/robomaster_description/meshes/gimbal_right_led_5.dae
[4.339s] -- Up-to-date: /home/cricchetto/Robomaster_WS/src/install/robomaster_description/share/robomaster_description/meshes/gimbal_side.dae
[4.340s] -- Up-to-date: /home/cricchetto/Robomaster_WS/src/install/robomaster_description/share/robomaster_description/meshes/armor.dae
[4.341s] -- Up-to-date: /home/cricchetto/Robomaster_WS/src/install/robomaster_description/share/robomaster_description/meshes/rear_led.dae
[4.342s] -- Up-to-date: /home/cricchetto/Robomaster_WS/src/install/robomaster_description/share/robomaster_description/meshes/gimbal_base.dae
[4.344s] -- Up-to-date: /home/cricchetto/Robomaster_WS/src/install/robomaster_description/share/robomaster_description/meshes/gripper_left_4.dae
[4.346s] -- Up-to-date: /home/cricchetto/Robomaster_WS/src/install/robomaster_description/share/robomaster_description/meshes/right_gripper_7.dae
[4.347s] -- Up-to-date: /home/cricchetto/Robomaster_WS/src/install/robomaster_description/share/robomaster_description/meshes/gimbal_left_led_1.dae
[4.347s] -- Up-to-date: /home/cricchetto/Robomaster_WS/src/install/robomaster_description/share/robomaster_description/meshes/gimbal_right_led_6.dae
[4.348s] -- Up-to-date: /home/cricchetto/Robomaster_WS/src/install/robomaster_description/share/robomaster_description/meshes/gimbal_right_armor.dae
[4.350s] -- Up-to-date: /home/cricchetto/Robomaster_WS/src/install/robomaster_description/share/robomaster_description/meshes/front_hit_sensor.dae
[4.354s] -- Up-to-date: /home/cricchetto/Robomaster_WS/src/install/robomaster_description/share/robomaster_description/meshes/gimbal_left_led_0.dae
[4.356s] -- Up-to-date: /home/cricchetto/Robomaster_WS/src/install/robomaster_description/share/robomaster_description/meshes/extension_base.dae
[4.358s] -- Up-to-date: /home/cricchetto/Robomaster_WS/src/install/robomaster_description/share/robomaster_description/meshes/rod_1_collision.dae
[4.361s] -- Up-to-date: /home/cricchetto/Robomaster_WS/src/install/robomaster_description/share/robomaster_description/meshes/rod.dae
[4.361s] -- Up-to-date: /home/cricchetto/Robomaster_WS/src/install/robomaster_description/share/robomaster_description/meshes/gripper_left_6.dae
[4.364s] -- Up-to-date: /home/cricchetto/Robomaster_WS/src/install/robomaster_description/share/robomaster_description/meshes/wheel.dae
[4.364s] -- Up-to-date: /home/cricchetto/Robomaster_WS/src/install/robomaster_description/share/robomaster_description/meshes/gimbal_right_led_3.dae
[4.365s] -- Up-to-date: /home/cricchetto/Robomaster_WS/src/install/robomaster_description/share/robomaster_description/meshes/gimbal_left_led_7.dae
[4.367s] -- Up-to-date: /home/cricchetto/Robomaster_WS/src/install/robomaster_description/share/robomaster_description/meshes/rod_3_collision.dae
[4.367s] -- Up-to-date: /home/cricchetto/Robomaster_WS/src/install/robomaster_description/share/robomaster_description/meshes/gripper_left_2_collision.dae
[4.367s] -- Up-to-date: /home/cricchetto/Robomaster_WS/src/install/robomaster_description/share/robomaster_description/meshes/left_led.dae
[4.368s] -- Up-to-date: /home/cricchetto/Robomaster_WS/src/install/robomaster_description/share/robomaster_description/meshes/blaster_magazin.dae
[4.368s] -- Up-to-date: /home/cricchetto/Robomaster_WS/src/install/robomaster_description/share/robomaster_description/meshes/gimbal_right_led.dae
[4.369s] -- Up-to-date: /home/cricchetto/Robomaster_WS/src/install/robomaster_description/share/robomaster_description/meshes/front_right_wheel.dae
[4.369s] -- Up-to-date: /home/cricchetto/Robomaster_WS/src/install/robomaster_description/share/robomaster_description/meshes/right_gripper_2_collision.dae
[4.369s] -- Up-to-date: /home/cricchetto/Robomaster_WS/src/install/robomaster_description/share/robomaster_description/meshes/arm_2_bar_1.dae
[4.370s] -- Up-to-date: /home/cricchetto/Robomaster_WS/src/install/robomaster_description/share/robomaster_description/meshes/led.dae
[4.370s] -- Up-to-date: /home/cricchetto/Robomaster_WS/src/install/robomaster_description/share/robomaster_description/meshes/hit_sensor.dae
[4.371s] -- Up-to-date: /home/cricchetto/Robomaster_WS/src/install/robomaster_description/share/robomaster_description/meshes/gimbal_right_led_1.dae
[4.372s] -- Up-to-date: /home/cricchetto/Robomaster_WS/src/install/robomaster_description/share/robomaster_description/meshes/chassis.dae
[4.373s] -- Up-to-date: /home/cricchetto/Robomaster_WS/src/install/robomaster_description/share/robomaster_description/meshes/front_led.dae
[4.374s] -- Up-to-date: /home/cricchetto/Robomaster_WS/src/install/robomaster_description/share/robomaster_description/meshes/arm_2.dae
[4.376s] -- Up-to-date: /home/cricchetto/Robomaster_WS/src/install/robomaster_description/share/robomaster_description/meshes/TOP_Base_Color.png.001.png
[4.377s] -- Up-to-date: /home/cricchetto/Robomaster_WS/src/install/robomaster_description/share/robomaster_description/meshes/left_servo.dae
[4.378s] -- Up-to-date: /home/cricchetto/Robomaster_WS/src/install/robomaster_description/share/robomaster_description/meshes/right_gripper_4.dae
[4.380s] -- Up-to-date: /home/cricchetto/Robomaster_WS/src/install/robomaster_description/share/robomaster_description/meshes/gimbal_right_led_7.dae
[4.382s] -- Up-to-date: /home/cricchetto/Robomaster_WS/src/install/robomaster_description/share/ament_index/resource_index/package_run_dependencies/robomaster_description
[4.382s] -- Up-to-date: /home/cricchetto/Robomaster_WS/src/install/robomaster_description/share/ament_index/resource_index/parent_prefix_path/robomaster_description
[4.383s] -- Up-to-date: /home/cricchetto/Robomaster_WS/src/install/robomaster_description/share/robomaster_description/environment/ament_prefix_path.sh
[4.383s] -- Up-to-date: /home/cricchetto/Robomaster_WS/src/install/robomaster_description/share/robomaster_description/environment/ament_prefix_path.dsv
[4.384s] -- Up-to-date: /home/cricchetto/Robomaster_WS/src/install/robomaster_description/share/robomaster_description/environment/path.sh
[4.384s] -- Up-to-date: /home/cricchetto/Robomaster_WS/src/install/robomaster_description/share/robomaster_description/environment/path.dsv
[4.385s] -- Up-to-date: /home/cricchetto/Robomaster_WS/src/install/robomaster_description/share/robomaster_description/local_setup.bash
[4.385s] -- Up-to-date: /home/cricchetto/Robomaster_WS/src/install/robomaster_description/share/robomaster_description/local_setup.sh
[4.385s] -- Up-to-date: /home/cricchetto/Robomaster_WS/src/install/robomaster_description/share/robomaster_description/local_setup.zsh
[4.386s] -- Up-to-date: /home/cricchetto/Robomaster_WS/src/install/robomaster_description/share/robomaster_description/local_setup.dsv
[4.386s] -- Installing: /home/cricchetto/Robomaster_WS/src/install/robomaster_description/share/robomaster_description/package.dsv
[4.387s] -- Up-to-date: /home/cricchetto/Robomaster_WS/src/install/robomaster_description/share/ament_index/resource_index/packages/robomaster_description
[4.387s] -- Up-to-date: /home/cricchetto/Robomaster_WS/src/install/robomaster_description/share/robomaster_description/cmake/robomaster_descriptionConfig.cmake
[4.388s] -- Up-to-date: /home/cricchetto/Robomaster_WS/src/install/robomaster_description/share/robomaster_description/cmake/robomaster_descriptionConfig-version.cmake
[4.388s] -- Up-to-date: /home/cricchetto/Robomaster_WS/src/install/robomaster_description/share/robomaster_description/package.xml
[4.389s] Invoked command in '/home/cricchetto/Robomaster_WS/src/build/robomaster_description' returned '0': CMAKE_PREFIX_PATH=${CMAKE_PREFIX_PATH}:/home/cricchetto/Robomaster_WS/install/socket_server_pkg:/home/cricchetto/Robomaster_WS/install/robomaster_ros:/home/cricchetto/Robomaster_WS/install/ep_control:/home/cricchetto/Robomaster_WS/install/drift:/opt/ros/humble /usr/bin/cmake --install /home/cricchetto/Robomaster_WS/src/build/robomaster_description
