[0.362s] DEBUG:colcon:Command line arguments: ['/usr/bin/colcon', 'build']
[0.362s] DEBUG:colcon:Parsed command line arguments: Namespace(log_base=None, log_level=None, verb_name='build', build_base='build', install_base='install', merge_install=False, symlink_install=False, test_result_base=None, continue_on_error=False, executor='parallel', parallel_workers=8, event_handlers=None, ignore_user_meta=False, metas=['./colcon.meta'], base_paths=['.'], packages_ignore=None, packages_ignore_regex=None, paths=None, packages_up_to=None, packages_up_to_regex=None, packages_above=None, packages_above_and_dependencies=None, packages_above_depth=None, packages_select_by_dep=None, packages_skip_by_dep=None, packages_skip_up_to=None, packages_select_build_failed=False, packages_skip_build_finished=False, packages_select_test_failures=False, packages_skip_test_passed=False, packages_select=None, packages_skip=None, packages_select_regex=None, packages_skip_regex=None, packages_start=None, packages_end=None, allow_overriding=[], cmake_args=None, cmake_target=None, cmake_target_skip_unavailable=False, cmake_clean_cache=False, cmake_clean_first=False, cmake_force_configure=False, ament_cmake_args=None, catkin_cmake_args=None, catkin_skip_building_tests=False, mixin_files=None, mixin=None, verb_parser=<colcon_mixin.mixin.mixin_argument.MixinArgumentDecorator object at 0x7b92d19a57e0>, verb_extension=<colcon_core.verb.build.BuildVerb object at 0x7b92d19a4970>, main=<bound method BuildVerb.main of <colcon_core.verb.build.BuildVerb object at 0x7b92d19a4970>>, mixin_verb=('build',))
[0.980s] Level 1:colcon.colcon_core.package_discovery:discover_packages(colcon_meta) check parameters
[0.980s] Level 1:colcon.colcon_core.package_discovery:discover_packages(recursive) check parameters
[0.981s] Level 1:colcon.colcon_core.package_discovery:discover_packages(ignore) check parameters
[0.981s] Level 1:colcon.colcon_core.package_discovery:discover_packages(path) check parameters
[0.981s] Level 1:colcon.colcon_core.package_discovery:discover_packages(colcon_meta) discover
[0.981s] Level 1:colcon.colcon_core.package_discovery:discover_packages(recursive) discover
[0.981s] INFO:colcon.colcon_core.package_discovery:Crawling recursively for packages in '/home/stefano/Robomaster_WS/src'
[0.981s] Level 1:colcon.colcon_core.package_identification:_identify(.) by extensions ['ignore', 'ignore_ament_install']
[0.981s] Level 1:colcon.colcon_core.package_identification:_identify(.) by extension 'ignore'
[0.981s] Level 1:colcon.colcon_core.package_identification:_identify(.) by extension 'ignore_ament_install'
[0.981s] Level 1:colcon.colcon_core.package_identification:_identify(.) by extensions ['colcon_pkg']
[0.982s] Level 1:colcon.colcon_core.package_identification:_identify(.) by extension 'colcon_pkg'
[0.982s] Level 1:colcon.colcon_core.package_identification:_identify(.) by extensions ['colcon_meta']
[0.982s] Level 1:colcon.colcon_core.package_identification:_identify(.) by extension 'colcon_meta'
[0.982s] Level 1:colcon.colcon_core.package_identification:_identify(.) by extensions ['ros']
[0.982s] Level 1:colcon.colcon_core.package_identification:_identify(.) by extension 'ros'
[1.034s] Level 1:colcon.colcon_core.package_identification:_identify(.) by extensions ['cmake', 'python']
[1.034s] Level 1:colcon.colcon_core.package_identification:_identify(.) by extension 'cmake'
[1.035s] Level 1:colcon.colcon_core.package_identification:_identify(.) by extension 'python'
[1.035s] Level 1:colcon.colcon_core.package_identification:_identify(.) by extensions ['python_setup_py']
[1.035s] Level 1:colcon.colcon_core.package_identification:_identify(.) by extension 'python_setup_py'
[1.036s] Level 1:colcon.colcon_core.package_identification:_identify(build) by extensions ['ignore', 'ignore_ament_install']
[1.036s] Level 1:colcon.colcon_core.package_identification:_identify(build) by extension 'ignore'
[1.037s] Level 1:colcon.colcon_core.package_identification:_identify(build) ignored
[1.037s] Level 1:colcon.colcon_core.package_identification:_identify(install) by extensions ['ignore', 'ignore_ament_install']
[1.037s] Level 1:colcon.colcon_core.package_identification:_identify(install) by extension 'ignore'
[1.038s] Level 1:colcon.colcon_core.package_identification:_identify(install) ignored
[1.038s] Level 1:colcon.colcon_core.package_identification:_identify(log) by extensions ['ignore', 'ignore_ament_install']
[1.038s] Level 1:colcon.colcon_core.package_identification:_identify(log) by extension 'ignore'
[1.038s] Level 1:colcon.colcon_core.package_identification:_identify(log) ignored
[1.039s] Level 1:colcon.colcon_core.package_identification:_identify(robomaster_ros) by extensions ['ignore', 'ignore_ament_install']
[1.039s] Level 1:colcon.colcon_core.package_identification:_identify(robomaster_ros) by extension 'ignore'
[1.039s] Level 1:colcon.colcon_core.package_identification:_identify(robomaster_ros) by extension 'ignore_ament_install'
[1.039s] Level 1:colcon.colcon_core.package_identification:_identify(robomaster_ros) by extensions ['colcon_pkg']
[1.039s] Level 1:colcon.colcon_core.package_identification:_identify(robomaster_ros) by extension 'colcon_pkg'
[1.039s] Level 1:colcon.colcon_core.package_identification:_identify(robomaster_ros) by extensions ['colcon_meta']
[1.039s] Level 1:colcon.colcon_core.package_identification:_identify(robomaster_ros) by extension 'colcon_meta'
[1.039s] Level 1:colcon.colcon_core.package_identification:_identify(robomaster_ros) by extensions ['ros']
[1.039s] Level 1:colcon.colcon_core.package_identification:_identify(robomaster_ros) by extension 'ros'
[1.040s] Level 1:colcon.colcon_core.package_identification:_identify(robomaster_ros) by extensions ['cmake', 'python']
[1.040s] Level 1:colcon.colcon_core.package_identification:_identify(robomaster_ros) by extension 'cmake'
[1.040s] Level 1:colcon.colcon_core.package_identification:_identify(robomaster_ros) by extension 'python'
[1.040s] Level 1:colcon.colcon_core.package_identification:_identify(robomaster_ros) by extensions ['python_setup_py']
[1.040s] Level 1:colcon.colcon_core.package_identification:_identify(robomaster_ros) by extension 'python_setup_py'
[1.040s] Level 1:colcon.colcon_core.package_identification:_identify(robomaster_ros/docker) by extensions ['ignore', 'ignore_ament_install']
[1.040s] Level 1:colcon.colcon_core.package_identification:_identify(robomaster_ros/docker) by extension 'ignore'
[1.041s] Level 1:colcon.colcon_core.package_identification:_identify(robomaster_ros/docker) by extension 'ignore_ament_install'
[1.041s] Level 1:colcon.colcon_core.package_identification:_identify(robomaster_ros/docker) by extensions ['colcon_pkg']
[1.041s] Level 1:colcon.colcon_core.package_identification:_identify(robomaster_ros/docker) by extension 'colcon_pkg'
[1.041s] Level 1:colcon.colcon_core.package_identification:_identify(robomaster_ros/docker) by extensions ['colcon_meta']
[1.041s] Level 1:colcon.colcon_core.package_identification:_identify(robomaster_ros/docker) by extension 'colcon_meta'
[1.041s] Level 1:colcon.colcon_core.package_identification:_identify(robomaster_ros/docker) by extensions ['ros']
[1.041s] Level 1:colcon.colcon_core.package_identification:_identify(robomaster_ros/docker) by extension 'ros'
[1.041s] Level 1:colcon.colcon_core.package_identification:_identify(robomaster_ros/docker) by extensions ['cmake', 'python']
[1.042s] Level 1:colcon.colcon_core.package_identification:_identify(robomaster_ros/docker) by extension 'cmake'
[1.042s] Level 1:colcon.colcon_core.package_identification:_identify(robomaster_ros/docker) by extension 'python'
[1.042s] Level 1:colcon.colcon_core.package_identification:_identify(robomaster_ros/docker) by extensions ['python_setup_py']
[1.042s] Level 1:colcon.colcon_core.package_identification:_identify(robomaster_ros/docker) by extension 'python_setup_py'
[1.042s] Level 1:colcon.colcon_core.package_identification:_identify(robomaster_ros/docker/foxy) by extensions ['ignore', 'ignore_ament_install']
[1.042s] Level 1:colcon.colcon_core.package_identification:_identify(robomaster_ros/docker/foxy) by extension 'ignore'
[1.042s] Level 1:colcon.colcon_core.package_identification:_identify(robomaster_ros/docker/foxy) by extension 'ignore_ament_install'
[1.042s] Level 1:colcon.colcon_core.package_identification:_identify(robomaster_ros/docker/foxy) by extensions ['colcon_pkg']
[1.043s] Level 1:colcon.colcon_core.package_identification:_identify(robomaster_ros/docker/foxy) by extension 'colcon_pkg'
[1.043s] Level 1:colcon.colcon_core.package_identification:_identify(robomaster_ros/docker/foxy) by extensions ['colcon_meta']
[1.043s] Level 1:colcon.colcon_core.package_identification:_identify(robomaster_ros/docker/foxy) by extension 'colcon_meta'
[1.043s] Level 1:colcon.colcon_core.package_identification:_identify(robomaster_ros/docker/foxy) by extensions ['ros']
[1.043s] Level 1:colcon.colcon_core.package_identification:_identify(robomaster_ros/docker/foxy) by extension 'ros'
[1.043s] Level 1:colcon.colcon_core.package_identification:_identify(robomaster_ros/docker/foxy) by extensions ['cmake', 'python']
[1.043s] Level 1:colcon.colcon_core.package_identification:_identify(robomaster_ros/docker/foxy) by extension 'cmake'
[1.043s] Level 1:colcon.colcon_core.package_identification:_identify(robomaster_ros/docker/foxy) by extension 'python'
[1.044s] Level 1:colcon.colcon_core.package_identification:_identify(robomaster_ros/docker/foxy) by extensions ['python_setup_py']
[1.044s] Level 1:colcon.colcon_core.package_identification:_identify(robomaster_ros/docker/foxy) by extension 'python_setup_py'
[1.044s] Level 1:colcon.colcon_core.package_identification:_identify(robomaster_ros/docker/foxy/ep) by extensions ['ignore', 'ignore_ament_install']
[1.044s] Level 1:colcon.colcon_core.package_identification:_identify(robomaster_ros/docker/foxy/ep) by extension 'ignore'
[1.044s] Level 1:colcon.colcon_core.package_identification:_identify(robomaster_ros/docker/foxy/ep) by extension 'ignore_ament_install'
[1.044s] Level 1:colcon.colcon_core.package_identification:_identify(robomaster_ros/docker/foxy/ep) by extensions ['colcon_pkg']
[1.044s] Level 1:colcon.colcon_core.package_identification:_identify(robomaster_ros/docker/foxy/ep) by extension 'colcon_pkg'
[1.044s] Level 1:colcon.colcon_core.package_identification:_identify(robomaster_ros/docker/foxy/ep) by extensions ['colcon_meta']
[1.045s] Level 1:colcon.colcon_core.package_identification:_identify(robomaster_ros/docker/foxy/ep) by extension 'colcon_meta'
[1.045s] Level 1:colcon.colcon_core.package_identification:_identify(robomaster_ros/docker/foxy/ep) by extensions ['ros']
[1.045s] Level 1:colcon.colcon_core.package_identification:_identify(robomaster_ros/docker/foxy/ep) by extension 'ros'
[1.045s] Level 1:colcon.colcon_core.package_identification:_identify(robomaster_ros/docker/foxy/ep) by extensions ['cmake', 'python']
[1.045s] Level 1:colcon.colcon_core.package_identification:_identify(robomaster_ros/docker/foxy/ep) by extension 'cmake'
[1.045s] Level 1:colcon.colcon_core.package_identification:_identify(robomaster_ros/docker/foxy/ep) by extension 'python'
[1.045s] Level 1:colcon.colcon_core.package_identification:_identify(robomaster_ros/docker/foxy/ep) by extensions ['python_setup_py']
[1.045s] Level 1:colcon.colcon_core.package_identification:_identify(robomaster_ros/docker/foxy/ep) by extension 'python_setup_py'
[1.046s] Level 1:colcon.colcon_core.package_identification:_identify(robomaster_ros/docker/foxy/s1) by extensions ['ignore', 'ignore_ament_install']
[1.046s] Level 1:colcon.colcon_core.package_identification:_identify(robomaster_ros/docker/foxy/s1) by extension 'ignore'
[1.046s] Level 1:colcon.colcon_core.package_identification:_identify(robomaster_ros/docker/foxy/s1) by extension 'ignore_ament_install'
[1.046s] Level 1:colcon.colcon_core.package_identification:_identify(robomaster_ros/docker/foxy/s1) by extensions ['colcon_pkg']
[1.046s] Level 1:colcon.colcon_core.package_identification:_identify(robomaster_ros/docker/foxy/s1) by extension 'colcon_pkg'
[1.046s] Level 1:colcon.colcon_core.package_identification:_identify(robomaster_ros/docker/foxy/s1) by extensions ['colcon_meta']
[1.046s] Level 1:colcon.colcon_core.package_identification:_identify(robomaster_ros/docker/foxy/s1) by extension 'colcon_meta'
[1.046s] Level 1:colcon.colcon_core.package_identification:_identify(robomaster_ros/docker/foxy/s1) by extensions ['ros']
[1.046s] Level 1:colcon.colcon_core.package_identification:_identify(robomaster_ros/docker/foxy/s1) by extension 'ros'
[1.047s] Level 1:colcon.colcon_core.package_identification:_identify(robomaster_ros/docker/foxy/s1) by extensions ['cmake', 'python']
[1.047s] Level 1:colcon.colcon_core.package_identification:_identify(robomaster_ros/docker/foxy/s1) by extension 'cmake'
[1.047s] Level 1:colcon.colcon_core.package_identification:_identify(robomaster_ros/docker/foxy/s1) by extension 'python'
[1.047s] Level 1:colcon.colcon_core.package_identification:_identify(robomaster_ros/docker/foxy/s1) by extensions ['python_setup_py']
[1.047s] Level 1:colcon.colcon_core.package_identification:_identify(robomaster_ros/docker/foxy/s1) by extension 'python_setup_py'
[1.047s] Level 1:colcon.colcon_core.package_identification:_identify(robomaster_ros/docker/galactic) by extensions ['ignore', 'ignore_ament_install']
[1.047s] Level 1:colcon.colcon_core.package_identification:_identify(robomaster_ros/docker/galactic) by extension 'ignore'
[1.048s] Level 1:colcon.colcon_core.package_identification:_identify(robomaster_ros/docker/galactic) by extension 'ignore_ament_install'
[1.048s] Level 1:colcon.colcon_core.package_identification:_identify(robomaster_ros/docker/galactic) by extensions ['colcon_pkg']
[1.048s] Level 1:colcon.colcon_core.package_identification:_identify(robomaster_ros/docker/galactic) by extension 'colcon_pkg'
[1.048s] Level 1:colcon.colcon_core.package_identification:_identify(robomaster_ros/docker/galactic) by extensions ['colcon_meta']
[1.048s] Level 1:colcon.colcon_core.package_identification:_identify(robomaster_ros/docker/galactic) by extension 'colcon_meta'
[1.048s] Level 1:colcon.colcon_core.package_identification:_identify(robomaster_ros/docker/galactic) by extensions ['ros']
[1.048s] Level 1:colcon.colcon_core.package_identification:_identify(robomaster_ros/docker/galactic) by extension 'ros'
[1.048s] Level 1:colcon.colcon_core.package_identification:_identify(robomaster_ros/docker/galactic) by extensions ['cmake', 'python']
[1.048s] Level 1:colcon.colcon_core.package_identification:_identify(robomaster_ros/docker/galactic) by extension 'cmake'
[1.048s] Level 1:colcon.colcon_core.package_identification:_identify(robomaster_ros/docker/galactic) by extension 'python'
[1.049s] Level 1:colcon.colcon_core.package_identification:_identify(robomaster_ros/docker/galactic) by extensions ['python_setup_py']
[1.049s] Level 1:colcon.colcon_core.package_identification:_identify(robomaster_ros/docker/galactic) by extension 'python_setup_py'
[1.049s] Level 1:colcon.colcon_core.package_identification:_identify(robomaster_ros/docker/galactic/ep) by extensions ['ignore', 'ignore_ament_install']
[1.049s] Level 1:colcon.colcon_core.package_identification:_identify(robomaster_ros/docker/galactic/ep) by extension 'ignore'
[1.049s] Level 1:colcon.colcon_core.package_identification:_identify(robomaster_ros/docker/galactic/ep) by extension 'ignore_ament_install'
[1.049s] Level 1:colcon.colcon_core.package_identification:_identify(robomaster_ros/docker/galactic/ep) by extensions ['colcon_pkg']
[1.049s] Level 1:colcon.colcon_core.package_identification:_identify(robomaster_ros/docker/galactic/ep) by extension 'colcon_pkg'
[1.050s] Level 1:colcon.colcon_core.package_identification:_identify(robomaster_ros/docker/galactic/ep) by extensions ['colcon_meta']
[1.050s] Level 1:colcon.colcon_core.package_identification:_identify(robomaster_ros/docker/galactic/ep) by extension 'colcon_meta'
[1.050s] Level 1:colcon.colcon_core.package_identification:_identify(robomaster_ros/docker/galactic/ep) by extensions ['ros']
[1.050s] Level 1:colcon.colcon_core.package_identification:_identify(robomaster_ros/docker/galactic/ep) by extension 'ros'
[1.050s] Level 1:colcon.colcon_core.package_identification:_identify(robomaster_ros/docker/galactic/ep) by extensions ['cmake', 'python']
[1.050s] Level 1:colcon.colcon_core.package_identification:_identify(robomaster_ros/docker/galactic/ep) by extension 'cmake'
[1.050s] Level 1:colcon.colcon_core.package_identification:_identify(robomaster_ros/docker/galactic/ep) by extension 'python'
[1.050s] Level 1:colcon.colcon_core.package_identification:_identify(robomaster_ros/docker/galactic/ep) by extensions ['python_setup_py']
[1.050s] Level 1:colcon.colcon_core.package_identification:_identify(robomaster_ros/docker/galactic/ep) by extension 'python_setup_py'
[1.051s] Level 1:colcon.colcon_core.package_identification:_identify(robomaster_ros/docker/galactic/s1) by extensions ['ignore', 'ignore_ament_install']
[1.051s] Level 1:colcon.colcon_core.package_identification:_identify(robomaster_ros/docker/galactic/s1) by extension 'ignore'
[1.051s] Level 1:colcon.colcon_core.package_identification:_identify(robomaster_ros/docker/galactic/s1) by extension 'ignore_ament_install'
[1.051s] Level 1:colcon.colcon_core.package_identification:_identify(robomaster_ros/docker/galactic/s1) by extensions ['colcon_pkg']
[1.051s] Level 1:colcon.colcon_core.package_identification:_identify(robomaster_ros/docker/galactic/s1) by extension 'colcon_pkg'
[1.051s] Level 1:colcon.colcon_core.package_identification:_identify(robomaster_ros/docker/galactic/s1) by extensions ['colcon_meta']
[1.051s] Level 1:colcon.colcon_core.package_identification:_identify(robomaster_ros/docker/galactic/s1) by extension 'colcon_meta'
[1.051s] Level 1:colcon.colcon_core.package_identification:_identify(robomaster_ros/docker/galactic/s1) by extensions ['ros']
[1.052s] Level 1:colcon.colcon_core.package_identification:_identify(robomaster_ros/docker/galactic/s1) by extension 'ros'
[1.052s] Level 1:colcon.colcon_core.package_identification:_identify(robomaster_ros/docker/galactic/s1) by extensions ['cmake', 'python']
[1.052s] Level 1:colcon.colcon_core.package_identification:_identify(robomaster_ros/docker/galactic/s1) by extension 'cmake'
[1.052s] Level 1:colcon.colcon_core.package_identification:_identify(robomaster_ros/docker/galactic/s1) by extension 'python'
[1.052s] Level 1:colcon.colcon_core.package_identification:_identify(robomaster_ros/docker/galactic/s1) by extensions ['python_setup_py']
[1.052s] Level 1:colcon.colcon_core.package_identification:_identify(robomaster_ros/docker/galactic/s1) by extension 'python_setup_py'
[1.052s] Level 1:colcon.colcon_core.package_identification:_identify(robomaster_ros/docker/humble) by extensions ['ignore', 'ignore_ament_install']
[1.052s] Level 1:colcon.colcon_core.package_identification:_identify(robomaster_ros/docker/humble) by extension 'ignore'
[1.053s] Level 1:colcon.colcon_core.package_identification:_identify(robomaster_ros/docker/humble) by extension 'ignore_ament_install'
[1.053s] Level 1:colcon.colcon_core.package_identification:_identify(robomaster_ros/docker/humble) by extensions ['colcon_pkg']
[1.053s] Level 1:colcon.colcon_core.package_identification:_identify(robomaster_ros/docker/humble) by extension 'colcon_pkg'
[1.053s] Level 1:colcon.colcon_core.package_identification:_identify(robomaster_ros/docker/humble) by extensions ['colcon_meta']
[1.053s] Level 1:colcon.colcon_core.package_identification:_identify(robomaster_ros/docker/humble) by extension 'colcon_meta'
[1.053s] Level 1:colcon.colcon_core.package_identification:_identify(robomaster_ros/docker/humble) by extensions ['ros']
[1.053s] Level 1:colcon.colcon_core.package_identification:_identify(robomaster_ros/docker/humble) by extension 'ros'
[1.053s] Level 1:colcon.colcon_core.package_identification:_identify(robomaster_ros/docker/humble) by extensions ['cmake', 'python']
[1.053s] Level 1:colcon.colcon_core.package_identification:_identify(robomaster_ros/docker/humble) by extension 'cmake'
[1.054s] Level 1:colcon.colcon_core.package_identification:_identify(robomaster_ros/docker/humble) by extension 'python'
[1.054s] Level 1:colcon.colcon_core.package_identification:_identify(robomaster_ros/docker/humble) by extensions ['python_setup_py']
[1.054s] Level 1:colcon.colcon_core.package_identification:_identify(robomaster_ros/docker/humble) by extension 'python_setup_py'
[1.054s] Level 1:colcon.colcon_core.package_identification:_identify(robomaster_ros/docker/humble/ep) by extensions ['ignore', 'ignore_ament_install']
[1.054s] Level 1:colcon.colcon_core.package_identification:_identify(robomaster_ros/docker/humble/ep) by extension 'ignore'
[1.054s] Level 1:colcon.colcon_core.package_identification:_identify(robomaster_ros/docker/humble/ep) by extension 'ignore_ament_install'
[1.054s] Level 1:colcon.colcon_core.package_identification:_identify(robomaster_ros/docker/humble/ep) by extensions ['colcon_pkg']
[1.054s] Level 1:colcon.colcon_core.package_identification:_identify(robomaster_ros/docker/humble/ep) by extension 'colcon_pkg'
[1.054s] Level 1:colcon.colcon_core.package_identification:_identify(robomaster_ros/docker/humble/ep) by extensions ['colcon_meta']
[1.055s] Level 1:colcon.colcon_core.package_identification:_identify(robomaster_ros/docker/humble/ep) by extension 'colcon_meta'
[1.055s] Level 1:colcon.colcon_core.package_identification:_identify(robomaster_ros/docker/humble/ep) by extensions ['ros']
[1.055s] Level 1:colcon.colcon_core.package_identification:_identify(robomaster_ros/docker/humble/ep) by extension 'ros'
[1.055s] Level 1:colcon.colcon_core.package_identification:_identify(robomaster_ros/docker/humble/ep) by extensions ['cmake', 'python']
[1.055s] Level 1:colcon.colcon_core.package_identification:_identify(robomaster_ros/docker/humble/ep) by extension 'cmake'
[1.055s] Level 1:colcon.colcon_core.package_identification:_identify(robomaster_ros/docker/humble/ep) by extension 'python'
[1.055s] Level 1:colcon.colcon_core.package_identification:_identify(robomaster_ros/docker/humble/ep) by extensions ['python_setup_py']
[1.055s] Level 1:colcon.colcon_core.package_identification:_identify(robomaster_ros/docker/humble/ep) by extension 'python_setup_py'
[1.056s] Level 1:colcon.colcon_core.package_identification:_identify(robomaster_ros/docker/humble/s1) by extensions ['ignore', 'ignore_ament_install']
[1.056s] Level 1:colcon.colcon_core.package_identification:_identify(robomaster_ros/docker/humble/s1) by extension 'ignore'
[1.056s] Level 1:colcon.colcon_core.package_identification:_identify(robomaster_ros/docker/humble/s1) by extension 'ignore_ament_install'
[1.056s] Level 1:colcon.colcon_core.package_identification:_identify(robomaster_ros/docker/humble/s1) by extensions ['colcon_pkg']
[1.056s] Level 1:colcon.colcon_core.package_identification:_identify(robomaster_ros/docker/humble/s1) by extension 'colcon_pkg'
[1.056s] Level 1:colcon.colcon_core.package_identification:_identify(robomaster_ros/docker/humble/s1) by extensions ['colcon_meta']
[1.056s] Level 1:colcon.colcon_core.package_identification:_identify(robomaster_ros/docker/humble/s1) by extension 'colcon_meta'
[1.056s] Level 1:colcon.colcon_core.package_identification:_identify(robomaster_ros/docker/humble/s1) by extensions ['ros']
[1.056s] Level 1:colcon.colcon_core.package_identification:_identify(robomaster_ros/docker/humble/s1) by extension 'ros'
[1.057s] Level 1:colcon.colcon_core.package_identification:_identify(robomaster_ros/docker/humble/s1) by extensions ['cmake', 'python']
[1.057s] Level 1:colcon.colcon_core.package_identification:_identify(robomaster_ros/docker/humble/s1) by extension 'cmake'
[1.057s] Level 1:colcon.colcon_core.package_identification:_identify(robomaster_ros/docker/humble/s1) by extension 'python'
[1.057s] Level 1:colcon.colcon_core.package_identification:_identify(robomaster_ros/docker/humble/s1) by extensions ['python_setup_py']
[1.057s] Level 1:colcon.colcon_core.package_identification:_identify(robomaster_ros/docker/humble/s1) by extension 'python_setup_py'
[1.057s] Level 1:colcon.colcon_core.package_identification:_identify(robomaster_ros/docker/iron) by extensions ['ignore', 'ignore_ament_install']
[1.057s] Level 1:colcon.colcon_core.package_identification:_identify(robomaster_ros/docker/iron) by extension 'ignore'
[1.057s] Level 1:colcon.colcon_core.package_identification:_identify(robomaster_ros/docker/iron) by extension 'ignore_ament_install'
[1.058s] Level 1:colcon.colcon_core.package_identification:_identify(robomaster_ros/docker/iron) by extensions ['colcon_pkg']
[1.058s] Level 1:colcon.colcon_core.package_identification:_identify(robomaster_ros/docker/iron) by extension 'colcon_pkg'
[1.058s] Level 1:colcon.colcon_core.package_identification:_identify(robomaster_ros/docker/iron) by extensions ['colcon_meta']
[1.058s] Level 1:colcon.colcon_core.package_identification:_identify(robomaster_ros/docker/iron) by extension 'colcon_meta'
[1.058s] Level 1:colcon.colcon_core.package_identification:_identify(robomaster_ros/docker/iron) by extensions ['ros']
[1.058s] Level 1:colcon.colcon_core.package_identification:_identify(robomaster_ros/docker/iron) by extension 'ros'
[1.058s] Level 1:colcon.colcon_core.package_identification:_identify(robomaster_ros/docker/iron) by extensions ['cmake', 'python']
[1.058s] Level 1:colcon.colcon_core.package_identification:_identify(robomaster_ros/docker/iron) by extension 'cmake'
[1.058s] Level 1:colcon.colcon_core.package_identification:_identify(robomaster_ros/docker/iron) by extension 'python'
[1.058s] Level 1:colcon.colcon_core.package_identification:_identify(robomaster_ros/docker/iron) by extensions ['python_setup_py']
[1.059s] Level 1:colcon.colcon_core.package_identification:_identify(robomaster_ros/docker/iron) by extension 'python_setup_py'
[1.059s] Level 1:colcon.colcon_core.package_identification:_identify(robomaster_ros/docker/iron/ep) by extensions ['ignore', 'ignore_ament_install']
[1.059s] Level 1:colcon.colcon_core.package_identification:_identify(robomaster_ros/docker/iron/ep) by extension 'ignore'
[1.059s] Level 1:colcon.colcon_core.package_identification:_identify(robomaster_ros/docker/iron/ep) by extension 'ignore_ament_install'
[1.059s] Level 1:colcon.colcon_core.package_identification:_identify(robomaster_ros/docker/iron/ep) by extensions ['colcon_pkg']
[1.059s] Level 1:colcon.colcon_core.package_identification:_identify(robomaster_ros/docker/iron/ep) by extension 'colcon_pkg'
[1.060s] Level 1:colcon.colcon_core.package_identification:_identify(robomaster_ros/docker/iron/ep) by extensions ['colcon_meta']
[1.060s] Level 1:colcon.colcon_core.package_identification:_identify(robomaster_ros/docker/iron/ep) by extension 'colcon_meta'
[1.060s] Level 1:colcon.colcon_core.package_identification:_identify(robomaster_ros/docker/iron/ep) by extensions ['ros']
[1.060s] Level 1:colcon.colcon_core.package_identification:_identify(robomaster_ros/docker/iron/ep) by extension 'ros'
[1.060s] Level 1:colcon.colcon_core.package_identification:_identify(robomaster_ros/docker/iron/ep) by extensions ['cmake', 'python']
[1.060s] Level 1:colcon.colcon_core.package_identification:_identify(robomaster_ros/docker/iron/ep) by extension 'cmake'
[1.060s] Level 1:colcon.colcon_core.package_identification:_identify(robomaster_ros/docker/iron/ep) by extension 'python'
[1.060s] Level 1:colcon.colcon_core.package_identification:_identify(robomaster_ros/docker/iron/ep) by extensions ['python_setup_py']
[1.060s] Level 1:colcon.colcon_core.package_identification:_identify(robomaster_ros/docker/iron/ep) by extension 'python_setup_py'
[1.061s] Level 1:colcon.colcon_core.package_identification:_identify(robomaster_ros/docker/iron/s1) by extensions ['ignore', 'ignore_ament_install']
[1.061s] Level 1:colcon.colcon_core.package_identification:_identify(robomaster_ros/docker/iron/s1) by extension 'ignore'
[1.061s] Level 1:colcon.colcon_core.package_identification:_identify(robomaster_ros/docker/iron/s1) by extension 'ignore_ament_install'
[1.061s] Level 1:colcon.colcon_core.package_identification:_identify(robomaster_ros/docker/iron/s1) by extensions ['colcon_pkg']
[1.061s] Level 1:colcon.colcon_core.package_identification:_identify(robomaster_ros/docker/iron/s1) by extension 'colcon_pkg'
[1.061s] Level 1:colcon.colcon_core.package_identification:_identify(robomaster_ros/docker/iron/s1) by extensions ['colcon_meta']
[1.061s] Level 1:colcon.colcon_core.package_identification:_identify(robomaster_ros/docker/iron/s1) by extension 'colcon_meta'
[1.061s] Level 1:colcon.colcon_core.package_identification:_identify(robomaster_ros/docker/iron/s1) by extensions ['ros']
[1.062s] Level 1:colcon.colcon_core.package_identification:_identify(robomaster_ros/docker/iron/s1) by extension 'ros'
[1.062s] Level 1:colcon.colcon_core.package_identification:_identify(robomaster_ros/docker/iron/s1) by extensions ['cmake', 'python']
[1.062s] Level 1:colcon.colcon_core.package_identification:_identify(robomaster_ros/docker/iron/s1) by extension 'cmake'
[1.062s] Level 1:colcon.colcon_core.package_identification:_identify(robomaster_ros/docker/iron/s1) by extension 'python'
[1.062s] Level 1:colcon.colcon_core.package_identification:_identify(robomaster_ros/docker/iron/s1) by extensions ['python_setup_py']
[1.062s] Level 1:colcon.colcon_core.package_identification:_identify(robomaster_ros/docker/iron/s1) by extension 'python_setup_py'
[1.062s] Level 1:colcon.colcon_core.package_identification:_identify(robomaster_ros/docs) by extensions ['ignore', 'ignore_ament_install']
[1.063s] Level 1:colcon.colcon_core.package_identification:_identify(robomaster_ros/docs) by extension 'ignore'
[1.063s] Level 1:colcon.colcon_core.package_identification:_identify(robomaster_ros/docs) by extension 'ignore_ament_install'
[1.063s] Level 1:colcon.colcon_core.package_identification:_identify(robomaster_ros/docs) by extensions ['colcon_pkg']
[1.064s] Level 1:colcon.colcon_core.package_identification:_identify(robomaster_ros/docs) by extension 'colcon_pkg'
[1.064s] Level 1:colcon.colcon_core.package_identification:_identify(robomaster_ros/docs) by extensions ['colcon_meta']
[1.065s] Level 1:colcon.colcon_core.package_identification:_identify(robomaster_ros/docs) by extension 'colcon_meta'
[1.065s] Level 1:colcon.colcon_core.package_identification:_identify(robomaster_ros/docs) by extensions ['ros']
[1.065s] Level 1:colcon.colcon_core.package_identification:_identify(robomaster_ros/docs) by extension 'ros'
[1.066s] Level 1:colcon.colcon_core.package_identification:_identify(robomaster_ros/docs) by extensions ['cmake', 'python']
[1.066s] Level 1:colcon.colcon_core.package_identification:_identify(robomaster_ros/docs) by extension 'cmake'
[1.066s] Level 1:colcon.colcon_core.package_identification:_identify(robomaster_ros/docs) by extension 'python'
[1.067s] Level 1:colcon.colcon_core.package_identification:_identify(robomaster_ros/docs) by extensions ['python_setup_py']
[1.067s] Level 1:colcon.colcon_core.package_identification:_identify(robomaster_ros/docs) by extension 'python_setup_py'
[1.068s] Level 1:colcon.colcon_core.package_identification:_identify(robomaster_ros/docs/robomaster_ros_modules) by extensions ['ignore', 'ignore_ament_install']
[1.068s] Level 1:colcon.colcon_core.package_identification:_identify(robomaster_ros/docs/robomaster_ros_modules) by extension 'ignore'
[1.069s] Level 1:colcon.colcon_core.package_identification:_identify(robomaster_ros/docs/robomaster_ros_modules) by extension 'ignore_ament_install'
[1.069s] Level 1:colcon.colcon_core.package_identification:_identify(robomaster_ros/docs/robomaster_ros_modules) by extensions ['colcon_pkg']
[1.069s] Level 1:colcon.colcon_core.package_identification:_identify(robomaster_ros/docs/robomaster_ros_modules) by extension 'colcon_pkg'
[1.070s] Level 1:colcon.colcon_core.package_identification:_identify(robomaster_ros/docs/robomaster_ros_modules) by extensions ['colcon_meta']
[1.070s] Level 1:colcon.colcon_core.package_identification:_identify(robomaster_ros/docs/robomaster_ros_modules) by extension 'colcon_meta'
[1.070s] Level 1:colcon.colcon_core.package_identification:_identify(robomaster_ros/docs/robomaster_ros_modules) by extensions ['ros']
[1.070s] Level 1:colcon.colcon_core.package_identification:_identify(robomaster_ros/docs/robomaster_ros_modules) by extension 'ros'
[1.071s] Level 1:colcon.colcon_core.package_identification:_identify(robomaster_ros/docs/robomaster_ros_modules) by extensions ['cmake', 'python']
[1.071s] Level 1:colcon.colcon_core.package_identification:_identify(robomaster_ros/docs/robomaster_ros_modules) by extension 'cmake'
[1.072s] Level 1:colcon.colcon_core.package_identification:_identify(robomaster_ros/docs/robomaster_ros_modules) by extension 'python'
[1.072s] Level 1:colcon.colcon_core.package_identification:_identify(robomaster_ros/docs/robomaster_ros_modules) by extensions ['python_setup_py']
[1.072s] Level 1:colcon.colcon_core.package_identification:_identify(robomaster_ros/docs/robomaster_ros_modules) by extension 'python_setup_py'
[1.073s] Level 1:colcon.colcon_core.package_identification:_identify(robomaster_ros/robomaster_description) by extensions ['ignore', 'ignore_ament_install']
[1.073s] Level 1:colcon.colcon_core.package_identification:_identify(robomaster_ros/robomaster_description) by extension 'ignore'
[1.073s] Level 1:colcon.colcon_core.package_identification:_identify(robomaster_ros/robomaster_description) by extension 'ignore_ament_install'
[1.074s] Level 1:colcon.colcon_core.package_identification:_identify(robomaster_ros/robomaster_description) by extensions ['colcon_pkg']
[1.074s] Level 1:colcon.colcon_core.package_identification:_identify(robomaster_ros/robomaster_description) by extension 'colcon_pkg'
[1.074s] Level 1:colcon.colcon_core.package_identification:_identify(robomaster_ros/robomaster_description) by extensions ['colcon_meta']
[1.074s] Level 1:colcon.colcon_core.package_identification:_identify(robomaster_ros/robomaster_description) by extension 'colcon_meta'
[1.074s] Level 1:colcon.colcon_core.package_identification:_identify(robomaster_ros/robomaster_description) by extensions ['ros']
[1.074s] Level 1:colcon.colcon_core.package_identification:_identify(robomaster_ros/robomaster_description) by extension 'ros'
[1.079s] DEBUG:colcon.colcon_core.package_identification:Package 'robomaster_ros/robomaster_description' with type 'ros.ament_cmake' and name 'robomaster_description'
[1.079s] Level 1:colcon.colcon_core.package_identification:_identify(robomaster_ros/robomaster_msgs) by extensions ['ignore', 'ignore_ament_install']
[1.079s] Level 1:colcon.colcon_core.package_identification:_identify(robomaster_ros/robomaster_msgs) by extension 'ignore'
[1.079s] Level 1:colcon.colcon_core.package_identification:_identify(robomaster_ros/robomaster_msgs) by extension 'ignore_ament_install'
[1.079s] Level 1:colcon.colcon_core.package_identification:_identify(robomaster_ros/robomaster_msgs) by extensions ['colcon_pkg']
[1.079s] Level 1:colcon.colcon_core.package_identification:_identify(robomaster_ros/robomaster_msgs) by extension 'colcon_pkg'
[1.079s] Level 1:colcon.colcon_core.package_identification:_identify(robomaster_ros/robomaster_msgs) by extensions ['colcon_meta']
[1.080s] Level 1:colcon.colcon_core.package_identification:_identify(robomaster_ros/robomaster_msgs) by extension 'colcon_meta'
[1.080s] Level 1:colcon.colcon_core.package_identification:_identify(robomaster_ros/robomaster_msgs) by extensions ['ros']
[1.080s] Level 1:colcon.colcon_core.package_identification:_identify(robomaster_ros/robomaster_msgs) by extension 'ros'
[1.081s] DEBUG:colcon.colcon_core.package_identification:Package 'robomaster_ros/robomaster_msgs' with type 'ros.ament_cmake' and name 'robomaster_msgs'
[1.081s] Level 1:colcon.colcon_core.package_identification:_identify(robomaster_ros/robomaster_ros) by extensions ['ignore', 'ignore_ament_install']
[1.081s] Level 1:colcon.colcon_core.package_identification:_identify(robomaster_ros/robomaster_ros) by extension 'ignore'
[1.081s] Level 1:colcon.colcon_core.package_identification:_identify(robomaster_ros/robomaster_ros) by extension 'ignore_ament_install'
[1.081s] Level 1:colcon.colcon_core.package_identification:_identify(robomaster_ros/robomaster_ros) by extensions ['colcon_pkg']
[1.081s] Level 1:colcon.colcon_core.package_identification:_identify(robomaster_ros/robomaster_ros) by extension 'colcon_pkg'
[1.081s] Level 1:colcon.colcon_core.package_identification:_identify(robomaster_ros/robomaster_ros) by extensions ['colcon_meta']
[1.082s] Level 1:colcon.colcon_core.package_identification:_identify(robomaster_ros/robomaster_ros) by extension 'colcon_meta'
[1.082s] Level 1:colcon.colcon_core.package_identification:_identify(robomaster_ros/robomaster_ros) by extensions ['ros']
[1.082s] Level 1:colcon.colcon_core.package_identification:_identify(robomaster_ros/robomaster_ros) by extension 'ros'
[1.082s] DEBUG:colcon.colcon_core.package_identification:Package 'robomaster_ros/robomaster_ros' with type 'ros.ament_python' and name 'robomaster_ros'
[1.083s] Level 1:colcon.colcon_core.package_identification:_identify(sim_lidar) by extensions ['ignore', 'ignore_ament_install']
[1.083s] Level 1:colcon.colcon_core.package_identification:_identify(sim_lidar) by extension 'ignore'
[1.083s] Level 1:colcon.colcon_core.package_identification:_identify(sim_lidar) by extension 'ignore_ament_install'
[1.083s] Level 1:colcon.colcon_core.package_identification:_identify(sim_lidar) by extensions ['colcon_pkg']
[1.083s] Level 1:colcon.colcon_core.package_identification:_identify(sim_lidar) by extension 'colcon_pkg'
[1.083s] Level 1:colcon.colcon_core.package_identification:_identify(sim_lidar) by extensions ['colcon_meta']
[1.083s] Level 1:colcon.colcon_core.package_identification:_identify(sim_lidar) by extension 'colcon_meta'
[1.083s] Level 1:colcon.colcon_core.package_identification:_identify(sim_lidar) by extensions ['ros']
[1.083s] Level 1:colcon.colcon_core.package_identification:_identify(sim_lidar) by extension 'ros'
[1.084s] DEBUG:colcon.colcon_core.package_identification:Package 'sim_lidar' with type 'ros.ament_python' and name 'sim_lidar'
[1.084s] Level 1:colcon.colcon_core.package_discovery:discover_packages(recursive) using defaults
[1.084s] Level 1:colcon.colcon_core.package_discovery:discover_packages(ignore) discover
[1.085s] Level 1:colcon.colcon_core.package_discovery:discover_packages(ignore) using defaults
[1.085s] Level 1:colcon.colcon_core.package_discovery:discover_packages(path) discover
[1.085s] Level 1:colcon.colcon_core.package_discovery:discover_packages(path) using defaults
[1.130s] Level 1:colcon.colcon_core.package_discovery:discover_packages(prefix_path) check parameters
[1.130s] Level 1:colcon.colcon_core.package_discovery:discover_packages(prefix_path) discover
[1.134s] WARNING:colcon.colcon_ros.prefix_path.ament:The path '/home/stefano/Robomaster_WS/install/turtlesim' in the environment variable AMENT_PREFIX_PATH doesn't exist
[1.135s] WARNING:colcon.colcon_ros.prefix_path.ament:The path '/home/stefano/Robomaster_WS/install/robomaster_ir_publisher' in the environment variable AMENT_PREFIX_PATH doesn't exist
[1.135s] WARNING:colcon.colcon_ros.prefix_path.ament:The path '/home/stefano/Robomaster_WS/install/laser_echo_publisher' in the environment variable AMENT_PREFIX_PATH doesn't exist
[1.135s] WARNING:colcon.colcon_ros.prefix_path.ament:The path '/home/stefano/Robomaster_WS/install/camera_utils' in the environment variable AMENT_PREFIX_PATH doesn't exist
[1.145s] WARNING:colcon.colcon_ros.prefix_path.catkin:The path '/home/stefano/Robomaster_WS/install/turtlesim' in the environment variable CMAKE_PREFIX_PATH doesn't exist
[1.150s] DEBUG:colcon.colcon_installed_package_information.package_discovery:Found 5 installed packages in /home/stefano/Robomaster_WS/src/install
[1.152s] DEBUG:colcon.colcon_installed_package_information.package_discovery:Found 5 installed packages in /home/stefano/Robomaster_WS/install
[1.155s] DEBUG:colcon.colcon_installed_package_information.package_discovery:Found 15 installed packages in /home/stefano/turtlebot3_ws/install
[1.158s] DEBUG:colcon.colcon_installed_package_information.package_discovery:Found 14 installed packages in /home/stefano/Webots_ros2/install
[1.166s] DEBUG:colcon.colcon_installed_package_information.package_discovery:Found 421 installed packages in /opt/ros/humble
[1.170s] Level 1:colcon.colcon_core.package_discovery:discover_packages(prefix_path) using defaults
[1.375s] Level 5:colcon.colcon_core.verb:set package 'robomaster_description' build argument 'cmake_args' from command line to 'None'
[1.376s] Level 5:colcon.colcon_core.verb:set package 'robomaster_description' build argument 'cmake_target' from command line to 'None'
[1.376s] Level 5:colcon.colcon_core.verb:set package 'robomaster_description' build argument 'cmake_target_skip_unavailable' from command line to 'False'
[1.376s] Level 5:colcon.colcon_core.verb:set package 'robomaster_description' build argument 'cmake_clean_cache' from command line to 'False'
[1.376s] Level 5:colcon.colcon_core.verb:set package 'robomaster_description' build argument 'cmake_clean_first' from command line to 'False'
[1.376s] Level 5:colcon.colcon_core.verb:set package 'robomaster_description' build argument 'cmake_force_configure' from command line to 'False'
[1.376s] Level 5:colcon.colcon_core.verb:set package 'robomaster_description' build argument 'ament_cmake_args' from command line to 'None'
[1.377s] Level 5:colcon.colcon_core.verb:set package 'robomaster_description' build argument 'catkin_cmake_args' from command line to 'None'
[1.377s] Level 5:colcon.colcon_core.verb:set package 'robomaster_description' build argument 'catkin_skip_building_tests' from command line to 'False'
[1.377s] DEBUG:colcon.colcon_core.verb:Building package 'robomaster_description' with the following arguments: {'ament_cmake_args': None, 'build_base': '/home/stefano/Robomaster_WS/src/build/robomaster_description', 'catkin_cmake_args': None, 'catkin_skip_building_tests': False, 'cmake_args': None, 'cmake_clean_cache': False, 'cmake_clean_first': False, 'cmake_force_configure': False, 'cmake_target': None, 'cmake_target_skip_unavailable': False, 'install_base': '/home/stefano/Robomaster_WS/src/install/robomaster_description', 'merge_install': False, 'path': '/home/stefano/Robomaster_WS/src/robomaster_ros/robomaster_description', 'symlink_install': False, 'test_result_base': None}
[1.377s] Level 5:colcon.colcon_core.verb:set package 'robomaster_msgs' build argument 'cmake_args' from command line to 'None'
[1.377s] Level 5:colcon.colcon_core.verb:set package 'robomaster_msgs' build argument 'cmake_target' from command line to 'None'
[1.377s] Level 5:colcon.colcon_core.verb:set package 'robomaster_msgs' build argument 'cmake_target_skip_unavailable' from command line to 'False'
[1.377s] Level 5:colcon.colcon_core.verb:set package 'robomaster_msgs' build argument 'cmake_clean_cache' from command line to 'False'
[1.378s] Level 5:colcon.colcon_core.verb:set package 'robomaster_msgs' build argument 'cmake_clean_first' from command line to 'False'
[1.378s] Level 5:colcon.colcon_core.verb:set package 'robomaster_msgs' build argument 'cmake_force_configure' from command line to 'False'
[1.378s] Level 5:colcon.colcon_core.verb:set package 'robomaster_msgs' build argument 'ament_cmake_args' from command line to 'None'
[1.378s] Level 5:colcon.colcon_core.verb:set package 'robomaster_msgs' build argument 'catkin_cmake_args' from command line to 'None'
[1.378s] Level 5:colcon.colcon_core.verb:set package 'robomaster_msgs' build argument 'catkin_skip_building_tests' from command line to 'False'
[1.378s] DEBUG:colcon.colcon_core.verb:Building package 'robomaster_msgs' with the following arguments: {'ament_cmake_args': None, 'build_base': '/home/stefano/Robomaster_WS/src/build/robomaster_msgs', 'catkin_cmake_args': None, 'catkin_skip_building_tests': False, 'cmake_args': None, 'cmake_clean_cache': False, 'cmake_clean_first': False, 'cmake_force_configure': False, 'cmake_target': None, 'cmake_target_skip_unavailable': False, 'install_base': '/home/stefano/Robomaster_WS/src/install/robomaster_msgs', 'merge_install': False, 'path': '/home/stefano/Robomaster_WS/src/robomaster_ros/robomaster_msgs', 'symlink_install': False, 'test_result_base': None}
[1.378s] Level 5:colcon.colcon_core.verb:set package 'sim_lidar' build argument 'cmake_args' from command line to 'None'
[1.378s] Level 5:colcon.colcon_core.verb:set package 'sim_lidar' build argument 'cmake_target' from command line to 'None'
[1.378s] Level 5:colcon.colcon_core.verb:set package 'sim_lidar' build argument 'cmake_target_skip_unavailable' from command line to 'False'
[1.378s] Level 5:colcon.colcon_core.verb:set package 'sim_lidar' build argument 'cmake_clean_cache' from command line to 'False'
[1.378s] Level 5:colcon.colcon_core.verb:set package 'sim_lidar' build argument 'cmake_clean_first' from command line to 'False'
[1.378s] Level 5:colcon.colcon_core.verb:set package 'sim_lidar' build argument 'cmake_force_configure' from command line to 'False'
[1.378s] Level 5:colcon.colcon_core.verb:set package 'sim_lidar' build argument 'ament_cmake_args' from command line to 'None'
[1.378s] Level 5:colcon.colcon_core.verb:set package 'sim_lidar' build argument 'catkin_cmake_args' from command line to 'None'
[1.379s] Level 5:colcon.colcon_core.verb:set package 'sim_lidar' build argument 'catkin_skip_building_tests' from command line to 'False'
[1.379s] DEBUG:colcon.colcon_core.verb:Building package 'sim_lidar' with the following arguments: {'ament_cmake_args': None, 'build_base': '/home/stefano/Robomaster_WS/src/build/sim_lidar', 'catkin_cmake_args': None, 'catkin_skip_building_tests': False, 'cmake_args': None, 'cmake_clean_cache': False, 'cmake_clean_first': False, 'cmake_force_configure': False, 'cmake_target': None, 'cmake_target_skip_unavailable': False, 'install_base': '/home/stefano/Robomaster_WS/src/install/sim_lidar', 'merge_install': False, 'path': '/home/stefano/Robomaster_WS/src/sim_lidar', 'symlink_install': False, 'test_result_base': None}
[1.379s] Level 5:colcon.colcon_core.verb:set package 'robomaster_ros' build argument 'cmake_args' from command line to 'None'
[1.379s] Level 5:colcon.colcon_core.verb:set package 'robomaster_ros' build argument 'cmake_target' from command line to 'None'
[1.379s] Level 5:colcon.colcon_core.verb:set package 'robomaster_ros' build argument 'cmake_target_skip_unavailable' from command line to 'False'
[1.379s] Level 5:colcon.colcon_core.verb:set package 'robomaster_ros' build argument 'cmake_clean_cache' from command line to 'False'
[1.379s] Level 5:colcon.colcon_core.verb:set package 'robomaster_ros' build argument 'cmake_clean_first' from command line to 'False'
[1.379s] Level 5:colcon.colcon_core.verb:set package 'robomaster_ros' build argument 'cmake_force_configure' from command line to 'False'
[1.380s] Level 5:colcon.colcon_core.verb:set package 'robomaster_ros' build argument 'ament_cmake_args' from command line to 'None'
[1.380s] Level 5:colcon.colcon_core.verb:set package 'robomaster_ros' build argument 'catkin_cmake_args' from command line to 'None'
[1.380s] Level 5:colcon.colcon_core.verb:set package 'robomaster_ros' build argument 'catkin_skip_building_tests' from command line to 'False'
[1.380s] DEBUG:colcon.colcon_core.verb:Building package 'robomaster_ros' with the following arguments: {'ament_cmake_args': None, 'build_base': '/home/stefano/Robomaster_WS/src/build/robomaster_ros', 'catkin_cmake_args': None, 'catkin_skip_building_tests': False, 'cmake_args': None, 'cmake_clean_cache': False, 'cmake_clean_first': False, 'cmake_force_configure': False, 'cmake_target': None, 'cmake_target_skip_unavailable': False, 'install_base': '/home/stefano/Robomaster_WS/src/install/robomaster_ros', 'merge_install': False, 'path': '/home/stefano/Robomaster_WS/src/robomaster_ros/robomaster_ros', 'symlink_install': False, 'test_result_base': None}
[1.380s] INFO:colcon.colcon_core.executor:Executing jobs using 'parallel' executor
[1.384s] DEBUG:colcon.colcon_parallel_executor.executor.parallel:run_until_complete
[1.384s] INFO:colcon.colcon_ros.task.ament_cmake.build:Building ROS package in '/home/stefano/Robomaster_WS/src/robomaster_ros/robomaster_msgs' with build type 'ament_cmake'
[1.384s] INFO:colcon.colcon_cmake.task.cmake.build:Building CMake package in '/home/stefano/Robomaster_WS/src/robomaster_ros/robomaster_msgs'
[1.391s] INFO:colcon.colcon_core.plugin_system:Skipping extension 'colcon_core.shell.bat': Not used on non-Windows systems
[1.391s] INFO:colcon.colcon_core.shell:Skip shell extension 'powershell' for command environment: Not usable outside of PowerShell
[1.391s] DEBUG:colcon.colcon_core.shell:Skip shell extension 'dsv' for command environment
[1.419s] INFO:colcon.colcon_ros.task.ament_cmake.build:Building ROS package in '/home/stefano/Robomaster_WS/src/robomaster_ros/robomaster_description' with build type 'ament_cmake'
[1.419s] INFO:colcon.colcon_cmake.task.cmake.build:Building CMake package in '/home/stefano/Robomaster_WS/src/robomaster_ros/robomaster_description'
[1.419s] INFO:colcon.colcon_core.shell:Skip shell extension 'powershell' for command environment: Not usable outside of PowerShell
[1.419s] DEBUG:colcon.colcon_core.shell:Skip shell extension 'dsv' for command environment
[1.447s] INFO:colcon.colcon_ros.task.ament_python.build:Building ROS package in '/home/stefano/Robomaster_WS/src/sim_lidar' with build type 'ament_python'
[1.448s] Level 1:colcon.colcon_core.shell:create_environment_hook('sim_lidar', 'ament_prefix_path')
[1.448s] INFO:colcon.colcon_core.shell:Creating environment hook '/home/stefano/Robomaster_WS/src/install/sim_lidar/share/sim_lidar/hook/ament_prefix_path.ps1'
[1.450s] INFO:colcon.colcon_core.shell:Creating environment descriptor '/home/stefano/Robomaster_WS/src/install/sim_lidar/share/sim_lidar/hook/ament_prefix_path.dsv'
[1.450s] INFO:colcon.colcon_core.shell:Creating environment hook '/home/stefano/Robomaster_WS/src/install/sim_lidar/share/sim_lidar/hook/ament_prefix_path.sh'
[1.452s] INFO:colcon.colcon_core.shell:Skip shell extension 'powershell' for command environment: Not usable outside of PowerShell
[1.452s] DEBUG:colcon.colcon_core.shell:Skip shell extension 'dsv' for command environment
[1.489s] DEBUG:colcon.colcon_core.event_handler.log_command:Invoking command in '/home/stefano/Robomaster_WS/src/build/robomaster_msgs': CMAKE_PREFIX_PATH=${CMAKE_PREFIX_PATH}:/home/stefano/Robomaster_WS/src/install/robomaster_ros:/home/stefano/Robomaster_WS/src/install/laser_echo_publisher:/home/stefano/Robomaster_WS/src/install/camera_utils:/home/stefano/Robomaster_WS/install/robomaster_ros:/home/stefano/Robomaster_WS/install/robomaster_ir_publisher:/home/stefano/Robomaster_WS/install/laser_echo_publisher:/home/stefano/Robomaster_WS/install/camera_utils:/home/stefano/turtlebot3_ws/install/turtlebot3_teleop:/home/stefano/turtlebot3_ws/install/turtlebot3_example:/home/stefano/Webots_ros2/install/webots_ros2:/home/stefano/Webots_ros2/install/webots_ros2_universal_robot:/home/stefano/Webots_ros2/install/webots_ros2_turtlebot:/home/stefano/Webots_ros2/install/webots_ros2_tiago:/home/stefano/Webots_ros2/install/webots_ros2_tests:/home/stefano/Webots_ros2/install/webots_ros2_tesla:/home/stefano/Webots_ros2/install/webots_ros2_mavic:/home/stefano/Webots_ros2/install/webots_ros2_husarion:/home/stefano/Webots_ros2/install/webots_ros2_epuck:/home/stefano/Webots_ros2/install/webots_ros2_crazyflie:/home/stefano/Webots_ros2/install/webots_ros2_importer:/opt/ros/humble /usr/bin/cmake --build /home/stefano/Robomaster_WS/src/build/robomaster_msgs -- -j8 -l8
[1.513s] DEBUG:colcon.colcon_core.event_handler.log_command:Invoking command in '/home/stefano/Robomaster_WS/src/build/robomaster_description': CMAKE_PREFIX_PATH=${CMAKE_PREFIX_PATH}:/home/stefano/Robomaster_WS/src/install/robomaster_ros:/home/stefano/Robomaster_WS/src/install/laser_echo_publisher:/home/stefano/Robomaster_WS/src/install/camera_utils:/home/stefano/Robomaster_WS/install/robomaster_ros:/home/stefano/Robomaster_WS/install/robomaster_ir_publisher:/home/stefano/Robomaster_WS/install/laser_echo_publisher:/home/stefano/Robomaster_WS/install/camera_utils:/home/stefano/turtlebot3_ws/install/turtlebot3_teleop:/home/stefano/turtlebot3_ws/install/turtlebot3_example:/home/stefano/Webots_ros2/install/webots_ros2:/home/stefano/Webots_ros2/install/webots_ros2_universal_robot:/home/stefano/Webots_ros2/install/webots_ros2_turtlebot:/home/stefano/Webots_ros2/install/webots_ros2_tiago:/home/stefano/Webots_ros2/install/webots_ros2_tests:/home/stefano/Webots_ros2/install/webots_ros2_tesla:/home/stefano/Webots_ros2/install/webots_ros2_mavic:/home/stefano/Webots_ros2/install/webots_ros2_husarion:/home/stefano/Webots_ros2/install/webots_ros2_epuck:/home/stefano/Webots_ros2/install/webots_ros2_crazyflie:/home/stefano/Webots_ros2/install/webots_ros2_importer:/opt/ros/humble /usr/bin/cmake --build /home/stefano/Robomaster_WS/src/build/robomaster_description -- -j8 -l8
[2.364s] INFO:colcon.colcon_core.task.python.build:Building Python package in '/home/stefano/Robomaster_WS/src/sim_lidar'
[2.364s] INFO:colcon.colcon_core.shell:Skip shell extension 'powershell' for command environment: Not usable outside of PowerShell
[2.364s] DEBUG:colcon.colcon_core.shell:Skip shell extension 'dsv' for command environment
[2.399s] DEBUG:colcon.colcon_core.event_handler.log_command:Invoked command in '/home/stefano/Robomaster_WS/src/build/robomaster_description' returned '0': CMAKE_PREFIX_PATH=${CMAKE_PREFIX_PATH}:/home/stefano/Robomaster_WS/src/install/robomaster_ros:/home/stefano/Robomaster_WS/src/install/laser_echo_publisher:/home/stefano/Robomaster_WS/src/install/camera_utils:/home/stefano/Robomaster_WS/install/robomaster_ros:/home/stefano/Robomaster_WS/install/robomaster_ir_publisher:/home/stefano/Robomaster_WS/install/laser_echo_publisher:/home/stefano/Robomaster_WS/install/camera_utils:/home/stefano/turtlebot3_ws/install/turtlebot3_teleop:/home/stefano/turtlebot3_ws/install/turtlebot3_example:/home/stefano/Webots_ros2/install/webots_ros2:/home/stefano/Webots_ros2/install/webots_ros2_universal_robot:/home/stefano/Webots_ros2/install/webots_ros2_turtlebot:/home/stefano/Webots_ros2/install/webots_ros2_tiago:/home/stefano/Webots_ros2/install/webots_ros2_tests:/home/stefano/Webots_ros2/install/webots_ros2_tesla:/home/stefano/Webots_ros2/install/webots_ros2_mavic:/home/stefano/Webots_ros2/install/webots_ros2_husarion:/home/stefano/Webots_ros2/install/webots_ros2_epuck:/home/stefano/Webots_ros2/install/webots_ros2_crazyflie:/home/stefano/Webots_ros2/install/webots_ros2_importer:/opt/ros/humble /usr/bin/cmake --build /home/stefano/Robomaster_WS/src/build/robomaster_description -- -j8 -l8
[2.454s] DEBUG:colcon.colcon_core.event_handler.log_command:Invoking command in '/home/stefano/Robomaster_WS/src/build/robomaster_description': CMAKE_PREFIX_PATH=${CMAKE_PREFIX_PATH}:/home/stefano/Robomaster_WS/src/install/robomaster_ros:/home/stefano/Robomaster_WS/src/install/laser_echo_publisher:/home/stefano/Robomaster_WS/src/install/camera_utils:/home/stefano/Robomaster_WS/install/robomaster_ros:/home/stefano/Robomaster_WS/install/robomaster_ir_publisher:/home/stefano/Robomaster_WS/install/laser_echo_publisher:/home/stefano/Robomaster_WS/install/camera_utils:/home/stefano/turtlebot3_ws/install/turtlebot3_teleop:/home/stefano/turtlebot3_ws/install/turtlebot3_example:/home/stefano/Webots_ros2/install/webots_ros2:/home/stefano/Webots_ros2/install/webots_ros2_universal_robot:/home/stefano/Webots_ros2/install/webots_ros2_turtlebot:/home/stefano/Webots_ros2/install/webots_ros2_tiago:/home/stefano/Webots_ros2/install/webots_ros2_tests:/home/stefano/Webots_ros2/install/webots_ros2_tesla:/home/stefano/Webots_ros2/install/webots_ros2_mavic:/home/stefano/Webots_ros2/install/webots_ros2_husarion:/home/stefano/Webots_ros2/install/webots_ros2_epuck:/home/stefano/Webots_ros2/install/webots_ros2_crazyflie:/home/stefano/Webots_ros2/install/webots_ros2_importer:/opt/ros/humble /usr/bin/cmake --install /home/stefano/Robomaster_WS/src/build/robomaster_description
[2.548s] Level 1:colcon.colcon_core.environment:create_environment_scripts_only(robomaster_description)
[2.568s] DEBUG:colcon.colcon_core.event_handler.log_command:Invoked command in '/home/stefano/Robomaster_WS/src/build/robomaster_description' returned '0': CMAKE_PREFIX_PATH=${CMAKE_PREFIX_PATH}:/home/stefano/Robomaster_WS/src/install/robomaster_ros:/home/stefano/Robomaster_WS/src/install/laser_echo_publisher:/home/stefano/Robomaster_WS/src/install/camera_utils:/home/stefano/Robomaster_WS/install/robomaster_ros:/home/stefano/Robomaster_WS/install/robomaster_ir_publisher:/home/stefano/Robomaster_WS/install/laser_echo_publisher:/home/stefano/Robomaster_WS/install/camera_utils:/home/stefano/turtlebot3_ws/install/turtlebot3_teleop:/home/stefano/turtlebot3_ws/install/turtlebot3_example:/home/stefano/Webots_ros2/install/webots_ros2:/home/stefano/Webots_ros2/install/webots_ros2_universal_robot:/home/stefano/Webots_ros2/install/webots_ros2_turtlebot:/home/stefano/Webots_ros2/install/webots_ros2_tiago:/home/stefano/Webots_ros2/install/webots_ros2_tests:/home/stefano/Webots_ros2/install/webots_ros2_tesla:/home/stefano/Webots_ros2/install/webots_ros2_mavic:/home/stefano/Webots_ros2/install/webots_ros2_husarion:/home/stefano/Webots_ros2/install/webots_ros2_epuck:/home/stefano/Webots_ros2/install/webots_ros2_crazyflie:/home/stefano/Webots_ros2/install/webots_ros2_importer:/opt/ros/humble /usr/bin/cmake --install /home/stefano/Robomaster_WS/src/build/robomaster_description
[2.571s] Level 1:colcon.colcon_core.environment:checking '/home/stefano/Robomaster_WS/src/install/robomaster_description' for CMake module files
[2.573s] Level 1:colcon.colcon_core.environment:checking '/home/stefano/Robomaster_WS/src/install/robomaster_description' for CMake config files
[2.574s] Level 1:colcon.colcon_core.shell:create_environment_hook('robomaster_description', 'cmake_prefix_path')
[2.575s] INFO:colcon.colcon_core.shell:Creating environment hook '/home/stefano/Robomaster_WS/src/install/robomaster_description/share/robomaster_description/hook/cmake_prefix_path.ps1'
[2.576s] INFO:colcon.colcon_core.shell:Creating environment descriptor '/home/stefano/Robomaster_WS/src/install/robomaster_description/share/robomaster_description/hook/cmake_prefix_path.dsv'
[2.577s] INFO:colcon.colcon_core.shell:Creating environment hook '/home/stefano/Robomaster_WS/src/install/robomaster_description/share/robomaster_description/hook/cmake_prefix_path.sh'
[2.579s] Level 1:colcon.colcon_core.environment:checking '/home/stefano/Robomaster_WS/src/install/robomaster_description/bin'
[2.579s] Level 1:colcon.colcon_core.environment:checking '/home/stefano/Robomaster_WS/src/install/robomaster_description/lib/pkgconfig/robomaster_description.pc'
[2.580s] Level 1:colcon.colcon_core.environment:checking '/home/stefano/Robomaster_WS/src/install/robomaster_description/lib/python3.10/site-packages'
[2.580s] Level 1:colcon.colcon_core.environment:checking '/home/stefano/Robomaster_WS/src/install/robomaster_description/bin'
[2.580s] INFO:colcon.colcon_core.shell:Creating package script '/home/stefano/Robomaster_WS/src/install/robomaster_description/share/robomaster_description/package.ps1'
[2.582s] INFO:colcon.colcon_core.shell:Creating package descriptor '/home/stefano/Robomaster_WS/src/install/robomaster_description/share/robomaster_description/package.dsv'
[2.583s] INFO:colcon.colcon_core.shell:Creating package script '/home/stefano/Robomaster_WS/src/install/robomaster_description/share/robomaster_description/package.sh'
[2.585s] INFO:colcon.colcon_core.shell:Creating package script '/home/stefano/Robomaster_WS/src/install/robomaster_description/share/robomaster_description/package.bash'
[2.586s] INFO:colcon.colcon_core.shell:Creating package script '/home/stefano/Robomaster_WS/src/install/robomaster_description/share/robomaster_description/package.zsh'
[2.587s] Level 1:colcon.colcon_core.environment:create_file_with_runtime_dependencies(/home/stefano/Robomaster_WS/src/install/robomaster_description/share/colcon-core/packages/robomaster_description)
[2.589s] Level 1:colcon.colcon_core.environment:create_environment_scripts_only(robomaster_description)
[2.589s] Level 1:colcon.colcon_core.environment:checking '/home/stefano/Robomaster_WS/src/install/robomaster_description' for CMake module files
[2.591s] Level 1:colcon.colcon_core.environment:checking '/home/stefano/Robomaster_WS/src/install/robomaster_description' for CMake config files
[2.592s] Level 1:colcon.colcon_core.shell:create_environment_hook('robomaster_description', 'cmake_prefix_path')
[2.593s] INFO:colcon.colcon_core.shell:Creating environment hook '/home/stefano/Robomaster_WS/src/install/robomaster_description/share/robomaster_description/hook/cmake_prefix_path.ps1'
[2.594s] INFO:colcon.colcon_core.shell:Creating environment descriptor '/home/stefano/Robomaster_WS/src/install/robomaster_description/share/robomaster_description/hook/cmake_prefix_path.dsv'
[2.600s] INFO:colcon.colcon_core.shell:Creating environment hook '/home/stefano/Robomaster_WS/src/install/robomaster_description/share/robomaster_description/hook/cmake_prefix_path.sh'
[2.601s] Level 1:colcon.colcon_core.environment:checking '/home/stefano/Robomaster_WS/src/install/robomaster_description/bin'
[2.601s] Level 1:colcon.colcon_core.environment:checking '/home/stefano/Robomaster_WS/src/install/robomaster_description/lib/pkgconfig/robomaster_description.pc'
[2.602s] Level 1:colcon.colcon_core.environment:checking '/home/stefano/Robomaster_WS/src/install/robomaster_description/lib/python3.10/site-packages'
[2.602s] Level 1:colcon.colcon_core.environment:checking '/home/stefano/Robomaster_WS/src/install/robomaster_description/bin'
[2.602s] INFO:colcon.colcon_core.shell:Creating package script '/home/stefano/Robomaster_WS/src/install/robomaster_description/share/robomaster_description/package.ps1'
[2.604s] INFO:colcon.colcon_core.shell:Creating package descriptor '/home/stefano/Robomaster_WS/src/install/robomaster_description/share/robomaster_description/package.dsv'
[2.605s] INFO:colcon.colcon_core.shell:Creating package script '/home/stefano/Robomaster_WS/src/install/robomaster_description/share/robomaster_description/package.sh'
[2.606s] INFO:colcon.colcon_core.shell:Creating package script '/home/stefano/Robomaster_WS/src/install/robomaster_description/share/robomaster_description/package.bash'
[2.607s] INFO:colcon.colcon_core.shell:Creating package script '/home/stefano/Robomaster_WS/src/install/robomaster_description/share/robomaster_description/package.zsh'
[2.608s] Level 1:colcon.colcon_core.environment:create_file_with_runtime_dependencies(/home/stefano/Robomaster_WS/src/install/robomaster_description/share/colcon-core/packages/robomaster_description)
[3.116s] DEBUG:colcon.colcon_core.event_handler.log_command:Invoked command in '/home/stefano/Robomaster_WS/src/build/robomaster_msgs' returned '0': CMAKE_PREFIX_PATH=${CMAKE_PREFIX_PATH}:/home/stefano/Robomaster_WS/src/install/robomaster_ros:/home/stefano/Robomaster_WS/src/install/laser_echo_publisher:/home/stefano/Robomaster_WS/src/install/camera_utils:/home/stefano/Robomaster_WS/install/robomaster_ros:/home/stefano/Robomaster_WS/install/robomaster_ir_publisher:/home/stefano/Robomaster_WS/install/laser_echo_publisher:/home/stefano/Robomaster_WS/install/camera_utils:/home/stefano/turtlebot3_ws/install/turtlebot3_teleop:/home/stefano/turtlebot3_ws/install/turtlebot3_example:/home/stefano/Webots_ros2/install/webots_ros2:/home/stefano/Webots_ros2/install/webots_ros2_universal_robot:/home/stefano/Webots_ros2/install/webots_ros2_turtlebot:/home/stefano/Webots_ros2/install/webots_ros2_tiago:/home/stefano/Webots_ros2/install/webots_ros2_tests:/home/stefano/Webots_ros2/install/webots_ros2_tesla:/home/stefano/Webots_ros2/install/webots_ros2_mavic:/home/stefano/Webots_ros2/install/webots_ros2_husarion:/home/stefano/Webots_ros2/install/webots_ros2_epuck:/home/stefano/Webots_ros2/install/webots_ros2_crazyflie:/home/stefano/Webots_ros2/install/webots_ros2_importer:/opt/ros/humble /usr/bin/cmake --build /home/stefano/Robomaster_WS/src/build/robomaster_msgs -- -j8 -l8
[3.123s] DEBUG:colcon.colcon_core.event_handler.log_command:Invoking command in '/home/stefano/Robomaster_WS/src/build/robomaster_msgs': CMAKE_PREFIX_PATH=${CMAKE_PREFIX_PATH}:/home/stefano/Robomaster_WS/src/install/robomaster_ros:/home/stefano/Robomaster_WS/src/install/laser_echo_publisher:/home/stefano/Robomaster_WS/src/install/camera_utils:/home/stefano/Robomaster_WS/install/robomaster_ros:/home/stefano/Robomaster_WS/install/robomaster_ir_publisher:/home/stefano/Robomaster_WS/install/laser_echo_publisher:/home/stefano/Robomaster_WS/install/camera_utils:/home/stefano/turtlebot3_ws/install/turtlebot3_teleop:/home/stefano/turtlebot3_ws/install/turtlebot3_example:/home/stefano/Webots_ros2/install/webots_ros2:/home/stefano/Webots_ros2/install/webots_ros2_universal_robot:/home/stefano/Webots_ros2/install/webots_ros2_turtlebot:/home/stefano/Webots_ros2/install/webots_ros2_tiago:/home/stefano/Webots_ros2/install/webots_ros2_tests:/home/stefano/Webots_ros2/install/webots_ros2_tesla:/home/stefano/Webots_ros2/install/webots_ros2_mavic:/home/stefano/Webots_ros2/install/webots_ros2_husarion:/home/stefano/Webots_ros2/install/webots_ros2_epuck:/home/stefano/Webots_ros2/install/webots_ros2_crazyflie:/home/stefano/Webots_ros2/install/webots_ros2_importer:/opt/ros/humble /usr/bin/cmake --install /home/stefano/Robomaster_WS/src/build/robomaster_msgs
[3.634s] DEBUG:colcon.colcon_core.event_handler.log_command:Invoking command in '/home/stefano/Robomaster_WS/src/sim_lidar': PYTHONPATH=/home/stefano/Robomaster_WS/src/build/sim_lidar/prefix_override:/usr/lib/python3/dist-packages/colcon_core/task/python/colcon_distutils_commands:/home/stefano/Robomaster_WS/src/install/sim_lidar/lib/python3.10/site-packages:${PYTHONPATH} /usr/bin/python3 -W ignore:setup.py install is deprecated -W ignore:easy_install command is deprecated setup.py egg_info --egg-base ../build/sim_lidar build --build-base /home/stefano/Robomaster_WS/src/build/sim_lidar/build install --record /home/stefano/Robomaster_WS/src/build/sim_lidar/install.log --single-version-externally-managed install_data
[3.723s] Level 1:colcon.colcon_core.environment:create_environment_scripts_only(robomaster_msgs)
[3.723s] Level 1:colcon.colcon_core.environment:checking '/home/stefano/Robomaster_WS/src/install/robomaster_msgs' for CMake module files
[3.725s] DEBUG:colcon.colcon_core.event_handler.log_command:Invoked command in '/home/stefano/Robomaster_WS/src/build/robomaster_msgs' returned '0': CMAKE_PREFIX_PATH=${CMAKE_PREFIX_PATH}:/home/stefano/Robomaster_WS/src/install/robomaster_ros:/home/stefano/Robomaster_WS/src/install/laser_echo_publisher:/home/stefano/Robomaster_WS/src/install/camera_utils:/home/stefano/Robomaster_WS/install/robomaster_ros:/home/stefano/Robomaster_WS/install/robomaster_ir_publisher:/home/stefano/Robomaster_WS/install/laser_echo_publisher:/home/stefano/Robomaster_WS/install/camera_utils:/home/stefano/turtlebot3_ws/install/turtlebot3_teleop:/home/stefano/turtlebot3_ws/install/turtlebot3_example:/home/stefano/Webots_ros2/install/webots_ros2:/home/stefano/Webots_ros2/install/webots_ros2_universal_robot:/home/stefano/Webots_ros2/install/webots_ros2_turtlebot:/home/stefano/Webots_ros2/install/webots_ros2_tiago:/home/stefano/Webots_ros2/install/webots_ros2_tests:/home/stefano/Webots_ros2/install/webots_ros2_tesla:/home/stefano/Webots_ros2/install/webots_ros2_mavic:/home/stefano/Webots_ros2/install/webots_ros2_husarion:/home/stefano/Webots_ros2/install/webots_ros2_epuck:/home/stefano/Webots_ros2/install/webots_ros2_crazyflie:/home/stefano/Webots_ros2/install/webots_ros2_importer:/opt/ros/humble /usr/bin/cmake --install /home/stefano/Robomaster_WS/src/build/robomaster_msgs
[3.726s] Level 1:colcon.colcon_core.environment:checking '/home/stefano/Robomaster_WS/src/install/robomaster_msgs' for CMake config files
[3.728s] Level 1:colcon.colcon_core.shell:create_environment_hook('robomaster_msgs', 'cmake_prefix_path')
[3.728s] INFO:colcon.colcon_core.shell:Creating environment hook '/home/stefano/Robomaster_WS/src/install/robomaster_msgs/share/robomaster_msgs/hook/cmake_prefix_path.ps1'
[3.729s] INFO:colcon.colcon_core.shell:Creating environment descriptor '/home/stefano/Robomaster_WS/src/install/robomaster_msgs/share/robomaster_msgs/hook/cmake_prefix_path.dsv'
[3.730s] INFO:colcon.colcon_core.shell:Creating environment hook '/home/stefano/Robomaster_WS/src/install/robomaster_msgs/share/robomaster_msgs/hook/cmake_prefix_path.sh'
[3.731s] Level 1:colcon.colcon_core.environment:checking '/home/stefano/Robomaster_WS/src/install/robomaster_msgs/lib'
[3.731s] Level 1:colcon.colcon_core.shell:create_environment_hook('robomaster_msgs', 'ld_library_path_lib')
[3.731s] INFO:colcon.colcon_core.shell:Creating environment hook '/home/stefano/Robomaster_WS/src/install/robomaster_msgs/share/robomaster_msgs/hook/ld_library_path_lib.ps1'
[3.732s] INFO:colcon.colcon_core.shell:Creating environment descriptor '/home/stefano/Robomaster_WS/src/install/robomaster_msgs/share/robomaster_msgs/hook/ld_library_path_lib.dsv'
[3.733s] INFO:colcon.colcon_core.shell:Creating environment hook '/home/stefano/Robomaster_WS/src/install/robomaster_msgs/share/robomaster_msgs/hook/ld_library_path_lib.sh'
[3.734s] Level 1:colcon.colcon_core.environment:checking '/home/stefano/Robomaster_WS/src/install/robomaster_msgs/bin'
[3.734s] Level 1:colcon.colcon_core.environment:checking '/home/stefano/Robomaster_WS/src/install/robomaster_msgs/lib/pkgconfig/robomaster_msgs.pc'
[3.734s] Level 1:colcon.colcon_core.environment:checking '/home/stefano/Robomaster_WS/src/install/robomaster_msgs/lib/python3.10/site-packages'
[3.735s] Level 1:colcon.colcon_core.environment:checking '/home/stefano/Robomaster_WS/src/install/robomaster_msgs/bin'
[3.735s] INFO:colcon.colcon_core.shell:Creating package script '/home/stefano/Robomaster_WS/src/install/robomaster_msgs/share/robomaster_msgs/package.ps1'
[3.736s] INFO:colcon.colcon_core.shell:Creating package descriptor '/home/stefano/Robomaster_WS/src/install/robomaster_msgs/share/robomaster_msgs/package.dsv'
[3.737s] INFO:colcon.colcon_core.shell:Creating package script '/home/stefano/Robomaster_WS/src/install/robomaster_msgs/share/robomaster_msgs/package.sh'
[3.738s] INFO:colcon.colcon_core.shell:Creating package script '/home/stefano/Robomaster_WS/src/install/robomaster_msgs/share/robomaster_msgs/package.bash'
[3.738s] INFO:colcon.colcon_core.shell:Creating package script '/home/stefano/Robomaster_WS/src/install/robomaster_msgs/share/robomaster_msgs/package.zsh'
[3.739s] Level 1:colcon.colcon_core.environment:create_file_with_runtime_dependencies(/home/stefano/Robomaster_WS/src/install/robomaster_msgs/share/colcon-core/packages/robomaster_msgs)
[3.742s] Level 1:colcon.colcon_core.environment:create_environment_scripts_only(robomaster_msgs)
[3.742s] Level 1:colcon.colcon_core.environment:checking '/home/stefano/Robomaster_WS/src/install/robomaster_msgs' for CMake module files
[3.744s] Level 1:colcon.colcon_core.environment:checking '/home/stefano/Robomaster_WS/src/install/robomaster_msgs' for CMake config files
[3.746s] Level 1:colcon.colcon_core.shell:create_environment_hook('robomaster_msgs', 'cmake_prefix_path')
[3.746s] INFO:colcon.colcon_core.shell:Creating environment hook '/home/stefano/Robomaster_WS/src/install/robomaster_msgs/share/robomaster_msgs/hook/cmake_prefix_path.ps1'
[3.747s] INFO:colcon.colcon_core.shell:Creating environment descriptor '/home/stefano/Robomaster_WS/src/install/robomaster_msgs/share/robomaster_msgs/hook/cmake_prefix_path.dsv'
[3.748s] INFO:colcon.colcon_core.shell:Creating environment hook '/home/stefano/Robomaster_WS/src/install/robomaster_msgs/share/robomaster_msgs/hook/cmake_prefix_path.sh'
[3.750s] Level 1:colcon.colcon_core.environment:checking '/home/stefano/Robomaster_WS/src/install/robomaster_msgs/lib'
[3.750s] Level 1:colcon.colcon_core.shell:create_environment_hook('robomaster_msgs', 'ld_library_path_lib')
[3.750s] INFO:colcon.colcon_core.shell:Creating environment hook '/home/stefano/Robomaster_WS/src/install/robomaster_msgs/share/robomaster_msgs/hook/ld_library_path_lib.ps1'
[3.751s] INFO:colcon.colcon_core.shell:Creating environment descriptor '/home/stefano/Robomaster_WS/src/install/robomaster_msgs/share/robomaster_msgs/hook/ld_library_path_lib.dsv'
[3.752s] INFO:colcon.colcon_core.shell:Creating environment hook '/home/stefano/Robomaster_WS/src/install/robomaster_msgs/share/robomaster_msgs/hook/ld_library_path_lib.sh'
[3.753s] Level 1:colcon.colcon_core.environment:checking '/home/stefano/Robomaster_WS/src/install/robomaster_msgs/bin'
[3.753s] Level 1:colcon.colcon_core.environment:checking '/home/stefano/Robomaster_WS/src/install/robomaster_msgs/lib/pkgconfig/robomaster_msgs.pc'
[3.753s] Level 1:colcon.colcon_core.environment:checking '/home/stefano/Robomaster_WS/src/install/robomaster_msgs/lib/python3.10/site-packages'
[3.754s] Level 1:colcon.colcon_core.environment:checking '/home/stefano/Robomaster_WS/src/install/robomaster_msgs/bin'
[3.754s] INFO:colcon.colcon_core.shell:Creating package script '/home/stefano/Robomaster_WS/src/install/robomaster_msgs/share/robomaster_msgs/package.ps1'
[3.755s] INFO:colcon.colcon_core.shell:Creating package descriptor '/home/stefano/Robomaster_WS/src/install/robomaster_msgs/share/robomaster_msgs/package.dsv'
[3.756s] INFO:colcon.colcon_core.shell:Creating package script '/home/stefano/Robomaster_WS/src/install/robomaster_msgs/share/robomaster_msgs/package.sh'
[3.756s] INFO:colcon.colcon_core.shell:Creating package script '/home/stefano/Robomaster_WS/src/install/robomaster_msgs/share/robomaster_msgs/package.bash'
[3.757s] INFO:colcon.colcon_core.shell:Creating package script '/home/stefano/Robomaster_WS/src/install/robomaster_msgs/share/robomaster_msgs/package.zsh'
[3.758s] Level 1:colcon.colcon_core.environment:create_file_with_runtime_dependencies(/home/stefano/Robomaster_WS/src/install/robomaster_msgs/share/colcon-core/packages/robomaster_msgs)
[3.759s] INFO:colcon.colcon_ros.task.ament_python.build:Building ROS package in '/home/stefano/Robomaster_WS/src/robomaster_ros/robomaster_ros' with build type 'ament_python'
[3.760s] Level 1:colcon.colcon_core.shell:create_environment_hook('robomaster_ros', 'ament_prefix_path')
[3.760s] INFO:colcon.colcon_core.shell:Creating environment hook '/home/stefano/Robomaster_WS/src/install/robomaster_ros/share/robomaster_ros/hook/ament_prefix_path.ps1'
[3.762s] INFO:colcon.colcon_core.shell:Creating environment descriptor '/home/stefano/Robomaster_WS/src/install/robomaster_ros/share/robomaster_ros/hook/ament_prefix_path.dsv'
[3.764s] INFO:colcon.colcon_core.shell:Creating environment hook '/home/stefano/Robomaster_WS/src/install/robomaster_ros/share/robomaster_ros/hook/ament_prefix_path.sh'
[3.765s] INFO:colcon.colcon_core.shell:Skip shell extension 'powershell' for command environment: Not usable outside of PowerShell
[3.765s] DEBUG:colcon.colcon_core.shell:Skip shell extension 'dsv' for command environment
[4.731s] INFO:colcon.colcon_core.task.python.build:Building Python package in '/home/stefano/Robomaster_WS/src/robomaster_ros/robomaster_ros'
[4.732s] INFO:colcon.colcon_core.shell:Skip shell extension 'powershell' for command environment: Not usable outside of PowerShell
[4.732s] DEBUG:colcon.colcon_core.shell:Skip shell extension 'dsv' for command environment
[4.770s] Level 1:colcon.colcon_core.environment:checking '/home/stefano/Robomaster_WS/src/install/sim_lidar' for CMake module files
[4.771s] Level 1:colcon.colcon_core.environment:checking '/home/stefano/Robomaster_WS/src/install/sim_lidar' for CMake config files
[4.773s] DEBUG:colcon.colcon_core.event_handler.log_command:Invoked command in '/home/stefano/Robomaster_WS/src/sim_lidar' returned '0': PYTHONPATH=/home/stefano/Robomaster_WS/src/build/sim_lidar/prefix_override:/usr/lib/python3/dist-packages/colcon_core/task/python/colcon_distutils_commands:/home/stefano/Robomaster_WS/src/install/sim_lidar/lib/python3.10/site-packages:${PYTHONPATH} /usr/bin/python3 -W ignore:setup.py install is deprecated -W ignore:easy_install command is deprecated setup.py egg_info --egg-base ../build/sim_lidar build --build-base /home/stefano/Robomaster_WS/src/build/sim_lidar/build install --record /home/stefano/Robomaster_WS/src/build/sim_lidar/install.log --single-version-externally-managed install_data
[4.774s] Level 1:colcon.colcon_core.environment:checking '/home/stefano/Robomaster_WS/src/install/sim_lidar/lib'
[4.774s] Level 1:colcon.colcon_core.environment:checking '/home/stefano/Robomaster_WS/src/install/sim_lidar/bin'
[4.775s] Level 1:colcon.colcon_core.environment:checking '/home/stefano/Robomaster_WS/src/install/sim_lidar/lib/pkgconfig/sim_lidar.pc'
[4.775s] Level 1:colcon.colcon_core.environment:checking '/home/stefano/Robomaster_WS/src/install/sim_lidar/lib/python3.10/site-packages'
[4.775s] Level 1:colcon.colcon_core.shell:create_environment_hook('sim_lidar', 'pythonpath')
[4.775s] INFO:colcon.colcon_core.shell:Creating environment hook '/home/stefano/Robomaster_WS/src/install/sim_lidar/share/sim_lidar/hook/pythonpath.ps1'
[4.776s] INFO:colcon.colcon_core.shell:Creating environment descriptor '/home/stefano/Robomaster_WS/src/install/sim_lidar/share/sim_lidar/hook/pythonpath.dsv'
[4.777s] INFO:colcon.colcon_core.shell:Creating environment hook '/home/stefano/Robomaster_WS/src/install/sim_lidar/share/sim_lidar/hook/pythonpath.sh'
[4.779s] Level 1:colcon.colcon_core.environment:checking '/home/stefano/Robomaster_WS/src/install/sim_lidar/bin'
[4.779s] Level 1:colcon.colcon_core.environment:create_environment_scripts_only(sim_lidar)
[4.779s] INFO:colcon.colcon_core.shell:Creating package script '/home/stefano/Robomaster_WS/src/install/sim_lidar/share/sim_lidar/package.ps1'
[4.780s] INFO:colcon.colcon_core.shell:Creating package descriptor '/home/stefano/Robomaster_WS/src/install/sim_lidar/share/sim_lidar/package.dsv'
[4.781s] INFO:colcon.colcon_core.shell:Creating package script '/home/stefano/Robomaster_WS/src/install/sim_lidar/share/sim_lidar/package.sh'
[4.782s] INFO:colcon.colcon_core.shell:Creating package script '/home/stefano/Robomaster_WS/src/install/sim_lidar/share/sim_lidar/package.bash'
[4.782s] INFO:colcon.colcon_core.shell:Creating package script '/home/stefano/Robomaster_WS/src/install/sim_lidar/share/sim_lidar/package.zsh'
[4.783s] Level 1:colcon.colcon_core.environment:create_file_with_runtime_dependencies(/home/stefano/Robomaster_WS/src/install/sim_lidar/share/colcon-core/packages/sim_lidar)
[5.917s] DEBUG:colcon.colcon_core.event_handler.log_command:Invoking command in '/home/stefano/Robomaster_WS/src/robomaster_ros/robomaster_ros': LD_LIBRARY_PATH=/home/stefano/Robomaster_WS/src/install/robomaster_msgs/lib:/home/stefano/Robomaster_WS/install/turtlesim/lib:/home/stefano/Robomaster_WS/install/robomaster_msgs/lib:/home/stefano/turtlebot3_ws/install/turtlebot3_msgs/lib:/home/stefano/turtlebot3_ws/install/dynamixel_sdk_custom_interfaces/lib:/home/stefano/turtlebot3_ws/install/dynamixel_sdk/lib:/home/stefano/Webots_ros2/install/webots_ros2_control/lib:/home/stefano/Webots_ros2/install/webots_ros2_driver/lib:/home/stefano/Webots_ros2/install/webots_ros2_msgs/lib:/usr/lib/x86_64-linux-gnu/gazebo-11/plugins:/opt/ros/humble/opt/rviz_ogre_vendor/lib:/opt/ros/humble/lib/x86_64-linux-gnu:/opt/ros/humble/lib:/usr/lib/x86_64-linux-gnu/gazebo-11/plugins PYTHONPATH=/home/stefano/Robomaster_WS/src/build/robomaster_ros/prefix_override:/usr/lib/python3/dist-packages/colcon_core/task/python/colcon_distutils_commands:/home/stefano/Robomaster_WS/src/install/robomaster_ros/lib/python3.10/site-packages:${PYTHONPATH} /usr/bin/python3 -W ignore:setup.py install is deprecated -W ignore:easy_install command is deprecated setup.py egg_info --egg-base ../../build/robomaster_ros build --build-base /home/stefano/Robomaster_WS/src/build/robomaster_ros/build install --record /home/stefano/Robomaster_WS/src/build/robomaster_ros/install.log --single-version-externally-managed install_data
[6.825s] Level 1:colcon.colcon_core.environment:checking '/home/stefano/Robomaster_WS/src/install/robomaster_ros' for CMake module files
[6.830s] DEBUG:colcon.colcon_core.event_handler.log_command:Invoked command in '/home/stefano/Robomaster_WS/src/robomaster_ros/robomaster_ros' returned '0': LD_LIBRARY_PATH=/home/stefano/Robomaster_WS/src/install/robomaster_msgs/lib:/home/stefano/Robomaster_WS/install/turtlesim/lib:/home/stefano/Robomaster_WS/install/robomaster_msgs/lib:/home/stefano/turtlebot3_ws/install/turtlebot3_msgs/lib:/home/stefano/turtlebot3_ws/install/dynamixel_sdk_custom_interfaces/lib:/home/stefano/turtlebot3_ws/install/dynamixel_sdk/lib:/home/stefano/Webots_ros2/install/webots_ros2_control/lib:/home/stefano/Webots_ros2/install/webots_ros2_driver/lib:/home/stefano/Webots_ros2/install/webots_ros2_msgs/lib:/usr/lib/x86_64-linux-gnu/gazebo-11/plugins:/opt/ros/humble/opt/rviz_ogre_vendor/lib:/opt/ros/humble/lib/x86_64-linux-gnu:/opt/ros/humble/lib:/usr/lib/x86_64-linux-gnu/gazebo-11/plugins PYTHONPATH=/home/stefano/Robomaster_WS/src/build/robomaster_ros/prefix_override:/usr/lib/python3/dist-packages/colcon_core/task/python/colcon_distutils_commands:/home/stefano/Robomaster_WS/src/install/robomaster_ros/lib/python3.10/site-packages:${PYTHONPATH} /usr/bin/python3 -W ignore:setup.py install is deprecated -W ignore:easy_install command is deprecated setup.py egg_info --egg-base ../../build/robomaster_ros build --build-base /home/stefano/Robomaster_WS/src/build/robomaster_ros/build install --record /home/stefano/Robomaster_WS/src/build/robomaster_ros/install.log --single-version-externally-managed install_data
[6.831s] Level 1:colcon.colcon_core.environment:checking '/home/stefano/Robomaster_WS/src/install/robomaster_ros' for CMake config files
[6.833s] Level 1:colcon.colcon_core.environment:checking '/home/stefano/Robomaster_WS/src/install/robomaster_ros/lib'
[6.834s] Level 1:colcon.colcon_core.environment:checking '/home/stefano/Robomaster_WS/src/install/robomaster_ros/bin'
[6.834s] Level 1:colcon.colcon_core.environment:checking '/home/stefano/Robomaster_WS/src/install/robomaster_ros/lib/pkgconfig/robomaster_ros.pc'
[6.834s] Level 1:colcon.colcon_core.environment:checking '/home/stefano/Robomaster_WS/src/install/robomaster_ros/lib/python3.10/site-packages'
[6.834s] Level 1:colcon.colcon_core.shell:create_environment_hook('robomaster_ros', 'pythonpath')
[6.835s] INFO:colcon.colcon_core.shell:Creating environment hook '/home/stefano/Robomaster_WS/src/install/robomaster_ros/share/robomaster_ros/hook/pythonpath.ps1'
[6.836s] INFO:colcon.colcon_core.shell:Creating environment descriptor '/home/stefano/Robomaster_WS/src/install/robomaster_ros/share/robomaster_ros/hook/pythonpath.dsv'
[6.837s] INFO:colcon.colcon_core.shell:Creating environment hook '/home/stefano/Robomaster_WS/src/install/robomaster_ros/share/robomaster_ros/hook/pythonpath.sh'
[6.838s] Level 1:colcon.colcon_core.environment:checking '/home/stefano/Robomaster_WS/src/install/robomaster_ros/bin'
[6.838s] Level 1:colcon.colcon_core.environment:create_environment_scripts_only(robomaster_ros)
[6.839s] INFO:colcon.colcon_core.shell:Creating package script '/home/stefano/Robomaster_WS/src/install/robomaster_ros/share/robomaster_ros/package.ps1'
[6.840s] INFO:colcon.colcon_core.shell:Creating package descriptor '/home/stefano/Robomaster_WS/src/install/robomaster_ros/share/robomaster_ros/package.dsv'
[6.841s] INFO:colcon.colcon_core.shell:Creating package script '/home/stefano/Robomaster_WS/src/install/robomaster_ros/share/robomaster_ros/package.sh'
[6.842s] INFO:colcon.colcon_core.shell:Creating package script '/home/stefano/Robomaster_WS/src/install/robomaster_ros/share/robomaster_ros/package.bash'
[6.843s] INFO:colcon.colcon_core.shell:Creating package script '/home/stefano/Robomaster_WS/src/install/robomaster_ros/share/robomaster_ros/package.zsh'
[6.843s] Level 1:colcon.colcon_core.environment:create_file_with_runtime_dependencies(/home/stefano/Robomaster_WS/src/install/robomaster_ros/share/colcon-core/packages/robomaster_ros)
[6.846s] DEBUG:colcon.colcon_parallel_executor.executor.parallel:closing loop
[6.847s] DEBUG:colcon.colcon_parallel_executor.executor.parallel:loop closed
[6.847s] DEBUG:colcon.colcon_parallel_executor.executor.parallel:run_until_complete finished with '0'
[6.847s] DEBUG:colcon.colcon_core.event_reactor:joining thread
[6.869s] INFO:colcon.colcon_core.plugin_system:Skipping extension 'colcon_notification.desktop_notification.terminal_notifier': Not used on non-Darwin systems
[6.869s] INFO:colcon.colcon_core.plugin_system:Skipping extension 'colcon_notification.desktop_notification.win32': Not used on non-Windows systems
[6.869s] INFO:colcon.colcon_notification.desktop_notification:Sending desktop notification using 'notify2'
[6.917s] DEBUG:colcon.colcon_core.event_reactor:joined thread
[6.917s] INFO:colcon.colcon_core.shell:Creating prefix script '/home/stefano/Robomaster_WS/src/install/local_setup.ps1'
[6.919s] INFO:colcon.colcon_core.shell:Creating prefix util module '/home/stefano/Robomaster_WS/src/install/_local_setup_util_ps1.py'
[6.921s] INFO:colcon.colcon_core.shell:Creating prefix chain script '/home/stefano/Robomaster_WS/src/install/setup.ps1'
[6.933s] INFO:colcon.colcon_core.shell:Creating prefix script '/home/stefano/Robomaster_WS/src/install/local_setup.sh'
[6.935s] INFO:colcon.colcon_core.shell:Creating prefix util module '/home/stefano/Robomaster_WS/src/install/_local_setup_util_sh.py'
[6.936s] INFO:colcon.colcon_core.shell:Creating prefix chain script '/home/stefano/Robomaster_WS/src/install/setup.sh'
[6.948s] INFO:colcon.colcon_core.shell:Creating prefix script '/home/stefano/Robomaster_WS/src/install/local_setup.bash'
[6.950s] INFO:colcon.colcon_core.shell:Creating prefix chain script '/home/stefano/Robomaster_WS/src/install/setup.bash'
[6.965s] INFO:colcon.colcon_core.shell:Creating prefix script '/home/stefano/Robomaster_WS/src/install/local_setup.zsh'
[6.966s] INFO:colcon.colcon_core.shell:Creating prefix chain script '/home/stefano/Robomaster_WS/src/install/setup.zsh'
