[6.569s] Invoking command in '/home/cricchetto/Robomaster_WS/src/drift': PYTHONPATH=/home/cricchetto/Robomaster_WS/build/drift/prefix_override:/usr/lib/python3/dist-packages/colcon_core/task/python/colcon_distutils_commands:/home/cricchetto/Robomaster_WS/install/drift/lib/python3.10/site-packages:${PYTHONPATH} /usr/bin/python3 -W ignore:setup.py install is deprecated -W ignore:easy_install command is deprecated setup.py egg_info --egg-base ../../build/drift build --build-base /home/cricchetto/Robomaster_WS/build/drift/build install --record /home/cricchetto/Robomaster_WS/build/drift/install.log --single-version-externally-managed install_data
[7.921s] running egg_info
[7.924s] writing ../../build/drift/drift.egg-info/PKG-INFO
[7.926s] writing dependency_links to ../../build/drift/drift.egg-info/dependency_links.txt
[7.927s] writing entry points to ../../build/drift/drift.egg-info/entry_points.txt
[7.928s] writing requirements to ../../build/drift/drift.egg-info/requires.txt
[7.929s] writing top-level names to ../../build/drift/drift.egg-info/top_level.txt
[7.942s] reading manifest file '../../build/drift/drift.egg-info/SOURCES.txt'
[7.949s] writing manifest file '../../build/drift/drift.egg-info/SOURCES.txt'
[7.951s] running build
[7.953s] running build_py
[7.961s] running install
[7.963s] running install_lib
[7.978s] running install_data
[7.983s] running install_egg_info
[8.002s] removing '/home/cricchetto/Robomaster_WS/install/drift/lib/python3.10/site-packages/drift-0.0.1-py3.10.egg-info' (and everything under it)
[8.008s] Copying ../../build/drift/drift.egg-info to /home/cricchetto/Robomaster_WS/install/drift/lib/python3.10/site-packages/drift-0.0.1-py3.10.egg-info
[8.027s] running install_scripts
[8.176s] Installing drift_circle_node script to /home/cricchetto/Robomaster_WS/install/drift/lib/drift
[8.177s] Installing play_sound_node script to /home/cricchetto/Robomaster_WS/install/drift/lib/drift
[8.183s] writing list of installed files to '/home/cricchetto/Robomaster_WS/build/drift/install.log'
[8.358s] Invoked command in '/home/cricchetto/Robomaster_WS/src/drift' returned '0': PYTHONPATH=/home/cricchetto/Robomaster_WS/build/drift/prefix_override:/usr/lib/python3/dist-packages/colcon_core/task/python/colcon_distutils_commands:/home/cricchetto/Robomaster_WS/install/drift/lib/python3.10/site-packages:${PYTHONPATH} /usr/bin/python3 -W ignore:setup.py install is deprecated -W ignore:easy_install command is deprecated setup.py egg_info --egg-base ../../build/drift build --build-base /home/cricchetto/Robomaster_WS/build/drift/build install --record /home/cricchetto/Robomaster_WS/build/drift/install.log --single-version-externally-managed install_data
