[0.261s] DEBUG:colcon:Command line arguments: ['/usr/bin/colcon', 'build']
[0.261s] DEBUG:colcon:Parsed command line arguments: Namespace(log_base=None, log_level=None, verb_name='build', build_base='build', install_base='install', merge_install=False, symlink_install=False, test_result_base=None, continue_on_error=False, executor='parallel', parallel_workers=8, event_handlers=None, ignore_user_meta=False, metas=['./colcon.meta'], base_paths=['.'], packages_ignore=None, packages_ignore_regex=None, paths=None, packages_up_to=None, packages_up_to_regex=None, packages_above=None, packages_above_and_dependencies=None, packages_above_depth=None, packages_select_by_dep=None, packages_skip_by_dep=None, packages_skip_up_to=None, packages_select_build_failed=False, packages_skip_build_finished=False, packages_select_test_failures=False, packages_skip_test_passed=False, packages_select=None, packages_skip=None, packages_select_regex=None, packages_skip_regex=None, packages_start=None, packages_end=None, allow_overriding=[], cmake_args=None, cmake_target=None, cmake_target_skip_unavailable=False, cmake_clean_cache=False, cmake_clean_first=False, cmake_force_configure=False, ament_cmake_args=None, catkin_cmake_args=None, catkin_skip_building_tests=False, mixin_files=None, mixin=None, verb_parser=<colcon_mixin.mixin.mixin_argument.MixinArgumentDecorator object at 0x7e37b6086ce0>, verb_extension=<colcon_core.verb.build.BuildVerb object at 0x7e37b6085e70>, main=<bound method BuildVerb.main of <colcon_core.verb.build.BuildVerb object at 0x7e37b6085e70>>, mixin_verb=('build',))
[0.746s] Level 1:colcon.colcon_core.package_discovery:discover_packages(colcon_meta) check parameters
[0.746s] Level 1:colcon.colcon_core.package_discovery:discover_packages(recursive) check parameters
[0.746s] Level 1:colcon.colcon_core.package_discovery:discover_packages(ignore) check parameters
[0.746s] Level 1:colcon.colcon_core.package_discovery:discover_packages(path) check parameters
[0.746s] Level 1:colcon.colcon_core.package_discovery:discover_packages(colcon_meta) discover
[0.746s] Level 1:colcon.colcon_core.package_discovery:discover_packages(recursive) discover
[0.746s] INFO:colcon.colcon_core.package_discovery:Crawling recursively for packages in '/home/stefano/Robomaster_WS/src'
[0.747s] Level 1:colcon.colcon_core.package_identification:_identify(.) by extensions ['ignore', 'ignore_ament_install']
[0.747s] Level 1:colcon.colcon_core.package_identification:_identify(.) by extension 'ignore'
[0.747s] Level 1:colcon.colcon_core.package_identification:_identify(.) by extension 'ignore_ament_install'
[0.747s] Level 1:colcon.colcon_core.package_identification:_identify(.) by extensions ['colcon_pkg']
[0.747s] Level 1:colcon.colcon_core.package_identification:_identify(.) by extension 'colcon_pkg'
[0.747s] Level 1:colcon.colcon_core.package_identification:_identify(.) by extensions ['colcon_meta']
[0.747s] Level 1:colcon.colcon_core.package_identification:_identify(.) by extension 'colcon_meta'
[0.747s] Level 1:colcon.colcon_core.package_identification:_identify(.) by extensions ['ros']
[0.747s] Level 1:colcon.colcon_core.package_identification:_identify(.) by extension 'ros'
[0.775s] Level 1:colcon.colcon_core.package_identification:_identify(.) by extensions ['cmake', 'python']
[0.776s] Level 1:colcon.colcon_core.package_identification:_identify(.) by extension 'cmake'
[0.776s] Level 1:colcon.colcon_core.package_identification:_identify(.) by extension 'python'
[0.776s] Level 1:colcon.colcon_core.package_identification:_identify(.) by extensions ['python_setup_py']
[0.776s] Level 1:colcon.colcon_core.package_identification:_identify(.) by extension 'python_setup_py'
[0.776s] Level 1:colcon.colcon_core.package_identification:_identify(build) by extensions ['ignore', 'ignore_ament_install']
[0.776s] Level 1:colcon.colcon_core.package_identification:_identify(build) by extension 'ignore'
[0.777s] Level 1:colcon.colcon_core.package_identification:_identify(build) ignored
[0.777s] Level 1:colcon.colcon_core.package_identification:_identify(install) by extensions ['ignore', 'ignore_ament_install']
[0.777s] Level 1:colcon.colcon_core.package_identification:_identify(install) by extension 'ignore'
[0.777s] Level 1:colcon.colcon_core.package_identification:_identify(install) ignored
[0.777s] Level 1:colcon.colcon_core.package_identification:_identify(log) by extensions ['ignore', 'ignore_ament_install']
[0.777s] Level 1:colcon.colcon_core.package_identification:_identify(log) by extension 'ignore'
[0.778s] Level 1:colcon.colcon_core.package_identification:_identify(log) ignored
[0.778s] Level 1:colcon.colcon_core.package_identification:_identify(robomaster_ros) by extensions ['ignore', 'ignore_ament_install']
[0.778s] Level 1:colcon.colcon_core.package_identification:_identify(robomaster_ros) by extension 'ignore'
[0.778s] Level 1:colcon.colcon_core.package_identification:_identify(robomaster_ros) by extension 'ignore_ament_install'
[0.778s] Level 1:colcon.colcon_core.package_identification:_identify(robomaster_ros) by extensions ['colcon_pkg']
[0.778s] Level 1:colcon.colcon_core.package_identification:_identify(robomaster_ros) by extension 'colcon_pkg'
[0.778s] Level 1:colcon.colcon_core.package_identification:_identify(robomaster_ros) by extensions ['colcon_meta']
[0.778s] Level 1:colcon.colcon_core.package_identification:_identify(robomaster_ros) by extension 'colcon_meta'
[0.779s] Level 1:colcon.colcon_core.package_identification:_identify(robomaster_ros) by extensions ['ros']
[0.779s] Level 1:colcon.colcon_core.package_identification:_identify(robomaster_ros) by extension 'ros'
[0.779s] Level 1:colcon.colcon_core.package_identification:_identify(robomaster_ros) by extensions ['cmake', 'python']
[0.779s] Level 1:colcon.colcon_core.package_identification:_identify(robomaster_ros) by extension 'cmake'
[0.779s] Level 1:colcon.colcon_core.package_identification:_identify(robomaster_ros) by extension 'python'
[0.779s] Level 1:colcon.colcon_core.package_identification:_identify(robomaster_ros) by extensions ['python_setup_py']
[0.779s] Level 1:colcon.colcon_core.package_identification:_identify(robomaster_ros) by extension 'python_setup_py'
[0.779s] Level 1:colcon.colcon_core.package_identification:_identify(robomaster_ros/docker) by extensions ['ignore', 'ignore_ament_install']
[0.779s] Level 1:colcon.colcon_core.package_identification:_identify(robomaster_ros/docker) by extension 'ignore'
[0.780s] Level 1:colcon.colcon_core.package_identification:_identify(robomaster_ros/docker) by extension 'ignore_ament_install'
[0.780s] Level 1:colcon.colcon_core.package_identification:_identify(robomaster_ros/docker) by extensions ['colcon_pkg']
[0.780s] Level 1:colcon.colcon_core.package_identification:_identify(robomaster_ros/docker) by extension 'colcon_pkg'
[0.780s] Level 1:colcon.colcon_core.package_identification:_identify(robomaster_ros/docker) by extensions ['colcon_meta']
[0.780s] Level 1:colcon.colcon_core.package_identification:_identify(robomaster_ros/docker) by extension 'colcon_meta'
[0.780s] Level 1:colcon.colcon_core.package_identification:_identify(robomaster_ros/docker) by extensions ['ros']
[0.780s] Level 1:colcon.colcon_core.package_identification:_identify(robomaster_ros/docker) by extension 'ros'
[0.780s] Level 1:colcon.colcon_core.package_identification:_identify(robomaster_ros/docker) by extensions ['cmake', 'python']
[0.780s] Level 1:colcon.colcon_core.package_identification:_identify(robomaster_ros/docker) by extension 'cmake'
[0.780s] Level 1:colcon.colcon_core.package_identification:_identify(robomaster_ros/docker) by extension 'python'
[0.780s] Level 1:colcon.colcon_core.package_identification:_identify(robomaster_ros/docker) by extensions ['python_setup_py']
[0.780s] Level 1:colcon.colcon_core.package_identification:_identify(robomaster_ros/docker) by extension 'python_setup_py'
[0.781s] Level 1:colcon.colcon_core.package_identification:_identify(robomaster_ros/docker/foxy) by extensions ['ignore', 'ignore_ament_install']
[0.781s] Level 1:colcon.colcon_core.package_identification:_identify(robomaster_ros/docker/foxy) by extension 'ignore'
[0.781s] Level 1:colcon.colcon_core.package_identification:_identify(robomaster_ros/docker/foxy) by extension 'ignore_ament_install'
[0.781s] Level 1:colcon.colcon_core.package_identification:_identify(robomaster_ros/docker/foxy) by extensions ['colcon_pkg']
[0.781s] Level 1:colcon.colcon_core.package_identification:_identify(robomaster_ros/docker/foxy) by extension 'colcon_pkg'
[0.781s] Level 1:colcon.colcon_core.package_identification:_identify(robomaster_ros/docker/foxy) by extensions ['colcon_meta']
[0.781s] Level 1:colcon.colcon_core.package_identification:_identify(robomaster_ros/docker/foxy) by extension 'colcon_meta'
[0.781s] Level 1:colcon.colcon_core.package_identification:_identify(robomaster_ros/docker/foxy) by extensions ['ros']
[0.781s] Level 1:colcon.colcon_core.package_identification:_identify(robomaster_ros/docker/foxy) by extension 'ros'
[0.782s] Level 1:colcon.colcon_core.package_identification:_identify(robomaster_ros/docker/foxy) by extensions ['cmake', 'python']
[0.782s] Level 1:colcon.colcon_core.package_identification:_identify(robomaster_ros/docker/foxy) by extension 'cmake'
[0.782s] Level 1:colcon.colcon_core.package_identification:_identify(robomaster_ros/docker/foxy) by extension 'python'
[0.782s] Level 1:colcon.colcon_core.package_identification:_identify(robomaster_ros/docker/foxy) by extensions ['python_setup_py']
[0.782s] Level 1:colcon.colcon_core.package_identification:_identify(robomaster_ros/docker/foxy) by extension 'python_setup_py'
[0.782s] Level 1:colcon.colcon_core.package_identification:_identify(robomaster_ros/docker/foxy/ep) by extensions ['ignore', 'ignore_ament_install']
[0.782s] Level 1:colcon.colcon_core.package_identification:_identify(robomaster_ros/docker/foxy/ep) by extension 'ignore'
[0.782s] Level 1:colcon.colcon_core.package_identification:_identify(robomaster_ros/docker/foxy/ep) by extension 'ignore_ament_install'
[0.782s] Level 1:colcon.colcon_core.package_identification:_identify(robomaster_ros/docker/foxy/ep) by extensions ['colcon_pkg']
[0.783s] Level 1:colcon.colcon_core.package_identification:_identify(robomaster_ros/docker/foxy/ep) by extension 'colcon_pkg'
[0.783s] Level 1:colcon.colcon_core.package_identification:_identify(robomaster_ros/docker/foxy/ep) by extensions ['colcon_meta']
[0.783s] Level 1:colcon.colcon_core.package_identification:_identify(robomaster_ros/docker/foxy/ep) by extension 'colcon_meta'
[0.783s] Level 1:colcon.colcon_core.package_identification:_identify(robomaster_ros/docker/foxy/ep) by extensions ['ros']
[0.783s] Level 1:colcon.colcon_core.package_identification:_identify(robomaster_ros/docker/foxy/ep) by extension 'ros'
[0.783s] Level 1:colcon.colcon_core.package_identification:_identify(robomaster_ros/docker/foxy/ep) by extensions ['cmake', 'python']
[0.783s] Level 1:colcon.colcon_core.package_identification:_identify(robomaster_ros/docker/foxy/ep) by extension 'cmake'
[0.783s] Level 1:colcon.colcon_core.package_identification:_identify(robomaster_ros/docker/foxy/ep) by extension 'python'
[0.783s] Level 1:colcon.colcon_core.package_identification:_identify(robomaster_ros/docker/foxy/ep) by extensions ['python_setup_py']
[0.783s] Level 1:colcon.colcon_core.package_identification:_identify(robomaster_ros/docker/foxy/ep) by extension 'python_setup_py'
[0.783s] Level 1:colcon.colcon_core.package_identification:_identify(robomaster_ros/docker/foxy/s1) by extensions ['ignore', 'ignore_ament_install']
[0.784s] Level 1:colcon.colcon_core.package_identification:_identify(robomaster_ros/docker/foxy/s1) by extension 'ignore'
[0.784s] Level 1:colcon.colcon_core.package_identification:_identify(robomaster_ros/docker/foxy/s1) by extension 'ignore_ament_install'
[0.784s] Level 1:colcon.colcon_core.package_identification:_identify(robomaster_ros/docker/foxy/s1) by extensions ['colcon_pkg']
[0.784s] Level 1:colcon.colcon_core.package_identification:_identify(robomaster_ros/docker/foxy/s1) by extension 'colcon_pkg'
[0.784s] Level 1:colcon.colcon_core.package_identification:_identify(robomaster_ros/docker/foxy/s1) by extensions ['colcon_meta']
[0.784s] Level 1:colcon.colcon_core.package_identification:_identify(robomaster_ros/docker/foxy/s1) by extension 'colcon_meta'
[0.784s] Level 1:colcon.colcon_core.package_identification:_identify(robomaster_ros/docker/foxy/s1) by extensions ['ros']
[0.784s] Level 1:colcon.colcon_core.package_identification:_identify(robomaster_ros/docker/foxy/s1) by extension 'ros'
[0.784s] Level 1:colcon.colcon_core.package_identification:_identify(robomaster_ros/docker/foxy/s1) by extensions ['cmake', 'python']
[0.784s] Level 1:colcon.colcon_core.package_identification:_identify(robomaster_ros/docker/foxy/s1) by extension 'cmake'
[0.784s] Level 1:colcon.colcon_core.package_identification:_identify(robomaster_ros/docker/foxy/s1) by extension 'python'
[0.784s] Level 1:colcon.colcon_core.package_identification:_identify(robomaster_ros/docker/foxy/s1) by extensions ['python_setup_py']
[0.784s] Level 1:colcon.colcon_core.package_identification:_identify(robomaster_ros/docker/foxy/s1) by extension 'python_setup_py'
[0.785s] Level 1:colcon.colcon_core.package_identification:_identify(robomaster_ros/docker/galactic) by extensions ['ignore', 'ignore_ament_install']
[0.785s] Level 1:colcon.colcon_core.package_identification:_identify(robomaster_ros/docker/galactic) by extension 'ignore'
[0.785s] Level 1:colcon.colcon_core.package_identification:_identify(robomaster_ros/docker/galactic) by extension 'ignore_ament_install'
[0.785s] Level 1:colcon.colcon_core.package_identification:_identify(robomaster_ros/docker/galactic) by extensions ['colcon_pkg']
[0.785s] Level 1:colcon.colcon_core.package_identification:_identify(robomaster_ros/docker/galactic) by extension 'colcon_pkg'
[0.785s] Level 1:colcon.colcon_core.package_identification:_identify(robomaster_ros/docker/galactic) by extensions ['colcon_meta']
[0.785s] Level 1:colcon.colcon_core.package_identification:_identify(robomaster_ros/docker/galactic) by extension 'colcon_meta'
[0.786s] Level 1:colcon.colcon_core.package_identification:_identify(robomaster_ros/docker/galactic) by extensions ['ros']
[0.786s] Level 1:colcon.colcon_core.package_identification:_identify(robomaster_ros/docker/galactic) by extension 'ros'
[0.786s] Level 1:colcon.colcon_core.package_identification:_identify(robomaster_ros/docker/galactic) by extensions ['cmake', 'python']
[0.786s] Level 1:colcon.colcon_core.package_identification:_identify(robomaster_ros/docker/galactic) by extension 'cmake'
[0.786s] Level 1:colcon.colcon_core.package_identification:_identify(robomaster_ros/docker/galactic) by extension 'python'
[0.786s] Level 1:colcon.colcon_core.package_identification:_identify(robomaster_ros/docker/galactic) by extensions ['python_setup_py']
[0.786s] Level 1:colcon.colcon_core.package_identification:_identify(robomaster_ros/docker/galactic) by extension 'python_setup_py'
[0.787s] Level 1:colcon.colcon_core.package_identification:_identify(robomaster_ros/docker/galactic/ep) by extensions ['ignore', 'ignore_ament_install']
[0.787s] Level 1:colcon.colcon_core.package_identification:_identify(robomaster_ros/docker/galactic/ep) by extension 'ignore'
[0.787s] Level 1:colcon.colcon_core.package_identification:_identify(robomaster_ros/docker/galactic/ep) by extension 'ignore_ament_install'
[0.787s] Level 1:colcon.colcon_core.package_identification:_identify(robomaster_ros/docker/galactic/ep) by extensions ['colcon_pkg']
[0.787s] Level 1:colcon.colcon_core.package_identification:_identify(robomaster_ros/docker/galactic/ep) by extension 'colcon_pkg'
[0.787s] Level 1:colcon.colcon_core.package_identification:_identify(robomaster_ros/docker/galactic/ep) by extensions ['colcon_meta']
[0.787s] Level 1:colcon.colcon_core.package_identification:_identify(robomaster_ros/docker/galactic/ep) by extension 'colcon_meta'
[0.787s] Level 1:colcon.colcon_core.package_identification:_identify(robomaster_ros/docker/galactic/ep) by extensions ['ros']
[0.788s] Level 1:colcon.colcon_core.package_identification:_identify(robomaster_ros/docker/galactic/ep) by extension 'ros'
[0.788s] Level 1:colcon.colcon_core.package_identification:_identify(robomaster_ros/docker/galactic/ep) by extensions ['cmake', 'python']
[0.788s] Level 1:colcon.colcon_core.package_identification:_identify(robomaster_ros/docker/galactic/ep) by extension 'cmake'
[0.788s] Level 1:colcon.colcon_core.package_identification:_identify(robomaster_ros/docker/galactic/ep) by extension 'python'
[0.788s] Level 1:colcon.colcon_core.package_identification:_identify(robomaster_ros/docker/galactic/ep) by extensions ['python_setup_py']
[0.788s] Level 1:colcon.colcon_core.package_identification:_identify(robomaster_ros/docker/galactic/ep) by extension 'python_setup_py'
[0.788s] Level 1:colcon.colcon_core.package_identification:_identify(robomaster_ros/docker/galactic/s1) by extensions ['ignore', 'ignore_ament_install']
[0.788s] Level 1:colcon.colcon_core.package_identification:_identify(robomaster_ros/docker/galactic/s1) by extension 'ignore'
[0.788s] Level 1:colcon.colcon_core.package_identification:_identify(robomaster_ros/docker/galactic/s1) by extension 'ignore_ament_install'
[0.788s] Level 1:colcon.colcon_core.package_identification:_identify(robomaster_ros/docker/galactic/s1) by extensions ['colcon_pkg']
[0.789s] Level 1:colcon.colcon_core.package_identification:_identify(robomaster_ros/docker/galactic/s1) by extension 'colcon_pkg'
[0.789s] Level 1:colcon.colcon_core.package_identification:_identify(robomaster_ros/docker/galactic/s1) by extensions ['colcon_meta']
[0.789s] Level 1:colcon.colcon_core.package_identification:_identify(robomaster_ros/docker/galactic/s1) by extension 'colcon_meta'
[0.789s] Level 1:colcon.colcon_core.package_identification:_identify(robomaster_ros/docker/galactic/s1) by extensions ['ros']
[0.789s] Level 1:colcon.colcon_core.package_identification:_identify(robomaster_ros/docker/galactic/s1) by extension 'ros'
[0.789s] Level 1:colcon.colcon_core.package_identification:_identify(robomaster_ros/docker/galactic/s1) by extensions ['cmake', 'python']
[0.789s] Level 1:colcon.colcon_core.package_identification:_identify(robomaster_ros/docker/galactic/s1) by extension 'cmake'
[0.789s] Level 1:colcon.colcon_core.package_identification:_identify(robomaster_ros/docker/galactic/s1) by extension 'python'
[0.789s] Level 1:colcon.colcon_core.package_identification:_identify(robomaster_ros/docker/galactic/s1) by extensions ['python_setup_py']
[0.789s] Level 1:colcon.colcon_core.package_identification:_identify(robomaster_ros/docker/galactic/s1) by extension 'python_setup_py'
[0.790s] Level 1:colcon.colcon_core.package_identification:_identify(robomaster_ros/docker/humble) by extensions ['ignore', 'ignore_ament_install']
[0.790s] Level 1:colcon.colcon_core.package_identification:_identify(robomaster_ros/docker/humble) by extension 'ignore'
[0.790s] Level 1:colcon.colcon_core.package_identification:_identify(robomaster_ros/docker/humble) by extension 'ignore_ament_install'
[0.790s] Level 1:colcon.colcon_core.package_identification:_identify(robomaster_ros/docker/humble) by extensions ['colcon_pkg']
[0.790s] Level 1:colcon.colcon_core.package_identification:_identify(robomaster_ros/docker/humble) by extension 'colcon_pkg'
[0.790s] Level 1:colcon.colcon_core.package_identification:_identify(robomaster_ros/docker/humble) by extensions ['colcon_meta']
[0.790s] Level 1:colcon.colcon_core.package_identification:_identify(robomaster_ros/docker/humble) by extension 'colcon_meta'
[0.790s] Level 1:colcon.colcon_core.package_identification:_identify(robomaster_ros/docker/humble) by extensions ['ros']
[0.791s] Level 1:colcon.colcon_core.package_identification:_identify(robomaster_ros/docker/humble) by extension 'ros'
[0.791s] Level 1:colcon.colcon_core.package_identification:_identify(robomaster_ros/docker/humble) by extensions ['cmake', 'python']
[0.791s] Level 1:colcon.colcon_core.package_identification:_identify(robomaster_ros/docker/humble) by extension 'cmake'
[0.791s] Level 1:colcon.colcon_core.package_identification:_identify(robomaster_ros/docker/humble) by extension 'python'
[0.791s] Level 1:colcon.colcon_core.package_identification:_identify(robomaster_ros/docker/humble) by extensions ['python_setup_py']
[0.791s] Level 1:colcon.colcon_core.package_identification:_identify(robomaster_ros/docker/humble) by extension 'python_setup_py'
[0.791s] Level 1:colcon.colcon_core.package_identification:_identify(robomaster_ros/docker/humble/ep) by extensions ['ignore', 'ignore_ament_install']
[0.791s] Level 1:colcon.colcon_core.package_identification:_identify(robomaster_ros/docker/humble/ep) by extension 'ignore'
[0.791s] Level 1:colcon.colcon_core.package_identification:_identify(robomaster_ros/docker/humble/ep) by extension 'ignore_ament_install'
[0.792s] Level 1:colcon.colcon_core.package_identification:_identify(robomaster_ros/docker/humble/ep) by extensions ['colcon_pkg']
[0.792s] Level 1:colcon.colcon_core.package_identification:_identify(robomaster_ros/docker/humble/ep) by extension 'colcon_pkg'
[0.792s] Level 1:colcon.colcon_core.package_identification:_identify(robomaster_ros/docker/humble/ep) by extensions ['colcon_meta']
[0.792s] Level 1:colcon.colcon_core.package_identification:_identify(robomaster_ros/docker/humble/ep) by extension 'colcon_meta'
[0.792s] Level 1:colcon.colcon_core.package_identification:_identify(robomaster_ros/docker/humble/ep) by extensions ['ros']
[0.792s] Level 1:colcon.colcon_core.package_identification:_identify(robomaster_ros/docker/humble/ep) by extension 'ros'
[0.792s] Level 1:colcon.colcon_core.package_identification:_identify(robomaster_ros/docker/humble/ep) by extensions ['cmake', 'python']
[0.792s] Level 1:colcon.colcon_core.package_identification:_identify(robomaster_ros/docker/humble/ep) by extension 'cmake'
[0.792s] Level 1:colcon.colcon_core.package_identification:_identify(robomaster_ros/docker/humble/ep) by extension 'python'
[0.792s] Level 1:colcon.colcon_core.package_identification:_identify(robomaster_ros/docker/humble/ep) by extensions ['python_setup_py']
[0.793s] Level 1:colcon.colcon_core.package_identification:_identify(robomaster_ros/docker/humble/ep) by extension 'python_setup_py'
[0.793s] Level 1:colcon.colcon_core.package_identification:_identify(robomaster_ros/docker/humble/s1) by extensions ['ignore', 'ignore_ament_install']
[0.793s] Level 1:colcon.colcon_core.package_identification:_identify(robomaster_ros/docker/humble/s1) by extension 'ignore'
[0.793s] Level 1:colcon.colcon_core.package_identification:_identify(robomaster_ros/docker/humble/s1) by extension 'ignore_ament_install'
[0.793s] Level 1:colcon.colcon_core.package_identification:_identify(robomaster_ros/docker/humble/s1) by extensions ['colcon_pkg']
[0.793s] Level 1:colcon.colcon_core.package_identification:_identify(robomaster_ros/docker/humble/s1) by extension 'colcon_pkg'
[0.793s] Level 1:colcon.colcon_core.package_identification:_identify(robomaster_ros/docker/humble/s1) by extensions ['colcon_meta']
[0.793s] Level 1:colcon.colcon_core.package_identification:_identify(robomaster_ros/docker/humble/s1) by extension 'colcon_meta'
[0.793s] Level 1:colcon.colcon_core.package_identification:_identify(robomaster_ros/docker/humble/s1) by extensions ['ros']
[0.793s] Level 1:colcon.colcon_core.package_identification:_identify(robomaster_ros/docker/humble/s1) by extension 'ros'
[0.794s] Level 1:colcon.colcon_core.package_identification:_identify(robomaster_ros/docker/humble/s1) by extensions ['cmake', 'python']
[0.794s] Level 1:colcon.colcon_core.package_identification:_identify(robomaster_ros/docker/humble/s1) by extension 'cmake'
[0.794s] Level 1:colcon.colcon_core.package_identification:_identify(robomaster_ros/docker/humble/s1) by extension 'python'
[0.794s] Level 1:colcon.colcon_core.package_identification:_identify(robomaster_ros/docker/humble/s1) by extensions ['python_setup_py']
[0.794s] Level 1:colcon.colcon_core.package_identification:_identify(robomaster_ros/docker/humble/s1) by extension 'python_setup_py'
[0.794s] Level 1:colcon.colcon_core.package_identification:_identify(robomaster_ros/docker/iron) by extensions ['ignore', 'ignore_ament_install']
[0.794s] Level 1:colcon.colcon_core.package_identification:_identify(robomaster_ros/docker/iron) by extension 'ignore'
[0.794s] Level 1:colcon.colcon_core.package_identification:_identify(robomaster_ros/docker/iron) by extension 'ignore_ament_install'
[0.794s] Level 1:colcon.colcon_core.package_identification:_identify(robomaster_ros/docker/iron) by extensions ['colcon_pkg']
[0.794s] Level 1:colcon.colcon_core.package_identification:_identify(robomaster_ros/docker/iron) by extension 'colcon_pkg'
[0.794s] Level 1:colcon.colcon_core.package_identification:_identify(robomaster_ros/docker/iron) by extensions ['colcon_meta']
[0.795s] Level 1:colcon.colcon_core.package_identification:_identify(robomaster_ros/docker/iron) by extension 'colcon_meta'
[0.795s] Level 1:colcon.colcon_core.package_identification:_identify(robomaster_ros/docker/iron) by extensions ['ros']
[0.795s] Level 1:colcon.colcon_core.package_identification:_identify(robomaster_ros/docker/iron) by extension 'ros'
[0.795s] Level 1:colcon.colcon_core.package_identification:_identify(robomaster_ros/docker/iron) by extensions ['cmake', 'python']
[0.795s] Level 1:colcon.colcon_core.package_identification:_identify(robomaster_ros/docker/iron) by extension 'cmake'
[0.795s] Level 1:colcon.colcon_core.package_identification:_identify(robomaster_ros/docker/iron) by extension 'python'
[0.795s] Level 1:colcon.colcon_core.package_identification:_identify(robomaster_ros/docker/iron) by extensions ['python_setup_py']
[0.795s] Level 1:colcon.colcon_core.package_identification:_identify(robomaster_ros/docker/iron) by extension 'python_setup_py'
[0.796s] Level 1:colcon.colcon_core.package_identification:_identify(robomaster_ros/docker/iron/ep) by extensions ['ignore', 'ignore_ament_install']
[0.796s] Level 1:colcon.colcon_core.package_identification:_identify(robomaster_ros/docker/iron/ep) by extension 'ignore'
[0.796s] Level 1:colcon.colcon_core.package_identification:_identify(robomaster_ros/docker/iron/ep) by extension 'ignore_ament_install'
[0.796s] Level 1:colcon.colcon_core.package_identification:_identify(robomaster_ros/docker/iron/ep) by extensions ['colcon_pkg']
[0.796s] Level 1:colcon.colcon_core.package_identification:_identify(robomaster_ros/docker/iron/ep) by extension 'colcon_pkg'
[0.796s] Level 1:colcon.colcon_core.package_identification:_identify(robomaster_ros/docker/iron/ep) by extensions ['colcon_meta']
[0.797s] Level 1:colcon.colcon_core.package_identification:_identify(robomaster_ros/docker/iron/ep) by extension 'colcon_meta'
[0.797s] Level 1:colcon.colcon_core.package_identification:_identify(robomaster_ros/docker/iron/ep) by extensions ['ros']
[0.797s] Level 1:colcon.colcon_core.package_identification:_identify(robomaster_ros/docker/iron/ep) by extension 'ros'
[0.797s] Level 1:colcon.colcon_core.package_identification:_identify(robomaster_ros/docker/iron/ep) by extensions ['cmake', 'python']
[0.797s] Level 1:colcon.colcon_core.package_identification:_identify(robomaster_ros/docker/iron/ep) by extension 'cmake'
[0.797s] Level 1:colcon.colcon_core.package_identification:_identify(robomaster_ros/docker/iron/ep) by extension 'python'
[0.797s] Level 1:colcon.colcon_core.package_identification:_identify(robomaster_ros/docker/iron/ep) by extensions ['python_setup_py']
[0.797s] Level 1:colcon.colcon_core.package_identification:_identify(robomaster_ros/docker/iron/ep) by extension 'python_setup_py'
[0.798s] Level 1:colcon.colcon_core.package_identification:_identify(robomaster_ros/docker/iron/s1) by extensions ['ignore', 'ignore_ament_install']
[0.798s] Level 1:colcon.colcon_core.package_identification:_identify(robomaster_ros/docker/iron/s1) by extension 'ignore'
[0.798s] Level 1:colcon.colcon_core.package_identification:_identify(robomaster_ros/docker/iron/s1) by extension 'ignore_ament_install'
[0.798s] Level 1:colcon.colcon_core.package_identification:_identify(robomaster_ros/docker/iron/s1) by extensions ['colcon_pkg']
[0.798s] Level 1:colcon.colcon_core.package_identification:_identify(robomaster_ros/docker/iron/s1) by extension 'colcon_pkg'
[0.798s] Level 1:colcon.colcon_core.package_identification:_identify(robomaster_ros/docker/iron/s1) by extensions ['colcon_meta']
[0.798s] Level 1:colcon.colcon_core.package_identification:_identify(robomaster_ros/docker/iron/s1) by extension 'colcon_meta'
[0.799s] Level 1:colcon.colcon_core.package_identification:_identify(robomaster_ros/docker/iron/s1) by extensions ['ros']
[0.799s] Level 1:colcon.colcon_core.package_identification:_identify(robomaster_ros/docker/iron/s1) by extension 'ros'
[0.799s] Level 1:colcon.colcon_core.package_identification:_identify(robomaster_ros/docker/iron/s1) by extensions ['cmake', 'python']
[0.799s] Level 1:colcon.colcon_core.package_identification:_identify(robomaster_ros/docker/iron/s1) by extension 'cmake'
[0.799s] Level 1:colcon.colcon_core.package_identification:_identify(robomaster_ros/docker/iron/s1) by extension 'python'
[0.799s] Level 1:colcon.colcon_core.package_identification:_identify(robomaster_ros/docker/iron/s1) by extensions ['python_setup_py']
[0.799s] Level 1:colcon.colcon_core.package_identification:_identify(robomaster_ros/docker/iron/s1) by extension 'python_setup_py'
[0.799s] Level 1:colcon.colcon_core.package_identification:_identify(robomaster_ros/docs) by extensions ['ignore', 'ignore_ament_install']
[0.800s] Level 1:colcon.colcon_core.package_identification:_identify(robomaster_ros/docs) by extension 'ignore'
[0.800s] Level 1:colcon.colcon_core.package_identification:_identify(robomaster_ros/docs) by extension 'ignore_ament_install'
[0.800s] Level 1:colcon.colcon_core.package_identification:_identify(robomaster_ros/docs) by extensions ['colcon_pkg']
[0.800s] Level 1:colcon.colcon_core.package_identification:_identify(robomaster_ros/docs) by extension 'colcon_pkg'
[0.800s] Level 1:colcon.colcon_core.package_identification:_identify(robomaster_ros/docs) by extensions ['colcon_meta']
[0.800s] Level 1:colcon.colcon_core.package_identification:_identify(robomaster_ros/docs) by extension 'colcon_meta'
[0.800s] Level 1:colcon.colcon_core.package_identification:_identify(robomaster_ros/docs) by extensions ['ros']
[0.800s] Level 1:colcon.colcon_core.package_identification:_identify(robomaster_ros/docs) by extension 'ros'
[0.801s] Level 1:colcon.colcon_core.package_identification:_identify(robomaster_ros/docs) by extensions ['cmake', 'python']
[0.801s] Level 1:colcon.colcon_core.package_identification:_identify(robomaster_ros/docs) by extension 'cmake'
[0.801s] Level 1:colcon.colcon_core.package_identification:_identify(robomaster_ros/docs) by extension 'python'
[0.801s] Level 1:colcon.colcon_core.package_identification:_identify(robomaster_ros/docs) by extensions ['python_setup_py']
[0.801s] Level 1:colcon.colcon_core.package_identification:_identify(robomaster_ros/docs) by extension 'python_setup_py'
[0.801s] Level 1:colcon.colcon_core.package_identification:_identify(robomaster_ros/docs/robomaster_ros_modules) by extensions ['ignore', 'ignore_ament_install']
[0.801s] Level 1:colcon.colcon_core.package_identification:_identify(robomaster_ros/docs/robomaster_ros_modules) by extension 'ignore'
[0.801s] Level 1:colcon.colcon_core.package_identification:_identify(robomaster_ros/docs/robomaster_ros_modules) by extension 'ignore_ament_install'
[0.801s] Level 1:colcon.colcon_core.package_identification:_identify(robomaster_ros/docs/robomaster_ros_modules) by extensions ['colcon_pkg']
[0.801s] Level 1:colcon.colcon_core.package_identification:_identify(robomaster_ros/docs/robomaster_ros_modules) by extension 'colcon_pkg'
[0.802s] Level 1:colcon.colcon_core.package_identification:_identify(robomaster_ros/docs/robomaster_ros_modules) by extensions ['colcon_meta']
[0.802s] Level 1:colcon.colcon_core.package_identification:_identify(robomaster_ros/docs/robomaster_ros_modules) by extension 'colcon_meta'
[0.802s] Level 1:colcon.colcon_core.package_identification:_identify(robomaster_ros/docs/robomaster_ros_modules) by extensions ['ros']
[0.802s] Level 1:colcon.colcon_core.package_identification:_identify(robomaster_ros/docs/robomaster_ros_modules) by extension 'ros'
[0.802s] Level 1:colcon.colcon_core.package_identification:_identify(robomaster_ros/docs/robomaster_ros_modules) by extensions ['cmake', 'python']
[0.802s] Level 1:colcon.colcon_core.package_identification:_identify(robomaster_ros/docs/robomaster_ros_modules) by extension 'cmake'
[0.802s] Level 1:colcon.colcon_core.package_identification:_identify(robomaster_ros/docs/robomaster_ros_modules) by extension 'python'
[0.802s] Level 1:colcon.colcon_core.package_identification:_identify(robomaster_ros/docs/robomaster_ros_modules) by extensions ['python_setup_py']
[0.802s] Level 1:colcon.colcon_core.package_identification:_identify(robomaster_ros/docs/robomaster_ros_modules) by extension 'python_setup_py'
[0.802s] Level 1:colcon.colcon_core.package_identification:_identify(robomaster_ros/robomaster_description) by extensions ['ignore', 'ignore_ament_install']
[0.803s] Level 1:colcon.colcon_core.package_identification:_identify(robomaster_ros/robomaster_description) by extension 'ignore'
[0.803s] Level 1:colcon.colcon_core.package_identification:_identify(robomaster_ros/robomaster_description) by extension 'ignore_ament_install'
[0.803s] Level 1:colcon.colcon_core.package_identification:_identify(robomaster_ros/robomaster_description) by extensions ['colcon_pkg']
[0.803s] Level 1:colcon.colcon_core.package_identification:_identify(robomaster_ros/robomaster_description) by extension 'colcon_pkg'
[0.803s] Level 1:colcon.colcon_core.package_identification:_identify(robomaster_ros/robomaster_description) by extensions ['colcon_meta']
[0.803s] Level 1:colcon.colcon_core.package_identification:_identify(robomaster_ros/robomaster_description) by extension 'colcon_meta'
[0.803s] Level 1:colcon.colcon_core.package_identification:_identify(robomaster_ros/robomaster_description) by extensions ['ros']
[0.803s] Level 1:colcon.colcon_core.package_identification:_identify(robomaster_ros/robomaster_description) by extension 'ros'
[0.806s] DEBUG:colcon.colcon_core.package_identification:Package 'robomaster_ros/robomaster_description' with type 'ros.ament_cmake' and name 'robomaster_description'
[0.807s] Level 1:colcon.colcon_core.package_identification:_identify(robomaster_ros/robomaster_msgs) by extensions ['ignore', 'ignore_ament_install']
[0.807s] Level 1:colcon.colcon_core.package_identification:_identify(robomaster_ros/robomaster_msgs) by extension 'ignore'
[0.807s] Level 1:colcon.colcon_core.package_identification:_identify(robomaster_ros/robomaster_msgs) by extension 'ignore_ament_install'
[0.807s] Level 1:colcon.colcon_core.package_identification:_identify(robomaster_ros/robomaster_msgs) by extensions ['colcon_pkg']
[0.807s] Level 1:colcon.colcon_core.package_identification:_identify(robomaster_ros/robomaster_msgs) by extension 'colcon_pkg'
[0.807s] Level 1:colcon.colcon_core.package_identification:_identify(robomaster_ros/robomaster_msgs) by extensions ['colcon_meta']
[0.807s] Level 1:colcon.colcon_core.package_identification:_identify(robomaster_ros/robomaster_msgs) by extension 'colcon_meta'
[0.807s] Level 1:colcon.colcon_core.package_identification:_identify(robomaster_ros/robomaster_msgs) by extensions ['ros']
[0.808s] Level 1:colcon.colcon_core.package_identification:_identify(robomaster_ros/robomaster_msgs) by extension 'ros'
[0.808s] DEBUG:colcon.colcon_core.package_identification:Package 'robomaster_ros/robomaster_msgs' with type 'ros.ament_cmake' and name 'robomaster_msgs'
[0.809s] Level 1:colcon.colcon_core.package_identification:_identify(robomaster_ros/robomaster_ros) by extensions ['ignore', 'ignore_ament_install']
[0.809s] Level 1:colcon.colcon_core.package_identification:_identify(robomaster_ros/robomaster_ros) by extension 'ignore'
[0.809s] Level 1:colcon.colcon_core.package_identification:_identify(robomaster_ros/robomaster_ros) by extension 'ignore_ament_install'
[0.809s] Level 1:colcon.colcon_core.package_identification:_identify(robomaster_ros/robomaster_ros) by extensions ['colcon_pkg']
[0.809s] Level 1:colcon.colcon_core.package_identification:_identify(robomaster_ros/robomaster_ros) by extension 'colcon_pkg'
[0.809s] Level 1:colcon.colcon_core.package_identification:_identify(robomaster_ros/robomaster_ros) by extensions ['colcon_meta']
[0.809s] Level 1:colcon.colcon_core.package_identification:_identify(robomaster_ros/robomaster_ros) by extension 'colcon_meta'
[0.809s] Level 1:colcon.colcon_core.package_identification:_identify(robomaster_ros/robomaster_ros) by extensions ['ros']
[0.809s] Level 1:colcon.colcon_core.package_identification:_identify(robomaster_ros/robomaster_ros) by extension 'ros'
[0.810s] DEBUG:colcon.colcon_core.package_identification:Package 'robomaster_ros/robomaster_ros' with type 'ros.ament_python' and name 'robomaster_ros'
[0.810s] Level 1:colcon.colcon_core.package_discovery:discover_packages(recursive) using defaults
[0.810s] Level 1:colcon.colcon_core.package_discovery:discover_packages(ignore) discover
[0.811s] Level 1:colcon.colcon_core.package_discovery:discover_packages(ignore) using defaults
[0.811s] Level 1:colcon.colcon_core.package_discovery:discover_packages(path) discover
[0.811s] Level 1:colcon.colcon_core.package_discovery:discover_packages(path) using defaults
[0.843s] Level 1:colcon.colcon_core.package_discovery:discover_packages(prefix_path) check parameters
[0.843s] Level 1:colcon.colcon_core.package_discovery:discover_packages(prefix_path) discover
[0.846s] WARNING:colcon.colcon_core.prefix_path.colcon:The path '/home/stefano/turtlebot3_ws/install' in the environment variable COLCON_PREFIX_PATH doesn't exist
[0.846s] WARNING:colcon.colcon_core.prefix_path.colcon:The path '/home/stefano/Webots_ros2/install' in the environment variable COLCON_PREFIX_PATH doesn't exist
[0.848s] WARNING:colcon.colcon_ros.prefix_path.ament:The path '/home/stefano/Robomaster_WS/install/turtlesim' in the environment variable AMENT_PREFIX_PATH doesn't exist
[0.849s] WARNING:colcon.colcon_ros.prefix_path.ament:The path '/home/stefano/Robomaster_WS/install/robomaster_ir_publisher' in the environment variable AMENT_PREFIX_PATH doesn't exist
[0.849s] WARNING:colcon.colcon_ros.prefix_path.ament:The path '/home/stefano/Robomaster_WS/install/laser_echo_publisher' in the environment variable AMENT_PREFIX_PATH doesn't exist
[0.849s] WARNING:colcon.colcon_ros.prefix_path.ament:The path '/home/stefano/Robomaster_WS/install/camera_utils' in the environment variable AMENT_PREFIX_PATH doesn't exist
[0.849s] WARNING:colcon.colcon_ros.prefix_path.ament:The path '/home/stefano/turtlebot3_ws/install/turtlebot3' in the environment variable AMENT_PREFIX_PATH doesn't exist
[0.850s] WARNING:colcon.colcon_ros.prefix_path.ament:The path '/home/stefano/turtlebot3_ws/install/turtlebot3_teleop' in the environment variable AMENT_PREFIX_PATH doesn't exist
[0.850s] WARNING:colcon.colcon_ros.prefix_path.ament:The path '/home/stefano/turtlebot3_ws/install/turtlebot3_simulations' in the environment variable AMENT_PREFIX_PATH doesn't exist
[0.850s] WARNING:colcon.colcon_ros.prefix_path.ament:The path '/home/stefano/turtlebot3_ws/install/turtlebot3_bringup' in the environment variable AMENT_PREFIX_PATH doesn't exist
[0.850s] WARNING:colcon.colcon_ros.prefix_path.ament:The path '/home/stefano/turtlebot3_ws/install/turtlebot3_node' in the environment variable AMENT_PREFIX_PATH doesn't exist
[0.850s] WARNING:colcon.colcon_ros.prefix_path.ament:The path '/home/stefano/turtlebot3_ws/install/turtlebot3_navigation2' in the environment variable AMENT_PREFIX_PATH doesn't exist
[0.850s] WARNING:colcon.colcon_ros.prefix_path.ament:The path '/home/stefano/turtlebot3_ws/install/turtlebot3_fake_node' in the environment variable AMENT_PREFIX_PATH doesn't exist
[0.850s] WARNING:colcon.colcon_ros.prefix_path.ament:The path '/home/stefano/turtlebot3_ws/install/turtlebot3_example' in the environment variable AMENT_PREFIX_PATH doesn't exist
[0.850s] WARNING:colcon.colcon_ros.prefix_path.ament:The path '/home/stefano/turtlebot3_ws/install/turtlebot3_msgs' in the environment variable AMENT_PREFIX_PATH doesn't exist
[0.850s] WARNING:colcon.colcon_ros.prefix_path.ament:The path '/home/stefano/turtlebot3_ws/install/turtlebot3_gazebo' in the environment variable AMENT_PREFIX_PATH doesn't exist
[0.851s] WARNING:colcon.colcon_ros.prefix_path.ament:The path '/home/stefano/turtlebot3_ws/install/turtlebot3_description' in the environment variable AMENT_PREFIX_PATH doesn't exist
[0.851s] WARNING:colcon.colcon_ros.prefix_path.ament:The path '/home/stefano/turtlebot3_ws/install/turtlebot3_cartographer' in the environment variable AMENT_PREFIX_PATH doesn't exist
[0.851s] WARNING:colcon.colcon_ros.prefix_path.ament:The path '/home/stefano/turtlebot3_ws/install/dynamixel_sdk_examples' in the environment variable AMENT_PREFIX_PATH doesn't exist
[0.851s] WARNING:colcon.colcon_ros.prefix_path.ament:The path '/home/stefano/turtlebot3_ws/install/dynamixel_sdk_custom_interfaces' in the environment variable AMENT_PREFIX_PATH doesn't exist
[0.851s] WARNING:colcon.colcon_ros.prefix_path.ament:The path '/home/stefano/turtlebot3_ws/install/dynamixel_sdk' in the environment variable AMENT_PREFIX_PATH doesn't exist
[0.851s] WARNING:colcon.colcon_ros.prefix_path.ament:The path '/home/stefano/Webots_ros2/install/webots_ros2' in the environment variable AMENT_PREFIX_PATH doesn't exist
[0.851s] WARNING:colcon.colcon_ros.prefix_path.ament:The path '/home/stefano/Webots_ros2/install/webots_ros2_universal_robot' in the environment variable AMENT_PREFIX_PATH doesn't exist
[0.851s] WARNING:colcon.colcon_ros.prefix_path.ament:The path '/home/stefano/Webots_ros2/install/webots_ros2_turtlebot' in the environment variable AMENT_PREFIX_PATH doesn't exist
[0.852s] WARNING:colcon.colcon_ros.prefix_path.ament:The path '/home/stefano/Webots_ros2/install/webots_ros2_tiago' in the environment variable AMENT_PREFIX_PATH doesn't exist
[0.852s] WARNING:colcon.colcon_ros.prefix_path.ament:The path '/home/stefano/Webots_ros2/install/webots_ros2_tests' in the environment variable AMENT_PREFIX_PATH doesn't exist
[0.852s] WARNING:colcon.colcon_ros.prefix_path.ament:The path '/home/stefano/Webots_ros2/install/webots_ros2_tesla' in the environment variable AMENT_PREFIX_PATH doesn't exist
[0.852s] WARNING:colcon.colcon_ros.prefix_path.ament:The path '/home/stefano/Webots_ros2/install/webots_ros2_mavic' in the environment variable AMENT_PREFIX_PATH doesn't exist
[0.852s] WARNING:colcon.colcon_ros.prefix_path.ament:The path '/home/stefano/Webots_ros2/install/webots_ros2_husarion' in the environment variable AMENT_PREFIX_PATH doesn't exist
[0.852s] WARNING:colcon.colcon_ros.prefix_path.ament:The path '/home/stefano/Webots_ros2/install/webots_ros2_epuck' in the environment variable AMENT_PREFIX_PATH doesn't exist
[0.852s] WARNING:colcon.colcon_ros.prefix_path.ament:The path '/home/stefano/Webots_ros2/install/webots_ros2_crazyflie' in the environment variable AMENT_PREFIX_PATH doesn't exist
[0.852s] WARNING:colcon.colcon_ros.prefix_path.ament:The path '/home/stefano/Webots_ros2/install/webots_ros2_control' in the environment variable AMENT_PREFIX_PATH doesn't exist
[0.852s] WARNING:colcon.colcon_ros.prefix_path.ament:The path '/home/stefano/Webots_ros2/install/webots_ros2_driver' in the environment variable AMENT_PREFIX_PATH doesn't exist
[0.852s] WARNING:colcon.colcon_ros.prefix_path.ament:The path '/home/stefano/Webots_ros2/install/webots_ros2_msgs' in the environment variable AMENT_PREFIX_PATH doesn't exist
[0.852s] WARNING:colcon.colcon_ros.prefix_path.ament:The path '/home/stefano/Webots_ros2/install/webots_ros2_importer' in the environment variable AMENT_PREFIX_PATH doesn't exist
[0.853s] WARNING:colcon.colcon_ros.prefix_path.catkin:The path '/home/stefano/Robomaster_WS/install/turtlesim' in the environment variable CMAKE_PREFIX_PATH doesn't exist
[0.853s] WARNING:colcon.colcon_ros.prefix_path.catkin:The path '/home/stefano/turtlebot3_ws/install/turtlebot3' in the environment variable CMAKE_PREFIX_PATH doesn't exist
[0.853s] WARNING:colcon.colcon_ros.prefix_path.catkin:The path '/home/stefano/turtlebot3_ws/install/turtlebot3_simulations' in the environment variable CMAKE_PREFIX_PATH doesn't exist
[0.853s] WARNING:colcon.colcon_ros.prefix_path.catkin:The path '/home/stefano/turtlebot3_ws/install/turtlebot3_bringup' in the environment variable CMAKE_PREFIX_PATH doesn't exist
[0.853s] WARNING:colcon.colcon_ros.prefix_path.catkin:The path '/home/stefano/turtlebot3_ws/install/turtlebot3_node' in the environment variable CMAKE_PREFIX_PATH doesn't exist
[0.853s] WARNING:colcon.colcon_ros.prefix_path.catkin:The path '/home/stefano/turtlebot3_ws/install/turtlebot3_navigation2' in the environment variable CMAKE_PREFIX_PATH doesn't exist
[0.853s] WARNING:colcon.colcon_ros.prefix_path.catkin:The path '/home/stefano/turtlebot3_ws/install/turtlebot3_fake_node' in the environment variable CMAKE_PREFIX_PATH doesn't exist
[0.853s] WARNING:colcon.colcon_ros.prefix_path.catkin:The path '/home/stefano/turtlebot3_ws/install/turtlebot3_msgs' in the environment variable CMAKE_PREFIX_PATH doesn't exist
[0.854s] WARNING:colcon.colcon_ros.prefix_path.catkin:The path '/home/stefano/turtlebot3_ws/install/turtlebot3_gazebo' in the environment variable CMAKE_PREFIX_PATH doesn't exist
[0.854s] WARNING:colcon.colcon_ros.prefix_path.catkin:The path '/home/stefano/turtlebot3_ws/install/turtlebot3_description' in the environment variable CMAKE_PREFIX_PATH doesn't exist
[0.854s] WARNING:colcon.colcon_ros.prefix_path.catkin:The path '/home/stefano/turtlebot3_ws/install/turtlebot3_cartographer' in the environment variable CMAKE_PREFIX_PATH doesn't exist
[0.854s] WARNING:colcon.colcon_ros.prefix_path.catkin:The path '/home/stefano/turtlebot3_ws/install/dynamixel_sdk_examples' in the environment variable CMAKE_PREFIX_PATH doesn't exist
[0.854s] WARNING:colcon.colcon_ros.prefix_path.catkin:The path '/home/stefano/turtlebot3_ws/install/dynamixel_sdk_custom_interfaces' in the environment variable CMAKE_PREFIX_PATH doesn't exist
[0.854s] WARNING:colcon.colcon_ros.prefix_path.catkin:The path '/home/stefano/turtlebot3_ws/install/dynamixel_sdk' in the environment variable CMAKE_PREFIX_PATH doesn't exist
[0.854s] WARNING:colcon.colcon_ros.prefix_path.catkin:The path '/home/stefano/Webots_ros2/install/webots_ros2_control' in the environment variable CMAKE_PREFIX_PATH doesn't exist
[0.854s] WARNING:colcon.colcon_ros.prefix_path.catkin:The path '/home/stefano/Webots_ros2/install/webots_ros2_driver' in the environment variable CMAKE_PREFIX_PATH doesn't exist
[0.854s] WARNING:colcon.colcon_ros.prefix_path.catkin:The path '/home/stefano/Webots_ros2/install/webots_ros2_msgs' in the environment variable CMAKE_PREFIX_PATH doesn't exist
[0.856s] DEBUG:colcon.colcon_installed_package_information.package_discovery:Found 5 installed packages in /home/stefano/Robomaster_WS/src/install
[0.857s] DEBUG:colcon.colcon_installed_package_information.package_discovery:Found 3 installed packages in /home/stefano/Robomaster_WS/install
[0.866s] DEBUG:colcon.colcon_installed_package_information.package_discovery:Found 421 installed packages in /opt/ros/humble
[0.871s] Level 1:colcon.colcon_core.package_discovery:discover_packages(prefix_path) using defaults
[1.032s] Level 5:colcon.colcon_core.verb:set package 'robomaster_description' build argument 'cmake_args' from command line to 'None'
[1.032s] Level 5:colcon.colcon_core.verb:set package 'robomaster_description' build argument 'cmake_target' from command line to 'None'
[1.032s] Level 5:colcon.colcon_core.verb:set package 'robomaster_description' build argument 'cmake_target_skip_unavailable' from command line to 'False'
[1.032s] Level 5:colcon.colcon_core.verb:set package 'robomaster_description' build argument 'cmake_clean_cache' from command line to 'False'
[1.033s] Level 5:colcon.colcon_core.verb:set package 'robomaster_description' build argument 'cmake_clean_first' from command line to 'False'
[1.033s] Level 5:colcon.colcon_core.verb:set package 'robomaster_description' build argument 'cmake_force_configure' from command line to 'False'
[1.033s] Level 5:colcon.colcon_core.verb:set package 'robomaster_description' build argument 'ament_cmake_args' from command line to 'None'
[1.033s] Level 5:colcon.colcon_core.verb:set package 'robomaster_description' build argument 'catkin_cmake_args' from command line to 'None'
[1.033s] Level 5:colcon.colcon_core.verb:set package 'robomaster_description' build argument 'catkin_skip_building_tests' from command line to 'False'
[1.033s] DEBUG:colcon.colcon_core.verb:Building package 'robomaster_description' with the following arguments: {'ament_cmake_args': None, 'build_base': '/home/stefano/Robomaster_WS/src/build/robomaster_description', 'catkin_cmake_args': None, 'catkin_skip_building_tests': False, 'cmake_args': None, 'cmake_clean_cache': False, 'cmake_clean_first': False, 'cmake_force_configure': False, 'cmake_target': None, 'cmake_target_skip_unavailable': False, 'install_base': '/home/stefano/Robomaster_WS/src/install/robomaster_description', 'merge_install': False, 'path': '/home/stefano/Robomaster_WS/src/robomaster_ros/robomaster_description', 'symlink_install': False, 'test_result_base': None}
[1.034s] Level 5:colcon.colcon_core.verb:set package 'robomaster_msgs' build argument 'cmake_args' from command line to 'None'
[1.035s] Level 5:colcon.colcon_core.verb:set package 'robomaster_msgs' build argument 'cmake_target' from command line to 'None'
[1.035s] Level 5:colcon.colcon_core.verb:set package 'robomaster_msgs' build argument 'cmake_target_skip_unavailable' from command line to 'False'
[1.035s] Level 5:colcon.colcon_core.verb:set package 'robomaster_msgs' build argument 'cmake_clean_cache' from command line to 'False'
[1.035s] Level 5:colcon.colcon_core.verb:set package 'robomaster_msgs' build argument 'cmake_clean_first' from command line to 'False'
[1.035s] Level 5:colcon.colcon_core.verb:set package 'robomaster_msgs' build argument 'cmake_force_configure' from command line to 'False'
[1.035s] Level 5:colcon.colcon_core.verb:set package 'robomaster_msgs' build argument 'ament_cmake_args' from command line to 'None'
[1.035s] Level 5:colcon.colcon_core.verb:set package 'robomaster_msgs' build argument 'catkin_cmake_args' from command line to 'None'
[1.035s] Level 5:colcon.colcon_core.verb:set package 'robomaster_msgs' build argument 'catkin_skip_building_tests' from command line to 'False'
[1.035s] DEBUG:colcon.colcon_core.verb:Building package 'robomaster_msgs' with the following arguments: {'ament_cmake_args': None, 'build_base': '/home/stefano/Robomaster_WS/src/build/robomaster_msgs', 'catkin_cmake_args': None, 'catkin_skip_building_tests': False, 'cmake_args': None, 'cmake_clean_cache': False, 'cmake_clean_first': False, 'cmake_force_configure': False, 'cmake_target': None, 'cmake_target_skip_unavailable': False, 'install_base': '/home/stefano/Robomaster_WS/src/install/robomaster_msgs', 'merge_install': False, 'path': '/home/stefano/Robomaster_WS/src/robomaster_ros/robomaster_msgs', 'symlink_install': False, 'test_result_base': None}
[1.036s] Level 5:colcon.colcon_core.verb:set package 'robomaster_ros' build argument 'cmake_args' from command line to 'None'
[1.036s] Level 5:colcon.colcon_core.verb:set package 'robomaster_ros' build argument 'cmake_target' from command line to 'None'
[1.036s] Level 5:colcon.colcon_core.verb:set package 'robomaster_ros' build argument 'cmake_target_skip_unavailable' from command line to 'False'
[1.036s] Level 5:colcon.colcon_core.verb:set package 'robomaster_ros' build argument 'cmake_clean_cache' from command line to 'False'
[1.036s] Level 5:colcon.colcon_core.verb:set package 'robomaster_ros' build argument 'cmake_clean_first' from command line to 'False'
[1.036s] Level 5:colcon.colcon_core.verb:set package 'robomaster_ros' build argument 'cmake_force_configure' from command line to 'False'
[1.036s] Level 5:colcon.colcon_core.verb:set package 'robomaster_ros' build argument 'ament_cmake_args' from command line to 'None'
[1.037s] Level 5:colcon.colcon_core.verb:set package 'robomaster_ros' build argument 'catkin_cmake_args' from command line to 'None'
[1.037s] Level 5:colcon.colcon_core.verb:set package 'robomaster_ros' build argument 'catkin_skip_building_tests' from command line to 'False'
[1.037s] DEBUG:colcon.colcon_core.verb:Building package 'robomaster_ros' with the following arguments: {'ament_cmake_args': None, 'build_base': '/home/stefano/Robomaster_WS/src/build/robomaster_ros', 'catkin_cmake_args': None, 'catkin_skip_building_tests': False, 'cmake_args': None, 'cmake_clean_cache': False, 'cmake_clean_first': False, 'cmake_force_configure': False, 'cmake_target': None, 'cmake_target_skip_unavailable': False, 'install_base': '/home/stefano/Robomaster_WS/src/install/robomaster_ros', 'merge_install': False, 'path': '/home/stefano/Robomaster_WS/src/robomaster_ros/robomaster_ros', 'symlink_install': False, 'test_result_base': None}
[1.038s] INFO:colcon.colcon_core.executor:Executing jobs using 'parallel' executor
[1.042s] DEBUG:colcon.colcon_parallel_executor.executor.parallel:run_until_complete
[1.043s] INFO:colcon.colcon_ros.task.ament_cmake.build:Building ROS package in '/home/stefano/Robomaster_WS/src/robomaster_ros/robomaster_msgs' with build type 'ament_cmake'
[1.043s] INFO:colcon.colcon_cmake.task.cmake.build:Building CMake package in '/home/stefano/Robomaster_WS/src/robomaster_ros/robomaster_msgs'
[1.051s] INFO:colcon.colcon_core.plugin_system:Skipping extension 'colcon_core.shell.bat': Not used on non-Windows systems
[1.052s] INFO:colcon.colcon_core.shell:Skip shell extension 'powershell' for command environment: Not usable outside of PowerShell
[1.052s] DEBUG:colcon.colcon_core.shell:Skip shell extension 'dsv' for command environment
[1.080s] INFO:colcon.colcon_ros.task.ament_cmake.build:Building ROS package in '/home/stefano/Robomaster_WS/src/robomaster_ros/robomaster_description' with build type 'ament_cmake'
[1.081s] INFO:colcon.colcon_cmake.task.cmake.build:Building CMake package in '/home/stefano/Robomaster_WS/src/robomaster_ros/robomaster_description'
[1.083s] INFO:colcon.colcon_core.shell:Skip shell extension 'powershell' for command environment: Not usable outside of PowerShell
[1.083s] DEBUG:colcon.colcon_core.shell:Skip shell extension 'dsv' for command environment
[1.161s] DEBUG:colcon.colcon_core.event_handler.log_command:Invoking command in '/home/stefano/Robomaster_WS/src/build/robomaster_msgs': CMAKE_PREFIX_PATH=${CMAKE_PREFIX_PATH}:/home/stefano/Robomaster_WS/src/install/robomaster_ros:/home/stefano/Robomaster_WS/src/install/laser_echo_publisher:/home/stefano/Robomaster_WS/src/install/camera_utils:/home/stefano/Robomaster_WS/install/robomaster_ros:/home/stefano/Robomaster_WS/install/robomaster_ir_publisher:/home/stefano/Robomaster_WS/install/laser_echo_publisher:/home/stefano/Robomaster_WS/install/camera_utils:/home/stefano/turtlebot3_ws/install/turtlebot3_teleop:/home/stefano/turtlebot3_ws/install/turtlebot3_example:/home/stefano/Webots_ros2/install/webots_ros2:/home/stefano/Webots_ros2/install/webots_ros2_universal_robot:/home/stefano/Webots_ros2/install/webots_ros2_turtlebot:/home/stefano/Webots_ros2/install/webots_ros2_tiago:/home/stefano/Webots_ros2/install/webots_ros2_tests:/home/stefano/Webots_ros2/install/webots_ros2_tesla:/home/stefano/Webots_ros2/install/webots_ros2_mavic:/home/stefano/Webots_ros2/install/webots_ros2_husarion:/home/stefano/Webots_ros2/install/webots_ros2_epuck:/home/stefano/Webots_ros2/install/webots_ros2_crazyflie:/home/stefano/Webots_ros2/install/webots_ros2_importer:/opt/ros/humble /usr/bin/cmake --build /home/stefano/Robomaster_WS/src/build/robomaster_msgs -- -j8 -l8
[1.172s] DEBUG:colcon.colcon_core.event_handler.log_command:Invoking command in '/home/stefano/Robomaster_WS/src/build/robomaster_description': CMAKE_PREFIX_PATH=${CMAKE_PREFIX_PATH}:/home/stefano/Robomaster_WS/src/install/robomaster_ros:/home/stefano/Robomaster_WS/src/install/laser_echo_publisher:/home/stefano/Robomaster_WS/src/install/camera_utils:/home/stefano/Robomaster_WS/install/robomaster_ros:/home/stefano/Robomaster_WS/install/robomaster_ir_publisher:/home/stefano/Robomaster_WS/install/laser_echo_publisher:/home/stefano/Robomaster_WS/install/camera_utils:/home/stefano/turtlebot3_ws/install/turtlebot3_teleop:/home/stefano/turtlebot3_ws/install/turtlebot3_example:/home/stefano/Webots_ros2/install/webots_ros2:/home/stefano/Webots_ros2/install/webots_ros2_universal_robot:/home/stefano/Webots_ros2/install/webots_ros2_turtlebot:/home/stefano/Webots_ros2/install/webots_ros2_tiago:/home/stefano/Webots_ros2/install/webots_ros2_tests:/home/stefano/Webots_ros2/install/webots_ros2_tesla:/home/stefano/Webots_ros2/install/webots_ros2_mavic:/home/stefano/Webots_ros2/install/webots_ros2_husarion:/home/stefano/Webots_ros2/install/webots_ros2_epuck:/home/stefano/Webots_ros2/install/webots_ros2_crazyflie:/home/stefano/Webots_ros2/install/webots_ros2_importer:/opt/ros/humble /usr/bin/cmake --build /home/stefano/Robomaster_WS/src/build/robomaster_description -- -j8 -l8
[1.444s] DEBUG:colcon.colcon_core.event_handler.log_command:Invoked command in '/home/stefano/Robomaster_WS/src/build/robomaster_description' returned '0': CMAKE_PREFIX_PATH=${CMAKE_PREFIX_PATH}:/home/stefano/Robomaster_WS/src/install/robomaster_ros:/home/stefano/Robomaster_WS/src/install/laser_echo_publisher:/home/stefano/Robomaster_WS/src/install/camera_utils:/home/stefano/Robomaster_WS/install/robomaster_ros:/home/stefano/Robomaster_WS/install/robomaster_ir_publisher:/home/stefano/Robomaster_WS/install/laser_echo_publisher:/home/stefano/Robomaster_WS/install/camera_utils:/home/stefano/turtlebot3_ws/install/turtlebot3_teleop:/home/stefano/turtlebot3_ws/install/turtlebot3_example:/home/stefano/Webots_ros2/install/webots_ros2:/home/stefano/Webots_ros2/install/webots_ros2_universal_robot:/home/stefano/Webots_ros2/install/webots_ros2_turtlebot:/home/stefano/Webots_ros2/install/webots_ros2_tiago:/home/stefano/Webots_ros2/install/webots_ros2_tests:/home/stefano/Webots_ros2/install/webots_ros2_tesla:/home/stefano/Webots_ros2/install/webots_ros2_mavic:/home/stefano/Webots_ros2/install/webots_ros2_husarion:/home/stefano/Webots_ros2/install/webots_ros2_epuck:/home/stefano/Webots_ros2/install/webots_ros2_crazyflie:/home/stefano/Webots_ros2/install/webots_ros2_importer:/opt/ros/humble /usr/bin/cmake --build /home/stefano/Robomaster_WS/src/build/robomaster_description -- -j8 -l8
[1.487s] DEBUG:colcon.colcon_core.event_handler.log_command:Invoking command in '/home/stefano/Robomaster_WS/src/build/robomaster_description': CMAKE_PREFIX_PATH=${CMAKE_PREFIX_PATH}:/home/stefano/Robomaster_WS/src/install/robomaster_ros:/home/stefano/Robomaster_WS/src/install/laser_echo_publisher:/home/stefano/Robomaster_WS/src/install/camera_utils:/home/stefano/Robomaster_WS/install/robomaster_ros:/home/stefano/Robomaster_WS/install/robomaster_ir_publisher:/home/stefano/Robomaster_WS/install/laser_echo_publisher:/home/stefano/Robomaster_WS/install/camera_utils:/home/stefano/turtlebot3_ws/install/turtlebot3_teleop:/home/stefano/turtlebot3_ws/install/turtlebot3_example:/home/stefano/Webots_ros2/install/webots_ros2:/home/stefano/Webots_ros2/install/webots_ros2_universal_robot:/home/stefano/Webots_ros2/install/webots_ros2_turtlebot:/home/stefano/Webots_ros2/install/webots_ros2_tiago:/home/stefano/Webots_ros2/install/webots_ros2_tests:/home/stefano/Webots_ros2/install/webots_ros2_tesla:/home/stefano/Webots_ros2/install/webots_ros2_mavic:/home/stefano/Webots_ros2/install/webots_ros2_husarion:/home/stefano/Webots_ros2/install/webots_ros2_epuck:/home/stefano/Webots_ros2/install/webots_ros2_crazyflie:/home/stefano/Webots_ros2/install/webots_ros2_importer:/opt/ros/humble /usr/bin/cmake --install /home/stefano/Robomaster_WS/src/build/robomaster_description
[1.611s] Level 1:colcon.colcon_core.environment:create_environment_scripts_only(robomaster_description)
[1.612s] DEBUG:colcon.colcon_core.event_handler.log_command:Invoked command in '/home/stefano/Robomaster_WS/src/build/robomaster_description' returned '0': CMAKE_PREFIX_PATH=${CMAKE_PREFIX_PATH}:/home/stefano/Robomaster_WS/src/install/robomaster_ros:/home/stefano/Robomaster_WS/src/install/laser_echo_publisher:/home/stefano/Robomaster_WS/src/install/camera_utils:/home/stefano/Robomaster_WS/install/robomaster_ros:/home/stefano/Robomaster_WS/install/robomaster_ir_publisher:/home/stefano/Robomaster_WS/install/laser_echo_publisher:/home/stefano/Robomaster_WS/install/camera_utils:/home/stefano/turtlebot3_ws/install/turtlebot3_teleop:/home/stefano/turtlebot3_ws/install/turtlebot3_example:/home/stefano/Webots_ros2/install/webots_ros2:/home/stefano/Webots_ros2/install/webots_ros2_universal_robot:/home/stefano/Webots_ros2/install/webots_ros2_turtlebot:/home/stefano/Webots_ros2/install/webots_ros2_tiago:/home/stefano/Webots_ros2/install/webots_ros2_tests:/home/stefano/Webots_ros2/install/webots_ros2_tesla:/home/stefano/Webots_ros2/install/webots_ros2_mavic:/home/stefano/Webots_ros2/install/webots_ros2_husarion:/home/stefano/Webots_ros2/install/webots_ros2_epuck:/home/stefano/Webots_ros2/install/webots_ros2_crazyflie:/home/stefano/Webots_ros2/install/webots_ros2_importer:/opt/ros/humble /usr/bin/cmake --install /home/stefano/Robomaster_WS/src/build/robomaster_description
[1.620s] Level 1:colcon.colcon_core.environment:checking '/home/stefano/Robomaster_WS/src/install/robomaster_description' for CMake module files
[1.621s] Level 1:colcon.colcon_core.environment:checking '/home/stefano/Robomaster_WS/src/install/robomaster_description' for CMake config files
[1.623s] Level 1:colcon.colcon_core.shell:create_environment_hook('robomaster_description', 'cmake_prefix_path')
[1.623s] INFO:colcon.colcon_core.shell:Creating environment hook '/home/stefano/Robomaster_WS/src/install/robomaster_description/share/robomaster_description/hook/cmake_prefix_path.ps1'
[1.625s] INFO:colcon.colcon_core.shell:Creating environment descriptor '/home/stefano/Robomaster_WS/src/install/robomaster_description/share/robomaster_description/hook/cmake_prefix_path.dsv'
[1.628s] INFO:colcon.colcon_core.shell:Creating environment hook '/home/stefano/Robomaster_WS/src/install/robomaster_description/share/robomaster_description/hook/cmake_prefix_path.sh'
[1.631s] Level 1:colcon.colcon_core.environment:checking '/home/stefano/Robomaster_WS/src/install/robomaster_description/bin'
[1.631s] Level 1:colcon.colcon_core.environment:checking '/home/stefano/Robomaster_WS/src/install/robomaster_description/lib/pkgconfig/robomaster_description.pc'
[1.632s] Level 1:colcon.colcon_core.environment:checking '/home/stefano/Robomaster_WS/src/install/robomaster_description/lib/python3.10/site-packages'
[1.633s] Level 1:colcon.colcon_core.environment:checking '/home/stefano/Robomaster_WS/src/install/robomaster_description/bin'
[1.633s] INFO:colcon.colcon_core.shell:Creating package script '/home/stefano/Robomaster_WS/src/install/robomaster_description/share/robomaster_description/package.ps1'
[1.635s] INFO:colcon.colcon_core.shell:Creating package descriptor '/home/stefano/Robomaster_WS/src/install/robomaster_description/share/robomaster_description/package.dsv'
[1.636s] INFO:colcon.colcon_core.shell:Creating package script '/home/stefano/Robomaster_WS/src/install/robomaster_description/share/robomaster_description/package.sh'
[1.637s] INFO:colcon.colcon_core.shell:Creating package script '/home/stefano/Robomaster_WS/src/install/robomaster_description/share/robomaster_description/package.bash'
[1.639s] INFO:colcon.colcon_core.shell:Creating package script '/home/stefano/Robomaster_WS/src/install/robomaster_description/share/robomaster_description/package.zsh'
[1.641s] Level 1:colcon.colcon_core.environment:create_file_with_runtime_dependencies(/home/stefano/Robomaster_WS/src/install/robomaster_description/share/colcon-core/packages/robomaster_description)
[1.642s] Level 1:colcon.colcon_core.environment:create_environment_scripts_only(robomaster_description)
[1.642s] Level 1:colcon.colcon_core.environment:checking '/home/stefano/Robomaster_WS/src/install/robomaster_description' for CMake module files
[1.644s] Level 1:colcon.colcon_core.environment:checking '/home/stefano/Robomaster_WS/src/install/robomaster_description' for CMake config files
[1.647s] Level 1:colcon.colcon_core.shell:create_environment_hook('robomaster_description', 'cmake_prefix_path')
[1.648s] INFO:colcon.colcon_core.shell:Creating environment hook '/home/stefano/Robomaster_WS/src/install/robomaster_description/share/robomaster_description/hook/cmake_prefix_path.ps1'
[1.649s] INFO:colcon.colcon_core.shell:Creating environment descriptor '/home/stefano/Robomaster_WS/src/install/robomaster_description/share/robomaster_description/hook/cmake_prefix_path.dsv'
[1.650s] INFO:colcon.colcon_core.shell:Creating environment hook '/home/stefano/Robomaster_WS/src/install/robomaster_description/share/robomaster_description/hook/cmake_prefix_path.sh'
[1.652s] Level 1:colcon.colcon_core.environment:checking '/home/stefano/Robomaster_WS/src/install/robomaster_description/bin'
[1.652s] Level 1:colcon.colcon_core.environment:checking '/home/stefano/Robomaster_WS/src/install/robomaster_description/lib/pkgconfig/robomaster_description.pc'
[1.652s] Level 1:colcon.colcon_core.environment:checking '/home/stefano/Robomaster_WS/src/install/robomaster_description/lib/python3.10/site-packages'
[1.653s] Level 1:colcon.colcon_core.environment:checking '/home/stefano/Robomaster_WS/src/install/robomaster_description/bin'
[1.654s] INFO:colcon.colcon_core.shell:Creating package script '/home/stefano/Robomaster_WS/src/install/robomaster_description/share/robomaster_description/package.ps1'
[1.655s] INFO:colcon.colcon_core.shell:Creating package descriptor '/home/stefano/Robomaster_WS/src/install/robomaster_description/share/robomaster_description/package.dsv'
[1.657s] INFO:colcon.colcon_core.shell:Creating package script '/home/stefano/Robomaster_WS/src/install/robomaster_description/share/robomaster_description/package.sh'
[1.658s] INFO:colcon.colcon_core.shell:Creating package script '/home/stefano/Robomaster_WS/src/install/robomaster_description/share/robomaster_description/package.bash'
[1.659s] INFO:colcon.colcon_core.shell:Creating package script '/home/stefano/Robomaster_WS/src/install/robomaster_description/share/robomaster_description/package.zsh'
[1.660s] Level 1:colcon.colcon_core.environment:create_file_with_runtime_dependencies(/home/stefano/Robomaster_WS/src/install/robomaster_description/share/colcon-core/packages/robomaster_description)
[3.067s] DEBUG:colcon.colcon_core.event_handler.log_command:Invoked command in '/home/stefano/Robomaster_WS/src/build/robomaster_msgs' returned '0': CMAKE_PREFIX_PATH=${CMAKE_PREFIX_PATH}:/home/stefano/Robomaster_WS/src/install/robomaster_ros:/home/stefano/Robomaster_WS/src/install/laser_echo_publisher:/home/stefano/Robomaster_WS/src/install/camera_utils:/home/stefano/Robomaster_WS/install/robomaster_ros:/home/stefano/Robomaster_WS/install/robomaster_ir_publisher:/home/stefano/Robomaster_WS/install/laser_echo_publisher:/home/stefano/Robomaster_WS/install/camera_utils:/home/stefano/turtlebot3_ws/install/turtlebot3_teleop:/home/stefano/turtlebot3_ws/install/turtlebot3_example:/home/stefano/Webots_ros2/install/webots_ros2:/home/stefano/Webots_ros2/install/webots_ros2_universal_robot:/home/stefano/Webots_ros2/install/webots_ros2_turtlebot:/home/stefano/Webots_ros2/install/webots_ros2_tiago:/home/stefano/Webots_ros2/install/webots_ros2_tests:/home/stefano/Webots_ros2/install/webots_ros2_tesla:/home/stefano/Webots_ros2/install/webots_ros2_mavic:/home/stefano/Webots_ros2/install/webots_ros2_husarion:/home/stefano/Webots_ros2/install/webots_ros2_epuck:/home/stefano/Webots_ros2/install/webots_ros2_crazyflie:/home/stefano/Webots_ros2/install/webots_ros2_importer:/opt/ros/humble /usr/bin/cmake --build /home/stefano/Robomaster_WS/src/build/robomaster_msgs -- -j8 -l8
[3.069s] DEBUG:colcon.colcon_core.event_handler.log_command:Invoking command in '/home/stefano/Robomaster_WS/src/build/robomaster_msgs': CMAKE_PREFIX_PATH=${CMAKE_PREFIX_PATH}:/home/stefano/Robomaster_WS/src/install/robomaster_ros:/home/stefano/Robomaster_WS/src/install/laser_echo_publisher:/home/stefano/Robomaster_WS/src/install/camera_utils:/home/stefano/Robomaster_WS/install/robomaster_ros:/home/stefano/Robomaster_WS/install/robomaster_ir_publisher:/home/stefano/Robomaster_WS/install/laser_echo_publisher:/home/stefano/Robomaster_WS/install/camera_utils:/home/stefano/turtlebot3_ws/install/turtlebot3_teleop:/home/stefano/turtlebot3_ws/install/turtlebot3_example:/home/stefano/Webots_ros2/install/webots_ros2:/home/stefano/Webots_ros2/install/webots_ros2_universal_robot:/home/stefano/Webots_ros2/install/webots_ros2_turtlebot:/home/stefano/Webots_ros2/install/webots_ros2_tiago:/home/stefano/Webots_ros2/install/webots_ros2_tests:/home/stefano/Webots_ros2/install/webots_ros2_tesla:/home/stefano/Webots_ros2/install/webots_ros2_mavic:/home/stefano/Webots_ros2/install/webots_ros2_husarion:/home/stefano/Webots_ros2/install/webots_ros2_epuck:/home/stefano/Webots_ros2/install/webots_ros2_crazyflie:/home/stefano/Webots_ros2/install/webots_ros2_importer:/opt/ros/humble /usr/bin/cmake --install /home/stefano/Robomaster_WS/src/build/robomaster_msgs
[3.551s] Level 1:colcon.colcon_core.environment:create_environment_scripts_only(robomaster_msgs)
[3.552s] Level 1:colcon.colcon_core.environment:checking '/home/stefano/Robomaster_WS/src/install/robomaster_msgs' for CMake module files
[3.554s] DEBUG:colcon.colcon_core.event_handler.log_command:Invoked command in '/home/stefano/Robomaster_WS/src/build/robomaster_msgs' returned '0': CMAKE_PREFIX_PATH=${CMAKE_PREFIX_PATH}:/home/stefano/Robomaster_WS/src/install/robomaster_ros:/home/stefano/Robomaster_WS/src/install/laser_echo_publisher:/home/stefano/Robomaster_WS/src/install/camera_utils:/home/stefano/Robomaster_WS/install/robomaster_ros:/home/stefano/Robomaster_WS/install/robomaster_ir_publisher:/home/stefano/Robomaster_WS/install/laser_echo_publisher:/home/stefano/Robomaster_WS/install/camera_utils:/home/stefano/turtlebot3_ws/install/turtlebot3_teleop:/home/stefano/turtlebot3_ws/install/turtlebot3_example:/home/stefano/Webots_ros2/install/webots_ros2:/home/stefano/Webots_ros2/install/webots_ros2_universal_robot:/home/stefano/Webots_ros2/install/webots_ros2_turtlebot:/home/stefano/Webots_ros2/install/webots_ros2_tiago:/home/stefano/Webots_ros2/install/webots_ros2_tests:/home/stefano/Webots_ros2/install/webots_ros2_tesla:/home/stefano/Webots_ros2/install/webots_ros2_mavic:/home/stefano/Webots_ros2/install/webots_ros2_husarion:/home/stefano/Webots_ros2/install/webots_ros2_epuck:/home/stefano/Webots_ros2/install/webots_ros2_crazyflie:/home/stefano/Webots_ros2/install/webots_ros2_importer:/opt/ros/humble /usr/bin/cmake --install /home/stefano/Robomaster_WS/src/build/robomaster_msgs
[3.557s] Level 1:colcon.colcon_core.environment:checking '/home/stefano/Robomaster_WS/src/install/robomaster_msgs' for CMake config files
[3.559s] Level 1:colcon.colcon_core.shell:create_environment_hook('robomaster_msgs', 'cmake_prefix_path')
[3.559s] INFO:colcon.colcon_core.shell:Creating environment hook '/home/stefano/Robomaster_WS/src/install/robomaster_msgs/share/robomaster_msgs/hook/cmake_prefix_path.ps1'
[3.561s] INFO:colcon.colcon_core.shell:Creating environment descriptor '/home/stefano/Robomaster_WS/src/install/robomaster_msgs/share/robomaster_msgs/hook/cmake_prefix_path.dsv'
[3.562s] INFO:colcon.colcon_core.shell:Creating environment hook '/home/stefano/Robomaster_WS/src/install/robomaster_msgs/share/robomaster_msgs/hook/cmake_prefix_path.sh'
[3.563s] Level 1:colcon.colcon_core.environment:checking '/home/stefano/Robomaster_WS/src/install/robomaster_msgs/lib'
[3.564s] Level 1:colcon.colcon_core.shell:create_environment_hook('robomaster_msgs', 'ld_library_path_lib')
[3.564s] INFO:colcon.colcon_core.shell:Creating environment hook '/home/stefano/Robomaster_WS/src/install/robomaster_msgs/share/robomaster_msgs/hook/ld_library_path_lib.ps1'
[3.565s] INFO:colcon.colcon_core.shell:Creating environment descriptor '/home/stefano/Robomaster_WS/src/install/robomaster_msgs/share/robomaster_msgs/hook/ld_library_path_lib.dsv'
[3.566s] INFO:colcon.colcon_core.shell:Creating environment hook '/home/stefano/Robomaster_WS/src/install/robomaster_msgs/share/robomaster_msgs/hook/ld_library_path_lib.sh'
[3.567s] Level 1:colcon.colcon_core.environment:checking '/home/stefano/Robomaster_WS/src/install/robomaster_msgs/bin'
[3.567s] Level 1:colcon.colcon_core.environment:checking '/home/stefano/Robomaster_WS/src/install/robomaster_msgs/lib/pkgconfig/robomaster_msgs.pc'
[3.567s] Level 1:colcon.colcon_core.environment:checking '/home/stefano/Robomaster_WS/src/install/robomaster_msgs/lib/python3.10/site-packages'
[3.567s] Level 1:colcon.colcon_core.environment:checking '/home/stefano/Robomaster_WS/src/install/robomaster_msgs/bin'
[3.568s] INFO:colcon.colcon_core.shell:Creating package script '/home/stefano/Robomaster_WS/src/install/robomaster_msgs/share/robomaster_msgs/package.ps1'
[3.569s] INFO:colcon.colcon_core.shell:Creating package descriptor '/home/stefano/Robomaster_WS/src/install/robomaster_msgs/share/robomaster_msgs/package.dsv'
[3.569s] INFO:colcon.colcon_core.shell:Creating package script '/home/stefano/Robomaster_WS/src/install/robomaster_msgs/share/robomaster_msgs/package.sh'
[3.570s] INFO:colcon.colcon_core.shell:Creating package script '/home/stefano/Robomaster_WS/src/install/robomaster_msgs/share/robomaster_msgs/package.bash'
[3.571s] INFO:colcon.colcon_core.shell:Creating package script '/home/stefano/Robomaster_WS/src/install/robomaster_msgs/share/robomaster_msgs/package.zsh'
[3.572s] Level 1:colcon.colcon_core.environment:create_file_with_runtime_dependencies(/home/stefano/Robomaster_WS/src/install/robomaster_msgs/share/colcon-core/packages/robomaster_msgs)
[3.574s] Level 1:colcon.colcon_core.environment:create_environment_scripts_only(robomaster_msgs)
[3.575s] Level 1:colcon.colcon_core.environment:checking '/home/stefano/Robomaster_WS/src/install/robomaster_msgs' for CMake module files
[3.577s] Level 1:colcon.colcon_core.environment:checking '/home/stefano/Robomaster_WS/src/install/robomaster_msgs' for CMake config files
[3.578s] Level 1:colcon.colcon_core.shell:create_environment_hook('robomaster_msgs', 'cmake_prefix_path')
[3.579s] INFO:colcon.colcon_core.shell:Creating environment hook '/home/stefano/Robomaster_WS/src/install/robomaster_msgs/share/robomaster_msgs/hook/cmake_prefix_path.ps1'
[3.582s] INFO:colcon.colcon_core.shell:Creating environment descriptor '/home/stefano/Robomaster_WS/src/install/robomaster_msgs/share/robomaster_msgs/hook/cmake_prefix_path.dsv'
[3.585s] INFO:colcon.colcon_core.shell:Creating environment hook '/home/stefano/Robomaster_WS/src/install/robomaster_msgs/share/robomaster_msgs/hook/cmake_prefix_path.sh'
[3.588s] Level 1:colcon.colcon_core.environment:checking '/home/stefano/Robomaster_WS/src/install/robomaster_msgs/lib'
[3.588s] Level 1:colcon.colcon_core.shell:create_environment_hook('robomaster_msgs', 'ld_library_path_lib')
[3.589s] INFO:colcon.colcon_core.shell:Creating environment hook '/home/stefano/Robomaster_WS/src/install/robomaster_msgs/share/robomaster_msgs/hook/ld_library_path_lib.ps1'
[3.591s] INFO:colcon.colcon_core.shell:Creating environment descriptor '/home/stefano/Robomaster_WS/src/install/robomaster_msgs/share/robomaster_msgs/hook/ld_library_path_lib.dsv'
[3.592s] INFO:colcon.colcon_core.shell:Creating environment hook '/home/stefano/Robomaster_WS/src/install/robomaster_msgs/share/robomaster_msgs/hook/ld_library_path_lib.sh'
[3.593s] Level 1:colcon.colcon_core.environment:checking '/home/stefano/Robomaster_WS/src/install/robomaster_msgs/bin'
[3.593s] Level 1:colcon.colcon_core.environment:checking '/home/stefano/Robomaster_WS/src/install/robomaster_msgs/lib/pkgconfig/robomaster_msgs.pc'
[3.594s] Level 1:colcon.colcon_core.environment:checking '/home/stefano/Robomaster_WS/src/install/robomaster_msgs/lib/python3.10/site-packages'
[3.594s] Level 1:colcon.colcon_core.environment:checking '/home/stefano/Robomaster_WS/src/install/robomaster_msgs/bin'
[3.595s] INFO:colcon.colcon_core.shell:Creating package script '/home/stefano/Robomaster_WS/src/install/robomaster_msgs/share/robomaster_msgs/package.ps1'
[3.596s] INFO:colcon.colcon_core.shell:Creating package descriptor '/home/stefano/Robomaster_WS/src/install/robomaster_msgs/share/robomaster_msgs/package.dsv'
[3.597s] INFO:colcon.colcon_core.shell:Creating package script '/home/stefano/Robomaster_WS/src/install/robomaster_msgs/share/robomaster_msgs/package.sh'
[3.598s] INFO:colcon.colcon_core.shell:Creating package script '/home/stefano/Robomaster_WS/src/install/robomaster_msgs/share/robomaster_msgs/package.bash'
[3.599s] INFO:colcon.colcon_core.shell:Creating package script '/home/stefano/Robomaster_WS/src/install/robomaster_msgs/share/robomaster_msgs/package.zsh'
[3.600s] Level 1:colcon.colcon_core.environment:create_file_with_runtime_dependencies(/home/stefano/Robomaster_WS/src/install/robomaster_msgs/share/colcon-core/packages/robomaster_msgs)
[3.601s] INFO:colcon.colcon_ros.task.ament_python.build:Building ROS package in '/home/stefano/Robomaster_WS/src/robomaster_ros/robomaster_ros' with build type 'ament_python'
[3.602s] Level 1:colcon.colcon_core.shell:create_environment_hook('robomaster_ros', 'ament_prefix_path')
[3.602s] INFO:colcon.colcon_core.shell:Creating environment hook '/home/stefano/Robomaster_WS/src/install/robomaster_ros/share/robomaster_ros/hook/ament_prefix_path.ps1'
[3.604s] INFO:colcon.colcon_core.shell:Creating environment descriptor '/home/stefano/Robomaster_WS/src/install/robomaster_ros/share/robomaster_ros/hook/ament_prefix_path.dsv'
[3.605s] INFO:colcon.colcon_core.shell:Creating environment hook '/home/stefano/Robomaster_WS/src/install/robomaster_ros/share/robomaster_ros/hook/ament_prefix_path.sh'
[3.607s] INFO:colcon.colcon_core.shell:Skip shell extension 'powershell' for command environment: Not usable outside of PowerShell
[3.607s] DEBUG:colcon.colcon_core.shell:Skip shell extension 'dsv' for command environment
[4.565s] INFO:colcon.colcon_core.task.python.build:Building Python package in '/home/stefano/Robomaster_WS/src/robomaster_ros/robomaster_ros'
[4.566s] INFO:colcon.colcon_core.shell:Skip shell extension 'powershell' for command environment: Not usable outside of PowerShell
[4.566s] DEBUG:colcon.colcon_core.shell:Skip shell extension 'dsv' for command environment
[5.690s] DEBUG:colcon.colcon_core.event_handler.log_command:Invoking command in '/home/stefano/Robomaster_WS/src/robomaster_ros/robomaster_ros': LD_LIBRARY_PATH=/home/stefano/Robomaster_WS/src/install/robomaster_msgs/lib:/home/stefano/Robomaster_WS/install/turtlesim/lib:/home/stefano/Robomaster_WS/install/robomaster_msgs/lib:/home/stefano/turtlebot3_ws/install/turtlebot3_msgs/lib:/home/stefano/turtlebot3_ws/install/dynamixel_sdk_custom_interfaces/lib:/home/stefano/turtlebot3_ws/install/dynamixel_sdk/lib:/home/stefano/Webots_ros2/install/webots_ros2_control/lib:/home/stefano/Webots_ros2/install/webots_ros2_driver/lib:/home/stefano/Webots_ros2/install/webots_ros2_msgs/lib:/usr/lib/x86_64-linux-gnu/gazebo-11/plugins:/opt/ros/humble/opt/rviz_ogre_vendor/lib:/opt/ros/humble/lib/x86_64-linux-gnu:/opt/ros/humble/lib:/usr/lib/x86_64-linux-gnu/gazebo-11/plugins PYTHONPATH=/home/stefano/Robomaster_WS/src/build/robomaster_ros/prefix_override:/usr/lib/python3/dist-packages/colcon_core/task/python/colcon_distutils_commands:/home/stefano/Robomaster_WS/src/install/robomaster_ros/lib/python3.10/site-packages:${PYTHONPATH} /usr/bin/python3 -W ignore:setup.py install is deprecated -W ignore:easy_install command is deprecated setup.py egg_info --egg-base ../../build/robomaster_ros build --build-base /home/stefano/Robomaster_WS/src/build/robomaster_ros/build install --record /home/stefano/Robomaster_WS/src/build/robomaster_ros/install.log --single-version-externally-managed install_data
[6.541s] Level 1:colcon.colcon_core.environment:checking '/home/stefano/Robomaster_WS/src/install/robomaster_ros' for CMake module files
[6.543s] DEBUG:colcon.colcon_core.event_handler.log_command:Invoked command in '/home/stefano/Robomaster_WS/src/robomaster_ros/robomaster_ros' returned '0': LD_LIBRARY_PATH=/home/stefano/Robomaster_WS/src/install/robomaster_msgs/lib:/home/stefano/Robomaster_WS/install/turtlesim/lib:/home/stefano/Robomaster_WS/install/robomaster_msgs/lib:/home/stefano/turtlebot3_ws/install/turtlebot3_msgs/lib:/home/stefano/turtlebot3_ws/install/dynamixel_sdk_custom_interfaces/lib:/home/stefano/turtlebot3_ws/install/dynamixel_sdk/lib:/home/stefano/Webots_ros2/install/webots_ros2_control/lib:/home/stefano/Webots_ros2/install/webots_ros2_driver/lib:/home/stefano/Webots_ros2/install/webots_ros2_msgs/lib:/usr/lib/x86_64-linux-gnu/gazebo-11/plugins:/opt/ros/humble/opt/rviz_ogre_vendor/lib:/opt/ros/humble/lib/x86_64-linux-gnu:/opt/ros/humble/lib:/usr/lib/x86_64-linux-gnu/gazebo-11/plugins PYTHONPATH=/home/stefano/Robomaster_WS/src/build/robomaster_ros/prefix_override:/usr/lib/python3/dist-packages/colcon_core/task/python/colcon_distutils_commands:/home/stefano/Robomaster_WS/src/install/robomaster_ros/lib/python3.10/site-packages:${PYTHONPATH} /usr/bin/python3 -W ignore:setup.py install is deprecated -W ignore:easy_install command is deprecated setup.py egg_info --egg-base ../../build/robomaster_ros build --build-base /home/stefano/Robomaster_WS/src/build/robomaster_ros/build install --record /home/stefano/Robomaster_WS/src/build/robomaster_ros/install.log --single-version-externally-managed install_data
[6.544s] Level 1:colcon.colcon_core.environment:checking '/home/stefano/Robomaster_WS/src/install/robomaster_ros' for CMake config files
[6.547s] Level 1:colcon.colcon_core.environment:checking '/home/stefano/Robomaster_WS/src/install/robomaster_ros/lib'
[6.548s] Level 1:colcon.colcon_core.environment:checking '/home/stefano/Robomaster_WS/src/install/robomaster_ros/bin'
[6.548s] Level 1:colcon.colcon_core.environment:checking '/home/stefano/Robomaster_WS/src/install/robomaster_ros/lib/pkgconfig/robomaster_ros.pc'
[6.549s] Level 1:colcon.colcon_core.environment:checking '/home/stefano/Robomaster_WS/src/install/robomaster_ros/lib/python3.10/site-packages'
[6.549s] Level 1:colcon.colcon_core.shell:create_environment_hook('robomaster_ros', 'pythonpath')
[6.550s] INFO:colcon.colcon_core.shell:Creating environment hook '/home/stefano/Robomaster_WS/src/install/robomaster_ros/share/robomaster_ros/hook/pythonpath.ps1'
[6.551s] INFO:colcon.colcon_core.shell:Creating environment descriptor '/home/stefano/Robomaster_WS/src/install/robomaster_ros/share/robomaster_ros/hook/pythonpath.dsv'
[6.552s] INFO:colcon.colcon_core.shell:Creating environment hook '/home/stefano/Robomaster_WS/src/install/robomaster_ros/share/robomaster_ros/hook/pythonpath.sh'
[6.553s] Level 1:colcon.colcon_core.environment:checking '/home/stefano/Robomaster_WS/src/install/robomaster_ros/bin'
[6.553s] Level 1:colcon.colcon_core.environment:create_environment_scripts_only(robomaster_ros)
[6.554s] INFO:colcon.colcon_core.shell:Creating package script '/home/stefano/Robomaster_WS/src/install/robomaster_ros/share/robomaster_ros/package.ps1'
[6.555s] INFO:colcon.colcon_core.shell:Creating package descriptor '/home/stefano/Robomaster_WS/src/install/robomaster_ros/share/robomaster_ros/package.dsv'
[6.556s] INFO:colcon.colcon_core.shell:Creating package script '/home/stefano/Robomaster_WS/src/install/robomaster_ros/share/robomaster_ros/package.sh'
[6.557s] INFO:colcon.colcon_core.shell:Creating package script '/home/stefano/Robomaster_WS/src/install/robomaster_ros/share/robomaster_ros/package.bash'
[6.558s] INFO:colcon.colcon_core.shell:Creating package script '/home/stefano/Robomaster_WS/src/install/robomaster_ros/share/robomaster_ros/package.zsh'
[6.559s] Level 1:colcon.colcon_core.environment:create_file_with_runtime_dependencies(/home/stefano/Robomaster_WS/src/install/robomaster_ros/share/colcon-core/packages/robomaster_ros)
[6.560s] DEBUG:colcon.colcon_parallel_executor.executor.parallel:closing loop
[6.561s] DEBUG:colcon.colcon_parallel_executor.executor.parallel:loop closed
[6.563s] DEBUG:colcon.colcon_parallel_executor.executor.parallel:run_until_complete finished with '0'
[6.563s] DEBUG:colcon.colcon_core.event_reactor:joining thread
[6.577s] INFO:colcon.colcon_core.plugin_system:Skipping extension 'colcon_notification.desktop_notification.terminal_notifier': Not used on non-Darwin systems
[6.577s] INFO:colcon.colcon_core.plugin_system:Skipping extension 'colcon_notification.desktop_notification.win32': Not used on non-Windows systems
[6.577s] INFO:colcon.colcon_notification.desktop_notification:Sending desktop notification using 'notify2'
[6.624s] DEBUG:colcon.colcon_core.event_reactor:joined thread
[6.625s] INFO:colcon.colcon_core.shell:Creating prefix script '/home/stefano/Robomaster_WS/src/install/local_setup.ps1'
[6.628s] INFO:colcon.colcon_core.shell:Creating prefix util module '/home/stefano/Robomaster_WS/src/install/_local_setup_util_ps1.py'
[6.630s] INFO:colcon.colcon_core.shell:Creating prefix chain script '/home/stefano/Robomaster_WS/src/install/setup.ps1'
[6.638s] INFO:colcon.colcon_core.shell:Creating prefix script '/home/stefano/Robomaster_WS/src/install/local_setup.sh'
[6.643s] INFO:colcon.colcon_core.shell:Creating prefix util module '/home/stefano/Robomaster_WS/src/install/_local_setup_util_sh.py'
[6.646s] INFO:colcon.colcon_core.shell:Creating prefix chain script '/home/stefano/Robomaster_WS/src/install/setup.sh'
[6.651s] INFO:colcon.colcon_core.shell:Creating prefix script '/home/stefano/Robomaster_WS/src/install/local_setup.bash'
[6.653s] INFO:colcon.colcon_core.shell:Creating prefix chain script '/home/stefano/Robomaster_WS/src/install/setup.bash'
[6.659s] INFO:colcon.colcon_core.shell:Creating prefix script '/home/stefano/Robomaster_WS/src/install/local_setup.zsh'
[6.660s] INFO:colcon.colcon_core.shell:Creating prefix chain script '/home/stefano/Robomaster_WS/src/install/setup.zsh'
