[5.532s] Invoking command in '/home/cricchetto/Robomaster_WS/src/ep_control': PYTHONPATH=/home/cricchetto/Robomaster_WS/build/ep_control/prefix_override:/usr/lib/python3/dist-packages/colcon_core/task/python/colcon_distutils_commands:/home/cricchetto/Robomaster_WS/install/ep_control/lib/python3.10/site-packages:${PYTHONPATH} /usr/bin/python3 -W ignore:setup.py install is deprecated -W ignore:easy_install command is deprecated setup.py egg_info --egg-base ../../build/ep_control build --build-base /home/cricchetto/Robomaster_WS/build/ep_control/build install --record /home/cricchetto/Robomaster_WS/build/ep_control/install.log --single-version-externally-managed install_data
[6.787s] running egg_info
[6.790s] writing ../../build/ep_control/ep_control.egg-info/PKG-INFO
[6.791s] writing dependency_links to ../../build/ep_control/ep_control.egg-info/dependency_links.txt
[6.794s] writing entry points to ../../build/ep_control/ep_control.egg-info/entry_points.txt
[6.796s] writing requirements to ../../build/ep_control/ep_control.egg-info/requires.txt
[6.798s] writing top-level names to ../../build/ep_control/ep_control.egg-info/top_level.txt
[6.811s] reading manifest file '../../build/ep_control/ep_control.egg-info/SOURCES.txt'
[6.816s] writing manifest file '../../build/ep_control/ep_control.egg-info/SOURCES.txt'
[6.818s] running build
[6.819s] running build_py
[6.823s] running install
[6.825s] running install_lib
[6.836s] running install_data
[6.837s] running install_egg_info
[6.849s] removing '/home/cricchetto/Robomaster_WS/install/ep_control/lib/python3.10/site-packages/ep_control-0.0.0-py3.10.egg-info' (and everything under it)
[6.852s] Copying ../../build/ep_control/ep_control.egg-info to /home/cricchetto/Robomaster_WS/install/ep_control/lib/python3.10/site-packages/ep_control-0.0.0-py3.10.egg-info
[6.862s] running install_scripts
[6.974s] Installing gripper_state script to /home/cricchetto/Robomaster_WS/install/ep_control/lib/ep_control
[6.976s] Installing joy_reader script to /home/cricchetto/Robomaster_WS/install/ep_control/lib/ep_control
[6.977s] Installing joy_to_arm script to /home/cricchetto/Robomaster_WS/install/ep_control/lib/ep_control
[6.978s] writing list of installed files to '/home/cricchetto/Robomaster_WS/build/ep_control/install.log'
[7.199s] Invoked command in '/home/cricchetto/Robomaster_WS/src/ep_control' returned '0': PYTHONPATH=/home/cricchetto/Robomaster_WS/build/ep_control/prefix_override:/usr/lib/python3/dist-packages/colcon_core/task/python/colcon_distutils_commands:/home/cricchetto/Robomaster_WS/install/ep_control/lib/python3.10/site-packages:${PYTHONPATH} /usr/bin/python3 -W ignore:setup.py install is deprecated -W ignore:easy_install command is deprecated setup.py egg_info --egg-base ../../build/ep_control build --build-base /home/cricchetto/Robomaster_WS/build/ep_control/build install --record /home/cricchetto/Robomaster_WS/build/ep_control/install.log --single-version-externally-managed install_data
