running egg_info
writing ../../build/ep_control/ep_control.egg-info/PKG-INFO
writing dependency_links to ../../build/ep_control/ep_control.egg-info/dependency_links.txt
writing entry points to ../../build/ep_control/ep_control.egg-info/entry_points.txt
writing requirements to ../../build/ep_control/ep_control.egg-info/requires.txt
writing top-level names to ../../build/ep_control/ep_control.egg-info/top_level.txt
reading manifest file '../../build/ep_control/ep_control.egg-info/SOURCES.txt'
writing manifest file '../../build/ep_control/ep_control.egg-info/SOURCES.txt'
running build
running build_py
running install
running install_lib
running install_data
running install_egg_info
removing '/home/cricchetto/Robomaster_WS/install/ep_control/lib/python3.10/site-packages/ep_control-0.0.0-py3.10.egg-info' (and everything under it)
Copying ../../build/ep_control/ep_control.egg-info to /home/cricchetto/Robomaster_WS/install/ep_control/lib/python3.10/site-packages/ep_control-0.0.0-py3.10.egg-info
running install_scripts
Installing gripper_state script to /home/cricchetto/Robomaster_WS/install/ep_control/lib/ep_control
Installing joy_reader script to /home/cricchetto/Robomaster_WS/install/ep_control/lib/ep_control
Installing joy_to_arm script to /home/cricchetto/Robomaster_WS/install/ep_control/lib/ep_control
writing list of installed files to '/home/cricchetto/Robomaster_WS/build/ep_control/install.log'
