[6.321s] Invoking command in '/home/cricchetto/Robomaster_WS/src/drift': PYTHONPATH=/home/cricchetto/Robomaster_WS/build/drift/prefix_override:/usr/lib/python3/dist-packages/colcon_core/task/python/colcon_distutils_commands:/home/cricchetto/Robomaster_WS/install/drift/lib/python3.10/site-packages:${PYTHONPATH} /usr/bin/python3 -W ignore:setup.py install is deprecated -W ignore:easy_install command is deprecated setup.py egg_info --egg-base ../../build/drift build --build-base /home/cricchetto/Robomaster_WS/build/drift/build install --record /home/cricchetto/Robomaster_WS/build/drift/install.log --single-version-externally-managed install_data
[7.457s] running egg_info
[7.460s] writing ../../build/drift/drift.egg-info/PKG-INFO
[7.461s] writing dependency_links to ../../build/drift/drift.egg-info/dependency_links.txt
[7.462s] writing entry points to ../../build/drift/drift.egg-info/entry_points.txt
[7.464s] writing requirements to ../../build/drift/drift.egg-info/requires.txt
[7.464s] writing top-level names to ../../build/drift/drift.egg-info/top_level.txt
[7.472s] reading manifest file '../../build/drift/drift.egg-info/SOURCES.txt'
[7.476s] writing manifest file '../../build/drift/drift.egg-info/SOURCES.txt'
[7.476s] running build
[7.477s] running build_py
[7.478s] running install
[7.480s] running install_lib
[7.486s] running install_data
[7.487s] running install_egg_info
[7.494s] removing '/home/cricchetto/Robomaster_WS/install/drift/lib/python3.10/site-packages/drift-0.0.1-py3.10.egg-info' (and everything under it)
[7.496s] Copying ../../build/drift/drift.egg-info to /home/cricchetto/Robomaster_WS/install/drift/lib/python3.10/site-packages/drift-0.0.1-py3.10.egg-info
[7.502s] running install_scripts
[7.590s] Installing drift_circle_node script to /home/cricchetto/Robomaster_WS/install/drift/lib/drift
[7.591s] Installing play_sound_node script to /home/cricchetto/Robomaster_WS/install/drift/lib/drift
[7.593s] writing list of installed files to '/home/cricchetto/Robomaster_WS/build/drift/install.log'
[7.729s] Invoked command in '/home/cricchetto/Robomaster_WS/src/drift' returned '0': PYTHONPATH=/home/cricchetto/Robomaster_WS/build/drift/prefix_override:/usr/lib/python3/dist-packages/colcon_core/task/python/colcon_distutils_commands:/home/cricchetto/Robomaster_WS/install/drift/lib/python3.10/site-packages:${PYTHONPATH} /usr/bin/python3 -W ignore:setup.py install is deprecated -W ignore:easy_install command is deprecated setup.py egg_info --egg-base ../../build/drift build --build-base /home/cricchetto/Robomaster_WS/build/drift/build install --record /home/cricchetto/Robomaster_WS/build/drift/install.log --single-version-externally-managed install_data
